<?xml version="1.0" encoding="UTF-8" ?>
<testsuites name="vitest tests" tests="513" failures="72" errors="0" time="242.377365122">
    <testsuite name="src/test/setup.test.ts" timestamp="2025-11-29T10:40:01.165Z" hostname="runsc" tests="1" failures="1" errors="0" skipped="0" time="0">
        <testcase classname="src/test/setup.test.ts" name="src/test/setup.test.ts" time="0">
            <failure message="Transform failed with 1 error:
/home/user/prayermap/src/test/setup.test.ts:36:45: ERROR: Expected &quot;;&quot; but found &quot;Test&quot;" type="Error">
Error: Transform failed with 1 error:
/home/user/prayermap/src/test/setup.test.ts:36:45: ERROR: Expected &quot;;&quot; but found &quot;Test&quot;
  Plugin: vite:esbuild
  File: /home/user/prayermap/src/test/setup.test.ts:36:45
  
  Expected &quot;;&quot; but found &quot;Test&quot;
  34 |    describe(&apos;Testing Library&apos;, () =&gt; {
  35 |      it(&apos;should render a simple component&apos;, () =&gt; {
  36 |        const TestComponent = () =&gt; &lt;div&gt;Hello Test&lt;/div&gt;;
     |                                               ^
  37 |        render(&lt;TestComponent /&gt;);
  38 |        expect(screen.getByText(&apos;Hello Test&apos;)).toBeInTheDocument();
  
 ❯ failureErrorWithLog node_modules/esbuild/lib/main.js:1467:15
 ❯ node_modules/esbuild/lib/main.js:736:50
 ❯ responseCallbacks.&lt;computed&gt; node_modules/esbuild/lib/main.js:603:9
 ❯ handleIncomingPacket node_modules/esbuild/lib/main.js:658:12
 ❯ Socket.readFromStdout node_modules/esbuild/lib/main.js:581:7
            </failure>
        </testcase>
    </testsuite>
    <testsuite name="src/components/__tests__/AudioPlayer.test.tsx" timestamp="2025-11-29T10:40:01.169Z" hostname="runsc" tests="34" failures="7" errors="0" skipped="0" time="2.227871758">
        <testcase classname="src/components/__tests__/AudioPlayer.test.tsx" name="AudioPlayer &gt; rendering &gt; should render audio element with correct src" time="0.088980633">
            <failure message="Cannot read properties of undefined (reading &apos;addEventListener&apos;)" type="TypeError">
TypeError: Cannot read properties of undefined (reading &apos;addEventListener&apos;)
 ❯ initPrefersReducedMotion node_modules/framer-motion/dist/es/utils/reduced-motion/index.mjs:11:26
 ❯ HTMLVisualElement.mount node_modules/framer-motion/dist/es/render/VisualElement.mjs:153:13
 ❯ node_modules/framer-motion/dist/es/motion/utils/use-motion-ref.mjs:16:31
 ❯ commitAttachRef node_modules/react-dom/cjs/react-dom-client.development.js:13482:44
 ❯ runWithFiberInDEV node_modules/react-dom/cjs/react-dom-client.development.js:874:13
 ❯ safelyAttachRef node_modules/react-dom/cjs/react-dom-client.development.js:13500:9
 ❯ commitLayoutEffectOnFiber node_modules/react-dom/cjs/react-dom-client.development.js:14089:26
 ❯ recursivelyTraverseLayoutEffects node_modules/react-dom/cjs/react-dom-client.development.js:15159:11
 ❯ commitLayoutEffectOnFiber node_modules/react-dom/cjs/react-dom-client.development.js:14165:11
 ❯ recursivelyTraverseLayoutEffects node_modules/react-dom/cjs/react-dom-client.development.js:15159:11
            </failure>
        </testcase>
        <testcase classname="src/components/__tests__/AudioPlayer.test.tsx" name="AudioPlayer &gt; rendering &gt; should render in full mode by default" time="0.064676053">
        </testcase>
        <testcase classname="src/components/__tests__/AudioPlayer.test.tsx" name="AudioPlayer &gt; rendering &gt; should render in compact mode when compact=true" time="0.004392225">
        </testcase>
        <testcase classname="src/components/__tests__/AudioPlayer.test.tsx" name="AudioPlayer &gt; rendering &gt; should render play/pause button" time="0.241625993">
            <failure message="[2mexpect([22m[31mreceived[39m[2m).toBeInTheDocument()[22m

[31mreceived[39m value must be an HTMLElement or an SVGElement.
Received has type:  Undefined
Received has value: [31mundefined[39m" type="Error">
Error: expect(received).toBeInTheDocument()

received value must be an HTMLElement or an SVGElement.
Received has type:  Undefined
Received has value: undefined
 ❯ src/components/__tests__/AudioPlayer.test.tsx:75:22
            </failure>
        </testcase>
        <testcase classname="src/components/__tests__/AudioPlayer.test.tsx" name="AudioPlayer &gt; rendering &gt; should render restart button in full mode" time="0.083753091">
        </testcase>
        <testcase classname="src/components/__tests__/AudioPlayer.test.tsx" name="AudioPlayer &gt; rendering &gt; should render mute button in full mode" time="0.077003312">
        </testcase>
        <testcase classname="src/components/__tests__/AudioPlayer.test.tsx" name="AudioPlayer &gt; playback controls &gt; should play audio when play button clicked" time="0.147338137">
        </testcase>
        <testcase classname="src/components/__tests__/AudioPlayer.test.tsx" name="AudioPlayer &gt; playback controls &gt; should pause audio when pause button clicked" time="0.128426908">
            <failure message="expected &quot;vi.fn()&quot; to be called at least once" type="AssertionError">
AssertionError: expected &quot;vi.fn()&quot; to be called at least once
 ❯ src/components/__tests__/AudioPlayer.test.tsx:125:27
            </failure>
        </testcase>
        <testcase classname="src/components/__tests__/AudioPlayer.test.tsx" name="AudioPlayer &gt; playback controls &gt; should restart audio when restart button clicked" time="0.110489996">
        </testcase>
        <testcase classname="src/components/__tests__/AudioPlayer.test.tsx" name="AudioPlayer &gt; playback controls &gt; should toggle mute when mute button clicked" time="0.151159777">
        </testcase>
        <testcase classname="src/components/__tests__/AudioPlayer.test.tsx" name="AudioPlayer &gt; progress bar &gt; should update progress as audio plays" time="0.066957307">
            <failure message="[2mexpect([22m[31melement[39m[2m).toHaveStyle()[22m

[32m- Expected[39m
[31m+ Received[39m

[32m- width: 50%;[39m" type="Error">
Error: expect(element).toHaveStyle()

- Expected
+ Received

- width: 50%;
 ❯ src/components/__tests__/AudioPlayer.test.tsx:180:27
            </failure>
        </testcase>
        <testcase classname="src/components/__tests__/AudioPlayer.test.tsx" name="AudioPlayer &gt; progress bar &gt; should seek when progress bar clicked" time="0.054580864">
        </testcase>
        <testcase classname="src/components/__tests__/AudioPlayer.test.tsx" name="AudioPlayer &gt; progress bar &gt; should support dragging to seek" time="0.06065629">
        </testcase>
        <testcase classname="src/components/__tests__/AudioPlayer.test.tsx" name="AudioPlayer &gt; time display &gt; should display current time" time="0.049134156">
        </testcase>
        <testcase classname="src/components/__tests__/AudioPlayer.test.tsx" name="AudioPlayer &gt; time display &gt; should display duration" time="0.033185519">
        </testcase>
        <testcase classname="src/components/__tests__/AudioPlayer.test.tsx" name="AudioPlayer &gt; time display &gt; should format time correctly" time="0.062864462">
        </testcase>
        <testcase classname="src/components/__tests__/AudioPlayer.test.tsx" name="AudioPlayer &gt; time display &gt; should show compact time in compact mode" time="0.00620322">
        </testcase>
        <testcase classname="src/components/__tests__/AudioPlayer.test.tsx" name="AudioPlayer &gt; waveform visualization &gt; should render waveform bars in full mode" time="0.03103215">
        </testcase>
        <testcase classname="src/components/__tests__/AudioPlayer.test.tsx" name="AudioPlayer &gt; waveform visualization &gt; should not render waveform in compact mode" time="0.003461642">
        </testcase>
        <testcase classname="src/components/__tests__/AudioPlayer.test.tsx" name="AudioPlayer &gt; waveform visualization &gt; should highlight past waveform bars" time="0.038023468">
        </testcase>
        <testcase classname="src/components/__tests__/AudioPlayer.test.tsx" name="AudioPlayer &gt; autoplay &gt; should autoplay when autoPlay=true" time="0.054406055">
        </testcase>
        <testcase classname="src/components/__tests__/AudioPlayer.test.tsx" name="AudioPlayer &gt; autoplay &gt; should not autoplay when autoPlay=false" time="0.131452702">
            <system-err>
An update to AnimatePresence inside a test was not wrapped in act(...).

When testing, code that causes React state updates should be wrapped into act(...):

act(() =&gt; {
  /* fire events that update state */
});
/* assert on the output */

This ensures that you&apos;re testing the behavior the user would see in the browser. Learn more at https://react.dev/link/wrap-tests-with-act

            </system-err>
        </testcase>
        <testcase classname="src/components/__tests__/AudioPlayer.test.tsx" name="AudioPlayer &gt; autoplay &gt; should only autoplay once" time="0.047301702">
        </testcase>
        <testcase classname="src/components/__tests__/AudioPlayer.test.tsx" name="AudioPlayer &gt; ended event &gt; should call onEnded when audio ends" time="0.045483841">
        </testcase>
        <testcase classname="src/components/__tests__/AudioPlayer.test.tsx" name="AudioPlayer &gt; ended event &gt; should reset to beginning when audio ends" time="0.04965992">
        </testcase>
        <testcase classname="src/components/__tests__/AudioPlayer.test.tsx" name="AudioPlayer &gt; ended event &gt; should stop playing when audio ends" time="0.040975376">
            <failure message="expected true to be false // Object.is equality" type="AssertionError">
AssertionError: expected true to be false // Object.is equality

- Expected
+ Received

- false
+ true

 ❯ src/components/__tests__/AudioPlayer.test.tsx:382:28
            </failure>
        </testcase>
        <testcase classname="src/components/__tests__/AudioPlayer.test.tsx" name="AudioPlayer &gt; loading states &gt; should show loading indicator when audio is loading" time="0.025507392">
        </testcase>
        <testcase classname="src/components/__tests__/AudioPlayer.test.tsx" name="AudioPlayer &gt; loading states &gt; should hide loading indicator when audio can play" time="0.045967761">
            <failure message="[2mexpect([22m[31melement[39m[2m).not.toBeInTheDocument()[22m

[31mexpected document not to contain element, found &lt;div
  class=&quot;w-6 h-6 border-2 border-gray-700 border-t-transparent rounded-full animate-spin&quot;
  style=&quot;opacity: 0; transform: scale(0.5);&quot;
/&gt; instead[39m" type="Error">
Error: expect(element).not.toBeInTheDocument()

expected document not to contain element, found &lt;div
  class=&quot;w-6 h-6 border-2 border-gray-700 border-t-transparent rounded-full animate-spin&quot;
  style=&quot;opacity: 0; transform: scale(0.5);&quot;
/&gt; instead
 ❯ src/components/__tests__/AudioPlayer.test.tsx:418:27
            </failure>
        </testcase>
        <testcase classname="src/components/__tests__/AudioPlayer.test.tsx" name="AudioPlayer &gt; accessibility &gt; should have accessible buttons" time="0.083175478">
        </testcase>
        <testcase classname="src/components/__tests__/AudioPlayer.test.tsx" name="AudioPlayer &gt; accessibility &gt; should support keyboard navigation" time="0.059459413">
            <failure message="expected &apos;DIV&apos; to be &apos;BUTTON&apos; // Object.is equality" type="AssertionError">
AssertionError: expected &apos;DIV&apos; to be &apos;BUTTON&apos; // Object.is equality

Expected: &quot;BUTTON&quot;
Received: &quot;DIV&quot;

 ❯ src/components/__tests__/AudioPlayer.test.tsx:439:47
            </failure>
        </testcase>
        <testcase classname="src/components/__tests__/AudioPlayer.test.tsx" name="AudioPlayer &gt; compact mode &gt; should render minimal UI in compact mode" time="0.019187921">
        </testcase>
        <testcase classname="src/components/__tests__/AudioPlayer.test.tsx" name="AudioPlayer &gt; compact mode &gt; should not render restart and mute buttons in compact mode" time="0.017237637">
        </testcase>
        <testcase classname="src/components/__tests__/AudioPlayer.test.tsx" name="AudioPlayer &gt; compact mode &gt; should show time but not duration in compact mode" time="0.004996722">
        </testcase>
        <testcase classname="src/components/__tests__/AudioPlayer.test.tsx" name="AudioPlayer &gt; error handling &gt; should handle play errors gracefully" time="0.095210232">
        </testcase>
    </testsuite>
    <testsuite name="src/components/__tests__/AudioRecorder.test.tsx" timestamp="2025-11-29T10:40:01.184Z" hostname="runsc" tests="34" failures="12" errors="0" skipped="0" time="2.657701645">
        <testcase classname="src/components/__tests__/AudioRecorder.test.tsx" name="AudioRecorder &gt; rendering &gt; should render recording visualization area" time="0.045148398">
        </testcase>
        <testcase classname="src/components/__tests__/AudioRecorder.test.tsx" name="AudioRecorder &gt; rendering &gt; should show microphone icon in idle state" time="0.006331755">
        </testcase>
        <testcase classname="src/components/__tests__/AudioRecorder.test.tsx" name="AudioRecorder &gt; rendering &gt; should show &quot;Tap to record&quot; message initially" time="0.01517827">
        </testcase>
        <testcase classname="src/components/__tests__/AudioRecorder.test.tsx" name="AudioRecorder &gt; recording &gt; should start recording when record button clicked" time="0.392486537">
            <failure message="Unable to find an accessible element with the role &quot;button&quot; and name `/mic/i`

Here are the accessible roles:

  button:

  Name &quot;&quot;:
  [36m&lt;button[39m
    [33mclass[39m=[32m&quot;inline-flex items-center justify-center gap-2 whitespace-nowrap text-sm font-medium transition-colors focus-visible:outline-none focus-visible:ring-1 focus-visible:ring-ring disabled:pointer-events-none disabled:opacity-50 [&amp;_svg]:pointer-events-none [&amp;_svg]:size-4 [&amp;_svg]:shrink-0 px-4 py-2 w-16 h-16 rounded-full bg-red-500 hover:bg-red-600 text-white shadow-lg shadow-red-500/30&quot;[39m
  [36m/&gt;[39m

  --------------------------------------------------

Ignored nodes: comments, script, style
[36m&lt;body&gt;[39m
  [36m&lt;div&gt;[39m
    [36m&lt;div[39m
      [33mclass[39m=[32m&quot;space-y-4&quot;[39m
    [36m&gt;[39m
      [36m&lt;div[39m
        [33mclass[39m=[32m&quot;relative h-24 bg-white/30 rounded-2xl overflow-hidden flex items-center justify-center&quot;[39m
      [36m&gt;[39m
        [36m&lt;div[39m
          [33mclass[39m=[32m&quot;flex flex-col items-center gap-2 text-gray-500&quot;[39m
        [36m&gt;[39m
          [36m&lt;svg[39m
            [33maria-hidden[39m=[32m&quot;true&quot;[39m
            [33mclass[39m=[32m&quot;lucide lucide-mic w-8 h-8&quot;[39m
            [33mfill[39m=[32m&quot;none&quot;[39m
            [33mheight[39m=[32m&quot;24&quot;[39m
            [33mstroke[39m=[32m&quot;currentColor&quot;[39m
            [33mstroke-linecap[39m=[32m&quot;round&quot;[39m
            [33mstroke-linejoin[39m=[32m&quot;round&quot;[39m
            [33mstroke-width[39m=[32m&quot;2&quot;[39m
            [33mviewBox[39m=[32m&quot;0 0 24 24&quot;[39m
            [33mwidth[39m=[32m&quot;24&quot;[39m
            [33mxmlns[39m=[32m&quot;http://www.w3.org/2000/svg&quot;[39m
          [36m&gt;[39m
            [36m&lt;path[39m
              [33md[39m=[32m&quot;M12 19v3&quot;[39m
            [36m/&gt;[39m
            [36m&lt;path[39m
              [33md[39m=[32m&quot;M19 10v2a7 7 0 0 1-14 0v-2&quot;[39m
            [36m/&gt;[39m
            [36m&lt;rect[39m
              [33mheight[39m=[32m&quot;13&quot;[39m
              [33mrx[39m=[32m&quot;3&quot;[39m
              [33mwidth[39m=[32m&quot;6&quot;[39m
              [33mx[39m=[32m&quot;9&quot;[39m
              [33my[39m=[32m&quot;2&quot;[39m
            [36m/&gt;[39m
          [36m&lt;/svg&gt;[39m
          [36m&lt;span[39m
            [33mclass[39m=[32m&quot;text-sm&quot;[39m
          [36m&gt;[39m
            [0mTap to record[0m
          [36m&lt;/span&gt;[39m
        [36m&lt;/div&gt;[39m
      [36m&lt;/div&gt;[39m
      [36m&lt;div[39m
        [33mclass[39m=[32m&quot;text-center&quot;[39m
      [36m&gt;[39m
        [36m&lt;span[39m
          [33mclass[39m=[32m&quot;text-2xl font-mono text-gray-700&quot;[39m
        [36m&gt;[39m
          [0m0:00[0m
        [36m&lt;/span&gt;[39m
        [36m&lt;span[39m
          [33mclass[39m=[32m&quot;text-sm text-gray-500 ml-2&quot;[39m
        [36m&gt;[39m
          [0m/ [0m
          [0m2:00[0m
        [36m&lt;/span&gt;[39m
      [36m&lt;/div&gt;[39m
      [36m&lt;div[39m
        [33mclass[39m=[32m&quot;flex items-center justify-center gap-3&quot;[39m
      [36m&gt;[39m
        [36m&lt;button[39m
          [33mclass[39m=[32m&quot;inline-flex items-center justify-center gap-2 whitespace-nowrap text-sm font-medium transition-colors focus-visible:outline-none focus-visible:ring-1 focus-visible:ring-ring disabled:pointer-events-none disabled:opacity-50 [&amp;_svg]:pointer-events-none [&amp;_svg]:size-4 [&amp;_svg]:shrink-0 px-4 py-2 w-16 h-16 rounded-full bg-red-500 hover:bg-red-600 text-white shadow-lg shadow-red-500/30&quot;[39m
        [36m&gt;[39m
          [36m&lt;svg[39m
            [33maria-hidden[39m=[32m&quot;true&quot;[39m
            [33mclass[39m=[32m&quot;lucide lucide-mic w-6 h-6&quot;[39m
            [33mfill[39m=[32m&quot;none&quot;[39m
            [33mheight[39m=[32m&quot;24&quot;[39m
            [33mstroke[39m=[32m&quot;currentColor&quot;[39m
            [33mstroke-linecap[39m=[32m&quot;round&quot;[39m
            [33mstroke-linejoin[39m=[32m&quot;round&quot;[39m
            [33mstroke-width[39m=[32m&quot;2&quot;[39m
            [33mviewBox[39m=[32m&quot;0 0 24 24&quot;[39m
            [33mwidth[39m=[32m&quot;24&quot;[39m
            [33mxmlns[39m=[32m&quot;http://www.w3.org/2000/svg&quot;[39m
          [36m&gt;[39m
            [36m&lt;path[39m
              [33md[39m=[32m&quot;M12 19v3&quot;[39m
            [36m/&gt;[39m
            [36m&lt;path[39m
              [33md[39m=[32m&quot;M19 10v2a7 7 0 0 1-14 0v-2&quot;[39m
            [36m/&gt;[39m
            [36m&lt;rect[39m
              [33mheight[39m=[32m&quot;13&quot;[39m
              [33mrx[39m=[32m&quot;3&quot;[39m
              [33mwidth[39m=[32m&quot;6&quot;[39m
              [33mx[39m=[32m&quot;9&quot;[39m
              [33my[39m=[32m&quot;2&quot;[39m
            [36m/&gt;[39m
          [36m&lt;/svg&gt;[39m
        [36m&lt;/button&gt;[39m
      [36m&lt;/div&gt;[39m
    [36m&lt;/div&gt;[39m
  [36m&lt;/div&gt;[39m
[36m&lt;/body&gt;[39m" type="TestingLibraryElementError">
TestingLibraryElementError: Unable to find an accessible element with the role &quot;button&quot; and name `/mic/i`

Here are the accessible roles:

  button:

  Name &quot;&quot;:
  &lt;button
    class=&quot;inline-flex items-center justify-center gap-2 whitespace-nowrap text-sm font-medium transition-colors focus-visible:outline-none focus-visible:ring-1 focus-visible:ring-ring disabled:pointer-events-none disabled:opacity-50 [&amp;_svg]:pointer-events-none [&amp;_svg]:size-4 [&amp;_svg]:shrink-0 px-4 py-2 w-16 h-16 rounded-full bg-red-500 hover:bg-red-600 text-white shadow-lg shadow-red-500/30&quot;
  /&gt;

  --------------------------------------------------

Ignored nodes: comments, script, style
&lt;body&gt;
  &lt;div&gt;
    &lt;div
      class=&quot;space-y-4&quot;
    &gt;
      &lt;div
        class=&quot;relative h-24 bg-white/30 rounded-2xl overflow-hidden flex items-center justify-center&quot;
      &gt;
        &lt;div
          class=&quot;flex flex-col items-center gap-2 text-gray-500&quot;
        &gt;
          &lt;svg
            aria-hidden=&quot;true&quot;
            class=&quot;lucide lucide-mic w-8 h-8&quot;
            fill=&quot;none&quot;
            height=&quot;24&quot;
            stroke=&quot;currentColor&quot;
            stroke-linecap=&quot;round&quot;
            stroke-linejoin=&quot;round&quot;
            stroke-width=&quot;2&quot;
            viewBox=&quot;0 0 24 24&quot;
            width=&quot;24&quot;
            xmlns=&quot;http://www.w3.org/2000/svg&quot;
          &gt;
            &lt;path
              d=&quot;M12 19v3&quot;
            /&gt;
            &lt;path
              d=&quot;M19 10v2a7 7 0 0 1-14 0v-2&quot;
            /&gt;
            &lt;rect
              height=&quot;13&quot;
              rx=&quot;3&quot;
              width=&quot;6&quot;
              x=&quot;9&quot;
              y=&quot;2&quot;
            /&gt;
          &lt;/svg&gt;
          &lt;span
            class=&quot;text-sm&quot;
          &gt;
            Tap to record
          &lt;/span&gt;
        &lt;/div&gt;
      &lt;/div&gt;
      &lt;div
        class=&quot;text-center&quot;
      &gt;
        &lt;span
          class=&quot;text-2xl font-mono text-gray-700&quot;
        &gt;
          0:00
        &lt;/span&gt;
        &lt;span
          class=&quot;text-sm text-gray-500 ml-2&quot;
        &gt;
          / 
          2:00
        &lt;/span&gt;
      &lt;/div&gt;
      &lt;div
        class=&quot;flex items-center justify-center gap-3&quot;
      &gt;
        &lt;button
          class=&quot;inline-flex items-center justify-center gap-2 whitespace-nowrap text-sm font-medium transition-colors focus-visible:outline-none focus-visible:ring-1 focus-visible:ring-ring disabled:pointer-events-none disabled:opacity-50 [&amp;_svg]:pointer-events-none [&amp;_svg]:size-4 [&amp;_svg]:shrink-0 px-4 py-2 w-16 h-16 rounded-full bg-red-500 hover:bg-red-600 text-white shadow-lg shadow-red-500/30&quot;
        &gt;
          &lt;svg
            aria-hidden=&quot;true&quot;
            class=&quot;lucide lucide-mic w-6 h-6&quot;
            fill=&quot;none&quot;
            height=&quot;24&quot;
            stroke=&quot;currentColor&quot;
            stroke-linecap=&quot;round&quot;
            stroke-linejoin=&quot;round&quot;
            stroke-width=&quot;2&quot;
            viewBox=&quot;0 0 24 24&quot;
            width=&quot;24&quot;
            xmlns=&quot;http://www.w3.org/2000/svg&quot;
          &gt;
            &lt;path
              d=&quot;M12 19v3&quot;
            /&gt;
            &lt;path
              d=&quot;M19 10v2a7 7 0 0 1-14 0v-2&quot;
            /&gt;
            &lt;rect
              height=&quot;13&quot;
              rx=&quot;3&quot;
              width=&quot;6&quot;
              x=&quot;9&quot;
              y=&quot;2&quot;
            /&gt;
          &lt;/svg&gt;
        &lt;/button&gt;
      &lt;/div&gt;
    &lt;/div&gt;
  &lt;/div&gt;
&lt;/body&gt;
 ❯ Object.getElementError node_modules/@testing-library/dom/dist/config.js:37:19
 ❯ node_modules/@testing-library/dom/dist/query-helpers.js:76:38
 ❯ node_modules/@testing-library/dom/dist/query-helpers.js:52:17
 ❯ node_modules/@testing-library/dom/dist/query-helpers.js:95:19
 ❯ src/components/__tests__/AudioRecorder.test.tsx:71:35
            </failure>
        </testcase>
        <testcase classname="src/components/__tests__/AudioRecorder.test.tsx" name="AudioRecorder &gt; recording &gt; should show waveform animation during recording" time="0.024911929">
            <failure message="Cannot read properties of undefined (reading &apos;addEventListener&apos;)" type="TypeError">
TypeError: Cannot read properties of undefined (reading &apos;addEventListener&apos;)
 ❯ initPrefersReducedMotion node_modules/framer-motion/dist/es/utils/reduced-motion/index.mjs:11:26
 ❯ HTMLVisualElement.mount node_modules/framer-motion/dist/es/render/VisualElement.mjs:153:13
 ❯ node_modules/framer-motion/dist/es/motion/utils/use-motion-ref.mjs:16:31
 ❯ commitAttachRef node_modules/react-dom/cjs/react-dom-client.development.js:13482:44
 ❯ runWithFiberInDEV node_modules/react-dom/cjs/react-dom-client.development.js:874:13
 ❯ safelyAttachRef node_modules/react-dom/cjs/react-dom-client.development.js:13500:9
 ❯ commitLayoutEffectOnFiber node_modules/react-dom/cjs/react-dom-client.development.js:14089:26
 ❯ recursivelyTraverseLayoutEffects node_modules/react-dom/cjs/react-dom-client.development.js:15159:11
 ❯ commitLayoutEffectOnFiber node_modules/react-dom/cjs/react-dom-client.development.js:14165:11
 ❯ recursivelyTraverseLayoutEffects node_modules/react-dom/cjs/react-dom-client.development.js:15159:11
            </failure>
        </testcase>
        <testcase classname="src/components/__tests__/AudioRecorder.test.tsx" name="AudioRecorder &gt; recording &gt; should show duration counter" time="0.01592053">
        </testcase>
        <testcase classname="src/components/__tests__/AudioRecorder.test.tsx" name="AudioRecorder &gt; recording &gt; should show max duration" time="0.005650515">
        </testcase>
        <testcase classname="src/components/__tests__/AudioRecorder.test.tsx" name="AudioRecorder &gt; recording &gt; should auto-stop at maxDuration" time="0.017670444">
        </testcase>
        <testcase classname="src/components/__tests__/AudioRecorder.test.tsx" name="AudioRecorder &gt; recording &gt; should show recording state with red duration" time="0.013162896">
        </testcase>
        <testcase classname="src/components/__tests__/AudioRecorder.test.tsx" name="AudioRecorder &gt; controls &gt; should show pause/resume buttons during recording" time="0.34466184">
            <failure message="Unable to find an accessible element with the role &quot;button&quot; and name `/pause/i`

Here are the accessible roles:

  button:

  Name &quot;&quot;:
  [36m&lt;button[39m
    [33mclass[39m=[32m&quot;inline-flex items-center justify-center gap-2 whitespace-nowrap text-sm font-medium transition-colors focus-visible:outline-none focus-visible:ring-1 focus-visible:ring-ring disabled:pointer-events-none disabled:opacity-50 [&amp;_svg]:pointer-events-none [&amp;_svg]:size-4 [&amp;_svg]:shrink-0 bg-primary text-primary-foreground shadow hover:bg-primary/90 px-4 py-2 w-12 h-12 rounded-full glass-strong&quot;[39m
  [36m/&gt;[39m

  Name &quot;&quot;:
  [36m&lt;button[39m
    [33mclass[39m=[32m&quot;inline-flex items-center justify-center gap-2 whitespace-nowrap text-sm font-medium transition-colors focus-visible:outline-none focus-visible:ring-1 focus-visible:ring-ring disabled:pointer-events-none disabled:opacity-50 [&amp;_svg]:pointer-events-none [&amp;_svg]:size-4 [&amp;_svg]:shrink-0 px-4 py-2 w-16 h-16 rounded-full bg-red-500 hover:bg-red-600 text-white shadow-lg shadow-red-500/30&quot;[39m
  [36m/&gt;[39m

  --------------------------------------------------

Ignored nodes: comments, script, style
[36m&lt;body&gt;[39m
  [36m&lt;div&gt;[39m
    [36m&lt;div[39m
      [33mclass[39m=[32m&quot;space-y-4&quot;[39m
    [36m&gt;[39m
      [36m&lt;div[39m
        [33mclass[39m=[32m&quot;relative h-24 bg-white/30 rounded-2xl overflow-hidden flex items-center justify-center&quot;[39m
      [36m&gt;[39m
        [36m&lt;div[39m
          [33mclass[39m=[32m&quot;flex items-center gap-1&quot;[39m
        [36m&gt;[39m
          [36m&lt;div[39m
            [33mclass[39m=[32m&quot;w-1 bg-purple-500 rounded-full&quot;[39m
          [36m/&gt;[39m
          [36m&lt;div[39m
            [33mclass[39m=[32m&quot;w-1 bg-purple-500 rounded-full&quot;[39m
          [36m/&gt;[39m
          [36m&lt;div[39m
            [33mclass[39m=[32m&quot;w-1 bg-purple-500 rounded-full&quot;[39m
          [36m/&gt;[39m
          [36m&lt;div[39m
            [33mclass[39m=[32m&quot;w-1 bg-purple-500 rounded-full&quot;[39m
          [36m/&gt;[39m
          [36m&lt;div[39m
            [33mclass[39m=[32m&quot;w-1 bg-purple-500 rounded-full&quot;[39m
          [36m/&gt;[39m
          [36m&lt;div[39m
            [33mclass[39m=[32m&quot;w-1 bg-purple-500 rounded-full&quot;[39m
          [36m/&gt;[39m
          [36m&lt;div[39m
            [33mclass[39m=[32m&quot;w-1 bg-purple-500 rounded-full&quot;[39m
          [36m/&gt;[39m
          [36m&lt;div[39m
            [33mclass[39m=[32m&quot;w-1 bg-purple-500 rounded-full&quot;[39m
          [36m/&gt;[39m
          [36m&lt;div[39m
            [33mclass[39m=[32m&quot;w-1 bg-purple-500 rounded-full&quot;[39m
          [36m/&gt;[39m
          [36m&lt;div[39m
            [33mclass[39m=[32m&quot;w-1 bg-purple-500 rounded-full&quot;[39m
          [36m/&gt;[39m
          [36m&lt;div[39m
            [33mclass[39m=[32m&quot;w-1 bg-purple-500 rounded-full&quot;[39m
          [36m/&gt;[39m
          [36m&lt;div[39m
            [33mclass[39m=[32m&quot;w-1 bg-purple-500 rounded-full&quot;[39m
          [36m/&gt;[39m
        [36m&lt;/div&gt;[39m
      [36m&lt;/div&gt;[39m
      [36m&lt;div[39m
        [33mclass[39m=[32m&quot;text-center&quot;[39m
      [36m&gt;[39m
        [36m&lt;span[39m
          [33mclass[39m=[32m&quot;text-2xl font-mono text-red-500&quot;[39m
        [36m&gt;[39m
          [0m0:00[0m
        [36m&lt;/span&gt;[39m
        [36m&lt;span[39m
          [33mclass[39m=[32m&quot;text-sm text-gray-500 ml-2&quot;[39m
        [36m&gt;[39m
          [0m/ [0m
          [0m2:00[0m
        [36m&lt;/span&gt;[39m
      [36m&lt;/div&gt;[39m
      [36m&lt;div[39m
        [33mclass[39m=[32m&quot;flex items-center justify-center gap-3&quot;[39m
      [36m&gt;[39m
        [36m&lt;button[39m
          [33mclass[39m=[32m&quot;inline-flex items-center justify-center gap-2 whitespace-nowrap text-sm font-medium transition-colors focus-visible:outline-none focus-visible:ring-1 focus-visible:ring-ring disabled:pointer-events-none disabled:opacity-50 [&amp;_svg]:pointer-events-none [&amp;_svg]:size-4 [&amp;_svg]:shrink-0 bg-primary text-primary-foreground shadow hover:bg-primary/90 px-4 py-2 w-12 h-12 rounded-full glass-strong&quot;[39m
        [36m&gt;[39m
          [36m&lt;svg[39m
            [33maria-hidden[39m=[32m&quot;true&quot;[39m
            [33mclass[39m=[32m&quot;lucide lucide-pause w-5 h-5&quot;[39m
            [33mfill[39m=[32m&quot;none&quot;[39m
            [33mheight[39m=[32m&quot;24&quot;[39m
            [33mstroke[39m=[32m&quot;currentColor&quot;[39m
            [33mstroke-linecap[39m=[32m&quot;round&quot;[39m
            [33mstroke-linejoin[39m=[32m&quot;round&quot;[39m
            [33mstroke-width[39m=[32m&quot;2&quot;[39m
            [33mviewBox[39m=[32m&quot;0 0 24 24&quot;[39m
            [33mwidth[39m=[32m&quot;24&quot;[39m
            [33mxmlns[39m=[32m&quot;http://www.w3.org/2000/svg&quot;[39m
          [36m&gt;[39m
            [36m&lt;rect[39m
              [33mheight[39m=[32m&quot;18&quot;[39m
              [33mrx[39m=[32m&quot;1&quot;[39m
              [33mwidth[39m=[32m&quot;5&quot;[39m
              [33mx[39m=[32m&quot;14&quot;[39m
              [33my[39m=[32m&quot;3&quot;[39m
            [36m/&gt;[39m
            [36m&lt;rect[39m
              [33mheight[39m=[32m&quot;18&quot;[39m
              [33mrx[39m=[32m&quot;1&quot;[39m
              [33mwidth[39m=[32m&quot;5&quot;[39m
              [33mx[39m=[32m&quot;5&quot;[39m
              [33my[39m=[32m&quot;3&quot;[39m
            [36m/&gt;[39m
          [36m&lt;/svg&gt;[39m
        [36m&lt;/button&gt;[39m
        [36m&lt;button[39m
          [33mclass[39m=[32m&quot;inline-flex items-center justify-center gap-2 whitespace-nowrap text-sm font-medium transition-colors focus-visible:outline-none focus-visible:ring-1 focus-visible:ring-ring disabled:pointer-events-none disabled:opacity-50 [&amp;_svg]:pointer-events-none [&amp;_svg]:size-4 [&amp;_svg]:shrink-0 px-4 py-2 w-16 h-16 rounded-full bg-red-500 hover:bg-red-600 text-white shadow-lg shadow-red-500/30&quot;[39m
        [36m&gt;[39m
          [36m&lt;svg[39m
            [33maria-hidden[39m=[32m&quot;true&quot;[39m
            [33mclass[39m=[32m&quot;lucide lucide-square w-6 h-6 fill-current&quot;[39m
            [33mfill[39m=[32m&quot;none&quot;[39m
            [33mheight[39m=[32m&quot;24&quot;[39m
            [33mstroke[39m=[32m&quot;currentColor&quot;[39m
            [33mstroke-linecap[39m=[32m&quot;round&quot;[39m
            [33mstroke-linejoin[39m=[32m&quot;round&quot;[39m
            [33mstroke-width[39m=[32m&quot;2&quot;[39m
            [33mviewBox[39m=[32m&quot;0 0 24 24&quot;[39m
            [33mwidth[39m=[32m&quot;24&quot;[39m
            [33mxmlns[39m=[32m&quot;http://www.w3.org/2000/svg&quot;[39m
          [36m&gt;[39m
            [36m&lt;rect[39m
              [33mheight[39m=[32m&quot;18&quot;[39m
              [33mrx[39m=[32m&quot;2&quot;[39m
              [33mwidth[39m=[32m&quot;18&quot;[39m
              [33mx[39m=[32m&quot;3&quot;[39m
              [33my[39m=[32m&quot;3&quot;[39m
            [36m/&gt;[39m
          [36m&lt;/svg&gt;[39m
        [36m&lt;/button&gt;[39m
      [36m&lt;/div&gt;[39m
    [36m&lt;/div&gt;[39m
  [36m&lt;/div&gt;[39m
[36m&lt;/body&gt;[39m" type="TestingLibraryElementError">
TestingLibraryElementError: Unable to find an accessible element with the role &quot;button&quot; and name `/pause/i`

Here are the accessible roles:

  button:

  Name &quot;&quot;:
  &lt;button
    class=&quot;inline-flex items-center justify-center gap-2 whitespace-nowrap text-sm font-medium transition-colors focus-visible:outline-none focus-visible:ring-1 focus-visible:ring-ring disabled:pointer-events-none disabled:opacity-50 [&amp;_svg]:pointer-events-none [&amp;_svg]:size-4 [&amp;_svg]:shrink-0 bg-primary text-primary-foreground shadow hover:bg-primary/90 px-4 py-2 w-12 h-12 rounded-full glass-strong&quot;
  /&gt;

  Name &quot;&quot;:
  &lt;button
    class=&quot;inline-flex items-center justify-center gap-2 whitespace-nowrap text-sm font-medium transition-colors focus-visible:outline-none focus-visible:ring-1 focus-visible:ring-ring disabled:pointer-events-none disabled:opacity-50 [&amp;_svg]:pointer-events-none [&amp;_svg]:size-4 [&amp;_svg]:shrink-0 px-4 py-2 w-16 h-16 rounded-full bg-red-500 hover:bg-red-600 text-white shadow-lg shadow-red-500/30&quot;
  /&gt;

  --------------------------------------------------

Ignored nodes: comments, script, style
&lt;body&gt;
  &lt;div&gt;
    &lt;div
      class=&quot;space-y-4&quot;
    &gt;
      &lt;div
        class=&quot;relative h-24 bg-white/30 rounded-2xl overflow-hidden flex items-center justify-center&quot;
      &gt;
        &lt;div
          class=&quot;flex items-center gap-1&quot;
        &gt;
          &lt;div
            class=&quot;w-1 bg-purple-500 rounded-full&quot;
          /&gt;
          &lt;div
            class=&quot;w-1 bg-purple-500 rounded-full&quot;
          /&gt;
          &lt;div
            class=&quot;w-1 bg-purple-500 rounded-full&quot;
          /&gt;
          &lt;div
            class=&quot;w-1 bg-purple-500 rounded-full&quot;
          /&gt;
          &lt;div
            class=&quot;w-1 bg-purple-500 rounded-full&quot;
          /&gt;
          &lt;div
            class=&quot;w-1 bg-purple-500 rounded-full&quot;
          /&gt;
          &lt;div
            class=&quot;w-1 bg-purple-500 rounded-full&quot;
          /&gt;
          &lt;div
            class=&quot;w-1 bg-purple-500 rounded-full&quot;
          /&gt;
          &lt;div
            class=&quot;w-1 bg-purple-500 rounded-full&quot;
          /&gt;
          &lt;div
            class=&quot;w-1 bg-purple-500 rounded-full&quot;
          /&gt;
          &lt;div
            class=&quot;w-1 bg-purple-500 rounded-full&quot;
          /&gt;
          &lt;div
            class=&quot;w-1 bg-purple-500 rounded-full&quot;
          /&gt;
        &lt;/div&gt;
      &lt;/div&gt;
      &lt;div
        class=&quot;text-center&quot;
      &gt;
        &lt;span
          class=&quot;text-2xl font-mono text-red-500&quot;
        &gt;
          0:00
        &lt;/span&gt;
        &lt;span
          class=&quot;text-sm text-gray-500 ml-2&quot;
        &gt;
          / 
          2:00
        &lt;/span&gt;
      &lt;/div&gt;
      &lt;div
        class=&quot;flex items-center justify-center gap-3&quot;
      &gt;
        &lt;button
          class=&quot;inline-flex items-center justify-center gap-2 whitespace-nowrap text-sm font-medium transition-colors focus-visible:outline-none focus-visible:ring-1 focus-visible:ring-ring disabled:pointer-events-none disabled:opacity-50 [&amp;_svg]:pointer-events-none [&amp;_svg]:size-4 [&amp;_svg]:shrink-0 bg-primary text-primary-foreground shadow hover:bg-primary/90 px-4 py-2 w-12 h-12 rounded-full glass-strong&quot;
        &gt;
          &lt;svg
            aria-hidden=&quot;true&quot;
            class=&quot;lucide lucide-pause w-5 h-5&quot;
            fill=&quot;none&quot;
            height=&quot;24&quot;
            stroke=&quot;currentColor&quot;
            stroke-linecap=&quot;round&quot;
            stroke-linejoin=&quot;round&quot;
            stroke-width=&quot;2&quot;
            viewBox=&quot;0 0 24 24&quot;
            width=&quot;24&quot;
            xmlns=&quot;http://www.w3.org/2000/svg&quot;
          &gt;
            &lt;rect
              height=&quot;18&quot;
              rx=&quot;1&quot;
              width=&quot;5&quot;
              x=&quot;14&quot;
              y=&quot;3&quot;
            /&gt;
            &lt;rect
              height=&quot;18&quot;
              rx=&quot;1&quot;
              width=&quot;5&quot;
              x=&quot;5&quot;
              y=&quot;3&quot;
            /&gt;
          &lt;/svg&gt;
        &lt;/button&gt;
        &lt;button
          class=&quot;inline-flex items-center justify-center gap-2 whitespace-nowrap text-sm font-medium transition-colors focus-visible:outline-none focus-visible:ring-1 focus-visible:ring-ring disabled:pointer-events-none disabled:opacity-50 [&amp;_svg]:pointer-events-none [&amp;_svg]:size-4 [&amp;_svg]:shrink-0 px-4 py-2 w-16 h-16 rounded-full bg-red-500 hover:bg-red-600 text-white shadow-lg shadow-red-500/30&quot;
        &gt;
          &lt;svg
            aria-hidden=&quot;true&quot;
            class=&quot;lucide lucide-square w-6 h-6 fill-current&quot;
            fill=&quot;none&quot;
            height=&quot;24&quot;
            stroke=&quot;currentColor&quot;
            stroke-linecap=&quot;round&quot;
            stroke-linejoin=&quot;round&quot;
            stroke-width=&quot;2&quot;
            viewBox=&quot;0 0 24 24&quot;
            width=&quot;24&quot;
            xmlns=&quot;http://www.w3.org/2000/svg&quot;
          &gt;
            &lt;rect
              height=&quot;18&quot;
              rx=&quot;2&quot;
              width=&quot;18&quot;
              x=&quot;3&quot;
              y=&quot;3&quot;
            /&gt;
          &lt;/svg&gt;
        &lt;/button&gt;
      &lt;/div&gt;
    &lt;/div&gt;
  &lt;/div&gt;
&lt;/body&gt;
 ❯ Object.getElementError node_modules/@testing-library/dom/dist/config.js:37:19
 ❯ node_modules/@testing-library/dom/dist/query-helpers.js:76:38
 ❯ node_modules/@testing-library/dom/dist/query-helpers.js:52:17
 ❯ node_modules/@testing-library/dom/dist/query-helpers.js:95:19
 ❯ src/components/__tests__/AudioRecorder.test.tsx:133:34
            </failure>
        </testcase>
        <testcase classname="src/components/__tests__/AudioRecorder.test.tsx" name="AudioRecorder &gt; controls &gt; should show stop button during recording" time="0.313153762">
            <failure message="Unable to find an accessible element with the role &quot;button&quot; and name `/square/i`

Here are the accessible roles:

  button:

  Name &quot;&quot;:
  [36m&lt;button[39m
    [33mclass[39m=[32m&quot;inline-flex items-center justify-center gap-2 whitespace-nowrap text-sm font-medium transition-colors focus-visible:outline-none focus-visible:ring-1 focus-visible:ring-ring disabled:pointer-events-none disabled:opacity-50 [&amp;_svg]:pointer-events-none [&amp;_svg]:size-4 [&amp;_svg]:shrink-0 bg-primary text-primary-foreground shadow hover:bg-primary/90 px-4 py-2 w-12 h-12 rounded-full glass-strong&quot;[39m
  [36m/&gt;[39m

  Name &quot;&quot;:
  [36m&lt;button[39m
    [33mclass[39m=[32m&quot;inline-flex items-center justify-center gap-2 whitespace-nowrap text-sm font-medium transition-colors focus-visible:outline-none focus-visible:ring-1 focus-visible:ring-ring disabled:pointer-events-none disabled:opacity-50 [&amp;_svg]:pointer-events-none [&amp;_svg]:size-4 [&amp;_svg]:shrink-0 px-4 py-2 w-16 h-16 rounded-full bg-red-500 hover:bg-red-600 text-white shadow-lg shadow-red-500/30&quot;[39m
  [36m/&gt;[39m

  --------------------------------------------------

Ignored nodes: comments, script, style
[36m&lt;body&gt;[39m
  [36m&lt;div&gt;[39m
    [36m&lt;div[39m
      [33mclass[39m=[32m&quot;space-y-4&quot;[39m
    [36m&gt;[39m
      [36m&lt;div[39m
        [33mclass[39m=[32m&quot;relative h-24 bg-white/30 rounded-2xl overflow-hidden flex items-center justify-center&quot;[39m
      [36m&gt;[39m
        [36m&lt;div[39m
          [33mclass[39m=[32m&quot;flex items-center gap-1&quot;[39m
        [36m&gt;[39m
          [36m&lt;div[39m
            [33mclass[39m=[32m&quot;w-1 bg-purple-500 rounded-full&quot;[39m
          [36m/&gt;[39m
          [36m&lt;div[39m
            [33mclass[39m=[32m&quot;w-1 bg-purple-500 rounded-full&quot;[39m
          [36m/&gt;[39m
          [36m&lt;div[39m
            [33mclass[39m=[32m&quot;w-1 bg-purple-500 rounded-full&quot;[39m
          [36m/&gt;[39m
          [36m&lt;div[39m
            [33mclass[39m=[32m&quot;w-1 bg-purple-500 rounded-full&quot;[39m
          [36m/&gt;[39m
          [36m&lt;div[39m
            [33mclass[39m=[32m&quot;w-1 bg-purple-500 rounded-full&quot;[39m
          [36m/&gt;[39m
          [36m&lt;div[39m
            [33mclass[39m=[32m&quot;w-1 bg-purple-500 rounded-full&quot;[39m
          [36m/&gt;[39m
          [36m&lt;div[39m
            [33mclass[39m=[32m&quot;w-1 bg-purple-500 rounded-full&quot;[39m
          [36m/&gt;[39m
          [36m&lt;div[39m
            [33mclass[39m=[32m&quot;w-1 bg-purple-500 rounded-full&quot;[39m
          [36m/&gt;[39m
          [36m&lt;div[39m
            [33mclass[39m=[32m&quot;w-1 bg-purple-500 rounded-full&quot;[39m
          [36m/&gt;[39m
          [36m&lt;div[39m
            [33mclass[39m=[32m&quot;w-1 bg-purple-500 rounded-full&quot;[39m
          [36m/&gt;[39m
          [36m&lt;div[39m
            [33mclass[39m=[32m&quot;w-1 bg-purple-500 rounded-full&quot;[39m
          [36m/&gt;[39m
          [36m&lt;div[39m
            [33mclass[39m=[32m&quot;w-1 bg-purple-500 rounded-full&quot;[39m
          [36m/&gt;[39m
        [36m&lt;/div&gt;[39m
      [36m&lt;/div&gt;[39m
      [36m&lt;div[39m
        [33mclass[39m=[32m&quot;text-center&quot;[39m
      [36m&gt;[39m
        [36m&lt;span[39m
          [33mclass[39m=[32m&quot;text-2xl font-mono text-red-500&quot;[39m
        [36m&gt;[39m
          [0m0:00[0m
        [36m&lt;/span&gt;[39m
        [36m&lt;span[39m
          [33mclass[39m=[32m&quot;text-sm text-gray-500 ml-2&quot;[39m
        [36m&gt;[39m
          [0m/ [0m
          [0m2:00[0m
        [36m&lt;/span&gt;[39m
      [36m&lt;/div&gt;[39m
      [36m&lt;div[39m
        [33mclass[39m=[32m&quot;flex items-center justify-center gap-3&quot;[39m
      [36m&gt;[39m
        [36m&lt;button[39m
          [33mclass[39m=[32m&quot;inline-flex items-center justify-center gap-2 whitespace-nowrap text-sm font-medium transition-colors focus-visible:outline-none focus-visible:ring-1 focus-visible:ring-ring disabled:pointer-events-none disabled:opacity-50 [&amp;_svg]:pointer-events-none [&amp;_svg]:size-4 [&amp;_svg]:shrink-0 bg-primary text-primary-foreground shadow hover:bg-primary/90 px-4 py-2 w-12 h-12 rounded-full glass-strong&quot;[39m
        [36m&gt;[39m
          [36m&lt;svg[39m
            [33maria-hidden[39m=[32m&quot;true&quot;[39m
            [33mclass[39m=[32m&quot;lucide lucide-pause w-5 h-5&quot;[39m
            [33mfill[39m=[32m&quot;none&quot;[39m
            [33mheight[39m=[32m&quot;24&quot;[39m
            [33mstroke[39m=[32m&quot;currentColor&quot;[39m
            [33mstroke-linecap[39m=[32m&quot;round&quot;[39m
            [33mstroke-linejoin[39m=[32m&quot;round&quot;[39m
            [33mstroke-width[39m=[32m&quot;2&quot;[39m
            [33mviewBox[39m=[32m&quot;0 0 24 24&quot;[39m
            [33mwidth[39m=[32m&quot;24&quot;[39m
            [33mxmlns[39m=[32m&quot;http://www.w3.org/2000/svg&quot;[39m
          [36m&gt;[39m
            [36m&lt;rect[39m
              [33mheight[39m=[32m&quot;18&quot;[39m
              [33mrx[39m=[32m&quot;1&quot;[39m
              [33mwidth[39m=[32m&quot;5&quot;[39m
              [33mx[39m=[32m&quot;14&quot;[39m
              [33my[39m=[32m&quot;3&quot;[39m
            [36m/&gt;[39m
            [36m&lt;rect[39m
              [33mheight[39m=[32m&quot;18&quot;[39m
              [33mrx[39m=[32m&quot;1&quot;[39m
              [33mwidth[39m=[32m&quot;5&quot;[39m
              [33mx[39m=[32m&quot;5&quot;[39m
              [33my[39m=[32m&quot;3&quot;[39m
            [36m/&gt;[39m
          [36m&lt;/svg&gt;[39m
        [36m&lt;/button&gt;[39m
        [36m&lt;button[39m
          [33mclass[39m=[32m&quot;inline-flex items-center justify-center gap-2 whitespace-nowrap text-sm font-medium transition-colors focus-visible:outline-none focus-visible:ring-1 focus-visible:ring-ring disabled:pointer-events-none disabled:opacity-50 [&amp;_svg]:pointer-events-none [&amp;_svg]:size-4 [&amp;_svg]:shrink-0 px-4 py-2 w-16 h-16 rounded-full bg-red-500 hover:bg-red-600 text-white shadow-lg shadow-red-500/30&quot;[39m
        [36m&gt;[39m
          [36m&lt;svg[39m
            [33maria-hidden[39m=[32m&quot;true&quot;[39m
            [33mclass[39m=[32m&quot;lucide lucide-square w-6 h-6 fill-current&quot;[39m
            [33mfill[39m=[32m&quot;none&quot;[39m
            [33mheight[39m=[32m&quot;24&quot;[39m
            [33mstroke[39m=[32m&quot;currentColor&quot;[39m
            [33mstroke-linecap[39m=[32m&quot;round&quot;[39m
            [33mstroke-linejoin[39m=[32m&quot;round&quot;[39m
            [33mstroke-width[39m=[32m&quot;2&quot;[39m
            [33mviewBox[39m=[32m&quot;0 0 24 24&quot;[39m
            [33mwidth[39m=[32m&quot;24&quot;[39m
            [33mxmlns[39m=[32m&quot;http://www.w3.org/2000/svg&quot;[39m
          [36m&gt;[39m
            [36m&lt;rect[39m
              [33mheight[39m=[32m&quot;18&quot;[39m
              [33mrx[39m=[32m&quot;2&quot;[39m
              [33mwidth[39m=[32m&quot;18&quot;[39m
              [33mx[39m=[32m&quot;3&quot;[39m
              [33my[39m=[32m&quot;3&quot;[39m
            [36m/&gt;[39m
          [36m&lt;/svg&gt;[39m
        [36m&lt;/button&gt;[39m
      [36m&lt;/div&gt;[39m
    [36m&lt;/div&gt;[39m
  [36m&lt;/div&gt;[39m
[36m&lt;/body&gt;[39m" type="TestingLibraryElementError">
TestingLibraryElementError: Unable to find an accessible element with the role &quot;button&quot; and name `/square/i`

Here are the accessible roles:

  button:

  Name &quot;&quot;:
  &lt;button
    class=&quot;inline-flex items-center justify-center gap-2 whitespace-nowrap text-sm font-medium transition-colors focus-visible:outline-none focus-visible:ring-1 focus-visible:ring-ring disabled:pointer-events-none disabled:opacity-50 [&amp;_svg]:pointer-events-none [&amp;_svg]:size-4 [&amp;_svg]:shrink-0 bg-primary text-primary-foreground shadow hover:bg-primary/90 px-4 py-2 w-12 h-12 rounded-full glass-strong&quot;
  /&gt;

  Name &quot;&quot;:
  &lt;button
    class=&quot;inline-flex items-center justify-center gap-2 whitespace-nowrap text-sm font-medium transition-colors focus-visible:outline-none focus-visible:ring-1 focus-visible:ring-ring disabled:pointer-events-none disabled:opacity-50 [&amp;_svg]:pointer-events-none [&amp;_svg]:size-4 [&amp;_svg]:shrink-0 px-4 py-2 w-16 h-16 rounded-full bg-red-500 hover:bg-red-600 text-white shadow-lg shadow-red-500/30&quot;
  /&gt;

  --------------------------------------------------

Ignored nodes: comments, script, style
&lt;body&gt;
  &lt;div&gt;
    &lt;div
      class=&quot;space-y-4&quot;
    &gt;
      &lt;div
        class=&quot;relative h-24 bg-white/30 rounded-2xl overflow-hidden flex items-center justify-center&quot;
      &gt;
        &lt;div
          class=&quot;flex items-center gap-1&quot;
        &gt;
          &lt;div
            class=&quot;w-1 bg-purple-500 rounded-full&quot;
          /&gt;
          &lt;div
            class=&quot;w-1 bg-purple-500 rounded-full&quot;
          /&gt;
          &lt;div
            class=&quot;w-1 bg-purple-500 rounded-full&quot;
          /&gt;
          &lt;div
            class=&quot;w-1 bg-purple-500 rounded-full&quot;
          /&gt;
          &lt;div
            class=&quot;w-1 bg-purple-500 rounded-full&quot;
          /&gt;
          &lt;div
            class=&quot;w-1 bg-purple-500 rounded-full&quot;
          /&gt;
          &lt;div
            class=&quot;w-1 bg-purple-500 rounded-full&quot;
          /&gt;
          &lt;div
            class=&quot;w-1 bg-purple-500 rounded-full&quot;
          /&gt;
          &lt;div
            class=&quot;w-1 bg-purple-500 rounded-full&quot;
          /&gt;
          &lt;div
            class=&quot;w-1 bg-purple-500 rounded-full&quot;
          /&gt;
          &lt;div
            class=&quot;w-1 bg-purple-500 rounded-full&quot;
          /&gt;
          &lt;div
            class=&quot;w-1 bg-purple-500 rounded-full&quot;
          /&gt;
        &lt;/div&gt;
      &lt;/div&gt;
      &lt;div
        class=&quot;text-center&quot;
      &gt;
        &lt;span
          class=&quot;text-2xl font-mono text-red-500&quot;
        &gt;
          0:00
        &lt;/span&gt;
        &lt;span
          class=&quot;text-sm text-gray-500 ml-2&quot;
        &gt;
          / 
          2:00
        &lt;/span&gt;
      &lt;/div&gt;
      &lt;div
        class=&quot;flex items-center justify-center gap-3&quot;
      &gt;
        &lt;button
          class=&quot;inline-flex items-center justify-center gap-2 whitespace-nowrap text-sm font-medium transition-colors focus-visible:outline-none focus-visible:ring-1 focus-visible:ring-ring disabled:pointer-events-none disabled:opacity-50 [&amp;_svg]:pointer-events-none [&amp;_svg]:size-4 [&amp;_svg]:shrink-0 bg-primary text-primary-foreground shadow hover:bg-primary/90 px-4 py-2 w-12 h-12 rounded-full glass-strong&quot;
        &gt;
          &lt;svg
            aria-hidden=&quot;true&quot;
            class=&quot;lucide lucide-pause w-5 h-5&quot;
            fill=&quot;none&quot;
            height=&quot;24&quot;
            stroke=&quot;currentColor&quot;
            stroke-linecap=&quot;round&quot;
            stroke-linejoin=&quot;round&quot;
            stroke-width=&quot;2&quot;
            viewBox=&quot;0 0 24 24&quot;
            width=&quot;24&quot;
            xmlns=&quot;http://www.w3.org/2000/svg&quot;
          &gt;
            &lt;rect
              height=&quot;18&quot;
              rx=&quot;1&quot;
              width=&quot;5&quot;
              x=&quot;14&quot;
              y=&quot;3&quot;
            /&gt;
            &lt;rect
              height=&quot;18&quot;
              rx=&quot;1&quot;
              width=&quot;5&quot;
              x=&quot;5&quot;
              y=&quot;3&quot;
            /&gt;
          &lt;/svg&gt;
        &lt;/button&gt;
        &lt;button
          class=&quot;inline-flex items-center justify-center gap-2 whitespace-nowrap text-sm font-medium transition-colors focus-visible:outline-none focus-visible:ring-1 focus-visible:ring-ring disabled:pointer-events-none disabled:opacity-50 [&amp;_svg]:pointer-events-none [&amp;_svg]:size-4 [&amp;_svg]:shrink-0 px-4 py-2 w-16 h-16 rounded-full bg-red-500 hover:bg-red-600 text-white shadow-lg shadow-red-500/30&quot;
        &gt;
          &lt;svg
            aria-hidden=&quot;true&quot;
            class=&quot;lucide lucide-square w-6 h-6 fill-current&quot;
            fill=&quot;none&quot;
            height=&quot;24&quot;
            stroke=&quot;currentColor&quot;
            stroke-linecap=&quot;round&quot;
            stroke-linejoin=&quot;round&quot;
            stroke-width=&quot;2&quot;
            viewBox=&quot;0 0 24 24&quot;
            width=&quot;24&quot;
            xmlns=&quot;http://www.w3.org/2000/svg&quot;
          &gt;
            &lt;rect
              height=&quot;18&quot;
              rx=&quot;2&quot;
              width=&quot;18&quot;
              x=&quot;3&quot;
              y=&quot;3&quot;
            /&gt;
          &lt;/svg&gt;
        &lt;/button&gt;
      &lt;/div&gt;
    &lt;/div&gt;
  &lt;/div&gt;
&lt;/body&gt;
 ❯ Object.getElementError node_modules/@testing-library/dom/dist/config.js:37:19
 ❯ node_modules/@testing-library/dom/dist/query-helpers.js:76:38
 ❯ node_modules/@testing-library/dom/dist/query-helpers.js:52:17
 ❯ node_modules/@testing-library/dom/dist/query-helpers.js:95:19
 ❯ src/components/__tests__/AudioRecorder.test.tsx:140:33
            </failure>
        </testcase>
        <testcase classname="src/components/__tests__/AudioRecorder.test.tsx" name="AudioRecorder &gt; controls &gt; should pause recording when pause clicked" time="0.288723451">
            <failure message="Unable to find an accessible element with the role &quot;button&quot; and name `/pause/i`

Here are the accessible roles:

  button:

  Name &quot;&quot;:
  [36m&lt;button[39m
    [33mclass[39m=[32m&quot;inline-flex items-center justify-center gap-2 whitespace-nowrap text-sm font-medium transition-colors focus-visible:outline-none focus-visible:ring-1 focus-visible:ring-ring disabled:pointer-events-none disabled:opacity-50 [&amp;_svg]:pointer-events-none [&amp;_svg]:size-4 [&amp;_svg]:shrink-0 bg-primary text-primary-foreground shadow hover:bg-primary/90 px-4 py-2 w-12 h-12 rounded-full glass-strong&quot;[39m
  [36m/&gt;[39m

  Name &quot;&quot;:
  [36m&lt;button[39m
    [33mclass[39m=[32m&quot;inline-flex items-center justify-center gap-2 whitespace-nowrap text-sm font-medium transition-colors focus-visible:outline-none focus-visible:ring-1 focus-visible:ring-ring disabled:pointer-events-none disabled:opacity-50 [&amp;_svg]:pointer-events-none [&amp;_svg]:size-4 [&amp;_svg]:shrink-0 px-4 py-2 w-16 h-16 rounded-full bg-red-500 hover:bg-red-600 text-white shadow-lg shadow-red-500/30&quot;[39m
  [36m/&gt;[39m

  --------------------------------------------------

Ignored nodes: comments, script, style
[36m&lt;body&gt;[39m
  [36m&lt;div&gt;[39m
    [36m&lt;div[39m
      [33mclass[39m=[32m&quot;space-y-4&quot;[39m
    [36m&gt;[39m
      [36m&lt;div[39m
        [33mclass[39m=[32m&quot;relative h-24 bg-white/30 rounded-2xl overflow-hidden flex items-center justify-center&quot;[39m
      [36m&gt;[39m
        [36m&lt;div[39m
          [33mclass[39m=[32m&quot;flex items-center gap-1&quot;[39m
        [36m&gt;[39m
          [36m&lt;div[39m
            [33mclass[39m=[32m&quot;w-1 bg-purple-500 rounded-full&quot;[39m
          [36m/&gt;[39m
          [36m&lt;div[39m
            [33mclass[39m=[32m&quot;w-1 bg-purple-500 rounded-full&quot;[39m
          [36m/&gt;[39m
          [36m&lt;div[39m
            [33mclass[39m=[32m&quot;w-1 bg-purple-500 rounded-full&quot;[39m
          [36m/&gt;[39m
          [36m&lt;div[39m
            [33mclass[39m=[32m&quot;w-1 bg-purple-500 rounded-full&quot;[39m
          [36m/&gt;[39m
          [36m&lt;div[39m
            [33mclass[39m=[32m&quot;w-1 bg-purple-500 rounded-full&quot;[39m
          [36m/&gt;[39m
          [36m&lt;div[39m
            [33mclass[39m=[32m&quot;w-1 bg-purple-500 rounded-full&quot;[39m
          [36m/&gt;[39m
          [36m&lt;div[39m
            [33mclass[39m=[32m&quot;w-1 bg-purple-500 rounded-full&quot;[39m
          [36m/&gt;[39m
          [36m&lt;div[39m
            [33mclass[39m=[32m&quot;w-1 bg-purple-500 rounded-full&quot;[39m
          [36m/&gt;[39m
          [36m&lt;div[39m
            [33mclass[39m=[32m&quot;w-1 bg-purple-500 rounded-full&quot;[39m
          [36m/&gt;[39m
          [36m&lt;div[39m
            [33mclass[39m=[32m&quot;w-1 bg-purple-500 rounded-full&quot;[39m
          [36m/&gt;[39m
          [36m&lt;div[39m
            [33mclass[39m=[32m&quot;w-1 bg-purple-500 rounded-full&quot;[39m
          [36m/&gt;[39m
          [36m&lt;div[39m
            [33mclass[39m=[32m&quot;w-1 bg-purple-500 rounded-full&quot;[39m
          [36m/&gt;[39m
        [36m&lt;/div&gt;[39m
      [36m&lt;/div&gt;[39m
      [36m&lt;div[39m
        [33mclass[39m=[32m&quot;text-center&quot;[39m
      [36m&gt;[39m
        [36m&lt;span[39m
          [33mclass[39m=[32m&quot;text-2xl font-mono text-red-500&quot;[39m
        [36m&gt;[39m
          [0m0:00[0m
        [36m&lt;/span&gt;[39m
        [36m&lt;span[39m
          [33mclass[39m=[32m&quot;text-sm text-gray-500 ml-2&quot;[39m
        [36m&gt;[39m
          [0m/ [0m
          [0m2:00[0m
        [36m&lt;/span&gt;[39m
      [36m&lt;/div&gt;[39m
      [36m&lt;div[39m
        [33mclass[39m=[32m&quot;flex items-center justify-center gap-3&quot;[39m
      [36m&gt;[39m
        [36m&lt;button[39m
          [33mclass[39m=[32m&quot;inline-flex items-center justify-center gap-2 whitespace-nowrap text-sm font-medium transition-colors focus-visible:outline-none focus-visible:ring-1 focus-visible:ring-ring disabled:pointer-events-none disabled:opacity-50 [&amp;_svg]:pointer-events-none [&amp;_svg]:size-4 [&amp;_svg]:shrink-0 bg-primary text-primary-foreground shadow hover:bg-primary/90 px-4 py-2 w-12 h-12 rounded-full glass-strong&quot;[39m
        [36m&gt;[39m
          [36m&lt;svg[39m
            [33maria-hidden[39m=[32m&quot;true&quot;[39m
            [33mclass[39m=[32m&quot;lucide lucide-pause w-5 h-5&quot;[39m
            [33mfill[39m=[32m&quot;none&quot;[39m
            [33mheight[39m=[32m&quot;24&quot;[39m
            [33mstroke[39m=[32m&quot;currentColor&quot;[39m
            [33mstroke-linecap[39m=[32m&quot;round&quot;[39m
            [33mstroke-linejoin[39m=[32m&quot;round&quot;[39m
            [33mstroke-width[39m=[32m&quot;2&quot;[39m
            [33mviewBox[39m=[32m&quot;0 0 24 24&quot;[39m
            [33mwidth[39m=[32m&quot;24&quot;[39m
            [33mxmlns[39m=[32m&quot;http://www.w3.org/2000/svg&quot;[39m
          [36m&gt;[39m
            [36m&lt;rect[39m
              [33mheight[39m=[32m&quot;18&quot;[39m
              [33mrx[39m=[32m&quot;1&quot;[39m
              [33mwidth[39m=[32m&quot;5&quot;[39m
              [33mx[39m=[32m&quot;14&quot;[39m
              [33my[39m=[32m&quot;3&quot;[39m
            [36m/&gt;[39m
            [36m&lt;rect[39m
              [33mheight[39m=[32m&quot;18&quot;[39m
              [33mrx[39m=[32m&quot;1&quot;[39m
              [33mwidth[39m=[32m&quot;5&quot;[39m
              [33mx[39m=[32m&quot;5&quot;[39m
              [33my[39m=[32m&quot;3&quot;[39m
            [36m/&gt;[39m
          [36m&lt;/svg&gt;[39m
        [36m&lt;/button&gt;[39m
        [36m&lt;button[39m
          [33mclass[39m=[32m&quot;inline-flex items-center justify-center gap-2 whitespace-nowrap text-sm font-medium transition-colors focus-visible:outline-none focus-visible:ring-1 focus-visible:ring-ring disabled:pointer-events-none disabled:opacity-50 [&amp;_svg]:pointer-events-none [&amp;_svg]:size-4 [&amp;_svg]:shrink-0 px-4 py-2 w-16 h-16 rounded-full bg-red-500 hover:bg-red-600 text-white shadow-lg shadow-red-500/30&quot;[39m
        [36m&gt;[39m
          [36m&lt;svg[39m
            [33maria-hidden[39m=[32m&quot;true&quot;[39m
            [33mclass[39m=[32m&quot;lucide lucide-square w-6 h-6 fill-current&quot;[39m
            [33mfill[39m=[32m&quot;none&quot;[39m
            [33mheight[39m=[32m&quot;24&quot;[39m
            [33mstroke[39m=[32m&quot;currentColor&quot;[39m
            [33mstroke-linecap[39m=[32m&quot;round&quot;[39m
            [33mstroke-linejoin[39m=[32m&quot;round&quot;[39m
            [33mstroke-width[39m=[32m&quot;2&quot;[39m
            [33mviewBox[39m=[32m&quot;0 0 24 24&quot;[39m
            [33mwidth[39m=[32m&quot;24&quot;[39m
            [33mxmlns[39m=[32m&quot;http://www.w3.org/2000/svg&quot;[39m
          [36m&gt;[39m
            [36m&lt;rect[39m
              [33mheight[39m=[32m&quot;18&quot;[39m
              [33mrx[39m=[32m&quot;2&quot;[39m
              [33mwidth[39m=[32m&quot;18&quot;[39m
              [33mx[39m=[32m&quot;3&quot;[39m
              [33my[39m=[32m&quot;3&quot;[39m
            [36m/&gt;[39m
          [36m&lt;/svg&gt;[39m
        [36m&lt;/button&gt;[39m
      [36m&lt;/div&gt;[39m
    [36m&lt;/div&gt;[39m
  [36m&lt;/div&gt;[39m
[36m&lt;/body&gt;[39m" type="TestingLibraryElementError">
TestingLibraryElementError: Unable to find an accessible element with the role &quot;button&quot; and name `/pause/i`

Here are the accessible roles:

  button:

  Name &quot;&quot;:
  &lt;button
    class=&quot;inline-flex items-center justify-center gap-2 whitespace-nowrap text-sm font-medium transition-colors focus-visible:outline-none focus-visible:ring-1 focus-visible:ring-ring disabled:pointer-events-none disabled:opacity-50 [&amp;_svg]:pointer-events-none [&amp;_svg]:size-4 [&amp;_svg]:shrink-0 bg-primary text-primary-foreground shadow hover:bg-primary/90 px-4 py-2 w-12 h-12 rounded-full glass-strong&quot;
  /&gt;

  Name &quot;&quot;:
  &lt;button
    class=&quot;inline-flex items-center justify-center gap-2 whitespace-nowrap text-sm font-medium transition-colors focus-visible:outline-none focus-visible:ring-1 focus-visible:ring-ring disabled:pointer-events-none disabled:opacity-50 [&amp;_svg]:pointer-events-none [&amp;_svg]:size-4 [&amp;_svg]:shrink-0 px-4 py-2 w-16 h-16 rounded-full bg-red-500 hover:bg-red-600 text-white shadow-lg shadow-red-500/30&quot;
  /&gt;

  --------------------------------------------------

Ignored nodes: comments, script, style
&lt;body&gt;
  &lt;div&gt;
    &lt;div
      class=&quot;space-y-4&quot;
    &gt;
      &lt;div
        class=&quot;relative h-24 bg-white/30 rounded-2xl overflow-hidden flex items-center justify-center&quot;
      &gt;
        &lt;div
          class=&quot;flex items-center gap-1&quot;
        &gt;
          &lt;div
            class=&quot;w-1 bg-purple-500 rounded-full&quot;
          /&gt;
          &lt;div
            class=&quot;w-1 bg-purple-500 rounded-full&quot;
          /&gt;
          &lt;div
            class=&quot;w-1 bg-purple-500 rounded-full&quot;
          /&gt;
          &lt;div
            class=&quot;w-1 bg-purple-500 rounded-full&quot;
          /&gt;
          &lt;div
            class=&quot;w-1 bg-purple-500 rounded-full&quot;
          /&gt;
          &lt;div
            class=&quot;w-1 bg-purple-500 rounded-full&quot;
          /&gt;
          &lt;div
            class=&quot;w-1 bg-purple-500 rounded-full&quot;
          /&gt;
          &lt;div
            class=&quot;w-1 bg-purple-500 rounded-full&quot;
          /&gt;
          &lt;div
            class=&quot;w-1 bg-purple-500 rounded-full&quot;
          /&gt;
          &lt;div
            class=&quot;w-1 bg-purple-500 rounded-full&quot;
          /&gt;
          &lt;div
            class=&quot;w-1 bg-purple-500 rounded-full&quot;
          /&gt;
          &lt;div
            class=&quot;w-1 bg-purple-500 rounded-full&quot;
          /&gt;
        &lt;/div&gt;
      &lt;/div&gt;
      &lt;div
        class=&quot;text-center&quot;
      &gt;
        &lt;span
          class=&quot;text-2xl font-mono text-red-500&quot;
        &gt;
          0:00
        &lt;/span&gt;
        &lt;span
          class=&quot;text-sm text-gray-500 ml-2&quot;
        &gt;
          / 
          2:00
        &lt;/span&gt;
      &lt;/div&gt;
      &lt;div
        class=&quot;flex items-center justify-center gap-3&quot;
      &gt;
        &lt;button
          class=&quot;inline-flex items-center justify-center gap-2 whitespace-nowrap text-sm font-medium transition-colors focus-visible:outline-none focus-visible:ring-1 focus-visible:ring-ring disabled:pointer-events-none disabled:opacity-50 [&amp;_svg]:pointer-events-none [&amp;_svg]:size-4 [&amp;_svg]:shrink-0 bg-primary text-primary-foreground shadow hover:bg-primary/90 px-4 py-2 w-12 h-12 rounded-full glass-strong&quot;
        &gt;
          &lt;svg
            aria-hidden=&quot;true&quot;
            class=&quot;lucide lucide-pause w-5 h-5&quot;
            fill=&quot;none&quot;
            height=&quot;24&quot;
            stroke=&quot;currentColor&quot;
            stroke-linecap=&quot;round&quot;
            stroke-linejoin=&quot;round&quot;
            stroke-width=&quot;2&quot;
            viewBox=&quot;0 0 24 24&quot;
            width=&quot;24&quot;
            xmlns=&quot;http://www.w3.org/2000/svg&quot;
          &gt;
            &lt;rect
              height=&quot;18&quot;
              rx=&quot;1&quot;
              width=&quot;5&quot;
              x=&quot;14&quot;
              y=&quot;3&quot;
            /&gt;
            &lt;rect
              height=&quot;18&quot;
              rx=&quot;1&quot;
              width=&quot;5&quot;
              x=&quot;5&quot;
              y=&quot;3&quot;
            /&gt;
          &lt;/svg&gt;
        &lt;/button&gt;
        &lt;button
          class=&quot;inline-flex items-center justify-center gap-2 whitespace-nowrap text-sm font-medium transition-colors focus-visible:outline-none focus-visible:ring-1 focus-visible:ring-ring disabled:pointer-events-none disabled:opacity-50 [&amp;_svg]:pointer-events-none [&amp;_svg]:size-4 [&amp;_svg]:shrink-0 px-4 py-2 w-16 h-16 rounded-full bg-red-500 hover:bg-red-600 text-white shadow-lg shadow-red-500/30&quot;
        &gt;
          &lt;svg
            aria-hidden=&quot;true&quot;
            class=&quot;lucide lucide-square w-6 h-6 fill-current&quot;
            fill=&quot;none&quot;
            height=&quot;24&quot;
            stroke=&quot;currentColor&quot;
            stroke-linecap=&quot;round&quot;
            stroke-linejoin=&quot;round&quot;
            stroke-width=&quot;2&quot;
            viewBox=&quot;0 0 24 24&quot;
            width=&quot;24&quot;
            xmlns=&quot;http://www.w3.org/2000/svg&quot;
          &gt;
            &lt;rect
              height=&quot;18&quot;
              rx=&quot;2&quot;
              width=&quot;18&quot;
              x=&quot;3&quot;
              y=&quot;3&quot;
            /&gt;
          &lt;/svg&gt;
        &lt;/button&gt;
      &lt;/div&gt;
    &lt;/div&gt;
  &lt;/div&gt;
&lt;/body&gt;
 ❯ Object.getElementError node_modules/@testing-library/dom/dist/config.js:37:19
 ❯ node_modules/@testing-library/dom/dist/query-helpers.js:76:38
 ❯ node_modules/@testing-library/dom/dist/query-helpers.js:52:17
 ❯ node_modules/@testing-library/dom/dist/query-helpers.js:95:19
 ❯ src/components/__tests__/AudioRecorder.test.tsx:148:34
            </failure>
        </testcase>
        <testcase classname="src/components/__tests__/AudioRecorder.test.tsx" name="AudioRecorder &gt; controls &gt; should show paused indicator when paused" time="0.005707949">
        </testcase>
        <testcase classname="src/components/__tests__/AudioRecorder.test.tsx" name="AudioRecorder &gt; controls &gt; should resume recording when play clicked" time="0.153764496">
            <failure message="Unable to find an accessible element with the role &quot;button&quot; and name `/play/i`

Here are the accessible roles:

  button:

  Name &quot;&quot;:
  [36m&lt;button[39m
    [33mclass[39m=[32m&quot;inline-flex items-center justify-center gap-2 whitespace-nowrap text-sm font-medium transition-colors focus-visible:outline-none focus-visible:ring-1 focus-visible:ring-ring disabled:pointer-events-none disabled:opacity-50 [&amp;_svg]:pointer-events-none [&amp;_svg]:size-4 [&amp;_svg]:shrink-0 bg-primary text-primary-foreground shadow hover:bg-primary/90 px-4 py-2 w-12 h-12 rounded-full glass-strong&quot;[39m
  [36m/&gt;[39m

  Name &quot;&quot;:
  [36m&lt;button[39m
    [33mclass[39m=[32m&quot;inline-flex items-center justify-center gap-2 whitespace-nowrap text-sm font-medium transition-colors focus-visible:outline-none focus-visible:ring-1 focus-visible:ring-ring disabled:pointer-events-none disabled:opacity-50 [&amp;_svg]:pointer-events-none [&amp;_svg]:size-4 [&amp;_svg]:shrink-0 px-4 py-2 w-16 h-16 rounded-full bg-red-500 hover:bg-red-600 text-white shadow-lg shadow-red-500/30&quot;[39m
  [36m/&gt;[39m

  --------------------------------------------------

Ignored nodes: comments, script, style
[36m&lt;body&gt;[39m
  [36m&lt;div&gt;[39m
    [36m&lt;div[39m
      [33mclass[39m=[32m&quot;space-y-4&quot;[39m
    [36m&gt;[39m
      [36m&lt;div[39m
        [33mclass[39m=[32m&quot;relative h-24 bg-white/30 rounded-2xl overflow-hidden flex items-center justify-center&quot;[39m
      [36m&gt;[39m
        [36m&lt;div[39m
          [33mclass[39m=[32m&quot;flex items-center gap-2 text-gray-600&quot;[39m
        [36m&gt;[39m
          [36m&lt;svg[39m
            [33maria-hidden[39m=[32m&quot;true&quot;[39m
            [33mclass[39m=[32m&quot;lucide lucide-pause w-5 h-5&quot;[39m
            [33mfill[39m=[32m&quot;none&quot;[39m
            [33mheight[39m=[32m&quot;24&quot;[39m
            [33mstroke[39m=[32m&quot;currentColor&quot;[39m
            [33mstroke-linecap[39m=[32m&quot;round&quot;[39m
            [33mstroke-linejoin[39m=[32m&quot;round&quot;[39m
            [33mstroke-width[39m=[32m&quot;2&quot;[39m
            [33mviewBox[39m=[32m&quot;0 0 24 24&quot;[39m
            [33mwidth[39m=[32m&quot;24&quot;[39m
            [33mxmlns[39m=[32m&quot;http://www.w3.org/2000/svg&quot;[39m
          [36m&gt;[39m
            [36m&lt;rect[39m
              [33mheight[39m=[32m&quot;18&quot;[39m
              [33mrx[39m=[32m&quot;1&quot;[39m
              [33mwidth[39m=[32m&quot;5&quot;[39m
              [33mx[39m=[32m&quot;14&quot;[39m
              [33my[39m=[32m&quot;3&quot;[39m
            [36m/&gt;[39m
            [36m&lt;rect[39m
              [33mheight[39m=[32m&quot;18&quot;[39m
              [33mrx[39m=[32m&quot;1&quot;[39m
              [33mwidth[39m=[32m&quot;5&quot;[39m
              [33mx[39m=[32m&quot;5&quot;[39m
              [33my[39m=[32m&quot;3&quot;[39m
            [36m/&gt;[39m
          [36m&lt;/svg&gt;[39m
          [36m&lt;span[39m
            [33mclass[39m=[32m&quot;text-sm&quot;[39m
          [36m&gt;[39m
            [0mPaused[0m
          [36m&lt;/span&gt;[39m
        [36m&lt;/div&gt;[39m
      [36m&lt;/div&gt;[39m
      [36m&lt;div[39m
        [33mclass[39m=[32m&quot;text-center&quot;[39m
      [36m&gt;[39m
        [36m&lt;span[39m
          [33mclass[39m=[32m&quot;text-2xl font-mono text-gray-700&quot;[39m
        [36m&gt;[39m
          [0m0:00[0m
        [36m&lt;/span&gt;[39m
        [36m&lt;span[39m
          [33mclass[39m=[32m&quot;text-sm text-gray-500 ml-2&quot;[39m
        [36m&gt;[39m
          [0m/ [0m
          [0m2:00[0m
        [36m&lt;/span&gt;[39m
      [36m&lt;/div&gt;[39m
      [36m&lt;div[39m
        [33mclass[39m=[32m&quot;flex items-center justify-center gap-3&quot;[39m
      [36m&gt;[39m
        [36m&lt;button[39m
          [33mclass[39m=[32m&quot;inline-flex items-center justify-center gap-2 whitespace-nowrap text-sm font-medium transition-colors focus-visible:outline-none focus-visible:ring-1 focus-visible:ring-ring disabled:pointer-events-none disabled:opacity-50 [&amp;_svg]:pointer-events-none [&amp;_svg]:size-4 [&amp;_svg]:shrink-0 bg-primary text-primary-foreground shadow hover:bg-primary/90 px-4 py-2 w-12 h-12 rounded-full glass-strong&quot;[39m
        [36m&gt;[39m
          [36m&lt;svg[39m
            [33maria-hidden[39m=[32m&quot;true&quot;[39m
            [33mclass[39m=[32m&quot;lucide lucide-play w-5 h-5&quot;[39m
            [33mfill[39m=[32m&quot;none&quot;[39m
            [33mheight[39m=[32m&quot;24&quot;[39m
            [33mstroke[39m=[32m&quot;currentColor&quot;[39m
            [33mstroke-linecap[39m=[32m&quot;round&quot;[39m
            [33mstroke-linejoin[39m=[32m&quot;round&quot;[39m
            [33mstroke-width[39m=[32m&quot;2&quot;[39m
            [33mviewBox[39m=[32m&quot;0 0 24 24&quot;[39m
            [33mwidth[39m=[32m&quot;24&quot;[39m
            [33mxmlns[39m=[32m&quot;http://www.w3.org/2000/svg&quot;[39m
          [36m&gt;[39m
            [36m&lt;path[39m
              [33md[39m=[32m&quot;M5 5a2 2 0 0 1 3.008-1.728l11.997 6.998a2 2 0 0 1 .003 3.458l-12 7A2 2 0 0 1 5 19z&quot;[39m
            [36m/&gt;[39m
          [36m&lt;/svg&gt;[39m
        [36m&lt;/button&gt;[39m
        [36m&lt;button[39m
          [33mclass[39m=[32m&quot;inline-flex items-center justify-center gap-2 whitespace-nowrap text-sm font-medium transition-colors focus-visible:outline-none focus-visible:ring-1 focus-visible:ring-ring disabled:pointer-events-none disabled:opacity-50 [&amp;_svg]:pointer-events-none [&amp;_svg]:size-4 [&amp;_svg]:shrink-0 px-4 py-2 w-16 h-16 rounded-full bg-red-500 hover:bg-red-600 text-white shadow-lg shadow-red-500/30&quot;[39m
        [36m&gt;[39m
          [36m&lt;svg[39m
            [33maria-hidden[39m=[32m&quot;true&quot;[39m
            [33mclass[39m=[32m&quot;lucide lucide-square w-6 h-6 fill-current&quot;[39m
            [33mfill[39m=[32m&quot;none&quot;[39m
            [33mheight[39m=[32m&quot;24&quot;[39m
            [33mstroke[39m=[32m&quot;currentColor&quot;[39m
            [33mstroke-linecap[39m=[32m&quot;round&quot;[39m
            [33mstroke-linejoin[39m=[32m&quot;round&quot;[39m
            [33mstroke-width[39m=[32m&quot;2&quot;[39m
            [33mviewBox[39m=[32m&quot;0 0 24 24&quot;[39m
            [33mwidth[39m=[32m&quot;24&quot;[39m
            [33mxmlns[39m=[32m&quot;http://www.w3.org/2000/svg&quot;[39m
          [36m&gt;[39m
            [36m&lt;rect[39m
              [33mheight[39m=[32m&quot;18&quot;[39m
              [33mrx[39m=[32m&quot;2&quot;[39m
              [33mwidth[39m=[32m&quot;18&quot;[39m
              [33mx[39m=[32m&quot;3&quot;[39m
              [33my[39m=[32m&quot;3&quot;[39m
            [36m/&gt;[39m
          [36m&lt;/svg&gt;[39m
        [36m&lt;/button&gt;[39m
      [36m&lt;/div&gt;[39m
    [36m&lt;/div&gt;[39m
  [36m&lt;/div&gt;[39m
[36m&lt;/body&gt;[39m" type="TestingLibraryElementError">
TestingLibraryElementError: Unable to find an accessible element with the role &quot;button&quot; and name `/play/i`

Here are the accessible roles:

  button:

  Name &quot;&quot;:
  &lt;button
    class=&quot;inline-flex items-center justify-center gap-2 whitespace-nowrap text-sm font-medium transition-colors focus-visible:outline-none focus-visible:ring-1 focus-visible:ring-ring disabled:pointer-events-none disabled:opacity-50 [&amp;_svg]:pointer-events-none [&amp;_svg]:size-4 [&amp;_svg]:shrink-0 bg-primary text-primary-foreground shadow hover:bg-primary/90 px-4 py-2 w-12 h-12 rounded-full glass-strong&quot;
  /&gt;

  Name &quot;&quot;:
  &lt;button
    class=&quot;inline-flex items-center justify-center gap-2 whitespace-nowrap text-sm font-medium transition-colors focus-visible:outline-none focus-visible:ring-1 focus-visible:ring-ring disabled:pointer-events-none disabled:opacity-50 [&amp;_svg]:pointer-events-none [&amp;_svg]:size-4 [&amp;_svg]:shrink-0 px-4 py-2 w-16 h-16 rounded-full bg-red-500 hover:bg-red-600 text-white shadow-lg shadow-red-500/30&quot;
  /&gt;

  --------------------------------------------------

Ignored nodes: comments, script, style
&lt;body&gt;
  &lt;div&gt;
    &lt;div
      class=&quot;space-y-4&quot;
    &gt;
      &lt;div
        class=&quot;relative h-24 bg-white/30 rounded-2xl overflow-hidden flex items-center justify-center&quot;
      &gt;
        &lt;div
          class=&quot;flex items-center gap-2 text-gray-600&quot;
        &gt;
          &lt;svg
            aria-hidden=&quot;true&quot;
            class=&quot;lucide lucide-pause w-5 h-5&quot;
            fill=&quot;none&quot;
            height=&quot;24&quot;
            stroke=&quot;currentColor&quot;
            stroke-linecap=&quot;round&quot;
            stroke-linejoin=&quot;round&quot;
            stroke-width=&quot;2&quot;
            viewBox=&quot;0 0 24 24&quot;
            width=&quot;24&quot;
            xmlns=&quot;http://www.w3.org/2000/svg&quot;
          &gt;
            &lt;rect
              height=&quot;18&quot;
              rx=&quot;1&quot;
              width=&quot;5&quot;
              x=&quot;14&quot;
              y=&quot;3&quot;
            /&gt;
            &lt;rect
              height=&quot;18&quot;
              rx=&quot;1&quot;
              width=&quot;5&quot;
              x=&quot;5&quot;
              y=&quot;3&quot;
            /&gt;
          &lt;/svg&gt;
          &lt;span
            class=&quot;text-sm&quot;
          &gt;
            Paused
          &lt;/span&gt;
        &lt;/div&gt;
      &lt;/div&gt;
      &lt;div
        class=&quot;text-center&quot;
      &gt;
        &lt;span
          class=&quot;text-2xl font-mono text-gray-700&quot;
        &gt;
          0:00
        &lt;/span&gt;
        &lt;span
          class=&quot;text-sm text-gray-500 ml-2&quot;
        &gt;
          / 
          2:00
        &lt;/span&gt;
      &lt;/div&gt;
      &lt;div
        class=&quot;flex items-center justify-center gap-3&quot;
      &gt;
        &lt;button
          class=&quot;inline-flex items-center justify-center gap-2 whitespace-nowrap text-sm font-medium transition-colors focus-visible:outline-none focus-visible:ring-1 focus-visible:ring-ring disabled:pointer-events-none disabled:opacity-50 [&amp;_svg]:pointer-events-none [&amp;_svg]:size-4 [&amp;_svg]:shrink-0 bg-primary text-primary-foreground shadow hover:bg-primary/90 px-4 py-2 w-12 h-12 rounded-full glass-strong&quot;
        &gt;
          &lt;svg
            aria-hidden=&quot;true&quot;
            class=&quot;lucide lucide-play w-5 h-5&quot;
            fill=&quot;none&quot;
            height=&quot;24&quot;
            stroke=&quot;currentColor&quot;
            stroke-linecap=&quot;round&quot;
            stroke-linejoin=&quot;round&quot;
            stroke-width=&quot;2&quot;
            viewBox=&quot;0 0 24 24&quot;
            width=&quot;24&quot;
            xmlns=&quot;http://www.w3.org/2000/svg&quot;
          &gt;
            &lt;path
              d=&quot;M5 5a2 2 0 0 1 3.008-1.728l11.997 6.998a2 2 0 0 1 .003 3.458l-12 7A2 2 0 0 1 5 19z&quot;
            /&gt;
          &lt;/svg&gt;
        &lt;/button&gt;
        &lt;button
          class=&quot;inline-flex items-center justify-center gap-2 whitespace-nowrap text-sm font-medium transition-colors focus-visible:outline-none focus-visible:ring-1 focus-visible:ring-ring disabled:pointer-events-none disabled:opacity-50 [&amp;_svg]:pointer-events-none [&amp;_svg]:size-4 [&amp;_svg]:shrink-0 px-4 py-2 w-16 h-16 rounded-full bg-red-500 hover:bg-red-600 text-white shadow-lg shadow-red-500/30&quot;
        &gt;
          &lt;svg
            aria-hidden=&quot;true&quot;
            class=&quot;lucide lucide-square w-6 h-6 fill-current&quot;
            fill=&quot;none&quot;
            height=&quot;24&quot;
            stroke=&quot;currentColor&quot;
            stroke-linecap=&quot;round&quot;
            stroke-linejoin=&quot;round&quot;
            stroke-width=&quot;2&quot;
            viewBox=&quot;0 0 24 24&quot;
            width=&quot;24&quot;
            xmlns=&quot;http://www.w3.org/2000/svg&quot;
          &gt;
            &lt;rect
              height=&quot;18&quot;
              rx=&quot;2&quot;
              width=&quot;18&quot;
              x=&quot;3&quot;
              y=&quot;3&quot;
            /&gt;
          &lt;/svg&gt;
        &lt;/button&gt;
      &lt;/div&gt;
    &lt;/div&gt;
  &lt;/div&gt;
&lt;/body&gt;
 ❯ Object.getElementError node_modules/@testing-library/dom/dist/config.js:37:19
 ❯ node_modules/@testing-library/dom/dist/query-helpers.js:76:38
 ❯ node_modules/@testing-library/dom/dist/query-helpers.js:52:17
 ❯ node_modules/@testing-library/dom/dist/query-helpers.js:95:19
 ❯ src/components/__tests__/AudioRecorder.test.tsx:166:33
            </failure>
        </testcase>
        <testcase classname="src/components/__tests__/AudioRecorder.test.tsx" name="AudioRecorder &gt; controls &gt; should stop recording when stop clicked" time="0.281038858">
            <failure message="Unable to find an accessible element with the role &quot;button&quot; and name `/square/i`

Here are the accessible roles:

  button:

  Name &quot;&quot;:
  [36m&lt;button[39m
    [33mclass[39m=[32m&quot;inline-flex items-center justify-center gap-2 whitespace-nowrap text-sm font-medium transition-colors focus-visible:outline-none focus-visible:ring-1 focus-visible:ring-ring disabled:pointer-events-none disabled:opacity-50 [&amp;_svg]:pointer-events-none [&amp;_svg]:size-4 [&amp;_svg]:shrink-0 bg-primary text-primary-foreground shadow hover:bg-primary/90 px-4 py-2 w-12 h-12 rounded-full glass-strong&quot;[39m
  [36m/&gt;[39m

  Name &quot;&quot;:
  [36m&lt;button[39m
    [33mclass[39m=[32m&quot;inline-flex items-center justify-center gap-2 whitespace-nowrap text-sm font-medium transition-colors focus-visible:outline-none focus-visible:ring-1 focus-visible:ring-ring disabled:pointer-events-none disabled:opacity-50 [&amp;_svg]:pointer-events-none [&amp;_svg]:size-4 [&amp;_svg]:shrink-0 px-4 py-2 w-16 h-16 rounded-full bg-red-500 hover:bg-red-600 text-white shadow-lg shadow-red-500/30&quot;[39m
  [36m/&gt;[39m

  --------------------------------------------------

Ignored nodes: comments, script, style
[36m&lt;body&gt;[39m
  [36m&lt;div&gt;[39m
    [36m&lt;div[39m
      [33mclass[39m=[32m&quot;space-y-4&quot;[39m
    [36m&gt;[39m
      [36m&lt;div[39m
        [33mclass[39m=[32m&quot;relative h-24 bg-white/30 rounded-2xl overflow-hidden flex items-center justify-center&quot;[39m
      [36m&gt;[39m
        [36m&lt;div[39m
          [33mclass[39m=[32m&quot;flex items-center gap-1&quot;[39m
        [36m&gt;[39m
          [36m&lt;div[39m
            [33mclass[39m=[32m&quot;w-1 bg-purple-500 rounded-full&quot;[39m
          [36m/&gt;[39m
          [36m&lt;div[39m
            [33mclass[39m=[32m&quot;w-1 bg-purple-500 rounded-full&quot;[39m
          [36m/&gt;[39m
          [36m&lt;div[39m
            [33mclass[39m=[32m&quot;w-1 bg-purple-500 rounded-full&quot;[39m
          [36m/&gt;[39m
          [36m&lt;div[39m
            [33mclass[39m=[32m&quot;w-1 bg-purple-500 rounded-full&quot;[39m
          [36m/&gt;[39m
          [36m&lt;div[39m
            [33mclass[39m=[32m&quot;w-1 bg-purple-500 rounded-full&quot;[39m
          [36m/&gt;[39m
          [36m&lt;div[39m
            [33mclass[39m=[32m&quot;w-1 bg-purple-500 rounded-full&quot;[39m
          [36m/&gt;[39m
          [36m&lt;div[39m
            [33mclass[39m=[32m&quot;w-1 bg-purple-500 rounded-full&quot;[39m
          [36m/&gt;[39m
          [36m&lt;div[39m
            [33mclass[39m=[32m&quot;w-1 bg-purple-500 rounded-full&quot;[39m
          [36m/&gt;[39m
          [36m&lt;div[39m
            [33mclass[39m=[32m&quot;w-1 bg-purple-500 rounded-full&quot;[39m
          [36m/&gt;[39m
          [36m&lt;div[39m
            [33mclass[39m=[32m&quot;w-1 bg-purple-500 rounded-full&quot;[39m
          [36m/&gt;[39m
          [36m&lt;div[39m
            [33mclass[39m=[32m&quot;w-1 bg-purple-500 rounded-full&quot;[39m
          [36m/&gt;[39m
          [36m&lt;div[39m
            [33mclass[39m=[32m&quot;w-1 bg-purple-500 rounded-full&quot;[39m
          [36m/&gt;[39m
        [36m&lt;/div&gt;[39m
      [36m&lt;/div&gt;[39m
      [36m&lt;div[39m
        [33mclass[39m=[32m&quot;text-center&quot;[39m
      [36m&gt;[39m
        [36m&lt;span[39m
          [33mclass[39m=[32m&quot;text-2xl font-mono text-red-500&quot;[39m
        [36m&gt;[39m
          [0m0:00[0m
        [36m&lt;/span&gt;[39m
        [36m&lt;span[39m
          [33mclass[39m=[32m&quot;text-sm text-gray-500 ml-2&quot;[39m
        [36m&gt;[39m
          [0m/ [0m
          [0m2:00[0m
        [36m&lt;/span&gt;[39m
      [36m&lt;/div&gt;[39m
      [36m&lt;div[39m
        [33mclass[39m=[32m&quot;flex items-center justify-center gap-3&quot;[39m
      [36m&gt;[39m
        [36m&lt;button[39m
          [33mclass[39m=[32m&quot;inline-flex items-center justify-center gap-2 whitespace-nowrap text-sm font-medium transition-colors focus-visible:outline-none focus-visible:ring-1 focus-visible:ring-ring disabled:pointer-events-none disabled:opacity-50 [&amp;_svg]:pointer-events-none [&amp;_svg]:size-4 [&amp;_svg]:shrink-0 bg-primary text-primary-foreground shadow hover:bg-primary/90 px-4 py-2 w-12 h-12 rounded-full glass-strong&quot;[39m
        [36m&gt;[39m
          [36m&lt;svg[39m
            [33maria-hidden[39m=[32m&quot;true&quot;[39m
            [33mclass[39m=[32m&quot;lucide lucide-pause w-5 h-5&quot;[39m
            [33mfill[39m=[32m&quot;none&quot;[39m
            [33mheight[39m=[32m&quot;24&quot;[39m
            [33mstroke[39m=[32m&quot;currentColor&quot;[39m
            [33mstroke-linecap[39m=[32m&quot;round&quot;[39m
            [33mstroke-linejoin[39m=[32m&quot;round&quot;[39m
            [33mstroke-width[39m=[32m&quot;2&quot;[39m
            [33mviewBox[39m=[32m&quot;0 0 24 24&quot;[39m
            [33mwidth[39m=[32m&quot;24&quot;[39m
            [33mxmlns[39m=[32m&quot;http://www.w3.org/2000/svg&quot;[39m
          [36m&gt;[39m
            [36m&lt;rect[39m
              [33mheight[39m=[32m&quot;18&quot;[39m
              [33mrx[39m=[32m&quot;1&quot;[39m
              [33mwidth[39m=[32m&quot;5&quot;[39m
              [33mx[39m=[32m&quot;14&quot;[39m
              [33my[39m=[32m&quot;3&quot;[39m
            [36m/&gt;[39m
            [36m&lt;rect[39m
              [33mheight[39m=[32m&quot;18&quot;[39m
              [33mrx[39m=[32m&quot;1&quot;[39m
              [33mwidth[39m=[32m&quot;5&quot;[39m
              [33mx[39m=[32m&quot;5&quot;[39m
              [33my[39m=[32m&quot;3&quot;[39m
            [36m/&gt;[39m
          [36m&lt;/svg&gt;[39m
        [36m&lt;/button&gt;[39m
        [36m&lt;button[39m
          [33mclass[39m=[32m&quot;inline-flex items-center justify-center gap-2 whitespace-nowrap text-sm font-medium transition-colors focus-visible:outline-none focus-visible:ring-1 focus-visible:ring-ring disabled:pointer-events-none disabled:opacity-50 [&amp;_svg]:pointer-events-none [&amp;_svg]:size-4 [&amp;_svg]:shrink-0 px-4 py-2 w-16 h-16 rounded-full bg-red-500 hover:bg-red-600 text-white shadow-lg shadow-red-500/30&quot;[39m
        [36m&gt;[39m
          [36m&lt;svg[39m
            [33maria-hidden[39m=[32m&quot;true&quot;[39m
            [33mclass[39m=[32m&quot;lucide lucide-square w-6 h-6 fill-current&quot;[39m
            [33mfill[39m=[32m&quot;none&quot;[39m
            [33mheight[39m=[32m&quot;24&quot;[39m
            [33mstroke[39m=[32m&quot;currentColor&quot;[39m
            [33mstroke-linecap[39m=[32m&quot;round&quot;[39m
            [33mstroke-linejoin[39m=[32m&quot;round&quot;[39m
            [33mstroke-width[39m=[32m&quot;2&quot;[39m
            [33mviewBox[39m=[32m&quot;0 0 24 24&quot;[39m
            [33mwidth[39m=[32m&quot;24&quot;[39m
            [33mxmlns[39m=[32m&quot;http://www.w3.org/2000/svg&quot;[39m
          [36m&gt;[39m
            [36m&lt;rect[39m
              [33mheight[39m=[32m&quot;18&quot;[39m
              [33mrx[39m=[32m&quot;2&quot;[39m
              [33mwidth[39m=[32m&quot;18&quot;[39m
              [33mx[39m=[32m&quot;3&quot;[39m
              [33my[39m=[32m&quot;3&quot;[39m
            [36m/&gt;[39m
          [36m&lt;/svg&gt;[39m
        [36m&lt;/button&gt;[39m
      [36m&lt;/div&gt;[39m
    [36m&lt;/div&gt;[39m
  [36m&lt;/div&gt;[39m
[36m&lt;/body&gt;[39m" type="TestingLibraryElementError">
TestingLibraryElementError: Unable to find an accessible element with the role &quot;button&quot; and name `/square/i`

Here are the accessible roles:

  button:

  Name &quot;&quot;:
  &lt;button
    class=&quot;inline-flex items-center justify-center gap-2 whitespace-nowrap text-sm font-medium transition-colors focus-visible:outline-none focus-visible:ring-1 focus-visible:ring-ring disabled:pointer-events-none disabled:opacity-50 [&amp;_svg]:pointer-events-none [&amp;_svg]:size-4 [&amp;_svg]:shrink-0 bg-primary text-primary-foreground shadow hover:bg-primary/90 px-4 py-2 w-12 h-12 rounded-full glass-strong&quot;
  /&gt;

  Name &quot;&quot;:
  &lt;button
    class=&quot;inline-flex items-center justify-center gap-2 whitespace-nowrap text-sm font-medium transition-colors focus-visible:outline-none focus-visible:ring-1 focus-visible:ring-ring disabled:pointer-events-none disabled:opacity-50 [&amp;_svg]:pointer-events-none [&amp;_svg]:size-4 [&amp;_svg]:shrink-0 px-4 py-2 w-16 h-16 rounded-full bg-red-500 hover:bg-red-600 text-white shadow-lg shadow-red-500/30&quot;
  /&gt;

  --------------------------------------------------

Ignored nodes: comments, script, style
&lt;body&gt;
  &lt;div&gt;
    &lt;div
      class=&quot;space-y-4&quot;
    &gt;
      &lt;div
        class=&quot;relative h-24 bg-white/30 rounded-2xl overflow-hidden flex items-center justify-center&quot;
      &gt;
        &lt;div
          class=&quot;flex items-center gap-1&quot;
        &gt;
          &lt;div
            class=&quot;w-1 bg-purple-500 rounded-full&quot;
          /&gt;
          &lt;div
            class=&quot;w-1 bg-purple-500 rounded-full&quot;
          /&gt;
          &lt;div
            class=&quot;w-1 bg-purple-500 rounded-full&quot;
          /&gt;
          &lt;div
            class=&quot;w-1 bg-purple-500 rounded-full&quot;
          /&gt;
          &lt;div
            class=&quot;w-1 bg-purple-500 rounded-full&quot;
          /&gt;
          &lt;div
            class=&quot;w-1 bg-purple-500 rounded-full&quot;
          /&gt;
          &lt;div
            class=&quot;w-1 bg-purple-500 rounded-full&quot;
          /&gt;
          &lt;div
            class=&quot;w-1 bg-purple-500 rounded-full&quot;
          /&gt;
          &lt;div
            class=&quot;w-1 bg-purple-500 rounded-full&quot;
          /&gt;
          &lt;div
            class=&quot;w-1 bg-purple-500 rounded-full&quot;
          /&gt;
          &lt;div
            class=&quot;w-1 bg-purple-500 rounded-full&quot;
          /&gt;
          &lt;div
            class=&quot;w-1 bg-purple-500 rounded-full&quot;
          /&gt;
        &lt;/div&gt;
      &lt;/div&gt;
      &lt;div
        class=&quot;text-center&quot;
      &gt;
        &lt;span
          class=&quot;text-2xl font-mono text-red-500&quot;
        &gt;
          0:00
        &lt;/span&gt;
        &lt;span
          class=&quot;text-sm text-gray-500 ml-2&quot;
        &gt;
          / 
          2:00
        &lt;/span&gt;
      &lt;/div&gt;
      &lt;div
        class=&quot;flex items-center justify-center gap-3&quot;
      &gt;
        &lt;button
          class=&quot;inline-flex items-center justify-center gap-2 whitespace-nowrap text-sm font-medium transition-colors focus-visible:outline-none focus-visible:ring-1 focus-visible:ring-ring disabled:pointer-events-none disabled:opacity-50 [&amp;_svg]:pointer-events-none [&amp;_svg]:size-4 [&amp;_svg]:shrink-0 bg-primary text-primary-foreground shadow hover:bg-primary/90 px-4 py-2 w-12 h-12 rounded-full glass-strong&quot;
        &gt;
          &lt;svg
            aria-hidden=&quot;true&quot;
            class=&quot;lucide lucide-pause w-5 h-5&quot;
            fill=&quot;none&quot;
            height=&quot;24&quot;
            stroke=&quot;currentColor&quot;
            stroke-linecap=&quot;round&quot;
            stroke-linejoin=&quot;round&quot;
            stroke-width=&quot;2&quot;
            viewBox=&quot;0 0 24 24&quot;
            width=&quot;24&quot;
            xmlns=&quot;http://www.w3.org/2000/svg&quot;
          &gt;
            &lt;rect
              height=&quot;18&quot;
              rx=&quot;1&quot;
              width=&quot;5&quot;
              x=&quot;14&quot;
              y=&quot;3&quot;
            /&gt;
            &lt;rect
              height=&quot;18&quot;
              rx=&quot;1&quot;
              width=&quot;5&quot;
              x=&quot;5&quot;
              y=&quot;3&quot;
            /&gt;
          &lt;/svg&gt;
        &lt;/button&gt;
        &lt;button
          class=&quot;inline-flex items-center justify-center gap-2 whitespace-nowrap text-sm font-medium transition-colors focus-visible:outline-none focus-visible:ring-1 focus-visible:ring-ring disabled:pointer-events-none disabled:opacity-50 [&amp;_svg]:pointer-events-none [&amp;_svg]:size-4 [&amp;_svg]:shrink-0 px-4 py-2 w-16 h-16 rounded-full bg-red-500 hover:bg-red-600 text-white shadow-lg shadow-red-500/30&quot;
        &gt;
          &lt;svg
            aria-hidden=&quot;true&quot;
            class=&quot;lucide lucide-square w-6 h-6 fill-current&quot;
            fill=&quot;none&quot;
            height=&quot;24&quot;
            stroke=&quot;currentColor&quot;
            stroke-linecap=&quot;round&quot;
            stroke-linejoin=&quot;round&quot;
            stroke-width=&quot;2&quot;
            viewBox=&quot;0 0 24 24&quot;
            width=&quot;24&quot;
            xmlns=&quot;http://www.w3.org/2000/svg&quot;
          &gt;
            &lt;rect
              height=&quot;18&quot;
              rx=&quot;2&quot;
              width=&quot;18&quot;
              x=&quot;3&quot;
              y=&quot;3&quot;
            /&gt;
          &lt;/svg&gt;
        &lt;/button&gt;
      &lt;/div&gt;
    &lt;/div&gt;
  &lt;/div&gt;
&lt;/body&gt;
 ❯ Object.getElementError node_modules/@testing-library/dom/dist/config.js:37:19
 ❯ node_modules/@testing-library/dom/dist/query-helpers.js:76:38
 ❯ node_modules/@testing-library/dom/dist/query-helpers.js:52:17
 ❯ node_modules/@testing-library/dom/dist/query-helpers.js:95:19
 ❯ src/components/__tests__/AudioRecorder.test.tsx:176:33
            </failure>
        </testcase>
        <testcase classname="src/components/__tests__/AudioRecorder.test.tsx" name="AudioRecorder &gt; playback preview &gt; should show audio element after recording" time="0.007347255">
        </testcase>
        <testcase classname="src/components/__tests__/AudioRecorder.test.tsx" name="AudioRecorder &gt; playback preview &gt; should show confirm and reset buttons" time="0.125050838">
            <failure message="Unable to find an accessible element with the role &quot;button&quot; and name `/check/i`

Here are the accessible roles:

  button:

  Name &quot;&quot;:
  [36m&lt;button[39m
    [33mclass[39m=[32m&quot;inline-flex items-center justify-center gap-2 whitespace-nowrap text-sm font-medium transition-colors focus-visible:outline-none focus-visible:ring-1 focus-visible:ring-ring disabled:pointer-events-none disabled:opacity-50 [&amp;_svg]:pointer-events-none [&amp;_svg]:size-4 [&amp;_svg]:shrink-0 border border-input bg-background shadow-sm hover:bg-accent hover:text-accent-foreground px-4 py-2 w-12 h-12 rounded-full glass-strong&quot;[39m
  [36m/&gt;[39m

  Name &quot;&quot;:
  [36m&lt;button[39m
    [33mclass[39m=[32m&quot;inline-flex items-center justify-center gap-2 whitespace-nowrap text-sm font-medium transition-colors focus-visible:outline-none focus-visible:ring-1 focus-visible:ring-ring disabled:pointer-events-none disabled:opacity-50 [&amp;_svg]:pointer-events-none [&amp;_svg]:size-4 [&amp;_svg]:shrink-0 px-4 py-2 w-16 h-16 rounded-full bg-green-500 hover:bg-green-600 text-white shadow-lg shadow-green-500/30&quot;[39m
  [36m/&gt;[39m

  --------------------------------------------------

Ignored nodes: comments, script, style
[36m&lt;body&gt;[39m
  [36m&lt;div&gt;[39m
    [36m&lt;div[39m
      [33mclass[39m=[32m&quot;space-y-4&quot;[39m
    [36m&gt;[39m
      [36m&lt;div[39m
        [33mclass[39m=[32m&quot;relative h-24 bg-white/30 rounded-2xl overflow-hidden flex items-center justify-center&quot;[39m
      [36m&gt;[39m
        [36m&lt;audio[39m
          [33mclass[39m=[32m&quot;w-full max-w-[280px] h-10&quot;[39m
          [33mcontrols[39m=[32m&quot;&quot;[39m
          [33msrc[39m=[32m&quot;blob:mock-url&quot;[39m
        [36m/&gt;[39m
      [36m&lt;/div&gt;[39m
      [36m&lt;div[39m
        [33mclass[39m=[32m&quot;text-center&quot;[39m
      [36m&gt;[39m
        [36m&lt;span[39m
          [33mclass[39m=[32m&quot;text-2xl font-mono text-gray-700&quot;[39m
        [36m&gt;[39m
          [0m0:00[0m
        [36m&lt;/span&gt;[39m
        [36m&lt;span[39m
          [33mclass[39m=[32m&quot;text-sm text-gray-500 ml-2&quot;[39m
        [36m&gt;[39m
          [0m/ [0m
          [0m2:00[0m
        [36m&lt;/span&gt;[39m
      [36m&lt;/div&gt;[39m
      [36m&lt;div[39m
        [33mclass[39m=[32m&quot;flex items-center justify-center gap-3&quot;[39m
      [36m&gt;[39m
        [36m&lt;button[39m
          [33mclass[39m=[32m&quot;inline-flex items-center justify-center gap-2 whitespace-nowrap text-sm font-medium transition-colors focus-visible:outline-none focus-visible:ring-1 focus-visible:ring-ring disabled:pointer-events-none disabled:opacity-50 [&amp;_svg]:pointer-events-none [&amp;_svg]:size-4 [&amp;_svg]:shrink-0 border border-input bg-background shadow-sm hover:bg-accent hover:text-accent-foreground px-4 py-2 w-12 h-12 rounded-full glass-strong&quot;[39m
        [36m&gt;[39m
          [36m&lt;svg[39m
            [33maria-hidden[39m=[32m&quot;true&quot;[39m
            [33mclass[39m=[32m&quot;lucide lucide-rotate-ccw w-5 h-5&quot;[39m
            [33mfill[39m=[32m&quot;none&quot;[39m
            [33mheight[39m=[32m&quot;24&quot;[39m
            [33mstroke[39m=[32m&quot;currentColor&quot;[39m
            [33mstroke-linecap[39m=[32m&quot;round&quot;[39m
            [33mstroke-linejoin[39m=[32m&quot;round&quot;[39m
            [33mstroke-width[39m=[32m&quot;2&quot;[39m
            [33mviewBox[39m=[32m&quot;0 0 24 24&quot;[39m
            [33mwidth[39m=[32m&quot;24&quot;[39m
            [33mxmlns[39m=[32m&quot;http://www.w3.org/2000/svg&quot;[39m
          [36m&gt;[39m
            [36m&lt;path[39m
              [33md[39m=[32m&quot;M3 12a9 9 0 1 0 9-9 9.75 9.75 0 0 0-6.74 2.74L3 8&quot;[39m
            [36m/&gt;[39m
            [36m&lt;path[39m
              [33md[39m=[32m&quot;M3 3v5h5&quot;[39m
            [36m/&gt;[39m
          [36m&lt;/svg&gt;[39m
        [36m&lt;/button&gt;[39m
        [36m&lt;button[39m
          [33mclass[39m=[32m&quot;inline-flex items-center justify-center gap-2 whitespace-nowrap text-sm font-medium transition-colors focus-visible:outline-none focus-visible:ring-1 focus-visible:ring-ring disabled:pointer-events-none disabled:opacity-50 [&amp;_svg]:pointer-events-none [&amp;_svg]:size-4 [&amp;_svg]:shrink-0 px-4 py-2 w-16 h-16 rounded-full bg-green-500 hover:bg-green-600 text-white shadow-lg shadow-green-500/30&quot;[39m
        [36m&gt;[39m
          [36m&lt;svg[39m
            [33maria-hidden[39m=[32m&quot;true&quot;[39m
            [33mclass[39m=[32m&quot;lucide lucide-check w-6 h-6&quot;[39m
            [33mfill[39m=[32m&quot;none&quot;[39m
            [33mheight[39m=[32m&quot;24&quot;[39m
            [33mstroke[39m=[32m&quot;currentColor&quot;[39m
            [33mstroke-linecap[39m=[32m&quot;round&quot;[39m
            [33mstroke-linejoin[39m=[32m&quot;round&quot;[39m
            [33mstroke-width[39m=[32m&quot;2&quot;[39m
            [33mviewBox[39m=[32m&quot;0 0 24 24&quot;[39m
            [33mwidth[39m=[32m&quot;24&quot;[39m
            [33mxmlns[39m=[32m&quot;http://www.w3.org/2000/svg&quot;[39m
          [36m&gt;[39m
            [36m&lt;path[39m
              [33md[39m=[32m&quot;M20 6 9 17l-5-5&quot;[39m
            [36m/&gt;[39m
          [36m&lt;/svg&gt;[39m
        [36m&lt;/button&gt;[39m
      [36m&lt;/div&gt;[39m
    [36m&lt;/div&gt;[39m
  [36m&lt;/div&gt;[39m
[36m&lt;/body&gt;[39m" type="TestingLibraryElementError">
TestingLibraryElementError: Unable to find an accessible element with the role &quot;button&quot; and name `/check/i`

Here are the accessible roles:

  button:

  Name &quot;&quot;:
  &lt;button
    class=&quot;inline-flex items-center justify-center gap-2 whitespace-nowrap text-sm font-medium transition-colors focus-visible:outline-none focus-visible:ring-1 focus-visible:ring-ring disabled:pointer-events-none disabled:opacity-50 [&amp;_svg]:pointer-events-none [&amp;_svg]:size-4 [&amp;_svg]:shrink-0 border border-input bg-background shadow-sm hover:bg-accent hover:text-accent-foreground px-4 py-2 w-12 h-12 rounded-full glass-strong&quot;
  /&gt;

  Name &quot;&quot;:
  &lt;button
    class=&quot;inline-flex items-center justify-center gap-2 whitespace-nowrap text-sm font-medium transition-colors focus-visible:outline-none focus-visible:ring-1 focus-visible:ring-ring disabled:pointer-events-none disabled:opacity-50 [&amp;_svg]:pointer-events-none [&amp;_svg]:size-4 [&amp;_svg]:shrink-0 px-4 py-2 w-16 h-16 rounded-full bg-green-500 hover:bg-green-600 text-white shadow-lg shadow-green-500/30&quot;
  /&gt;

  --------------------------------------------------

Ignored nodes: comments, script, style
&lt;body&gt;
  &lt;div&gt;
    &lt;div
      class=&quot;space-y-4&quot;
    &gt;
      &lt;div
        class=&quot;relative h-24 bg-white/30 rounded-2xl overflow-hidden flex items-center justify-center&quot;
      &gt;
        &lt;audio
          class=&quot;w-full max-w-[280px] h-10&quot;
          controls=&quot;&quot;
          src=&quot;blob:mock-url&quot;
        /&gt;
      &lt;/div&gt;
      &lt;div
        class=&quot;text-center&quot;
      &gt;
        &lt;span
          class=&quot;text-2xl font-mono text-gray-700&quot;
        &gt;
          0:00
        &lt;/span&gt;
        &lt;span
          class=&quot;text-sm text-gray-500 ml-2&quot;
        &gt;
          / 
          2:00
        &lt;/span&gt;
      &lt;/div&gt;
      &lt;div
        class=&quot;flex items-center justify-center gap-3&quot;
      &gt;
        &lt;button
          class=&quot;inline-flex items-center justify-center gap-2 whitespace-nowrap text-sm font-medium transition-colors focus-visible:outline-none focus-visible:ring-1 focus-visible:ring-ring disabled:pointer-events-none disabled:opacity-50 [&amp;_svg]:pointer-events-none [&amp;_svg]:size-4 [&amp;_svg]:shrink-0 border border-input bg-background shadow-sm hover:bg-accent hover:text-accent-foreground px-4 py-2 w-12 h-12 rounded-full glass-strong&quot;
        &gt;
          &lt;svg
            aria-hidden=&quot;true&quot;
            class=&quot;lucide lucide-rotate-ccw w-5 h-5&quot;
            fill=&quot;none&quot;
            height=&quot;24&quot;
            stroke=&quot;currentColor&quot;
            stroke-linecap=&quot;round&quot;
            stroke-linejoin=&quot;round&quot;
            stroke-width=&quot;2&quot;
            viewBox=&quot;0 0 24 24&quot;
            width=&quot;24&quot;
            xmlns=&quot;http://www.w3.org/2000/svg&quot;
          &gt;
            &lt;path
              d=&quot;M3 12a9 9 0 1 0 9-9 9.75 9.75 0 0 0-6.74 2.74L3 8&quot;
            /&gt;
            &lt;path
              d=&quot;M3 3v5h5&quot;
            /&gt;
          &lt;/svg&gt;
        &lt;/button&gt;
        &lt;button
          class=&quot;inline-flex items-center justify-center gap-2 whitespace-nowrap text-sm font-medium transition-colors focus-visible:outline-none focus-visible:ring-1 focus-visible:ring-ring disabled:pointer-events-none disabled:opacity-50 [&amp;_svg]:pointer-events-none [&amp;_svg]:size-4 [&amp;_svg]:shrink-0 px-4 py-2 w-16 h-16 rounded-full bg-green-500 hover:bg-green-600 text-white shadow-lg shadow-green-500/30&quot;
        &gt;
          &lt;svg
            aria-hidden=&quot;true&quot;
            class=&quot;lucide lucide-check w-6 h-6&quot;
            fill=&quot;none&quot;
            height=&quot;24&quot;
            stroke=&quot;currentColor&quot;
            stroke-linecap=&quot;round&quot;
            stroke-linejoin=&quot;round&quot;
            stroke-width=&quot;2&quot;
            viewBox=&quot;0 0 24 24&quot;
            width=&quot;24&quot;
            xmlns=&quot;http://www.w3.org/2000/svg&quot;
          &gt;
            &lt;path
              d=&quot;M20 6 9 17l-5-5&quot;
            /&gt;
          &lt;/svg&gt;
        &lt;/button&gt;
      &lt;/div&gt;
    &lt;/div&gt;
  &lt;/div&gt;
&lt;/body&gt;
 ❯ Object.getElementError node_modules/@testing-library/dom/dist/config.js:37:19
 ❯ node_modules/@testing-library/dom/dist/query-helpers.js:76:38
 ❯ node_modules/@testing-library/dom/dist/query-helpers.js:52:17
 ❯ node_modules/@testing-library/dom/dist/query-helpers.js:95:19
 ❯ src/components/__tests__/AudioRecorder.test.tsx:202:36
            </failure>
        </testcase>
        <testcase classname="src/components/__tests__/AudioRecorder.test.tsx" name="AudioRecorder &gt; playback preview &gt; should call onRecordingComplete on confirm" time="0.123577977">
            <failure message="Unable to find an accessible element with the role &quot;button&quot; and name `/check/i`

Here are the accessible roles:

  button:

  Name &quot;&quot;:
  [36m&lt;button[39m
    [33mclass[39m=[32m&quot;inline-flex items-center justify-center gap-2 whitespace-nowrap text-sm font-medium transition-colors focus-visible:outline-none focus-visible:ring-1 focus-visible:ring-ring disabled:pointer-events-none disabled:opacity-50 [&amp;_svg]:pointer-events-none [&amp;_svg]:size-4 [&amp;_svg]:shrink-0 border border-input bg-background shadow-sm hover:bg-accent hover:text-accent-foreground px-4 py-2 w-12 h-12 rounded-full glass-strong&quot;[39m
  [36m/&gt;[39m

  Name &quot;&quot;:
  [36m&lt;button[39m
    [33mclass[39m=[32m&quot;inline-flex items-center justify-center gap-2 whitespace-nowrap text-sm font-medium transition-colors focus-visible:outline-none focus-visible:ring-1 focus-visible:ring-ring disabled:pointer-events-none disabled:opacity-50 [&amp;_svg]:pointer-events-none [&amp;_svg]:size-4 [&amp;_svg]:shrink-0 px-4 py-2 w-16 h-16 rounded-full bg-green-500 hover:bg-green-600 text-white shadow-lg shadow-green-500/30&quot;[39m
  [36m/&gt;[39m

  --------------------------------------------------

Ignored nodes: comments, script, style
[36m&lt;body&gt;[39m
  [36m&lt;div&gt;[39m
    [36m&lt;div[39m
      [33mclass[39m=[32m&quot;space-y-4&quot;[39m
    [36m&gt;[39m
      [36m&lt;div[39m
        [33mclass[39m=[32m&quot;relative h-24 bg-white/30 rounded-2xl overflow-hidden flex items-center justify-center&quot;[39m
      [36m&gt;[39m
        [36m&lt;audio[39m
          [33mclass[39m=[32m&quot;w-full max-w-[280px] h-10&quot;[39m
          [33mcontrols[39m=[32m&quot;&quot;[39m
          [33msrc[39m=[32m&quot;blob:mock-url&quot;[39m
        [36m/&gt;[39m
      [36m&lt;/div&gt;[39m
      [36m&lt;div[39m
        [33mclass[39m=[32m&quot;text-center&quot;[39m
      [36m&gt;[39m
        [36m&lt;span[39m
          [33mclass[39m=[32m&quot;text-2xl font-mono text-gray-700&quot;[39m
        [36m&gt;[39m
          [0m0:45[0m
        [36m&lt;/span&gt;[39m
        [36m&lt;span[39m
          [33mclass[39m=[32m&quot;text-sm text-gray-500 ml-2&quot;[39m
        [36m&gt;[39m
          [0m/ [0m
          [0m2:00[0m
        [36m&lt;/span&gt;[39m
      [36m&lt;/div&gt;[39m
      [36m&lt;div[39m
        [33mclass[39m=[32m&quot;flex items-center justify-center gap-3&quot;[39m
      [36m&gt;[39m
        [36m&lt;button[39m
          [33mclass[39m=[32m&quot;inline-flex items-center justify-center gap-2 whitespace-nowrap text-sm font-medium transition-colors focus-visible:outline-none focus-visible:ring-1 focus-visible:ring-ring disabled:pointer-events-none disabled:opacity-50 [&amp;_svg]:pointer-events-none [&amp;_svg]:size-4 [&amp;_svg]:shrink-0 border border-input bg-background shadow-sm hover:bg-accent hover:text-accent-foreground px-4 py-2 w-12 h-12 rounded-full glass-strong&quot;[39m
        [36m&gt;[39m
          [36m&lt;svg[39m
            [33maria-hidden[39m=[32m&quot;true&quot;[39m
            [33mclass[39m=[32m&quot;lucide lucide-rotate-ccw w-5 h-5&quot;[39m
            [33mfill[39m=[32m&quot;none&quot;[39m
            [33mheight[39m=[32m&quot;24&quot;[39m
            [33mstroke[39m=[32m&quot;currentColor&quot;[39m
            [33mstroke-linecap[39m=[32m&quot;round&quot;[39m
            [33mstroke-linejoin[39m=[32m&quot;round&quot;[39m
            [33mstroke-width[39m=[32m&quot;2&quot;[39m
            [33mviewBox[39m=[32m&quot;0 0 24 24&quot;[39m
            [33mwidth[39m=[32m&quot;24&quot;[39m
            [33mxmlns[39m=[32m&quot;http://www.w3.org/2000/svg&quot;[39m
          [36m&gt;[39m
            [36m&lt;path[39m
              [33md[39m=[32m&quot;M3 12a9 9 0 1 0 9-9 9.75 9.75 0 0 0-6.74 2.74L3 8&quot;[39m
            [36m/&gt;[39m
            [36m&lt;path[39m
              [33md[39m=[32m&quot;M3 3v5h5&quot;[39m
            [36m/&gt;[39m
          [36m&lt;/svg&gt;[39m
        [36m&lt;/button&gt;[39m
        [36m&lt;button[39m
          [33mclass[39m=[32m&quot;inline-flex items-center justify-center gap-2 whitespace-nowrap text-sm font-medium transition-colors focus-visible:outline-none focus-visible:ring-1 focus-visible:ring-ring disabled:pointer-events-none disabled:opacity-50 [&amp;_svg]:pointer-events-none [&amp;_svg]:size-4 [&amp;_svg]:shrink-0 px-4 py-2 w-16 h-16 rounded-full bg-green-500 hover:bg-green-600 text-white shadow-lg shadow-green-500/30&quot;[39m
        [36m&gt;[39m
          [36m&lt;svg[39m
            [33maria-hidden[39m=[32m&quot;true&quot;[39m
            [33mclass[39m=[32m&quot;lucide lucide-check w-6 h-6&quot;[39m
            [33mfill[39m=[32m&quot;none&quot;[39m
            [33mheight[39m=[32m&quot;24&quot;[39m
            [33mstroke[39m=[32m&quot;currentColor&quot;[39m
            [33mstroke-linecap[39m=[32m&quot;round&quot;[39m
            [33mstroke-linejoin[39m=[32m&quot;round&quot;[39m
            [33mstroke-width[39m=[32m&quot;2&quot;[39m
            [33mviewBox[39m=[32m&quot;0 0 24 24&quot;[39m
            [33mwidth[39m=[32m&quot;24&quot;[39m
            [33mxmlns[39m=[32m&quot;http://www.w3.org/2000/svg&quot;[39m
          [36m&gt;[39m
            [36m&lt;path[39m
              [33md[39m=[32m&quot;M20 6 9 17l-5-5&quot;[39m
            [36m/&gt;[39m
          [36m&lt;/svg&gt;[39m
        [36m&lt;/button&gt;[39m
      [36m&lt;/div&gt;[39m
    [36m&lt;/div&gt;[39m
  [36m&lt;/div&gt;[39m
[36m&lt;/body&gt;[39m" type="TestingLibraryElementError">
TestingLibraryElementError: Unable to find an accessible element with the role &quot;button&quot; and name `/check/i`

Here are the accessible roles:

  button:

  Name &quot;&quot;:
  &lt;button
    class=&quot;inline-flex items-center justify-center gap-2 whitespace-nowrap text-sm font-medium transition-colors focus-visible:outline-none focus-visible:ring-1 focus-visible:ring-ring disabled:pointer-events-none disabled:opacity-50 [&amp;_svg]:pointer-events-none [&amp;_svg]:size-4 [&amp;_svg]:shrink-0 border border-input bg-background shadow-sm hover:bg-accent hover:text-accent-foreground px-4 py-2 w-12 h-12 rounded-full glass-strong&quot;
  /&gt;

  Name &quot;&quot;:
  &lt;button
    class=&quot;inline-flex items-center justify-center gap-2 whitespace-nowrap text-sm font-medium transition-colors focus-visible:outline-none focus-visible:ring-1 focus-visible:ring-ring disabled:pointer-events-none disabled:opacity-50 [&amp;_svg]:pointer-events-none [&amp;_svg]:size-4 [&amp;_svg]:shrink-0 px-4 py-2 w-16 h-16 rounded-full bg-green-500 hover:bg-green-600 text-white shadow-lg shadow-green-500/30&quot;
  /&gt;

  --------------------------------------------------

Ignored nodes: comments, script, style
&lt;body&gt;
  &lt;div&gt;
    &lt;div
      class=&quot;space-y-4&quot;
    &gt;
      &lt;div
        class=&quot;relative h-24 bg-white/30 rounded-2xl overflow-hidden flex items-center justify-center&quot;
      &gt;
        &lt;audio
          class=&quot;w-full max-w-[280px] h-10&quot;
          controls=&quot;&quot;
          src=&quot;blob:mock-url&quot;
        /&gt;
      &lt;/div&gt;
      &lt;div
        class=&quot;text-center&quot;
      &gt;
        &lt;span
          class=&quot;text-2xl font-mono text-gray-700&quot;
        &gt;
          0:45
        &lt;/span&gt;
        &lt;span
          class=&quot;text-sm text-gray-500 ml-2&quot;
        &gt;
          / 
          2:00
        &lt;/span&gt;
      &lt;/div&gt;
      &lt;div
        class=&quot;flex items-center justify-center gap-3&quot;
      &gt;
        &lt;button
          class=&quot;inline-flex items-center justify-center gap-2 whitespace-nowrap text-sm font-medium transition-colors focus-visible:outline-none focus-visible:ring-1 focus-visible:ring-ring disabled:pointer-events-none disabled:opacity-50 [&amp;_svg]:pointer-events-none [&amp;_svg]:size-4 [&amp;_svg]:shrink-0 border border-input bg-background shadow-sm hover:bg-accent hover:text-accent-foreground px-4 py-2 w-12 h-12 rounded-full glass-strong&quot;
        &gt;
          &lt;svg
            aria-hidden=&quot;true&quot;
            class=&quot;lucide lucide-rotate-ccw w-5 h-5&quot;
            fill=&quot;none&quot;
            height=&quot;24&quot;
            stroke=&quot;currentColor&quot;
            stroke-linecap=&quot;round&quot;
            stroke-linejoin=&quot;round&quot;
            stroke-width=&quot;2&quot;
            viewBox=&quot;0 0 24 24&quot;
            width=&quot;24&quot;
            xmlns=&quot;http://www.w3.org/2000/svg&quot;
          &gt;
            &lt;path
              d=&quot;M3 12a9 9 0 1 0 9-9 9.75 9.75 0 0 0-6.74 2.74L3 8&quot;
            /&gt;
            &lt;path
              d=&quot;M3 3v5h5&quot;
            /&gt;
          &lt;/svg&gt;
        &lt;/button&gt;
        &lt;button
          class=&quot;inline-flex items-center justify-center gap-2 whitespace-nowrap text-sm font-medium transition-colors focus-visible:outline-none focus-visible:ring-1 focus-visible:ring-ring disabled:pointer-events-none disabled:opacity-50 [&amp;_svg]:pointer-events-none [&amp;_svg]:size-4 [&amp;_svg]:shrink-0 px-4 py-2 w-16 h-16 rounded-full bg-green-500 hover:bg-green-600 text-white shadow-lg shadow-green-500/30&quot;
        &gt;
          &lt;svg
            aria-hidden=&quot;true&quot;
            class=&quot;lucide lucide-check w-6 h-6&quot;
            fill=&quot;none&quot;
            height=&quot;24&quot;
            stroke=&quot;currentColor&quot;
            stroke-linecap=&quot;round&quot;
            stroke-linejoin=&quot;round&quot;
            stroke-width=&quot;2&quot;
            viewBox=&quot;0 0 24 24&quot;
            width=&quot;24&quot;
            xmlns=&quot;http://www.w3.org/2000/svg&quot;
          &gt;
            &lt;path
              d=&quot;M20 6 9 17l-5-5&quot;
            /&gt;
          &lt;/svg&gt;
        &lt;/button&gt;
      &lt;/div&gt;
    &lt;/div&gt;
  &lt;/div&gt;
&lt;/body&gt;
 ❯ Object.getElementError node_modules/@testing-library/dom/dist/config.js:37:19
 ❯ node_modules/@testing-library/dom/dist/query-helpers.js:76:38
 ❯ node_modules/@testing-library/dom/dist/query-helpers.js:52:17
 ❯ node_modules/@testing-library/dom/dist/query-helpers.js:95:19
 ❯ src/components/__tests__/AudioRecorder.test.tsx:214:36
            </failure>
        </testcase>
        <testcase classname="src/components/__tests__/AudioRecorder.test.tsx" name="AudioRecorder &gt; playback preview &gt; should reset recording on reset button click" time="0.129611199">
            <failure message="Unable to find an accessible element with the role &quot;button&quot; and name `/rotateccw/i`

Here are the accessible roles:

  button:

  Name &quot;&quot;:
  [36m&lt;button[39m
    [33mclass[39m=[32m&quot;inline-flex items-center justify-center gap-2 whitespace-nowrap text-sm font-medium transition-colors focus-visible:outline-none focus-visible:ring-1 focus-visible:ring-ring disabled:pointer-events-none disabled:opacity-50 [&amp;_svg]:pointer-events-none [&amp;_svg]:size-4 [&amp;_svg]:shrink-0 border border-input bg-background shadow-sm hover:bg-accent hover:text-accent-foreground px-4 py-2 w-12 h-12 rounded-full glass-strong&quot;[39m
  [36m/&gt;[39m

  Name &quot;&quot;:
  [36m&lt;button[39m
    [33mclass[39m=[32m&quot;inline-flex items-center justify-center gap-2 whitespace-nowrap text-sm font-medium transition-colors focus-visible:outline-none focus-visible:ring-1 focus-visible:ring-ring disabled:pointer-events-none disabled:opacity-50 [&amp;_svg]:pointer-events-none [&amp;_svg]:size-4 [&amp;_svg]:shrink-0 px-4 py-2 w-16 h-16 rounded-full bg-green-500 hover:bg-green-600 text-white shadow-lg shadow-green-500/30&quot;[39m
  [36m/&gt;[39m

  --------------------------------------------------

Ignored nodes: comments, script, style
[36m&lt;body&gt;[39m
  [36m&lt;div&gt;[39m
    [36m&lt;div[39m
      [33mclass[39m=[32m&quot;space-y-4&quot;[39m
    [36m&gt;[39m
      [36m&lt;div[39m
        [33mclass[39m=[32m&quot;relative h-24 bg-white/30 rounded-2xl overflow-hidden flex items-center justify-center&quot;[39m
      [36m&gt;[39m
        [36m&lt;audio[39m
          [33mclass[39m=[32m&quot;w-full max-w-[280px] h-10&quot;[39m
          [33mcontrols[39m=[32m&quot;&quot;[39m
          [33msrc[39m=[32m&quot;blob:mock-url&quot;[39m
        [36m/&gt;[39m
      [36m&lt;/div&gt;[39m
      [36m&lt;div[39m
        [33mclass[39m=[32m&quot;text-center&quot;[39m
      [36m&gt;[39m
        [36m&lt;span[39m
          [33mclass[39m=[32m&quot;text-2xl font-mono text-gray-700&quot;[39m
        [36m&gt;[39m
          [0m0:00[0m
        [36m&lt;/span&gt;[39m
        [36m&lt;span[39m
          [33mclass[39m=[32m&quot;text-sm text-gray-500 ml-2&quot;[39m
        [36m&gt;[39m
          [0m/ [0m
          [0m2:00[0m
        [36m&lt;/span&gt;[39m
      [36m&lt;/div&gt;[39m
      [36m&lt;div[39m
        [33mclass[39m=[32m&quot;flex items-center justify-center gap-3&quot;[39m
      [36m&gt;[39m
        [36m&lt;button[39m
          [33mclass[39m=[32m&quot;inline-flex items-center justify-center gap-2 whitespace-nowrap text-sm font-medium transition-colors focus-visible:outline-none focus-visible:ring-1 focus-visible:ring-ring disabled:pointer-events-none disabled:opacity-50 [&amp;_svg]:pointer-events-none [&amp;_svg]:size-4 [&amp;_svg]:shrink-0 border border-input bg-background shadow-sm hover:bg-accent hover:text-accent-foreground px-4 py-2 w-12 h-12 rounded-full glass-strong&quot;[39m
        [36m&gt;[39m
          [36m&lt;svg[39m
            [33maria-hidden[39m=[32m&quot;true&quot;[39m
            [33mclass[39m=[32m&quot;lucide lucide-rotate-ccw w-5 h-5&quot;[39m
            [33mfill[39m=[32m&quot;none&quot;[39m
            [33mheight[39m=[32m&quot;24&quot;[39m
            [33mstroke[39m=[32m&quot;currentColor&quot;[39m
            [33mstroke-linecap[39m=[32m&quot;round&quot;[39m
            [33mstroke-linejoin[39m=[32m&quot;round&quot;[39m
            [33mstroke-width[39m=[32m&quot;2&quot;[39m
            [33mviewBox[39m=[32m&quot;0 0 24 24&quot;[39m
            [33mwidth[39m=[32m&quot;24&quot;[39m
            [33mxmlns[39m=[32m&quot;http://www.w3.org/2000/svg&quot;[39m
          [36m&gt;[39m
            [36m&lt;path[39m
              [33md[39m=[32m&quot;M3 12a9 9 0 1 0 9-9 9.75 9.75 0 0 0-6.74 2.74L3 8&quot;[39m
            [36m/&gt;[39m
            [36m&lt;path[39m
              [33md[39m=[32m&quot;M3 3v5h5&quot;[39m
            [36m/&gt;[39m
          [36m&lt;/svg&gt;[39m
        [36m&lt;/button&gt;[39m
        [36m&lt;button[39m
          [33mclass[39m=[32m&quot;inline-flex items-center justify-center gap-2 whitespace-nowrap text-sm font-medium transition-colors focus-visible:outline-none focus-visible:ring-1 focus-visible:ring-ring disabled:pointer-events-none disabled:opacity-50 [&amp;_svg]:pointer-events-none [&amp;_svg]:size-4 [&amp;_svg]:shrink-0 px-4 py-2 w-16 h-16 rounded-full bg-green-500 hover:bg-green-600 text-white shadow-lg shadow-green-500/30&quot;[39m
        [36m&gt;[39m
          [36m&lt;svg[39m
            [33maria-hidden[39m=[32m&quot;true&quot;[39m
            [33mclass[39m=[32m&quot;lucide lucide-check w-6 h-6&quot;[39m
            [33mfill[39m=[32m&quot;none&quot;[39m
            [33mheight[39m=[32m&quot;24&quot;[39m
            [33mstroke[39m=[32m&quot;currentColor&quot;[39m
            [33mstroke-linecap[39m=[32m&quot;round&quot;[39m
            [33mstroke-linejoin[39m=[32m&quot;round&quot;[39m
            [33mstroke-width[39m=[32m&quot;2&quot;[39m
            [33mviewBox[39m=[32m&quot;0 0 24 24&quot;[39m
            [33mwidth[39m=[32m&quot;24&quot;[39m
            [33mxmlns[39m=[32m&quot;http://www.w3.org/2000/svg&quot;[39m
          [36m&gt;[39m
            [36m&lt;path[39m
              [33md[39m=[32m&quot;M20 6 9 17l-5-5&quot;[39m
            [36m/&gt;[39m
          [36m&lt;/svg&gt;[39m
        [36m&lt;/button&gt;[39m
      [36m&lt;/div&gt;[39m
    [36m&lt;/div&gt;[39m
  [36m&lt;/div&gt;[39m
[36m&lt;/body&gt;[39m" type="TestingLibraryElementError">
TestingLibraryElementError: Unable to find an accessible element with the role &quot;button&quot; and name `/rotateccw/i`

Here are the accessible roles:

  button:

  Name &quot;&quot;:
  &lt;button
    class=&quot;inline-flex items-center justify-center gap-2 whitespace-nowrap text-sm font-medium transition-colors focus-visible:outline-none focus-visible:ring-1 focus-visible:ring-ring disabled:pointer-events-none disabled:opacity-50 [&amp;_svg]:pointer-events-none [&amp;_svg]:size-4 [&amp;_svg]:shrink-0 border border-input bg-background shadow-sm hover:bg-accent hover:text-accent-foreground px-4 py-2 w-12 h-12 rounded-full glass-strong&quot;
  /&gt;

  Name &quot;&quot;:
  &lt;button
    class=&quot;inline-flex items-center justify-center gap-2 whitespace-nowrap text-sm font-medium transition-colors focus-visible:outline-none focus-visible:ring-1 focus-visible:ring-ring disabled:pointer-events-none disabled:opacity-50 [&amp;_svg]:pointer-events-none [&amp;_svg]:size-4 [&amp;_svg]:shrink-0 px-4 py-2 w-16 h-16 rounded-full bg-green-500 hover:bg-green-600 text-white shadow-lg shadow-green-500/30&quot;
  /&gt;

  --------------------------------------------------

Ignored nodes: comments, script, style
&lt;body&gt;
  &lt;div&gt;
    &lt;div
      class=&quot;space-y-4&quot;
    &gt;
      &lt;div
        class=&quot;relative h-24 bg-white/30 rounded-2xl overflow-hidden flex items-center justify-center&quot;
      &gt;
        &lt;audio
          class=&quot;w-full max-w-[280px] h-10&quot;
          controls=&quot;&quot;
          src=&quot;blob:mock-url&quot;
        /&gt;
      &lt;/div&gt;
      &lt;div
        class=&quot;text-center&quot;
      &gt;
        &lt;span
          class=&quot;text-2xl font-mono text-gray-700&quot;
        &gt;
          0:00
        &lt;/span&gt;
        &lt;span
          class=&quot;text-sm text-gray-500 ml-2&quot;
        &gt;
          / 
          2:00
        &lt;/span&gt;
      &lt;/div&gt;
      &lt;div
        class=&quot;flex items-center justify-center gap-3&quot;
      &gt;
        &lt;button
          class=&quot;inline-flex items-center justify-center gap-2 whitespace-nowrap text-sm font-medium transition-colors focus-visible:outline-none focus-visible:ring-1 focus-visible:ring-ring disabled:pointer-events-none disabled:opacity-50 [&amp;_svg]:pointer-events-none [&amp;_svg]:size-4 [&amp;_svg]:shrink-0 border border-input bg-background shadow-sm hover:bg-accent hover:text-accent-foreground px-4 py-2 w-12 h-12 rounded-full glass-strong&quot;
        &gt;
          &lt;svg
            aria-hidden=&quot;true&quot;
            class=&quot;lucide lucide-rotate-ccw w-5 h-5&quot;
            fill=&quot;none&quot;
            height=&quot;24&quot;
            stroke=&quot;currentColor&quot;
            stroke-linecap=&quot;round&quot;
            stroke-linejoin=&quot;round&quot;
            stroke-width=&quot;2&quot;
            viewBox=&quot;0 0 24 24&quot;
            width=&quot;24&quot;
            xmlns=&quot;http://www.w3.org/2000/svg&quot;
          &gt;
            &lt;path
              d=&quot;M3 12a9 9 0 1 0 9-9 9.75 9.75 0 0 0-6.74 2.74L3 8&quot;
            /&gt;
            &lt;path
              d=&quot;M3 3v5h5&quot;
            /&gt;
          &lt;/svg&gt;
        &lt;/button&gt;
        &lt;button
          class=&quot;inline-flex items-center justify-center gap-2 whitespace-nowrap text-sm font-medium transition-colors focus-visible:outline-none focus-visible:ring-1 focus-visible:ring-ring disabled:pointer-events-none disabled:opacity-50 [&amp;_svg]:pointer-events-none [&amp;_svg]:size-4 [&amp;_svg]:shrink-0 px-4 py-2 w-16 h-16 rounded-full bg-green-500 hover:bg-green-600 text-white shadow-lg shadow-green-500/30&quot;
        &gt;
          &lt;svg
            aria-hidden=&quot;true&quot;
            class=&quot;lucide lucide-check w-6 h-6&quot;
            fill=&quot;none&quot;
            height=&quot;24&quot;
            stroke=&quot;currentColor&quot;
            stroke-linecap=&quot;round&quot;
            stroke-linejoin=&quot;round&quot;
            stroke-width=&quot;2&quot;
            viewBox=&quot;0 0 24 24&quot;
            width=&quot;24&quot;
            xmlns=&quot;http://www.w3.org/2000/svg&quot;
          &gt;
            &lt;path
              d=&quot;M20 6 9 17l-5-5&quot;
            /&gt;
          &lt;/svg&gt;
        &lt;/button&gt;
      &lt;/div&gt;
    &lt;/div&gt;
  &lt;/div&gt;
&lt;/body&gt;
 ❯ Object.getElementError node_modules/@testing-library/dom/dist/config.js:37:19
 ❯ node_modules/@testing-library/dom/dist/query-helpers.js:76:38
 ❯ node_modules/@testing-library/dom/dist/query-helpers.js:52:17
 ❯ node_modules/@testing-library/dom/dist/query-helpers.js:95:19
 ❯ src/components/__tests__/AudioRecorder.test.tsx:224:34
            </failure>
        </testcase>
        <testcase classname="src/components/__tests__/AudioRecorder.test.tsx" name="AudioRecorder &gt; error handling &gt; should show error message on permission denied" time="0.011441109">
        </testcase>
        <testcase classname="src/components/__tests__/AudioRecorder.test.tsx" name="AudioRecorder &gt; error handling &gt; should show error message on recording error" time="0.005856747">
        </testcase>
        <testcase classname="src/components/__tests__/AudioRecorder.test.tsx" name="AudioRecorder &gt; error handling &gt; should style error message appropriately" time="0.007102499">
        </testcase>
        <testcase classname="src/components/__tests__/AudioRecorder.test.tsx" name="AudioRecorder &gt; error handling &gt; should hide error when not present" time="0.019184294">
            <failure message="[2mexpect([22m[31melement[39m[2m).not.toBeInTheDocument()[22m

[31mexpected document not to contain element, found &lt;div
  class=&quot;bg-red-50 border border-red-200 rounded-xl p-3 text-sm text-red-700&quot;
  style=&quot;opacity: 0; transform: translateY(-10px);&quot;
&gt;
  Error
&lt;/div&gt; instead[39m" type="Error">
Error: expect(element).not.toBeInTheDocument()

expected document not to contain element, found &lt;div
  class=&quot;bg-red-50 border border-red-200 rounded-xl p-3 text-sm text-red-700&quot;
  style=&quot;opacity: 0; transform: translateY(-10px);&quot;
&gt;
  Error
&lt;/div&gt; instead
 ❯ src/components/__tests__/AudioRecorder.test.tsx:263:48
            </failure>
        </testcase>
        <testcase classname="src/components/__tests__/AudioRecorder.test.tsx" name="AudioRecorder &gt; cancel functionality &gt; should show cancel button when onCancel provided" time="0.035237989">
        </testcase>
        <testcase classname="src/components/__tests__/AudioRecorder.test.tsx" name="AudioRecorder &gt; cancel functionality &gt; should not show cancel button when onCancel not provided" time="0.017559575">
        </testcase>
        <testcase classname="src/components/__tests__/AudioRecorder.test.tsx" name="AudioRecorder &gt; cancel functionality &gt; should call onCancel when cancel clicked" time="0.053908492">
        </testcase>
        <testcase classname="src/components/__tests__/AudioRecorder.test.tsx" name="AudioRecorder &gt; accessibility &gt; should have accessible buttons" time="0.130712914">
            <failure message="Unable to find an accessible element with the role &quot;button&quot; and name `/mic/i`

Here are the accessible roles:

  button:

  Name &quot;&quot;:
  [36m&lt;button[39m
    [33mclass[39m=[32m&quot;inline-flex items-center justify-center gap-2 whitespace-nowrap text-sm font-medium transition-colors focus-visible:outline-none focus-visible:ring-1 focus-visible:ring-ring disabled:pointer-events-none disabled:opacity-50 [&amp;_svg]:pointer-events-none [&amp;_svg]:size-4 [&amp;_svg]:shrink-0 px-4 py-2 w-16 h-16 rounded-full bg-red-500 hover:bg-red-600 text-white shadow-lg shadow-red-500/30&quot;[39m
  [36m/&gt;[39m

  --------------------------------------------------

Ignored nodes: comments, script, style
[36m&lt;body&gt;[39m
  [36m&lt;div&gt;[39m
    [36m&lt;div[39m
      [33mclass[39m=[32m&quot;space-y-4&quot;[39m
    [36m&gt;[39m
      [36m&lt;div[39m
        [33mclass[39m=[32m&quot;relative h-24 bg-white/30 rounded-2xl overflow-hidden flex items-center justify-center&quot;[39m
      [36m&gt;[39m
        [36m&lt;div[39m
          [33mclass[39m=[32m&quot;flex flex-col items-center gap-2 text-gray-500&quot;[39m
        [36m&gt;[39m
          [36m&lt;svg[39m
            [33maria-hidden[39m=[32m&quot;true&quot;[39m
            [33mclass[39m=[32m&quot;lucide lucide-mic w-8 h-8&quot;[39m
            [33mfill[39m=[32m&quot;none&quot;[39m
            [33mheight[39m=[32m&quot;24&quot;[39m
            [33mstroke[39m=[32m&quot;currentColor&quot;[39m
            [33mstroke-linecap[39m=[32m&quot;round&quot;[39m
            [33mstroke-linejoin[39m=[32m&quot;round&quot;[39m
            [33mstroke-width[39m=[32m&quot;2&quot;[39m
            [33mviewBox[39m=[32m&quot;0 0 24 24&quot;[39m
            [33mwidth[39m=[32m&quot;24&quot;[39m
            [33mxmlns[39m=[32m&quot;http://www.w3.org/2000/svg&quot;[39m
          [36m&gt;[39m
            [36m&lt;path[39m
              [33md[39m=[32m&quot;M12 19v3&quot;[39m
            [36m/&gt;[39m
            [36m&lt;path[39m
              [33md[39m=[32m&quot;M19 10v2a7 7 0 0 1-14 0v-2&quot;[39m
            [36m/&gt;[39m
            [36m&lt;rect[39m
              [33mheight[39m=[32m&quot;13&quot;[39m
              [33mrx[39m=[32m&quot;3&quot;[39m
              [33mwidth[39m=[32m&quot;6&quot;[39m
              [33mx[39m=[32m&quot;9&quot;[39m
              [33my[39m=[32m&quot;2&quot;[39m
            [36m/&gt;[39m
          [36m&lt;/svg&gt;[39m
          [36m&lt;span[39m
            [33mclass[39m=[32m&quot;text-sm&quot;[39m
          [36m&gt;[39m
            [0mTap to record[0m
          [36m&lt;/span&gt;[39m
        [36m&lt;/div&gt;[39m
      [36m&lt;/div&gt;[39m
      [36m&lt;div[39m
        [33mclass[39m=[32m&quot;text-center&quot;[39m
      [36m&gt;[39m
        [36m&lt;span[39m
          [33mclass[39m=[32m&quot;text-2xl font-mono text-gray-700&quot;[39m
        [36m&gt;[39m
          [0m0:00[0m
        [36m&lt;/span&gt;[39m
        [36m&lt;span[39m
          [33mclass[39m=[32m&quot;text-sm text-gray-500 ml-2&quot;[39m
        [36m&gt;[39m
          [0m/ [0m
          [0m2:00[0m
        [36m&lt;/span&gt;[39m
      [36m&lt;/div&gt;[39m
      [36m&lt;div[39m
        [33mclass[39m=[32m&quot;flex items-center justify-center gap-3&quot;[39m
      [36m&gt;[39m
        [36m&lt;button[39m
          [33mclass[39m=[32m&quot;inline-flex items-center justify-center gap-2 whitespace-nowrap text-sm font-medium transition-colors focus-visible:outline-none focus-visible:ring-1 focus-visible:ring-ring disabled:pointer-events-none disabled:opacity-50 [&amp;_svg]:pointer-events-none [&amp;_svg]:size-4 [&amp;_svg]:shrink-0 px-4 py-2 w-16 h-16 rounded-full bg-red-500 hover:bg-red-600 text-white shadow-lg shadow-red-500/30&quot;[39m
        [36m&gt;[39m
          [36m&lt;svg[39m
            [33maria-hidden[39m=[32m&quot;true&quot;[39m
            [33mclass[39m=[32m&quot;lucide lucide-mic w-6 h-6&quot;[39m
            [33mfill[39m=[32m&quot;none&quot;[39m
            [33mheight[39m=[32m&quot;24&quot;[39m
            [33mstroke[39m=[32m&quot;currentColor&quot;[39m
            [33mstroke-linecap[39m=[32m&quot;round&quot;[39m
            [33mstroke-linejoin[39m=[32m&quot;round&quot;[39m
            [33mstroke-width[39m=[32m&quot;2&quot;[39m
            [33mviewBox[39m=[32m&quot;0 0 24 24&quot;[39m
            [33mwidth[39m=[32m&quot;24&quot;[39m
            [33mxmlns[39m=[32m&quot;http://www.w3.org/2000/svg&quot;[39m
          [36m&gt;[39m
            [36m&lt;path[39m
              [33md[39m=[32m&quot;M12 19v3&quot;[39m
            [36m/&gt;[39m
            [36m&lt;path[39m
              [33md[39m=[32m&quot;M19 10v2a7 7 0 0 1-14 0v-2&quot;[39m
            [36m/&gt;[39m
            [36m&lt;rect[39m
              [33mheight[39m=[32m&quot;13&quot;[39m
              [33mrx[39m=[32m&quot;3&quot;[39m
              [33mwidth[39m=[32m&quot;6&quot;[39m
              [33mx[39m=[32m&quot;9&quot;[39m
              [33my[39m=[32m&quot;2&quot;[39m
            [36m/&gt;[39m
          [36m&lt;/svg&gt;[39m
        [36m&lt;/button&gt;[39m
      [36m&lt;/div&gt;[39m
    [36m&lt;/div&gt;[39m
  [36m&lt;/div&gt;[39m
[36m&lt;/body&gt;[39m" type="TestingLibraryElementError">
TestingLibraryElementError: Unable to find an accessible element with the role &quot;button&quot; and name `/mic/i`

Here are the accessible roles:

  button:

  Name &quot;&quot;:
  &lt;button
    class=&quot;inline-flex items-center justify-center gap-2 whitespace-nowrap text-sm font-medium transition-colors focus-visible:outline-none focus-visible:ring-1 focus-visible:ring-ring disabled:pointer-events-none disabled:opacity-50 [&amp;_svg]:pointer-events-none [&amp;_svg]:size-4 [&amp;_svg]:shrink-0 px-4 py-2 w-16 h-16 rounded-full bg-red-500 hover:bg-red-600 text-white shadow-lg shadow-red-500/30&quot;
  /&gt;

  --------------------------------------------------

Ignored nodes: comments, script, style
&lt;body&gt;
  &lt;div&gt;
    &lt;div
      class=&quot;space-y-4&quot;
    &gt;
      &lt;div
        class=&quot;relative h-24 bg-white/30 rounded-2xl overflow-hidden flex items-center justify-center&quot;
      &gt;
        &lt;div
          class=&quot;flex flex-col items-center gap-2 text-gray-500&quot;
        &gt;
          &lt;svg
            aria-hidden=&quot;true&quot;
            class=&quot;lucide lucide-mic w-8 h-8&quot;
            fill=&quot;none&quot;
            height=&quot;24&quot;
            stroke=&quot;currentColor&quot;
            stroke-linecap=&quot;round&quot;
            stroke-linejoin=&quot;round&quot;
            stroke-width=&quot;2&quot;
            viewBox=&quot;0 0 24 24&quot;
            width=&quot;24&quot;
            xmlns=&quot;http://www.w3.org/2000/svg&quot;
          &gt;
            &lt;path
              d=&quot;M12 19v3&quot;
            /&gt;
            &lt;path
              d=&quot;M19 10v2a7 7 0 0 1-14 0v-2&quot;
            /&gt;
            &lt;rect
              height=&quot;13&quot;
              rx=&quot;3&quot;
              width=&quot;6&quot;
              x=&quot;9&quot;
              y=&quot;2&quot;
            /&gt;
          &lt;/svg&gt;
          &lt;span
            class=&quot;text-sm&quot;
          &gt;
            Tap to record
          &lt;/span&gt;
        &lt;/div&gt;
      &lt;/div&gt;
      &lt;div
        class=&quot;text-center&quot;
      &gt;
        &lt;span
          class=&quot;text-2xl font-mono text-gray-700&quot;
        &gt;
          0:00
        &lt;/span&gt;
        &lt;span
          class=&quot;text-sm text-gray-500 ml-2&quot;
        &gt;
          / 
          2:00
        &lt;/span&gt;
      &lt;/div&gt;
      &lt;div
        class=&quot;flex items-center justify-center gap-3&quot;
      &gt;
        &lt;button
          class=&quot;inline-flex items-center justify-center gap-2 whitespace-nowrap text-sm font-medium transition-colors focus-visible:outline-none focus-visible:ring-1 focus-visible:ring-ring disabled:pointer-events-none disabled:opacity-50 [&amp;_svg]:pointer-events-none [&amp;_svg]:size-4 [&amp;_svg]:shrink-0 px-4 py-2 w-16 h-16 rounded-full bg-red-500 hover:bg-red-600 text-white shadow-lg shadow-red-500/30&quot;
        &gt;
          &lt;svg
            aria-hidden=&quot;true&quot;
            class=&quot;lucide lucide-mic w-6 h-6&quot;
            fill=&quot;none&quot;
            height=&quot;24&quot;
            stroke=&quot;currentColor&quot;
            stroke-linecap=&quot;round&quot;
            stroke-linejoin=&quot;round&quot;
            stroke-width=&quot;2&quot;
            viewBox=&quot;0 0 24 24&quot;
            width=&quot;24&quot;
            xmlns=&quot;http://www.w3.org/2000/svg&quot;
          &gt;
            &lt;path
              d=&quot;M12 19v3&quot;
            /&gt;
            &lt;path
              d=&quot;M19 10v2a7 7 0 0 1-14 0v-2&quot;
            /&gt;
            &lt;rect
              height=&quot;13&quot;
              rx=&quot;3&quot;
              width=&quot;6&quot;
              x=&quot;9&quot;
              y=&quot;2&quot;
            /&gt;
          &lt;/svg&gt;
        &lt;/button&gt;
      &lt;/div&gt;
    &lt;/div&gt;
  &lt;/div&gt;
&lt;/body&gt;
 ❯ Object.getElementError node_modules/@testing-library/dom/dist/config.js:37:19
 ❯ node_modules/@testing-library/dom/dist/query-helpers.js:76:38
 ❯ node_modules/@testing-library/dom/dist/query-helpers.js:52:17
 ❯ node_modules/@testing-library/dom/dist/query-helpers.js:95:19
 ❯ src/components/__tests__/AudioRecorder.test.tsx:297:35
            </failure>
        </testcase>
        <testcase classname="src/components/__tests__/AudioRecorder.test.tsx" name="AudioRecorder &gt; accessibility &gt; should support keyboard navigation" time="0.028274533">
        </testcase>
        <testcase classname="src/components/__tests__/AudioRecorder.test.tsx" name="AudioRecorder &gt; duration formatting &gt; should format zero duration correctly" time="0.007252008">
        </testcase>
        <testcase classname="src/components/__tests__/AudioRecorder.test.tsx" name="AudioRecorder &gt; duration formatting &gt; should format seconds correctly" time="0.004927614">
        </testcase>
        <testcase classname="src/components/__tests__/AudioRecorder.test.tsx" name="AudioRecorder &gt; duration formatting &gt; should format minutes correctly" time="0.004635451">
        </testcase>
        <testcase classname="src/components/__tests__/AudioRecorder.test.tsx" name="AudioRecorder &gt; waveform animation &gt; should not show waveform when not recording" time="0.004623461">
        </testcase>
        <testcase classname="src/components/__tests__/AudioRecorder.test.tsx" name="AudioRecorder &gt; waveform animation &gt; should show waveform when recording" time="0.010582559">
        </testcase>
        <testcase classname="src/components/__tests__/AudioRecorder.test.tsx" name="AudioRecorder &gt; waveform animation &gt; should not show waveform when paused" time="0.004119949">
        </testcase>
    </testsuite>
    <testsuite name="src/components/__tests__/RequestPrayerModal.test.tsx" timestamp="2025-11-29T10:40:01.205Z" hostname="runsc" tests="27" failures="3" errors="0" skipped="0" time="5.320824205">
        <testcase classname="src/components/__tests__/RequestPrayerModal.test.tsx" name="RequestPrayerModal &gt; rendering &gt; should render modal with header" time="0.133271581">
            <failure message="Cannot read properties of undefined (reading &apos;addEventListener&apos;)" type="TypeError">
TypeError: Cannot read properties of undefined (reading &apos;addEventListener&apos;)
 ❯ initPrefersReducedMotion node_modules/framer-motion/dist/es/utils/reduced-motion/index.mjs:11:26
 ❯ HTMLVisualElement.mount node_modules/framer-motion/dist/es/render/VisualElement.mjs:153:13
 ❯ node_modules/framer-motion/dist/es/motion/utils/use-motion-ref.mjs:16:31
 ❯ commitAttachRef node_modules/react-dom/cjs/react-dom-client.development.js:13482:44
 ❯ runWithFiberInDEV node_modules/react-dom/cjs/react-dom-client.development.js:874:13
 ❯ safelyAttachRef node_modules/react-dom/cjs/react-dom-client.development.js:13500:9
 ❯ commitLayoutEffectOnFiber node_modules/react-dom/cjs/react-dom-client.development.js:14089:26
 ❯ recursivelyTraverseLayoutEffects node_modules/react-dom/cjs/react-dom-client.development.js:15159:11
 ❯ commitLayoutEffectOnFiber node_modules/react-dom/cjs/react-dom-client.development.js:14165:11
 ❯ recursivelyTraverseLayoutEffects node_modules/react-dom/cjs/react-dom-client.development.js:15159:11
            </failure>
        </testcase>
        <testcase classname="src/components/__tests__/RequestPrayerModal.test.tsx" name="RequestPrayerModal &gt; rendering &gt; should show content type selector" time="0.039572965">
        </testcase>
        <testcase classname="src/components/__tests__/RequestPrayerModal.test.tsx" name="RequestPrayerModal &gt; rendering &gt; should show title input" time="0.020994942">
        </testcase>
        <testcase classname="src/components/__tests__/RequestPrayerModal.test.tsx" name="RequestPrayerModal &gt; rendering &gt; should show anonymous toggle" time="0.034204379">
        </testcase>
        <testcase classname="src/components/__tests__/RequestPrayerModal.test.tsx" name="RequestPrayerModal &gt; rendering &gt; should show submit button" time="0.261982698">
        </testcase>
        <testcase classname="src/components/__tests__/RequestPrayerModal.test.tsx" name="RequestPrayerModal &gt; content type selection &gt; should default to text type" time="0.017494951">
        </testcase>
        <testcase classname="src/components/__tests__/RequestPrayerModal.test.tsx" name="RequestPrayerModal &gt; content type selection &gt; should show textarea for text type" time="0.598637295">
            <failure message="Unable to find an accessible element with the role &quot;textbox&quot; and name `/prayer request/i`

Here are the accessible roles:

  heading:

  Name &quot;Request Prayer&quot;:
  [36m&lt;h3[39m
    [33mclass[39m=[32m&quot;text-gray-800&quot;[39m
  [36m/&gt;[39m

  --------------------------------------------------
  button:

  Name &quot;&quot;:
  [36m&lt;button[39m
    [33mclass[39m=[32m&quot;p-2 hover:bg-white/20 rounded-full transition-colors&quot;[39m
  [36m/&gt;[39m

  Name &quot;Text&quot;:
  [36m&lt;button[39m
    [33mclass[39m=[32m&quot;relative flex-1 p-3 rounded-xl flex flex-col items-center gap-2 transition-all ring-2 ring-blue-400/30 shadow-lg shadow-blue-400/20 bg-gradient-to-r from-yellow-300 to-purple-300&quot;[39m
  [36m/&gt;[39m

  Name &quot;Audio&quot;:
  [36m&lt;button[39m
    [33mclass[39m=[32m&quot;relative flex-1 p-3 rounded-xl flex flex-col items-center gap-2 transition-all ring-2 ring-blue-400/30 shadow-lg shadow-blue-400/20 glass hover:glass-strong&quot;[39m
  [36m/&gt;[39m

  Name &quot;Video&quot;:
  [36m&lt;button[39m
    [33mclass[39m=[32m&quot;relative flex-1 p-3 rounded-xl flex flex-col items-center gap-2 transition-all ring-2 ring-blue-400/30 shadow-lg shadow-blue-400/20 glass hover:glass-strong&quot;[39m
  [36m/&gt;[39m

  Name &quot;Add to Map&quot;:
  [36m&lt;button[39m
    [33mclass[39m=[32m&quot;inline-flex items-center justify-center gap-2 whitespace-nowrap transition-colors focus-visible:outline-none focus-visible:ring-1 focus-visible:ring-ring disabled:pointer-events-none [&amp;_svg]:pointer-events-none [&amp;_svg]:size-4 [&amp;_svg]:shrink-0 shadow hover:bg-primary/90 h-9 px-4 w-full bg-gradient-to-r from-yellow-300 to-purple-300 hover:from-yellow-400 hover:to-purple-400 text-gray-800 rounded-full py-8 text-lg font-semibold disabled:opacity-50&quot;[39m
    [33mdisabled[39m=[32m&quot;&quot;[39m
  [36m/&gt;[39m

  --------------------------------------------------
  textbox:

  Name &quot;&quot;:
  [36m&lt;input[39m
    [33mclass[39m=[32m&quot;flex h-9 w-full rounded-md border bg-transparent px-3 py-1 text-sm shadow-sm transition-colors file:border-0 file:bg-transparent file:text-sm file:font-medium file:text-foreground focus-visible:outline-none focus-visible:ring-1 focus-visible:ring-ring disabled:cursor-not-allowed disabled:opacity-50 glass border-white/30 text-gray-800 placeholder:text-gray-500&quot;[39m
    [33mplaceholder[39m=[32m&quot;e.g., Health and healing&quot;[39m
    [33mvalue[39m=[32m&quot;&quot;[39m
  [36m/&gt;[39m

  Name &quot;&quot;:
  [36m&lt;textarea[39m
    [33mclass[39m=[32m&quot;flex min-h-[60px] w-full rounded-md border bg-transparent px-3 py-2 text-sm shadow-sm focus-visible:outline-none focus-visible:ring-1 focus-visible:ring-ring disabled:cursor-not-allowed disabled:opacity-50 glass border-white/30 text-gray-800 placeholder:text-gray-500 resize-none&quot;[39m
    [33mplaceholder[39m=[32m&quot;Share what&apos;s on your heart...&quot;[39m
    [33mrows[39m=[32m&quot;4&quot;[39m
  [36m/&gt;[39m

  --------------------------------------------------
  paragraph:

  Name &quot;&quot;:
  [36m&lt;p[39m
    [33mclass[39m=[32m&quot;text-sm text-gray-700&quot;[39m
  [36m/&gt;[39m

  Name &quot;&quot;:
  [36m&lt;p[39m
    [33mclass[39m=[32m&quot;text-xs text-gray-600&quot;[39m
  [36m/&gt;[39m

  --------------------------------------------------
  switch:

  Name &quot;&quot;:
  [36m&lt;button[39m
    [33maria-checked[39m=[32m&quot;false&quot;[39m
    [33mclass[39m=[32m&quot;peer inline-flex h-6 w-11 shrink-0 cursor-pointer items-center rounded-full border border-white/30 shadow-sm transition-all focus-visible:outline-none focus-visible:ring-2 focus-visible:ring-purple-300 focus-visible:ring-offset-2 disabled:cursor-not-allowed disabled:opacity-50 data-[state=checked]:bg-gradient-to-r data-[state=checked]:from-purple-400 data-[state=checked]:to-amber-300 data-[state=unchecked]:bg-gray-300/60&quot;[39m
    [33mdata-state[39m=[32m&quot;unchecked&quot;[39m
    [33mrole[39m=[32m&quot;switch&quot;[39m
    [33mtype[39m=[32m&quot;button&quot;[39m
    [33mvalue[39m=[32m&quot;on&quot;[39m
  [36m/&gt;[39m

  --------------------------------------------------

Ignored nodes: comments, script, style
[36m&lt;body&gt;[39m
  [36m&lt;div&gt;[39m
    [36m&lt;div[39m
      [33mclass[39m=[32m&quot;fixed inset-0 bg-black/20 backdrop-blur-sm z-50 flex items-end sm:items-center justify-center p-4&quot;[39m
      [33mstyle[39m=[32m&quot;opacity: 0;&quot;[39m
    [36m&gt;[39m
      [36m&lt;div[39m
        [33mclass[39m=[32m&quot;bg-gradient-to-br from-white/80 via-white/70 to-purple-50/60 backdrop-blur-2xl rounded-3xl p-6 max-w-md w-full max-h-[90vh] overflow-y-auto border border-white/60 shadow-xl shadow-purple-200/20&quot;[39m
        [33mstyle[39m=[32m&quot;opacity: 0; transform: translateY(100%);&quot;[39m
      [36m&gt;[39m
        [36m&lt;div[39m
          [33mclass[39m=[32m&quot;flex items-center justify-between mb-6&quot;[39m
        [36m&gt;[39m
          [36m&lt;div[39m
            [33mclass[39m=[32m&quot;flex items-center gap-3&quot;[39m
          [36m&gt;[39m
            [36m&lt;span[39m
              [33mclass[39m=[32m&quot;text-3xl&quot;[39m
            [36m&gt;[39m
              [0m🙏[0m
            [36m&lt;/span&gt;[39m
            [36m&lt;h3[39m
              [33mclass[39m=[32m&quot;text-gray-800&quot;[39m
            [36m&gt;[39m
              [0mRequest Prayer[0m
            [36m&lt;/h3&gt;[39m
          [36m&lt;/div&gt;[39m
          [36m&lt;button[39m
            [33mclass[39m=[32m&quot;p-2 hover:bg-white/20 rounded-full transition-colors&quot;[39m
          [36m&gt;[39m
            [36m&lt;svg[39m
              [33maria-hidden[39m=[32m&quot;true&quot;[39m
              [33mclass[39m=[32m&quot;lucide lucide-x w-5 h-5 text-gray-700&quot;[39m
              [33mfill[39m=[32m&quot;none&quot;[39m
              [33mheight[39m=[32m&quot;24&quot;[39m
              [33mstroke[39m=[32m&quot;currentColor&quot;[39m
              [33mstroke-linecap[39m=[32m&quot;round&quot;[39m
              [33mstroke-linejoin[39m=[32m&quot;round&quot;[39m
              [33mstroke-width[39m=[32m&quot;2&quot;[39m
              [33mviewBox[39m=[32m&quot;0 0 24 24&quot;[39m
              [33mwidth[39m=[32m&quot;24&quot;[39m
              [33mxmlns[39m=[32m&quot;http://www.w3.org/2000/svg&quot;[39m
            [36m&gt;[39m
              [36m&lt;path[39m
                [33md[39m=[32m&quot;M18 6 6 18&quot;[39m
              [36m/&gt;[39m
              [36m&lt;path[39m
                [33md[39m=[32m&quot;m6 6 12 12&quot;[39m
              [36m/&gt;[39m
            [36m&lt;/svg&gt;[39m
          [36m&lt;/button&gt;[39m
        [36m&lt;/div&gt;[39m
        [36m&lt;div[39m
          [33mclass[39m=[32m&quot;flex gap-2 mb-6&quot;[39m
        [36m&gt;[39m
          [36m&lt;button[39m
            [33mclass[39m=[32m&quot;relative flex-1 p-3 rounded-xl flex flex-col items-center gap-2 transition-all ring-2 ring-blue-400/30 shadow-lg shadow-blue-400/20 bg-gradient-to-r from-yellow-300 to-purple-300&quot;[39m
          [36m&gt;[39m
            [36m&lt;div[39m
              [33mclass[39m=[32m&quot;absolute inset-0 rounded-xl pointer-events-none&quot;[39m
              [33mstyle[39m=[32m&quot;background: linear-gradient(90deg, rgba(255, 215, 0, 0.4), rgba(255, 192, 203, 0.4), rgba(147, 112, 219, 0.4), rgba(135, 206, 250, 0.4), rgba(255, 215, 0, 0.4)); padding: 2px; mask-composite: exclude; opacity: 0.6;&quot;[39m
            [36m/&gt;[39m
            [36m&lt;svg[39m
              [33maria-hidden[39m=[32m&quot;true&quot;[39m
              [33mclass[39m=[32m&quot;lucide lucide-type w-5 h-5 text-gray-700&quot;[39m
              [33mfill[39m=[32m&quot;none&quot;[39m
              [33mheight[39m=[32m&quot;24&quot;[39m
              [33mstroke[39m=[32m&quot;currentColor&quot;[39m
              [33mstroke-linecap[39m=[32m&quot;round&quot;[39m
              [33mstroke-linejoin[39m=[32m&quot;round&quot;[39m
              [33mstroke-width[39m=[32m&quot;2&quot;[39m
              [33mviewBox[39m=[32m&quot;0 0 24 24&quot;[39m
              [33mwidth[39m=[32m&quot;24&quot;[39m
              [33mxmlns[39m=[32m&quot;http://www.w3.org/2000/svg&quot;[39m
            [36m&gt;[39m
              [36m&lt;path[39m
                [33md[39m=[32m&quot;M12 4v16&quot;[39m
              [36m/&gt;[39m
              [36m&lt;path[39m
                [33md[39m=[32m&quot;M4 7V5a1 1 0 0 1 1-1h14a1 1 0 0 1 1 1v2&quot;[39m
              [36m/&gt;[39m
              [36m&lt;path[39m
                [33md[39m=[32m&quot;M9 20h6&quot;[39m
              [36m/&gt;[39m
            [36m&lt;/svg&gt;[39m
            [36m&lt;span[39m
              [33mclass[39m=[32m&quot;text-sm text-gray-700&quot;[39m
            [36m&gt;[39m
              [0mText[0m
            [36m&lt;/span&gt;[39m
          [36m&lt;/button&gt;[39m
          [36m&lt;button[39m
            [33mclass[39m=[32m&quot;relative flex-1 p-3 rounded-xl flex flex-col items-center gap-2 transition-all ring-2 ring-blue-400/30 shadow-lg shadow-blue-400/20 glass hover:glass-strong&quot;[39m
          [36m&gt;[39m
            [36m&lt;svg[39m
              [33maria-hidden[39m=[32m&quot;true&quot;[39m
              [33mclass[39m=[32m&quot;lucide lucide-mic w-5 h-5 text-gray-700&quot;[39m
              [33mfill[39m=[32m&quot;none&quot;[39m
              [33mheight[39m=[32m&quot;24&quot;[39m
              [33mstroke[39m=[32m&quot;currentColor&quot;[39m
              [33mstroke-linecap[39m=[32m&quot;round&quot;[39m
              [33mstroke-linejoin[39m=[32m&quot;round&quot;[39m
              [33mstroke-width[39m=[32m&quot;2&quot;[39m
              [33mviewBox[39m=[32m&quot;0 0 24 24&quot;[39m
              [33mwidth[39m=[32m&quot;24&quot;[39m
              [33mxmlns[39m=[32m&quot;http://www.w3.org/2000/svg&quot;[39m
            [36m&gt;[39m
              [36m&lt;path[39m
                [33md[39m=[32m&quot;M12 19v3&quot;[39m
              [36m/&gt;[39m
              [36m&lt;path[39m
                [33md[39m=[32m&quot;M19 10v2a7 7 0 0 1-14 0v-2&quot;[39m
              [36m/&gt;[39m
              [36m&lt;rect[39m
                [33mheight[39m=[32m&quot;13&quot;[39m
                [33mrx[39m=[32m&quot;3&quot;[39m
                [33mwidth[39m=[32m&quot;6&quot;[39m
                [33mx[39m=[32m&quot;9&quot;[39m
                [33my[39m=[32m&quot;2&quot;[39m
              [36m/&gt;[39m
            [36m&lt;/svg&gt;[39m
            [36m&lt;span[39m
              [33mclass[39m=[32m&quot;text-sm text-gray-700&quot;[39m
            [36m&gt;[39m
              [0mAudio[0m
            [36m&lt;/span&gt;[39m
          [36m&lt;/button&gt;[39m
          [36m&lt;button[39m
            [33mclass[39m=[32m&quot;relative flex-1 p-3 rounded-xl flex flex-col items-center gap-2 transition-all ring-2 ring-blue-400/30 shadow-lg shadow-blue-400/20 glass hover:glass-strong&quot;[39m
          [36m&gt;[39m
            [36m&lt;svg[39m
              [33maria-hidden[39m=[32m&quot;true&quot;[39m
              [33mclass[39m=[32m&quot;lucide lucide-video w-5 h-5 text-gray-700&quot;[39m
              [33mfill[39m=[32m&quot;none&quot;[39m
              [33mheight[39m=[32m&quot;24&quot;[39m
              [33mstroke[39m=[32m&quot;currentColor&quot;[39m
              [33mstroke-linecap[39m=[32m&quot;round&quot;[39m
              [33mstroke-linejoin[39m=[32m&quot;round&quot;[39m
              [33mstroke-width[39m=[32m&quot;2&quot;[39m
              [33mviewBox[39m=[32m&quot;0 0 24 24&quot;[39m
              [33mwidth[39m=[32m&quot;24&quot;[39m
              [33mxmlns[39m=[32m&quot;http://www.w3.org/2000/svg&quot;[39m
            [36m&gt;[39m
              [36m&lt;path[39m
                [33md[39m=[32m&quot;m16 13 5.223 3.482a.5.5 0 0 0 .777-.416V7.87a.5.5 0 0 0-.752-.432L16 10.5&quot;[39m
              [36m/&gt;[39m
              [36m&lt;rect[39m
                [33mheight[39m=[32m&quot;12&quot;[39m
                [33mrx[39m=[32m&quot;2&quot;[39m
                [33mwidth[39m=[32m&quot;14&quot;[39m
                [33mx[39m=[32m&quot;2&quot;[39m
                [33my[39m=[32m&quot;6&quot;[39m
              [36m/&gt;[39m
            [36m&lt;/svg&gt;[39m
            [36m&lt;span[39m
              [33mclass[39m=[32m&quot;text-sm text-gray-700&quot;[39m
            [36m&gt;[39m
              [0mVideo[0m
            [36m&lt;/span&gt;[39m
          [36m&lt;/button&gt;[39m
        [36m&lt;/div&gt;[39m
        [36m&lt;div[39m
          [33mclass[39m=[32m&quot;space-y-4 mb-6&quot;[39m
        [36m&gt;[39m
          [36m&lt;div&gt;[39m
            [36m&lt;label[39m
              [33mclass[39m=[32m&quot;block text-sm text-gray-700 mb-2&quot;[39m
            [36m&gt;[39m
              [0mTitle (optional)[0m
            [36m&lt;/label&gt;[39m
            [36m&lt;input[39m
              [33mclass[39m=[32m&quot;flex h-9 w-full rounded-md border bg-transparent px-3 py-1 text-sm shadow-sm transition-colors file:border-0 file:bg-transparent file:text-sm file:font-medium file:text-foreground focus-visible:outline-none focus-visible:ring-1 focus-visible:ring-ring disabled:cursor-not-allowed disabled:opacity-50 glass border-white/30 text-gray-800 placeholder:text-gray-500&quot;[39m
              [33mplaceholder[39m=[32m&quot;e.g., Health and healing&quot;[39m
              [33mvalue[39m=[32m&quot;&quot;[39m
            [36m/&gt;[39m
          [36m&lt;/div&gt;[39m
          [36m&lt;div&gt;[39m
            [36m&lt;label[39m
              [33mclass[39m=[32m&quot;block text-sm text-gray-700 mb-2&quot;[39m
            [36m&gt;[39m
              [0mPrayer Request[0m
            [36m&lt;/label&gt;[39m
            [36m&lt;textarea[39m
              [33mclass[39m=[32m&quot;flex min-h-[60px] w-full rounded-md border bg-transparent px-3 py-2 text-sm shadow-sm focus-visible:outline-none focus-visible:ring-1 focus-visible:ring-ring disabled:cursor-not-allowed disabled:opacity-50 glass border-white/30 text-gray-800 placeholder:text-gray-500 resize-none&quot;[39m
              [33mplaceholder[39m=[32m&quot;Share what&apos;s on your heart...&quot;[39m
              [33mrows[39m=[32m&quot;4&quot;[39m
            [36m/&gt;[39m
          [36m&lt;/div&gt;[39m
          [36m&lt;div[39m
            [33mclass[39m=[32m&quot;flex items-center justify-between glass rounded-xl p-4&quot;[39m
          [36m&gt;[39m
            [36m&lt;div&gt;[39m
              [36m&lt;p[39m
                [33mclass[39m=[32m&quot;text-sm text-gray-700&quot;[39m
              [36m&gt;[39m
                [0mPost anonymously[0m
              [36m&lt;/p&gt;[39m
              [36m&lt;p[39m
                [33mclass[39m=[32m&quot;text-xs text-gray-600&quot;[39m
              [36m&gt;[39m
                [0mHide your identity[0m
              [36m&lt;/p&gt;[39m
            [36m&lt;/div&gt;[39m
            [36m&lt;button[39m
              [33maria-checked[39m=[32m&quot;false&quot;[39m
              [33mclass[39m=[32m&quot;peer inline-flex h-6 w-11 shrink-0 cursor-pointer items-center rounded-full border border-white/30 shadow-sm transition-all focus-visible:outline-none focus-visible:ring-2 focus-visible:ring-purple-300 focus-visible:ring-offset-2 disabled:cursor-not-allowed disabled:opacity-50 data-[state=checked]:bg-gradient-to-r data-[state=checked]:from-purple-400 data-[state=checked]:to-amber-300 data-[state=unchecked]:bg-gray-300/60&quot;[39m
              [33mdata-state[39m=[32m&quot;unchecked&quot;[39m
              [33mrole[39m=[32m&quot;switch&quot;[39m
              [33mtype[39m=[32m&quot;button&quot;[39m
              [33mvalue[39m=[32m&quot;on&quot;[39m
            [36m&gt;[39m
              [36m&lt;span[39m
                [33mclass[39m=[32m&quot;pointer-events-none block h-5 w-5 rounded-full bg-white shadow-md ring-0 transition-transform data-[state=checked]:translate-x-5 data-[state=unchecked]:translate-x-0&quot;[39m
                [33mdata-state[39m=[32m&quot;unchecked&quot;[39m
              [36m/&gt;[39m
            [36m&lt;/button&gt;[39m
          [36m&lt;/div&gt;[39m
        [36m&lt;/div&gt;[39m
        [36m&lt;button[39m
          [33mclass[39m=[32m&quot;inline-flex items-center justify-center gap-2 whitespace-nowrap transition-colors focus-visible:outline-none focus-visible:ring-1 focus-visible:ring-ring disabled:pointer-events-none [&amp;_svg]:pointer-events-none [&amp;_svg]:size-4 [&amp;_svg]:shrink-0 shadow hover:bg-primary/90 h-9 px-4 w-full bg-gradient-to-r from-yellow-300 to-purple-300 hover:from-yellow-400 hover:to-purple-400 text-gray-800 rounded-full py-8 text-lg font-semibold disabled:opacity-50&quot;[39m
          [33mdisabled[39m=[32m&quot;&quot;[39m
        [36m&gt;[39m
          [0mAdd to Map[0m
        [36m&lt;/button&gt;[39m
      [36m&lt;/div&gt;[39m
    [36m&lt;/div&gt;[39m
  [36m&lt;/div&gt;[39m
[36m&lt;/body&gt;[39m" type="TestingLibraryElementError">
TestingLibraryElementError: Unable to find an accessible element with the role &quot;textbox&quot; and name `/prayer request/i`

Here are the accessible roles:

  heading:

  Name &quot;Request Prayer&quot;:
  &lt;h3
    class=&quot;text-gray-800&quot;
  /&gt;

  --------------------------------------------------
  button:

  Name &quot;&quot;:
  &lt;button
    class=&quot;p-2 hover:bg-white/20 rounded-full transition-colors&quot;
  /&gt;

  Name &quot;Text&quot;:
  &lt;button
    class=&quot;relative flex-1 p-3 rounded-xl flex flex-col items-center gap-2 transition-all ring-2 ring-blue-400/30 shadow-lg shadow-blue-400/20 bg-gradient-to-r from-yellow-300 to-purple-300&quot;
  /&gt;

  Name &quot;Audio&quot;:
  &lt;button
    class=&quot;relative flex-1 p-3 rounded-xl flex flex-col items-center gap-2 transition-all ring-2 ring-blue-400/30 shadow-lg shadow-blue-400/20 glass hover:glass-strong&quot;
  /&gt;

  Name &quot;Video&quot;:
  &lt;button
    class=&quot;relative flex-1 p-3 rounded-xl flex flex-col items-center gap-2 transition-all ring-2 ring-blue-400/30 shadow-lg shadow-blue-400/20 glass hover:glass-strong&quot;
  /&gt;

  Name &quot;Add to Map&quot;:
  &lt;button
    class=&quot;inline-flex items-center justify-center gap-2 whitespace-nowrap transition-colors focus-visible:outline-none focus-visible:ring-1 focus-visible:ring-ring disabled:pointer-events-none [&amp;_svg]:pointer-events-none [&amp;_svg]:size-4 [&amp;_svg]:shrink-0 shadow hover:bg-primary/90 h-9 px-4 w-full bg-gradient-to-r from-yellow-300 to-purple-300 hover:from-yellow-400 hover:to-purple-400 text-gray-800 rounded-full py-8 text-lg font-semibold disabled:opacity-50&quot;
    disabled=&quot;&quot;
  /&gt;

  --------------------------------------------------
  textbox:

  Name &quot;&quot;:
  &lt;input
    class=&quot;flex h-9 w-full rounded-md border bg-transparent px-3 py-1 text-sm shadow-sm transition-colors file:border-0 file:bg-transparent file:text-sm file:font-medium file:text-foreground focus-visible:outline-none focus-visible:ring-1 focus-visible:ring-ring disabled:cursor-not-allowed disabled:opacity-50 glass border-white/30 text-gray-800 placeholder:text-gray-500&quot;
    placeholder=&quot;e.g., Health and healing&quot;
    value=&quot;&quot;
  /&gt;

  Name &quot;&quot;:
  &lt;textarea
    class=&quot;flex min-h-[60px] w-full rounded-md border bg-transparent px-3 py-2 text-sm shadow-sm focus-visible:outline-none focus-visible:ring-1 focus-visible:ring-ring disabled:cursor-not-allowed disabled:opacity-50 glass border-white/30 text-gray-800 placeholder:text-gray-500 resize-none&quot;
    placeholder=&quot;Share what&apos;s on your heart...&quot;
    rows=&quot;4&quot;
  /&gt;

  --------------------------------------------------
  paragraph:

  Name &quot;&quot;:
  &lt;p
    class=&quot;text-sm text-gray-700&quot;
  /&gt;

  Name &quot;&quot;:
  &lt;p
    class=&quot;text-xs text-gray-600&quot;
  /&gt;

  --------------------------------------------------
  switch:

  Name &quot;&quot;:
  &lt;button
    aria-checked=&quot;false&quot;
    class=&quot;peer inline-flex h-6 w-11 shrink-0 cursor-pointer items-center rounded-full border border-white/30 shadow-sm transition-all focus-visible:outline-none focus-visible:ring-2 focus-visible:ring-purple-300 focus-visible:ring-offset-2 disabled:cursor-not-allowed disabled:opacity-50 data-[state=checked]:bg-gradient-to-r data-[state=checked]:from-purple-400 data-[state=checked]:to-amber-300 data-[state=unchecked]:bg-gray-300/60&quot;
    data-state=&quot;unchecked&quot;
    role=&quot;switch&quot;
    type=&quot;button&quot;
    value=&quot;on&quot;
  /&gt;

  --------------------------------------------------

Ignored nodes: comments, script, style
&lt;body&gt;
  &lt;div&gt;
    &lt;div
      class=&quot;fixed inset-0 bg-black/20 backdrop-blur-sm z-50 flex items-end sm:items-center justify-center p-4&quot;
      style=&quot;opacity: 0;&quot;
    &gt;
      &lt;div
        class=&quot;bg-gradient-to-br from-white/80 via-white/70 to-purple-50/60 backdrop-blur-2xl rounded-3xl p-6 max-w-md w-full max-h-[90vh] overflow-y-auto border border-white/60 shadow-xl shadow-purple-200/20&quot;
        style=&quot;opacity: 0; transform: translateY(100%);&quot;
      &gt;
        &lt;div
          class=&quot;flex items-center justify-between mb-6&quot;
        &gt;
          &lt;div
            class=&quot;flex items-center gap-3&quot;
          &gt;
            &lt;span
              class=&quot;text-3xl&quot;
            &gt;
              🙏
            &lt;/span&gt;
            &lt;h3
              class=&quot;text-gray-800&quot;
            &gt;
              Request Prayer
            &lt;/h3&gt;
          &lt;/div&gt;
          &lt;button
            class=&quot;p-2 hover:bg-white/20 rounded-full transition-colors&quot;
          &gt;
            &lt;svg
              aria-hidden=&quot;true&quot;
              class=&quot;lucide lucide-x w-5 h-5 text-gray-700&quot;
              fill=&quot;none&quot;
              height=&quot;24&quot;
              stroke=&quot;currentColor&quot;
              stroke-linecap=&quot;round&quot;
              stroke-linejoin=&quot;round&quot;
              stroke-width=&quot;2&quot;
              viewBox=&quot;0 0 24 24&quot;
              width=&quot;24&quot;
              xmlns=&quot;http://www.w3.org/2000/svg&quot;
            &gt;
              &lt;path
                d=&quot;M18 6 6 18&quot;
              /&gt;
              &lt;path
                d=&quot;m6 6 12 12&quot;
              /&gt;
            &lt;/svg&gt;
          &lt;/button&gt;
        &lt;/div&gt;
        &lt;div
          class=&quot;flex gap-2 mb-6&quot;
        &gt;
          &lt;button
            class=&quot;relative flex-1 p-3 rounded-xl flex flex-col items-center gap-2 transition-all ring-2 ring-blue-400/30 shadow-lg shadow-blue-400/20 bg-gradient-to-r from-yellow-300 to-purple-300&quot;
          &gt;
            &lt;div
              class=&quot;absolute inset-0 rounded-xl pointer-events-none&quot;
              style=&quot;background: linear-gradient(90deg, rgba(255, 215, 0, 0.4), rgba(255, 192, 203, 0.4), rgba(147, 112, 219, 0.4), rgba(135, 206, 250, 0.4), rgba(255, 215, 0, 0.4)); padding: 2px; mask-composite: exclude; opacity: 0.6;&quot;
            /&gt;
            &lt;svg
              aria-hidden=&quot;true&quot;
              class=&quot;lucide lucide-type w-5 h-5 text-gray-700&quot;
              fill=&quot;none&quot;
              height=&quot;24&quot;
              stroke=&quot;currentColor&quot;
              stroke-linecap=&quot;round&quot;
              stroke-linejoin=&quot;round&quot;
              stroke-width=&quot;2&quot;
              viewBox=&quot;0 0 24 24&quot;
              width=&quot;24&quot;
              xmlns=&quot;http://www.w3.org/2000/svg&quot;
            &gt;
              &lt;path
                d=&quot;M12 4v16&quot;
              /&gt;
              &lt;path
                d=&quot;M4 7V5a1 1 0 0 1 1-1h14a1 1 0 0 1 1 1v2&quot;
              /&gt;
              &lt;path
                d=&quot;M9 20h6&quot;
              /&gt;
            &lt;/svg&gt;
            &lt;span
              class=&quot;text-sm text-gray-700&quot;
            &gt;
              Text
            &lt;/span&gt;
          &lt;/button&gt;
          &lt;button
            class=&quot;relative flex-1 p-3 rounded-xl flex flex-col items-center gap-2 transition-all ring-2 ring-blue-400/30 shadow-lg shadow-blue-400/20 glass hover:glass-strong&quot;
          &gt;
            &lt;svg
              aria-hidden=&quot;true&quot;
              class=&quot;lucide lucide-mic w-5 h-5 text-gray-700&quot;
              fill=&quot;none&quot;
              height=&quot;24&quot;
              stroke=&quot;currentColor&quot;
              stroke-linecap=&quot;round&quot;
              stroke-linejoin=&quot;round&quot;
              stroke-width=&quot;2&quot;
              viewBox=&quot;0 0 24 24&quot;
              width=&quot;24&quot;
              xmlns=&quot;http://www.w3.org/2000/svg&quot;
            &gt;
              &lt;path
                d=&quot;M12 19v3&quot;
              /&gt;
              &lt;path
                d=&quot;M19 10v2a7 7 0 0 1-14 0v-2&quot;
              /&gt;
              &lt;rect
                height=&quot;13&quot;
                rx=&quot;3&quot;
                width=&quot;6&quot;
                x=&quot;9&quot;
                y=&quot;2&quot;
              /&gt;
            &lt;/svg&gt;
            &lt;span
              class=&quot;text-sm text-gray-700&quot;
            &gt;
              Audio
            &lt;/span&gt;
          &lt;/button&gt;
          &lt;button
            class=&quot;relative flex-1 p-3 rounded-xl flex flex-col items-center gap-2 transition-all ring-2 ring-blue-400/30 shadow-lg shadow-blue-400/20 glass hover:glass-strong&quot;
          &gt;
            &lt;svg
              aria-hidden=&quot;true&quot;
              class=&quot;lucide lucide-video w-5 h-5 text-gray-700&quot;
              fill=&quot;none&quot;
              height=&quot;24&quot;
              stroke=&quot;currentColor&quot;
              stroke-linecap=&quot;round&quot;
              stroke-linejoin=&quot;round&quot;
              stroke-width=&quot;2&quot;
              viewBox=&quot;0 0 24 24&quot;
              width=&quot;24&quot;
              xmlns=&quot;http://www.w3.org/2000/svg&quot;
            &gt;
              &lt;path
                d=&quot;m16 13 5.223 3.482a.5.5 0 0 0 .777-.416V7.87a.5.5 0 0 0-.752-.432L16 10.5&quot;
              /&gt;
              &lt;rect
                height=&quot;12&quot;
                rx=&quot;2&quot;
                width=&quot;14&quot;
                x=&quot;2&quot;
                y=&quot;6&quot;
              /&gt;
            &lt;/svg&gt;
            &lt;span
              class=&quot;text-sm text-gray-700&quot;
            &gt;
              Video
            &lt;/span&gt;
          &lt;/button&gt;
        &lt;/div&gt;
        &lt;div
          class=&quot;space-y-4 mb-6&quot;
        &gt;
          &lt;div&gt;
            &lt;label
              class=&quot;block text-sm text-gray-700 mb-2&quot;
            &gt;
              Title (optional)
            &lt;/label&gt;
            &lt;input
              class=&quot;flex h-9 w-full rounded-md border bg-transparent px-3 py-1 text-sm shadow-sm transition-colors file:border-0 file:bg-transparent file:text-sm file:font-medium file:text-foreground focus-visible:outline-none focus-visible:ring-1 focus-visible:ring-ring disabled:cursor-not-allowed disabled:opacity-50 glass border-white/30 text-gray-800 placeholder:text-gray-500&quot;
              placeholder=&quot;e.g., Health and healing&quot;
              value=&quot;&quot;
            /&gt;
          &lt;/div&gt;
          &lt;div&gt;
            &lt;label
              class=&quot;block text-sm text-gray-700 mb-2&quot;
            &gt;
              Prayer Request
            &lt;/label&gt;
            &lt;textarea
              class=&quot;flex min-h-[60px] w-full rounded-md border bg-transparent px-3 py-2 text-sm shadow-sm focus-visible:outline-none focus-visible:ring-1 focus-visible:ring-ring disabled:cursor-not-allowed disabled:opacity-50 glass border-white/30 text-gray-800 placeholder:text-gray-500 resize-none&quot;
              placeholder=&quot;Share what&apos;s on your heart...&quot;
              rows=&quot;4&quot;
            /&gt;
          &lt;/div&gt;
          &lt;div
            class=&quot;flex items-center justify-between glass rounded-xl p-4&quot;
          &gt;
            &lt;div&gt;
              &lt;p
                class=&quot;text-sm text-gray-700&quot;
              &gt;
                Post anonymously
              &lt;/p&gt;
              &lt;p
                class=&quot;text-xs text-gray-600&quot;
              &gt;
                Hide your identity
              &lt;/p&gt;
            &lt;/div&gt;
            &lt;button
              aria-checked=&quot;false&quot;
              class=&quot;peer inline-flex h-6 w-11 shrink-0 cursor-pointer items-center rounded-full border border-white/30 shadow-sm transition-all focus-visible:outline-none focus-visible:ring-2 focus-visible:ring-purple-300 focus-visible:ring-offset-2 disabled:cursor-not-allowed disabled:opacity-50 data-[state=checked]:bg-gradient-to-r data-[state=checked]:from-purple-400 data-[state=checked]:to-amber-300 data-[state=unchecked]:bg-gray-300/60&quot;
              data-state=&quot;unchecked&quot;
              role=&quot;switch&quot;
              type=&quot;button&quot;
              value=&quot;on&quot;
            &gt;
              &lt;span
                class=&quot;pointer-events-none block h-5 w-5 rounded-full bg-white shadow-md ring-0 transition-transform data-[state=checked]:translate-x-5 data-[state=unchecked]:translate-x-0&quot;
                data-state=&quot;unchecked&quot;
              /&gt;
            &lt;/button&gt;
          &lt;/div&gt;
        &lt;/div&gt;
        &lt;button
          class=&quot;inline-flex items-center justify-center gap-2 whitespace-nowrap transition-colors focus-visible:outline-none focus-visible:ring-1 focus-visible:ring-ring disabled:pointer-events-none [&amp;_svg]:pointer-events-none [&amp;_svg]:size-4 [&amp;_svg]:shrink-0 shadow hover:bg-primary/90 h-9 px-4 w-full bg-gradient-to-r from-yellow-300 to-purple-300 hover:from-yellow-400 hover:to-purple-400 text-gray-800 rounded-full py-8 text-lg font-semibold disabled:opacity-50&quot;
          disabled=&quot;&quot;
        &gt;
          Add to Map
        &lt;/button&gt;
      &lt;/div&gt;
    &lt;/div&gt;
  &lt;/div&gt;
&lt;/body&gt;
 ❯ Object.getElementError node_modules/@testing-library/dom/dist/config.js:37:19
 ❯ node_modules/@testing-library/dom/dist/query-helpers.js:76:38
 ❯ node_modules/@testing-library/dom/dist/query-helpers.js:52:17
 ❯ node_modules/@testing-library/dom/dist/query-helpers.js:95:19
 ❯ src/components/__tests__/RequestPrayerModal.test.tsx:141:21
            </failure>
        </testcase>
        <testcase classname="src/components/__tests__/RequestPrayerModal.test.tsx" name="RequestPrayerModal &gt; content type selection &gt; should show AudioRecorder for audio type" time="0.078803072">
        </testcase>
        <testcase classname="src/components/__tests__/RequestPrayerModal.test.tsx" name="RequestPrayerModal &gt; content type selection &gt; should show VideoRecorder for video type" time="0.064910065">
        </testcase>
        <testcase classname="src/components/__tests__/RequestPrayerModal.test.tsx" name="RequestPrayerModal &gt; content type selection &gt; should highlight selected content type" time="0.050798013">
        </testcase>
        <testcase classname="src/components/__tests__/RequestPrayerModal.test.tsx" name="RequestPrayerModal &gt; content type selection &gt; should reset content when switching types" time="0.207617843">
        </testcase>
        <testcase classname="src/components/__tests__/RequestPrayerModal.test.tsx" name="RequestPrayerModal &gt; text prayer submission &gt; should enable submit when content entered" time="0.273813294">
        </testcase>
        <testcase classname="src/components/__tests__/RequestPrayerModal.test.tsx" name="RequestPrayerModal &gt; text prayer submission &gt; should disable submit when content empty" time="0.085285335">
        </testcase>
        <testcase classname="src/components/__tests__/RequestPrayerModal.test.tsx" name="RequestPrayerModal &gt; text prayer submission &gt; should call onSubmit with prayer data" time="0.367605557">
        </testcase>
        <testcase classname="src/components/__tests__/RequestPrayerModal.test.tsx" name="RequestPrayerModal &gt; text prayer submission &gt; should include anonymous flag when toggled" time="0.278499374">
        </testcase>
        <testcase classname="src/components/__tests__/RequestPrayerModal.test.tsx" name="RequestPrayerModal &gt; audio prayer submission &gt; should enable submit when audio recorded" time="0.165269374">
        </testcase>
        <testcase classname="src/components/__tests__/RequestPrayerModal.test.tsx" name="RequestPrayerModal &gt; audio prayer submission &gt; should upload audio on submit" time="0.196999819">
        </testcase>
        <testcase classname="src/components/__tests__/RequestPrayerModal.test.tsx" name="RequestPrayerModal &gt; audio prayer submission &gt; should show loading state during upload" time="0.283662074">
        </testcase>
        <testcase classname="src/components/__tests__/RequestPrayerModal.test.tsx" name="RequestPrayerModal &gt; audio prayer submission &gt; should show error on upload failure" time="1.204820632">
            <system-err>
Error uploading audio: Error: Upload failed
    at [90m/home/user/prayermap/[39msrc/components/__tests__/RequestPrayerModal.test.tsx:391:63
    at [90mfile:///home/user/prayermap/[39mnode_modules/[4m@vitest/runner[24m/dist/index.js:145:11
    at [90mfile:///home/user/prayermap/[39mnode_modules/[4m@vitest/runner[24m/dist/index.js:919:26
    at [90mfile:///home/user/prayermap/[39mnode_modules/[4m@vitest/runner[24m/dist/index.js:1244:20
    at new Promise (&lt;anonymous&gt;)
    at runWithTimeout [90m(file:///home/user/prayermap/[39mnode_modules/[4m@vitest/runner[24m/dist/index.js:1210:10[90m)[39m
    at [90mfile:///home/user/prayermap/[39mnode_modules/[4m@vitest/runner[24m/dist/index.js:1654:37
    at Traces.$ [90m(file:///home/user/prayermap/[39mnode_modules/[4mvitest[24m/dist/chunks/traces.U4xDYhzZ.js:115:27[90m)[39m
    at trace [90m(file:///home/user/prayermap/[39mnode_modules/[4mvitest[24m/dist/chunks/test.DqQZzsWf.js:234:21[90m)[39m
    at runTest [90m(file:///home/user/prayermap/[39mnode_modules/[4m@vitest/runner[24m/dist/index.js:1654:12[90m)[39m

            </system-err>
            <failure message="Unable to find an element with the text: /failed to upload audio/i. This could be because the text is broken up by multiple elements. In this case, you can provide a function for your text matcher to make your matcher more flexible.

Ignored nodes: comments, script, style
[36m&lt;body&gt;[39m
  [36m&lt;div&gt;[39m
    [36m&lt;div[39m
      [33mclass[39m=[32m&quot;fixed inset-0 bg-black/20 backdrop-blur-sm z-50 flex items-end sm:items-center justify-center p-4&quot;[39m
      [33mstyle[39m=[32m&quot;opacity: 1;&quot;[39m
    [36m&gt;[39m
      [36m&lt;div[39m
        [33mclass[39m=[32m&quot;bg-gradient-to-br from-white/80 via-white/70 to-purple-50/60 backdrop-blur-2xl rounded-3xl p-6 max-w-md w-full max-h-[90vh] overflow-y-auto border border-white/60 shadow-xl shadow-purple-200/20&quot;[39m
        [33mstyle[39m=[32m&quot;opacity: 1; transform: none;&quot;[39m
      [36m&gt;[39m
        [36m&lt;div[39m
          [33mclass[39m=[32m&quot;flex items-center justify-between mb-6&quot;[39m
        [36m&gt;[39m
          [36m&lt;div[39m
            [33mclass[39m=[32m&quot;flex items-center gap-3&quot;[39m
          [36m&gt;[39m
            [36m&lt;span[39m
              [33mclass[39m=[32m&quot;text-3xl&quot;[39m
            [36m&gt;[39m
              [0m🙏[0m
            [36m&lt;/span&gt;[39m
            [36m&lt;h3[39m
              [33mclass[39m=[32m&quot;text-gray-800&quot;[39m
            [36m&gt;[39m
              [0mRequest Prayer[0m
            [36m&lt;/h3&gt;[39m
          [36m&lt;/div&gt;[39m
          [36m&lt;button[39m
            [33mclass[39m=[32m&quot;p-2 hover:bg-white/20 rounded-full transition-colors&quot;[39m
          [36m&gt;[39m
            [36m&lt;svg[39m
              [33maria-hidden[39m=[32m&quot;true&quot;[39m
              [33mclass[39m=[32m&quot;lucide lucide-x w-5 h-5 text-gray-700&quot;[39m
              [33mfill[39m=[32m&quot;none&quot;[39m
              [33mheight[39m=[32m&quot;24&quot;[39m
              [33mstroke[39m=[32m&quot;currentColor&quot;[39m
              [33mstroke-linecap[39m=[32m&quot;round&quot;[39m
              [33mstroke-linejoin[39m=[32m&quot;round&quot;[39m
              [33mstroke-width[39m=[32m&quot;2&quot;[39m
              [33mviewBox[39m=[32m&quot;0 0 24 24&quot;[39m
              [33mwidth[39m=[32m&quot;24&quot;[39m
              [33mxmlns[39m=[32m&quot;http://www.w3.org/2000/svg&quot;[39m
            [36m&gt;[39m
              [36m&lt;path[39m
                [33md[39m=[32m&quot;M18 6 6 18&quot;[39m
              [36m/&gt;[39m
              [36m&lt;path[39m
                [33md[39m=[32m&quot;m6 6 12 12&quot;[39m
              [36m/&gt;[39m
            [36m&lt;/svg&gt;[39m
          [36m&lt;/button&gt;[39m
        [36m&lt;/div&gt;[39m
        [36m&lt;div[39m
          [33mclass[39m=[32m&quot;flex gap-2 mb-6&quot;[39m
        [36m&gt;[39m
          [36m&lt;button[39m
            [33mclass[39m=[32m&quot;relative flex-1 p-3 rounded-xl flex flex-col items-center gap-2 transition-all ring-2 ring-blue-400/30 shadow-lg shadow-blue-400/20 glass hover:glass-strong&quot;[39m
          [36m&gt;[39m
            [36m&lt;svg[39m
              [33maria-hidden[39m=[32m&quot;true&quot;[39m
              [33mclass[39m=[32m&quot;lucide lucide-type w-5 h-5 text-gray-700&quot;[39m
              [33mfill[39m=[32m&quot;none&quot;[39m
              [33mheight[39m=[32m&quot;24&quot;[39m
              [33mstroke[39m=[32m&quot;currentColor&quot;[39m
              [33mstroke-linecap[39m=[32m&quot;round&quot;[39m
              [33mstroke-linejoin[39m=[32m&quot;round&quot;[39m
              [33mstroke-width[39m=[32m&quot;2&quot;[39m
              [33mviewBox[39m=[32m&quot;0 0 24 24&quot;[39m
              [33mwidth[39m=[32m&quot;24&quot;[39m
              [33mxmlns[39m=[32m&quot;http://www.w3.org/2000/svg&quot;[39m
            [36m&gt;[39m
              [36m&lt;path[39m
                [33md[39m=[32m&quot;M12 4v16&quot;[39m
              [36m/&gt;[39m
              [36m&lt;path[39m
                [33md[39m=[32m&quot;M4 7V5a1 1 0 0 1 1-1h14a1 1 0 0 1 1 1v2&quot;[39m
              [36m/&gt;[39m
              [36m&lt;path[39m
                [33md[39m=[32m&quot;M9 20h6&quot;[39m
              [36m/&gt;[39m
            [36m&lt;/svg&gt;[39m
            [36m&lt;span[39m
              [33mclass[39m=[32m&quot;text-sm text-gray-700&quot;[39m
            [36m&gt;[39m
              [0mText[0m
            [36m&lt;/span&gt;[39m
          [36m&lt;/button&gt;[39m
          [36m&lt;button[39m
            [33mclass[39m=[32m&quot;relative flex-1 p-3 rounded-xl flex flex-col items-center gap-2 transition-all ring-2 ring-blue-400/30 shadow-lg shadow-blue-400/20 bg-gradient-to-r from-yellow-300 to-purple-300&quot;[39m
          [36m&gt;[39m
            [36m&lt;div[39m
              [33mclass[39m=[32m&quot;absolute inset-0 rounded-xl pointer-events-none&quot;[39m
              [33mstyle[39m=[32m&quot;background: linear-gradient(90deg, rgba(255, 215, 0, 0.4), rgba(255, 192, 203, 0.4), rgba(147, 112, 219, 0.4), rgba(135, 206, 250, 0.4), rgba(255, 215, 0, 0.4)); padding: 2px; mask-composite: exclude; opacity: 0.6;&quot;[39m
            [36m/&gt;[39m
            [36m&lt;svg[39m
              [33maria-hidden[39m=[32m&quot;true&quot;[39m
              [33mclass[39m=[32m&quot;lucide lucide-mic w-5 h-5 text-gray-700&quot;[39m
              [33mfill[39m=[32m&quot;none&quot;[39m
              [33mheight[39m=[32m&quot;24&quot;[39m
              [33mstroke[39m=[32m&quot;currentColor&quot;[39m
              [33mstroke-linecap[39m=[32m&quot;round&quot;[39m
              [33mstroke-linejoin[39m=[32m&quot;round&quot;[39m
              [33mstroke-width[39m=[32m&quot;2&quot;[39m
              [33mviewBox[39m=[32m&quot;0 0 24 24&quot;[39m
              [33mwidth[39m=[32m&quot;24&quot;[39m
              [33mxmlns[39m=[32m&quot;http://www.w3.org/2000/svg&quot;[39m
            [36m&gt;[39m
              [36m&lt;path[39m
                [33md[39m=[32m&quot;M12 19v3&quot;[39m
              [36m/&gt;[39m
              [36m&lt;path[39m
                [33md[39m=[32m&quot;M19 10v2a7 7 0 0 1-14 0v-2&quot;[39m
              [36m/&gt;[39m
              [36m&lt;rect[39m
                [33mheight[39m=[32m&quot;13&quot;[39m
                [33mrx[39m=[32m&quot;3&quot;[39m
                [33mwidth[39m=[32m&quot;6&quot;[39m
                [33mx[39m=[32m&quot;9&quot;[39m
                [33my[39m=[32m&quot;2&quot;[39m
              [36m/&gt;[39m
            [36m&lt;/svg&gt;[39m
            [36m&lt;span[39m
              [33mclass[39m=[32m&quot;text-sm text-gray-700&quot;[39m
            [36m&gt;[39m
              [0mAudio[0m
            [36m&lt;/span&gt;[39m
          [36m&lt;/button&gt;[39m
          [36m&lt;button[39m
            [33mclass[39m=[32m&quot;relative flex-1 p-3 rounded-xl flex flex-col items-center gap-2 transition-all ring-2 ring-blue-400/30 shadow-lg shadow-blue-400/20 glass hover:glass-strong&quot;[39m
          [36m&gt;[39m
            [36m&lt;svg[39m
              [33maria-hidden[39m=[32m&quot;true&quot;[39m
              [33mclass[39m=[32m&quot;lucide lucide-video w-5 h-5 text-gray-700&quot;[39m
              [33mfill[39m=[32m&quot;none&quot;[39m
              [33mheight[39m=[32m&quot;24&quot;[39m
              [33mstroke[39m=[32m&quot;currentColor&quot;[39m
              [33mstroke-linecap[39m=[32m&quot;round&quot;[39m
              [33mstroke-linejoin[39m=[32m&quot;round&quot;[39m
              [33mstroke-width[39m=[32m&quot;2&quot;[39m
              [33mviewBox[39m=[32m&quot;0 0 24 24&quot;[39m
              [33mwidth[39m=[32m&quot;24&quot;[39m
              [33mxmlns[39m=[32m&quot;http://www.w3.org/2000/svg&quot;[39m
            [36m&gt;[39m
              [36m&lt;path[39m
                [33md[39m=[32m&quot;m16 13 5.223 3.482a.5.5 0 0 0 .777-.416V7.87a.5.5 0 0 0-.752-.432L16 10.5&quot;[39m
              [36m/&gt;[39m
              [36m&lt;rect[39m
                [33mheight[39m=[32m&quot;12&quot;[39m
                [33mrx[39m=[32m&quot;2&quot;[39m
                [33mwidth[39m=[32m&quot;14&quot;[39m
                [33mx[39m=[32m&quot;2&quot;[39m
                [33my[39m=[32m&quot;6&quot;[39m
              [36m/&gt;[39m
            [36m&lt;/svg&gt;[39m
            [36m&lt;span[39m
              [33mclass[39m=[32m&quot;text-sm text-gray-700&quot;[39m
            [36m&gt;[39m
              [0mVideo[0m
            [36m&lt;/span&gt;[39m
          [36m&lt;/button&gt;[39m
        [36m&lt;/div&gt;[39m
        [36m&lt;div[39m
          [33mclass[39m=[32m&quot;space-y-4 mb-6&quot;[39m
        [36m&gt;[39m
          [36m&lt;div&gt;[39m
            [36m&lt;label[39m
              [33mclass[39m=[32m&quot;block text-sm text-gray-700 mb-2&quot;[39m
            [36m&gt;[39m
              [0mTitle (optional)[0m
            [36m&lt;/label&gt;[39m
            [36m&lt;input[39m
              [33mclass[39m=[32m&quot;flex h-9 w-full rounded-md border bg-transparent px-3 py-1 text-sm shadow-sm transition-colors file:border-0 file:bg-transparent file:text-sm file:font-medium file:text-foreground focus-visible:outline-none focus-visible:ring-1 focus-visible:ring-ring disabled:cursor-not-allowed disabled:opacity-50 glass border-white/30 text-gray-800 placeholder:text-gray-500&quot;[39m
              [33mplaceholder[39m=[32m&quot;e.g., Health and healing&quot;[39m
              [33mvalue[39m=[32m&quot;&quot;[39m
            [36m/&gt;[39m
          [36m&lt;/div&gt;[39m
          [36m&lt;div[39m
            [33mclass[39m=[32m&quot;glass rounded-xl p-4&quot;[39m
          [36m&gt;[39m
            [36m&lt;p[39m
              [33mclass[39m=[32m&quot;text-sm text-gray-700 mb-4 text-center&quot;[39m
            [36m&gt;[39m
              [0mRecord your prayer request[0m
            [36m&lt;/p&gt;[39m
            [36m&lt;div[39m
              [33mdata-testid[39m=[32m&quot;audio-recorder&quot;[39m
            [36m&gt;[39m
              [36m&lt;button&gt;[39m
                [0mComplete Audio Recording[0m
              [36m&lt;/button&gt;[39m
            [36m&lt;/div&gt;[39m
            [36m&lt;p[39m
              [33mclass[39m=[32m&quot;text-sm text-red-500 mt-3 text-center&quot;[39m
            [36m&gt;[39m
              [0mUpload failed[0m
            [36m&lt;/p&gt;[39m
            [36m&lt;p[39m
              [33mclass[39m=[32m&quot;text-sm text-green-600 mt-3 text-center&quot;[39m
            [36m&gt;[39m
              [0mRecording ready ([0m
              [0m0:45[0m
              [0m)[0m
            [36m&lt;/p&gt;[39m
          [36m&lt;/div&gt;[39m
          [36m&lt;div[39m
            [33mclass[39m=[32m&quot;flex items-center justify-between glass rounded-xl p-4&quot;[39m
          [36m&gt;[39m
            [36m&lt;div&gt;[39m
              [36m&lt;p[39m
                [33mclass[39m=[32m&quot;text-sm text-gray-700&quot;[39m
              [36m&gt;[39m
                [0mPost anonymously[0m
              [36m&lt;/p&gt;[39m
              [36m&lt;p[39m
                [33mclass[39m=[32m&quot;text-xs text-gray-600&quot;[39m
              [36m&gt;[39m
                [0mHide your identity[0m
              [36m&lt;/p&gt;[39m
            [36m&lt;/div&gt;[39m
            [36m&lt;button[39m
              [33maria-checked[39m=[32m&quot;false&quot;[39m
              [33mclass[39m=[32m&quot;peer inline-flex h-6 w-11 shrink-0 cursor-pointer items-center rounded-full border border-white/30 shadow-sm transition-all focus-visible:outline-none focus-visible:ring-2 focus-visible:ring-purple-300 focus-visible:ring-offset-2 disabled:cursor-not-allowed disabled:opacity-50 data-[state=checked]:bg-gradient-to-r data-[state=checked]:from-purple-400 data-[state=checked]:to-amber-300 data-[state=unchecked]:bg-gray-300/60&quot;[39m
              [33mdata-state[39m=[32m&quot;unchecked&quot;[39m
              [33mrole[39m=[32m&quot;switch&quot;[39m
              [33mtype[39m=[32m&quot;button&quot;[39m
              [33mvalue[39m=[32m&quot;on&quot;[39m
            [36m&gt;[39m
              [36m&lt;span[39m
                [33mclass[39m=[32m&quot;pointer-events-none block h-5 w-5 rounded-full bg-white shadow-md ring-0 transition-transform data-[state=checked]:translate-x-5 data-[state=unchecked]:translate-x-0&quot;[39m
                [33mdata-state[39m=[32m&quot;unchecked&quot;[39m
              [36m/&gt;[39m
            [36m&lt;/button&gt;[39m
          [36m&lt;/div&gt;[39m
        [36m&lt;/div&gt;[39m
        [36m&lt;div[39m
          [33mclass[39m=[32m&quot;mb-4 p-4 bg-red-50 border border-red-200 rounded-xl flex items-start gap-3&quot;[39m
          [33mstyle[39m=[32m&quot;opacity: 1; transform: none;&quot;[39m
        [36m&gt;[39m
          [36m&lt;svg[39m
            [33maria-hidden[39m=[32m&quot;true&quot;[39m
            [33mclass[39m=[32m&quot;lucide lucide-circle-alert w-5 h-5 text-red-600 flex-shrink-0 mt-0.5&quot;[39m
            [33mfill[39m=[32m&quot;none&quot;[39m
            [33mheight[39m=[32m&quot;24&quot;[39m
            [33mstroke[39m=[32m&quot;currentColor&quot;[39m
            [33mstroke-linecap[39m=[32m&quot;round&quot;[39m
            [33mstroke-linejoin[39m=[32m&quot;round&quot;[39m
            [33mstroke-width[39m=[32m&quot;2&quot;[39m
            [33mviewBox[39m=[32m&quot;0 0 24 24&quot;[39m
            [33mwidth[39m=[32m&quot;24&quot;[39m
            [33mxmlns[39m=[32m&quot;http://www.w3.org/2000/svg&quot;[39m
          [36m&gt;[39m
            [36m&lt;circle[39m
              [33mcx[39m=[32m&quot;12&quot;[39m
              [33mcy[39m=[32m&quot;12&quot;[39m
              [33mr[39m=[32m&quot;10&quot;[39m
            [36m/&gt;[39m
            [36m&lt;line[39m
              [33mx1[39m=[32m&quot;12&quot;[39m
              [33mx2[39m=[32m&quot;12&quot;[39m
              [33my1[39m=[32m&quot;8&quot;[39m
              [33my2[39m=[32m&quot;12&quot;[39m
            [36m/&gt;[39m
            [36m&lt;line[39m
              [33mx1[39m=[32m&quot;12&quot;[39m
              [33mx2[39m=[32m&quot;12.01&quot;[39m
              [33my1[39m=[32m&quot;16&quot;[39m
              [33my2[39m=[32m&quot;16&quot;[39m
            [36m/&gt;[39m
          [36m&lt;/svg&gt;[39m
          [36m&lt;div[39m
            [33mclass[39m=[32m&quot;flex-1&quot;[39m
          [36m&gt;[39m
            [36m&lt;p[39m
              [33mclass[39m=[32m&quot;text-sm font-medium text-red-800&quot;[39m
            [36m&gt;[39m
              [0mError[0m
            [36m&lt;/p&gt;[39m
            [36m&lt;p[39m
              [33mclass[39m=[32m&quot;text-sm text-red-700&quot;[39m
            [36m&gt;[39m
              [0mUpload failed[0m
            [36m&lt;/p&gt;[39m
          [36m&lt;/div&gt;[39m
        [36m&lt;/div&gt;[39m
        [36m&lt;button[39m
          [33mclass[39m=[32m&quot;inline-flex items-center justify-center gap-2 whitespace-nowrap transition-colors focus-visible:outline-none focus-visible:ring-1 focus-visible:ring-ring disabled:pointer-events-none [&amp;_svg]:pointer-events-none [&amp;_svg]:size-4 [&amp;_svg]:shrink-0 shadow hover:bg-primary/90 h-9 px-4 w-full bg-gradient-to-r from-yellow-300 to-purple-300 hover:from-yellow-400 hover:to-purple-400 text-gray-800 rounded-full py-8 text-lg font-semibold disabled:opacity-50&quot;[39m
        [36m&gt;[39m
          [0mAdd to Map[0m
        [36m&lt;/button&gt;[39m
      [36m&lt;/div&gt;[39m
    [36m&lt;/div&gt;[39m
  [36m&lt;/div&gt;[39m
[36m&lt;/body&gt;[39m

Ignored nodes: comments, script, style
[36m&lt;html&gt;[39m
  [36m&lt;head /&gt;[39m
  [36m&lt;body&gt;[39m
    [36m&lt;div&gt;[39m
      [36m&lt;div[39m
        [33mclass[39m=[32m&quot;fixed inset-0 bg-black/20 backdrop-blur-sm z-50 flex items-end sm:items-center justify-center p-4&quot;[39m
        [33mstyle[39m=[32m&quot;opacity: 1;&quot;[39m
      [36m&gt;[39m
        [36m&lt;div[39m
          [33mclass[39m=[32m&quot;bg-gradient-to-br from-white/80 via-white/70 to-purple-50/60 backdrop-blur-2xl rounded-3xl p-6 max-w-md w-full max-h-[90vh] overflow-y-auto border border-white/60 shadow-xl shadow-purple-200/20&quot;[39m
          [33mstyle[39m=[32m&quot;opacity: 1; transform: none;&quot;[39m
        [36m&gt;[39m
          [36m&lt;div[39m
            [33mclass[39m=[32m&quot;flex items-center justify-between mb-6&quot;[39m
          [36m&gt;[39m
            [36m&lt;div[39m
              [33mclass[39m=[32m&quot;flex items-center gap-3&quot;[39m
            [36m&gt;[39m
              [36m&lt;span[39m
                [33mclass[39m=[32m&quot;text-3xl&quot;[39m
              [36m&gt;[39m
                [0m🙏[0m
              [36m&lt;/span&gt;[39m
              [36m&lt;h3[39m
                [33mclass[39m=[32m&quot;text-gray-800&quot;[39m
              [36m&gt;[39m
                [0mRequest Prayer[0m
              [36m&lt;/h3&gt;[39m
            [36m&lt;/div&gt;[39m
            [36m&lt;button[39m
              [33mclass[39m=[32m&quot;p-2 hover:bg-white/20 rounded-full transition-colors&quot;[39m
            [36m&gt;[39m
              [36m&lt;svg[39m
                [33maria-hidden[39m=[32m&quot;true&quot;[39m
                [33mclass[39m=[32m&quot;lucide lucide-x w-5 h-5 text-gray-700&quot;[39m
                [33mfill[39m=[32m&quot;none&quot;[39m
                [33mheight[39m=[32m&quot;24&quot;[39m
                [33mstroke[39m=[32m&quot;currentColor&quot;[39m
                [33mstroke-linecap[39m=[32m&quot;round&quot;[39m
                [33mstroke-linejoin[39m=[32m&quot;round&quot;[39m
                [33mstroke-width[39m=[32m&quot;2&quot;[39m
                [33mviewBox[39m=[32m&quot;0 0 24 24&quot;[39m
                [33mwidth[39m=[32m&quot;24&quot;[39m
                [33mxmlns[39m=[32m&quot;http://www.w3.org/2000/svg&quot;[39m
              [36m&gt;[39m
                [36m&lt;path[39m
                  [33md[39m=[32m&quot;M18 6 6 18&quot;[39m
                [36m/&gt;[39m
                [36m&lt;path[39m
                  [33md[39m=[32m&quot;m6 6 12 12&quot;[39m
                [36m/&gt;[39m
              [36m&lt;/svg&gt;[39m
            [36m&lt;/button&gt;[39m
          [36m&lt;/div&gt;[39m
          [36m&lt;div[39m
            [33mclass[39m=[32m&quot;flex gap-2 mb-6&quot;[39m
          [36m&gt;[39m
            [36m&lt;button[39m
              [33mclass[39m=[32m&quot;relative flex-1 p-3 rounded-xl flex flex-col items-center gap-2 transition-all ring-2 ring-blue-400/30 shadow-lg shadow-blue-400/20 glass hover:glass-strong&quot;[39m
            [36m&gt;[39m
              [36m&lt;svg[39m
                [33maria-hidden[39m=[32m&quot;true&quot;[39m
                [33mclass[39m=[32m&quot;lucide lucide-type w-5 h-5 text-gray-700&quot;[39m
                [33mfill[39m=[32m&quot;none&quot;[39m
                [33mheight[39m=[32m&quot;24&quot;[39m
                [33mstroke[39m=[32m&quot;currentColor&quot;[39m
                [33mstroke-linecap[39m=[32m&quot;round&quot;[39m
                [33mstroke-linejoin[39m=[32m&quot;round&quot;[39m
                [33mstroke-width[39m=[32m&quot;2&quot;[39m
                [33mviewBox[39m=[32m&quot;0 0 24 24&quot;[39m
                [33mwidth[39m=[32m&quot;24&quot;[39m
                [33mxmlns[39m=[32m&quot;http://www.w3.org/2000/svg&quot;[39m
              [36m&gt;[39m
                [36m&lt;path[39m
                  [33md[39m=[32m&quot;M12 4v16&quot;[39m
                [36m/&gt;[39m
                [36m&lt;path[39m
                  [33md[39m=[32m&quot;M4 7V5a1 1 0 0 1 1-1h14a1 1 0 0 1 1 1v2&quot;[39m
                [36m/&gt;[39m
                [36m&lt;path[39m
                  [33md[39m=[32m&quot;M9 20h6&quot;[39m
                [36m/&gt;[39m
              [36m&lt;/svg&gt;[39m
              [36m&lt;span[39m
                [33mclass[39m=[32m&quot;text-sm text-gray-700&quot;[39m
              [36m&gt;[39m
                [0mText[0m
              [36m&lt;/span&gt;[39m
            [36m&lt;/button&gt;[39m
            [36m&lt;button[39m
              [33mclass[39m=[32m&quot;relative flex-1 p-3 rounded-xl flex flex-col items-center gap-2 transition-all ring-2 ring-blue-400/30 shadow-lg shadow-blue-400/20 bg-gradient-to-r from-yellow-300 to-purple-300&quot;[39m
            [36m&gt;[39m
              [36m&lt;div[39m
                [33mclass[39m=[32m&quot;absolute inset-0 rounded-xl pointer-events-none&quot;[39m
                [33mstyle[39m=[32m&quot;background: linear-gradient(90deg, rgba(255, 215, 0, 0.4), rgba(255, 192, 203, 0.4), rgba(147, 112, 219, 0.4), rgba(135, 206, 250, 0.4), rgba(255, 215, 0, 0.4)); padding: 2px; mask-composite: exclude; opacity: 0.6;&quot;[39m
              [36m/&gt;[39m
              [36m&lt;svg[39m
                [33maria-hidden[39m=[32m&quot;true&quot;[39m
                [33mclass[39m=[32m&quot;lucide lucide-mic w-5 h-5 text-gray-700&quot;[39m
                [33mfill[39m=[32m&quot;none&quot;[39m
                [33mheight[39m=[32m&quot;24&quot;[39m
                [33mstroke[39m=[32m&quot;currentColor&quot;[39m
                [33mstroke-linecap[39m=[32m&quot;round&quot;[39m
                [33mstroke-linejoin[39m=[32m&quot;round&quot;[39m
                [33mstroke-width[39m=[32m&quot;2&quot;[39m
                [33mviewBox[39m=[32m&quot;0 0 24 24&quot;[39m
                [33mwidth[39m=[32m&quot;24&quot;[39m
                [33mxmlns[39m=[32m&quot;http://www.w3.org/2000/svg&quot;[39m
              [36m&gt;[39m
                [36m&lt;path[39m
                  [33md[39m=[32m&quot;M12 19v3&quot;[39m
                [36m/&gt;[39m
                [36m&lt;path[39m
                  [33md[39m=[32m&quot;M19 10v2a7 7 0 0 1-14 0v-2&quot;[39m
                [36m/&gt;[39m
                [36m&lt;rect[39m
                  [33mheight[39m=[32m&quot;13&quot;[39m
                  [33mrx[39m=[32m&quot;3&quot;[39m
                  [33mwidth[39m=[32m&quot;6&quot;[39m
                  [33mx[39m=[32m&quot;9&quot;[39m
                  [33my[39m=[32m&quot;2&quot;[39m
                [36m/&gt;[39m
              [36m&lt;/svg&gt;[39m
              [36m&lt;span[39m
                [33mclass[39m=[32m&quot;text-sm text-gray-700&quot;[39m
              [36m&gt;[39m
                [0mAudio[0m
              [36m&lt;/span&gt;[39m
            [36m&lt;/button&gt;[39m
            [36m&lt;button[39m
              [33mclass[39m=[32m&quot;relative flex-1 p-3 rounded-xl flex flex-col items-center gap-2 transition-all ring-2 ring-blue-400/30 shadow-lg shadow-blue-400/20 glass hover:glass-strong&quot;[39m
            [36m&gt;[39m
              [36m&lt;svg[39m
                [33maria-hidden[39m=[32m&quot;true&quot;[39m
                [33mclass[39m=[32m&quot;lucide lucide-video w-5 h-5 text-gray-700&quot;[39m
                [33mfill[39m=[32m&quot;none&quot;[39m
                [33mheight[39m=[32m&quot;24&quot;[39m
                [33mstroke[39m=[32m&quot;currentColor&quot;[39m
                [33mstroke-linecap[39m=[32m&quot;round&quot;[39m
                [33mstroke-linejoin[39m=[32m&quot;round&quot;[39m
                [33mstroke-width[39m=[32m&quot;2&quot;[39m
                [33mviewBox[39m=[32m&quot;0 0 24 24&quot;[39m
                [33mwidth[39m=[32m&quot;24&quot;[39m
                [33mxmlns[39m=[32m&quot;http://www.w3.org/2000/svg&quot;[39m
              [36m&gt;[39m
                [36m&lt;path[39m
                  [33md[39m=[32m&quot;m16 13 5.223 3.482a.5.5 0 0 0 .777-.416V7.87a.5.5 0 0 0-.752-.432L16 10.5&quot;[39m
                [36m/&gt;[39m
                [36m&lt;rect[39m
                  [33mheight[39m=[32m&quot;12&quot;[39m
                  [33mrx[39m=[32m&quot;2&quot;[39m
                  [33mwidth[39m=[32m&quot;14&quot;[39m
                  [33mx[39m=[32m&quot;2&quot;[39m
                  [33my[39m=[32m&quot;6&quot;[39m
                [36m/&gt;[39m
              [36m&lt;/svg&gt;[39m
              [36m&lt;span[39m
                [33mclass[39m=[32m&quot;text-sm text-gray-700&quot;[39m
              [36m&gt;[39m
                [0mVideo[0m
              [36m&lt;/span&gt;[39m
            [36m&lt;/button&gt;[39m
          [36m&lt;/div&gt;[39m
          [36m&lt;div[39m
            [33mclass[39m=[32m&quot;space-y-4 mb-6&quot;[39m
          [36m&gt;[39m
            [36m&lt;div&gt;[39m
              [36m&lt;label[39m
                [33mclass[39m=[32m&quot;block text-sm text-gray-700 mb-2&quot;[39m
              [36m&gt;[39m
                [0mTitle (optional)[0m
              [36m&lt;/label&gt;[39m
              [36m&lt;input[39m
                [33mclass[39m=[32m&quot;flex h-9 w-full rounded-md border bg-transparent px-3 py-1 text-sm shadow-sm transition-colors file:border-0 file:bg-transparent file:text-sm file:font-medium file:text-foreground focus-visible:outline-none focus-visible:ring-1 focus-visible:ring-ring disabled:cursor-not-allowed disabled:opacity-50 glass border-white/30 text-gray-800 placeholder:text-gray-500&quot;[39m
                [33mplaceholder[39m=[32m&quot;e.g., Health and healing&quot;[39m
                [33mvalue[39m=[32m&quot;&quot;[39m
              [36m/&gt;[39m
            [36m&lt;/div&gt;[39m
            [36m&lt;div[39m
              [33mclass[39m=[32m&quot;glass rounded-xl p-4&quot;[39m
            [36m&gt;[39m
              [36m&lt;p[39m
                [33mclass[39m=[32m&quot;text-sm text-gray-700 mb-4 text-center&quot;[39m
              [36m&gt;[39m
                [0mRecord your prayer request[0m
              [36m&lt;/p&gt;[39m
              [36m&lt;div[39m
                [33mdata-testid[39m=[32m&quot;audio-recorder&quot;[39m
              [36m&gt;[39m
                [36m&lt;button&gt;[39m
                  [0mComplete Audio Recording[0m
                [36m&lt;/button&gt;[39m
              [36m&lt;/div&gt;[39m
              [36m&lt;p[39m
                [33mclass[39m=[32m&quot;text-sm text-red-500 mt-3 text-center&quot;[39m
              [36m&gt;[39m
                [0mUpload failed[0m
              [36m&lt;/p&gt;[39m
              [36m&lt;p[39m
                [33mclass[39m=[32m&quot;text-sm text-green-600 mt-3 text-center&quot;[39m
              [36m&gt;[39m
                [0mRecording ready ([0m
                [0m0:45[0m
                [0m)[0m
              [36m&lt;/p&gt;[39m
            [36m&lt;/div&gt;[39m
            [36m&lt;div[39m
              [33mclass[39m=[32m&quot;flex items-center justify-between glass rounded-xl p-4&quot;[39m
            [36m&gt;[39m
              [36m&lt;div&gt;[39m
                [36m&lt;p[39m
                  [33mclass[39m=[32m&quot;text-sm text-gray-700&quot;[39m
                [36m&gt;[39m
                  [0mPost anonymously[0m
                [36m&lt;/p&gt;[39m
                [36m&lt;p[39m
                  [33mclass[39m=[32m&quot;text-xs text-gray-600&quot;[39m
                [36m&gt;[39m
                  [0mHide your identity[0m
                [36m&lt;/p&gt;[39m
              [36m&lt;/div&gt;[39m
              [36m&lt;button[39m
                [33maria-checked[39m=[32m&quot;false&quot;[39m
                [33mclass[39m=[32m&quot;peer inline-flex h-6 w-11 shrink-0 cursor-pointer items-center rounded-full border border-white/30 shadow-sm transition-all focus-visible:outline-none focus-visible:ring-2 focus-visible:ring-purple-300 focus-visible:ring-offset-2 disabled:cursor-not-allowed disabled:opacity-50 data-[state=checked]:bg-gradient-to-r data-[state=checked]:from-purple-400 data-[state=checked]:to-amber-300 data-[state=unchecked]:bg-gray-300/60&quot;[39m
                [33mdata-state[39m=[32m&quot;unchecked&quot;[39m
                [33mrole[39m=[32m&quot;switch&quot;[39m
                [33mtype[39m=[32m&quot;button&quot;[39m
                [33mvalue[39m=[32m&quot;on&quot;[39m
              [36m&gt;[39m
                [36m&lt;span[39m
                  [33mclass[39m=[32m&quot;pointer-events-none block h-5 w-5 rounded-full bg-white shadow-md ring-0 transition-transform data-[state=checked]:translate-x-5 data-[state=unchecked]:translate-x-0&quot;[39m
                  [33mdata-state[39m=[32m&quot;unchecked&quot;[39m
                [36m/&gt;[39m
              [36m&lt;/button&gt;[39m
            [36m&lt;/div&gt;[39m
          [36m&lt;/div&gt;[39m
          [36m&lt;div[39m
            [33mclass[39m=[32m&quot;mb-4 p-4 bg-red-50 border border-red-200 rounded-xl flex items-start gap-3&quot;[39m
            [33mstyle[39m=[32m&quot;opacity: 1; transform: none;&quot;[39m
          [36m&gt;[39m
            [36m&lt;svg[39m
              [33maria-hidden[39m=[32m&quot;true&quot;[39m
              [33mclass[39m=[32m&quot;lucide lucide-circle-alert w-5 h-5 text-red-600 flex-shrink-0 mt-0.5&quot;[39m
              [33mfill[39m=[32m&quot;none&quot;[39m
              [33mheight[39m=[32m&quot;24&quot;[39m
              [33mstroke[39m=[32m&quot;currentColor&quot;[39m
              [33mstroke-linecap[39m=[32m&quot;round&quot;[39m
              [33mstroke-linejoin[39m=[32m&quot;round&quot;[39m
              [33mstroke-width[39m=[32m&quot;2&quot;[39m
              [33mviewBox[39m=[32m&quot;0 0 24 24&quot;[39m
              [33mwidth[39m=[32m&quot;24&quot;[39m
              [33mxmlns[39m=[32m&quot;http://www.w3.org/2000/svg&quot;[39m
            [36m&gt;[39m
              [36m&lt;circle[39m
                [33mcx[39m=[32m&quot;12&quot;[39m
                [33mcy[39m=[32m&quot;12&quot;[39m
                [33mr[39m=[32m&quot;10&quot;[39m
              [36m/&gt;[39m
              [36m&lt;line[39m
                [33mx1[39m=[32m&quot;12&quot;[39m
                [33mx2[39m=[32m&quot;12&quot;[39m
                [33my1[39m=[32m&quot;8&quot;[39m
                [33my2[39m=[32m&quot;12&quot;[39m
              [36m/&gt;[39m
              [36m&lt;line[39m
                [33mx1[39m=[32m&quot;12&quot;[39m
                [33mx2[39m=[32m&quot;12.01&quot;[39m
                [33my1[39m=[32m&quot;16&quot;[39m
                [33my2[39m=[32m&quot;16&quot;[39m
              [36m/&gt;[39m
            [36m&lt;/svg&gt;[39m
            [36m&lt;div[39m
              [33mclass[39m=[32m&quot;flex-1&quot;[39m
            [36m&gt;[39m
              [36m&lt;p[39m
                [33mclass[39m=[32m&quot;text-sm font-medium text-red-800&quot;[39m
              [36m&gt;[39m
                [0mError[0m
              [36m&lt;/p&gt;[39m
              [36m&lt;p[39m
                [33mclass[39m=[32m&quot;text-sm text-red-700&quot;[39m
              [36m&gt;[39m
                [0mUpload failed[0m
              [36m&lt;/p&gt;[39m
            [36m&lt;/div&gt;[39m
          [36m&lt;/div&gt;[39m
          [36m&lt;button[39m
            [33mclass[39m=[32m&quot;inline-flex items-center justify-center gap-2 whitespace-nowrap transition-colors focus-visible:outline-none focus-visible:ring-1 focus-visible:ring-ring disabled:pointer-events-none [&amp;_svg]:pointer-events-none [&amp;_svg]:size-4 [&amp;_svg]:shrink-0 shadow hover:bg-primary/90 h-9 px-4 w-full bg-gradient-to-r from-yellow-300 to-purple-300 hover:from-yellow-400 hover:to-purple-400 text-gray-800 rounded-full py-8 text-lg font-semibold disabled:opacity-50&quot;[39m
          [36m&gt;[39m
            [0mAdd to Map[0m
          [36m&lt;/button&gt;[39m
        [36m&lt;/div&gt;[39m
      [36m&lt;/div&gt;[39m
    [36m&lt;/div&gt;[39m
  [36m&lt;/body&gt;[39m
[36m&lt;/html&gt;[39m" type="TestingLibraryElementError">
TestingLibraryElementError: Unable to find an element with the text: /failed to upload audio/i. This could be because the text is broken up by multiple elements. In this case, you can provide a function for your text matcher to make your matcher more flexible.

Ignored nodes: comments, script, style
&lt;body&gt;
  &lt;div&gt;
    &lt;div
      class=&quot;fixed inset-0 bg-black/20 backdrop-blur-sm z-50 flex items-end sm:items-center justify-center p-4&quot;
      style=&quot;opacity: 1;&quot;
    &gt;
      &lt;div
        class=&quot;bg-gradient-to-br from-white/80 via-white/70 to-purple-50/60 backdrop-blur-2xl rounded-3xl p-6 max-w-md w-full max-h-[90vh] overflow-y-auto border border-white/60 shadow-xl shadow-purple-200/20&quot;
        style=&quot;opacity: 1; transform: none;&quot;
      &gt;
        &lt;div
          class=&quot;flex items-center justify-between mb-6&quot;
        &gt;
          &lt;div
            class=&quot;flex items-center gap-3&quot;
          &gt;
            &lt;span
              class=&quot;text-3xl&quot;
            &gt;
              🙏
            &lt;/span&gt;
            &lt;h3
              class=&quot;text-gray-800&quot;
            &gt;
              Request Prayer
            &lt;/h3&gt;
          &lt;/div&gt;
          &lt;button
            class=&quot;p-2 hover:bg-white/20 rounded-full transition-colors&quot;
          &gt;
            &lt;svg
              aria-hidden=&quot;true&quot;
              class=&quot;lucide lucide-x w-5 h-5 text-gray-700&quot;
              fill=&quot;none&quot;
              height=&quot;24&quot;
              stroke=&quot;currentColor&quot;
              stroke-linecap=&quot;round&quot;
              stroke-linejoin=&quot;round&quot;
              stroke-width=&quot;2&quot;
              viewBox=&quot;0 0 24 24&quot;
              width=&quot;24&quot;
              xmlns=&quot;http://www.w3.org/2000/svg&quot;
            &gt;
              &lt;path
                d=&quot;M18 6 6 18&quot;
              /&gt;
              &lt;path
                d=&quot;m6 6 12 12&quot;
              /&gt;
            &lt;/svg&gt;
          &lt;/button&gt;
        &lt;/div&gt;
        &lt;div
          class=&quot;flex gap-2 mb-6&quot;
        &gt;
          &lt;button
            class=&quot;relative flex-1 p-3 rounded-xl flex flex-col items-center gap-2 transition-all ring-2 ring-blue-400/30 shadow-lg shadow-blue-400/20 glass hover:glass-strong&quot;
          &gt;
            &lt;svg
              aria-hidden=&quot;true&quot;
              class=&quot;lucide lucide-type w-5 h-5 text-gray-700&quot;
              fill=&quot;none&quot;
              height=&quot;24&quot;
              stroke=&quot;currentColor&quot;
              stroke-linecap=&quot;round&quot;
              stroke-linejoin=&quot;round&quot;
              stroke-width=&quot;2&quot;
              viewBox=&quot;0 0 24 24&quot;
              width=&quot;24&quot;
              xmlns=&quot;http://www.w3.org/2000/svg&quot;
            &gt;
              &lt;path
                d=&quot;M12 4v16&quot;
              /&gt;
              &lt;path
                d=&quot;M4 7V5a1 1 0 0 1 1-1h14a1 1 0 0 1 1 1v2&quot;
              /&gt;
              &lt;path
                d=&quot;M9 20h6&quot;
              /&gt;
            &lt;/svg&gt;
            &lt;span
              class=&quot;text-sm text-gray-700&quot;
            &gt;
              Text
            &lt;/span&gt;
          &lt;/button&gt;
          &lt;button
            class=&quot;relative flex-1 p-3 rounded-xl flex flex-col items-center gap-2 transition-all ring-2 ring-blue-400/30 shadow-lg shadow-blue-400/20 bg-gradient-to-r from-yellow-300 to-purple-300&quot;
          &gt;
            &lt;div
              class=&quot;absolute inset-0 rounded-xl pointer-events-none&quot;
              style=&quot;background: linear-gradient(90deg, rgba(255, 215, 0, 0.4), rgba(255, 192, 203, 0.4), rgba(147, 112, 219, 0.4), rgba(135, 206, 250, 0.4), rgba(255, 215, 0, 0.4)); padding: 2px; mask-composite: exclude; opacity: 0.6;&quot;
            /&gt;
            &lt;svg
              aria-hidden=&quot;true&quot;
              class=&quot;lucide lucide-mic w-5 h-5 text-gray-700&quot;
              fill=&quot;none&quot;
              height=&quot;24&quot;
              stroke=&quot;currentColor&quot;
              stroke-linecap=&quot;round&quot;
              stroke-linejoin=&quot;round&quot;
              stroke-width=&quot;2&quot;
              viewBox=&quot;0 0 24 24&quot;
              width=&quot;24&quot;
              xmlns=&quot;http://www.w3.org/2000/svg&quot;
            &gt;
              &lt;path
                d=&quot;M12 19v3&quot;
              /&gt;
              &lt;path
                d=&quot;M19 10v2a7 7 0 0 1-14 0v-2&quot;
              /&gt;
              &lt;rect
                height=&quot;13&quot;
                rx=&quot;3&quot;
                width=&quot;6&quot;
                x=&quot;9&quot;
                y=&quot;2&quot;
              /&gt;
            &lt;/svg&gt;
            &lt;span
              class=&quot;text-sm text-gray-700&quot;
            &gt;
              Audio
            &lt;/span&gt;
          &lt;/button&gt;
          &lt;button
            class=&quot;relative flex-1 p-3 rounded-xl flex flex-col items-center gap-2 transition-all ring-2 ring-blue-400/30 shadow-lg shadow-blue-400/20 glass hover:glass-strong&quot;
          &gt;
            &lt;svg
              aria-hidden=&quot;true&quot;
              class=&quot;lucide lucide-video w-5 h-5 text-gray-700&quot;
              fill=&quot;none&quot;
              height=&quot;24&quot;
              stroke=&quot;currentColor&quot;
              stroke-linecap=&quot;round&quot;
              stroke-linejoin=&quot;round&quot;
              stroke-width=&quot;2&quot;
              viewBox=&quot;0 0 24 24&quot;
              width=&quot;24&quot;
              xmlns=&quot;http://www.w3.org/2000/svg&quot;
            &gt;
              &lt;path
                d=&quot;m16 13 5.223 3.482a.5.5 0 0 0 .777-.416V7.87a.5.5 0 0 0-.752-.432L16 10.5&quot;
              /&gt;
              &lt;rect
                height=&quot;12&quot;
                rx=&quot;2&quot;
                width=&quot;14&quot;
                x=&quot;2&quot;
                y=&quot;6&quot;
              /&gt;
            &lt;/svg&gt;
            &lt;span
              class=&quot;text-sm text-gray-700&quot;
            &gt;
              Video
            &lt;/span&gt;
          &lt;/button&gt;
        &lt;/div&gt;
        &lt;div
          class=&quot;space-y-4 mb-6&quot;
        &gt;
          &lt;div&gt;
            &lt;label
              class=&quot;block text-sm text-gray-700 mb-2&quot;
            &gt;
              Title (optional)
            &lt;/label&gt;
            &lt;input
              class=&quot;flex h-9 w-full rounded-md border bg-transparent px-3 py-1 text-sm shadow-sm transition-colors file:border-0 file:bg-transparent file:text-sm file:font-medium file:text-foreground focus-visible:outline-none focus-visible:ring-1 focus-visible:ring-ring disabled:cursor-not-allowed disabled:opacity-50 glass border-white/30 text-gray-800 placeholder:text-gray-500&quot;
              placeholder=&quot;e.g., Health and healing&quot;
              value=&quot;&quot;
            /&gt;
          &lt;/div&gt;
          &lt;div
            class=&quot;glass rounded-xl p-4&quot;
          &gt;
            &lt;p
              class=&quot;text-sm text-gray-700 mb-4 text-center&quot;
            &gt;
              Record your prayer request
            &lt;/p&gt;
            &lt;div
              data-testid=&quot;audio-recorder&quot;
            &gt;
              &lt;button&gt;
                Complete Audio Recording
              &lt;/button&gt;
            &lt;/div&gt;
            &lt;p
              class=&quot;text-sm text-red-500 mt-3 text-center&quot;
            &gt;
              Upload failed
            &lt;/p&gt;
            &lt;p
              class=&quot;text-sm text-green-600 mt-3 text-center&quot;
            &gt;
              Recording ready (
              0:45
              )
            &lt;/p&gt;
          &lt;/div&gt;
          &lt;div
            class=&quot;flex items-center justify-between glass rounded-xl p-4&quot;
          &gt;
            &lt;div&gt;
              &lt;p
                class=&quot;text-sm text-gray-700&quot;
              &gt;
                Post anonymously
              &lt;/p&gt;
              &lt;p
                class=&quot;text-xs text-gray-600&quot;
              &gt;
                Hide your identity
              &lt;/p&gt;
            &lt;/div&gt;
            &lt;button
              aria-checked=&quot;false&quot;
              class=&quot;peer inline-flex h-6 w-11 shrink-0 cursor-pointer items-center rounded-full border border-white/30 shadow-sm transition-all focus-visible:outline-none focus-visible:ring-2 focus-visible:ring-purple-300 focus-visible:ring-offset-2 disabled:cursor-not-allowed disabled:opacity-50 data-[state=checked]:bg-gradient-to-r data-[state=checked]:from-purple-400 data-[state=checked]:to-amber-300 data-[state=unchecked]:bg-gray-300/60&quot;
              data-state=&quot;unchecked&quot;
              role=&quot;switch&quot;
              type=&quot;button&quot;
              value=&quot;on&quot;
            &gt;
              &lt;span
                class=&quot;pointer-events-none block h-5 w-5 rounded-full bg-white shadow-md ring-0 transition-transform data-[state=checked]:translate-x-5 data-[state=unchecked]:translate-x-0&quot;
                data-state=&quot;unchecked&quot;
              /&gt;
            &lt;/button&gt;
          &lt;/div&gt;
        &lt;/div&gt;
        &lt;div
          class=&quot;mb-4 p-4 bg-red-50 border border-red-200 rounded-xl flex items-start gap-3&quot;
          style=&quot;opacity: 1; transform: none;&quot;
        &gt;
          &lt;svg
            aria-hidden=&quot;true&quot;
            class=&quot;lucide lucide-circle-alert w-5 h-5 text-red-600 flex-shrink-0 mt-0.5&quot;
            fill=&quot;none&quot;
            height=&quot;24&quot;
            stroke=&quot;currentColor&quot;
            stroke-linecap=&quot;round&quot;
            stroke-linejoin=&quot;round&quot;
            stroke-width=&quot;2&quot;
            viewBox=&quot;0 0 24 24&quot;
            width=&quot;24&quot;
            xmlns=&quot;http://www.w3.org/2000/svg&quot;
          &gt;
            &lt;circle
              cx=&quot;12&quot;
              cy=&quot;12&quot;
              r=&quot;10&quot;
            /&gt;
            &lt;line
              x1=&quot;12&quot;
              x2=&quot;12&quot;
              y1=&quot;8&quot;
              y2=&quot;12&quot;
            /&gt;
            &lt;line
              x1=&quot;12&quot;
              x2=&quot;12.01&quot;
              y1=&quot;16&quot;
              y2=&quot;16&quot;
            /&gt;
          &lt;/svg&gt;
          &lt;div
            class=&quot;flex-1&quot;
          &gt;
            &lt;p
              class=&quot;text-sm font-medium text-red-800&quot;
            &gt;
              Error
            &lt;/p&gt;
            &lt;p
              class=&quot;text-sm text-red-700&quot;
            &gt;
              Upload failed
            &lt;/p&gt;
          &lt;/div&gt;
        &lt;/div&gt;
        &lt;button
          class=&quot;inline-flex items-center justify-center gap-2 whitespace-nowrap transition-colors focus-visible:outline-none focus-visible:ring-1 focus-visible:ring-ring disabled:pointer-events-none [&amp;_svg]:pointer-events-none [&amp;_svg]:size-4 [&amp;_svg]:shrink-0 shadow hover:bg-primary/90 h-9 px-4 w-full bg-gradient-to-r from-yellow-300 to-purple-300 hover:from-yellow-400 hover:to-purple-400 text-gray-800 rounded-full py-8 text-lg font-semibold disabled:opacity-50&quot;
        &gt;
          Add to Map
        &lt;/button&gt;
      &lt;/div&gt;
    &lt;/div&gt;
  &lt;/div&gt;
&lt;/body&gt;

Ignored nodes: comments, script, style
&lt;html&gt;
  &lt;head /&gt;
  &lt;body&gt;
    &lt;div&gt;
      &lt;div
        class=&quot;fixed inset-0 bg-black/20 backdrop-blur-sm z-50 flex items-end sm:items-center justify-center p-4&quot;
        style=&quot;opacity: 1;&quot;
      &gt;
        &lt;div
          class=&quot;bg-gradient-to-br from-white/80 via-white/70 to-purple-50/60 backdrop-blur-2xl rounded-3xl p-6 max-w-md w-full max-h-[90vh] overflow-y-auto border border-white/60 shadow-xl shadow-purple-200/20&quot;
          style=&quot;opacity: 1; transform: none;&quot;
        &gt;
          &lt;div
            class=&quot;flex items-center justify-between mb-6&quot;
          &gt;
            &lt;div
              class=&quot;flex items-center gap-3&quot;
            &gt;
              &lt;span
                class=&quot;text-3xl&quot;
              &gt;
                🙏
              &lt;/span&gt;
              &lt;h3
                class=&quot;text-gray-800&quot;
              &gt;
                Request Prayer
              &lt;/h3&gt;
            &lt;/div&gt;
            &lt;button
              class=&quot;p-2 hover:bg-white/20 rounded-full transition-colors&quot;
            &gt;
              &lt;svg
                aria-hidden=&quot;true&quot;
                class=&quot;lucide lucide-x w-5 h-5 text-gray-700&quot;
                fill=&quot;none&quot;
                height=&quot;24&quot;
                stroke=&quot;currentColor&quot;
                stroke-linecap=&quot;round&quot;
                stroke-linejoin=&quot;round&quot;
                stroke-width=&quot;2&quot;
                viewBox=&quot;0 0 24 24&quot;
                width=&quot;24&quot;
                xmlns=&quot;http://www.w3.org/2000/svg&quot;
              &gt;
                &lt;path
                  d=&quot;M18 6 6 18&quot;
                /&gt;
                &lt;path
                  d=&quot;m6 6 12 12&quot;
                /&gt;
              &lt;/svg&gt;
            &lt;/button&gt;
          &lt;/div&gt;
          &lt;div
            class=&quot;flex gap-2 mb-6&quot;
          &gt;
            &lt;button
              class=&quot;relative flex-1 p-3 rounded-xl flex flex-col items-center gap-2 transition-all ring-2 ring-blue-400/30 shadow-lg shadow-blue-400/20 glass hover:glass-strong&quot;
            &gt;
              &lt;svg
                aria-hidden=&quot;true&quot;
                class=&quot;lucide lucide-type w-5 h-5 text-gray-700&quot;
                fill=&quot;none&quot;
                height=&quot;24&quot;
                stroke=&quot;currentColor&quot;
                stroke-linecap=&quot;round&quot;
                stroke-linejoin=&quot;round&quot;
                stroke-width=&quot;2&quot;
                viewBox=&quot;0 0 24 24&quot;
                width=&quot;24&quot;
                xmlns=&quot;http://www.w3.org/2000/svg&quot;
              &gt;
                &lt;path
                  d=&quot;M12 4v16&quot;
                /&gt;
                &lt;path
                  d=&quot;M4 7V5a1 1 0 0 1 1-1h14a1 1 0 0 1 1 1v2&quot;
                /&gt;
                &lt;path
                  d=&quot;M9 20h6&quot;
                /&gt;
              &lt;/svg&gt;
              &lt;span
                class=&quot;text-sm text-gray-700&quot;
              &gt;
                Text
              &lt;/span&gt;
            &lt;/button&gt;
            &lt;button
              class=&quot;relative flex-1 p-3 rounded-xl flex flex-col items-center gap-2 transition-all ring-2 ring-blue-400/30 shadow-lg shadow-blue-400/20 bg-gradient-to-r from-yellow-300 to-purple-300&quot;
            &gt;
              &lt;div
                class=&quot;absolute inset-0 rounded-xl pointer-events-none&quot;
                style=&quot;background: linear-gradient(90deg, rgba(255, 215, 0, 0.4), rgba(255, 192, 203, 0.4), rgba(147, 112, 219, 0.4), rgba(135, 206, 250, 0.4), rgba(255, 215, 0, 0.4)); padding: 2px; mask-composite: exclude; opacity: 0.6;&quot;
              /&gt;
              &lt;svg
                aria-hidden=&quot;true&quot;
                class=&quot;lucide lucide-mic w-5 h-5 text-gray-700&quot;
                fill=&quot;none&quot;
                height=&quot;24&quot;
                stroke=&quot;currentColor&quot;
                stroke-linecap=&quot;round&quot;
                stroke-linejoin=&quot;round&quot;
                stroke-width=&quot;2&quot;
                viewBox=&quot;0 0 24 24&quot;
                width=&quot;24&quot;
                xmlns=&quot;http://www.w3.org/2000/svg&quot;
              &gt;
                &lt;path
                  d=&quot;M12 19v3&quot;
                /&gt;
                &lt;path
                  d=&quot;M19 10v2a7 7 0 0 1-14 0v-2&quot;
                /&gt;
                &lt;rect
                  height=&quot;13&quot;
                  rx=&quot;3&quot;
                  width=&quot;6&quot;
                  x=&quot;9&quot;
                  y=&quot;2&quot;
                /&gt;
              &lt;/svg&gt;
              &lt;span
                class=&quot;text-sm text-gray-700&quot;
              &gt;
                Audio
              &lt;/span&gt;
            &lt;/button&gt;
            &lt;button
              class=&quot;relative flex-1 p-3 rounded-xl flex flex-col items-center gap-2 transition-all ring-2 ring-blue-400/30 shadow-lg shadow-blue-400/20 glass hover:glass-strong&quot;
            &gt;
              &lt;svg
                aria-hidden=&quot;true&quot;
                class=&quot;lucide lucide-video w-5 h-5 text-gray-700&quot;
                fill=&quot;none&quot;
                height=&quot;24&quot;
                stroke=&quot;currentColor&quot;
                stroke-linecap=&quot;round&quot;
                stroke-linejoin=&quot;round&quot;
                stroke-width=&quot;2&quot;
                viewBox=&quot;0 0 24 24&quot;
                width=&quot;24&quot;
                xmlns=&quot;http://www.w3.org/2000/svg&quot;
              &gt;
                &lt;path
                  d=&quot;m16 13 5.223 3.482a.5.5 0 0 0 .777-.416V7.87a.5.5 0 0 0-.752-.432L16 10.5&quot;
                /&gt;
                &lt;rect
                  height=&quot;12&quot;
                  rx=&quot;2&quot;
                  width=&quot;14&quot;
                  x=&quot;2&quot;
                  y=&quot;6&quot;
                /&gt;
              &lt;/svg&gt;
              &lt;span
                class=&quot;text-sm text-gray-700&quot;
              &gt;
                Video
              &lt;/span&gt;
            &lt;/button&gt;
          &lt;/div&gt;
          &lt;div
            class=&quot;space-y-4 mb-6&quot;
          &gt;
            &lt;div&gt;
              &lt;label
                class=&quot;block text-sm text-gray-700 mb-2&quot;
              &gt;
                Title (optional)
              &lt;/label&gt;
              &lt;input
                class=&quot;flex h-9 w-full rounded-md border bg-transparent px-3 py-1 text-sm shadow-sm transition-colors file:border-0 file:bg-transparent file:text-sm file:font-medium file:text-foreground focus-visible:outline-none focus-visible:ring-1 focus-visible:ring-ring disabled:cursor-not-allowed disabled:opacity-50 glass border-white/30 text-gray-800 placeholder:text-gray-500&quot;
                placeholder=&quot;e.g., Health and healing&quot;
                value=&quot;&quot;
              /&gt;
            &lt;/div&gt;
            &lt;div
              class=&quot;glass rounded-xl p-4&quot;
            &gt;
              &lt;p
                class=&quot;text-sm text-gray-700 mb-4 text-center&quot;
              &gt;
                Record your prayer request
              &lt;/p&gt;
              &lt;div
                data-testid=&quot;audio-recorder&quot;
              &gt;
                &lt;button&gt;
                  Complete Audio Recording
                &lt;/button&gt;
              &lt;/div&gt;
              &lt;p
                class=&quot;text-sm text-red-500 mt-3 text-center&quot;
              &gt;
                Upload failed
              &lt;/p&gt;
              &lt;p
                class=&quot;text-sm text-green-600 mt-3 text-center&quot;
              &gt;
                Recording ready (
                0:45
                )
              &lt;/p&gt;
            &lt;/div&gt;
            &lt;div
              class=&quot;flex items-center justify-between glass rounded-xl p-4&quot;
            &gt;
              &lt;div&gt;
                &lt;p
                  class=&quot;text-sm text-gray-700&quot;
                &gt;
                  Post anonymously
                &lt;/p&gt;
                &lt;p
                  class=&quot;text-xs text-gray-600&quot;
                &gt;
                  Hide your identity
                &lt;/p&gt;
              &lt;/div&gt;
              &lt;button
                aria-checked=&quot;false&quot;
                class=&quot;peer inline-flex h-6 w-11 shrink-0 cursor-pointer items-center rounded-full border border-white/30 shadow-sm transition-all focus-visible:outline-none focus-visible:ring-2 focus-visible:ring-purple-300 focus-visible:ring-offset-2 disabled:cursor-not-allowed disabled:opacity-50 data-[state=checked]:bg-gradient-to-r data-[state=checked]:from-purple-400 data-[state=checked]:to-amber-300 data-[state=unchecked]:bg-gray-300/60&quot;
                data-state=&quot;unchecked&quot;
                role=&quot;switch&quot;
                type=&quot;button&quot;
                value=&quot;on&quot;
              &gt;
                &lt;span
                  class=&quot;pointer-events-none block h-5 w-5 rounded-full bg-white shadow-md ring-0 transition-transform data-[state=checked]:translate-x-5 data-[state=unchecked]:translate-x-0&quot;
                  data-state=&quot;unchecked&quot;
                /&gt;
              &lt;/button&gt;
            &lt;/div&gt;
          &lt;/div&gt;
          &lt;div
            class=&quot;mb-4 p-4 bg-red-50 border border-red-200 rounded-xl flex items-start gap-3&quot;
            style=&quot;opacity: 1; transform: none;&quot;
          &gt;
            &lt;svg
              aria-hidden=&quot;true&quot;
              class=&quot;lucide lucide-circle-alert w-5 h-5 text-red-600 flex-shrink-0 mt-0.5&quot;
              fill=&quot;none&quot;
              height=&quot;24&quot;
              stroke=&quot;currentColor&quot;
              stroke-linecap=&quot;round&quot;
              stroke-linejoin=&quot;round&quot;
              stroke-width=&quot;2&quot;
              viewBox=&quot;0 0 24 24&quot;
              width=&quot;24&quot;
              xmlns=&quot;http://www.w3.org/2000/svg&quot;
            &gt;
              &lt;circle
                cx=&quot;12&quot;
                cy=&quot;12&quot;
                r=&quot;10&quot;
              /&gt;
              &lt;line
                x1=&quot;12&quot;
                x2=&quot;12&quot;
                y1=&quot;8&quot;
                y2=&quot;12&quot;
              /&gt;
              &lt;line
                x1=&quot;12&quot;
                x2=&quot;12.01&quot;
                y1=&quot;16&quot;
                y2=&quot;16&quot;
              /&gt;
            &lt;/svg&gt;
            &lt;div
              class=&quot;flex-1&quot;
            &gt;
              &lt;p
                class=&quot;text-sm font-medium text-red-800&quot;
              &gt;
                Error
              &lt;/p&gt;
              &lt;p
                class=&quot;text-sm text-red-700&quot;
              &gt;
                Upload failed
              &lt;/p&gt;
            &lt;/div&gt;
          &lt;/div&gt;
          &lt;button
            class=&quot;inline-flex items-center justify-center gap-2 whitespace-nowrap transition-colors focus-visible:outline-none focus-visible:ring-1 focus-visible:ring-ring disabled:pointer-events-none [&amp;_svg]:pointer-events-none [&amp;_svg]:size-4 [&amp;_svg]:shrink-0 shadow hover:bg-primary/90 h-9 px-4 w-full bg-gradient-to-r from-yellow-300 to-purple-300 hover:from-yellow-400 hover:to-purple-400 text-gray-800 rounded-full py-8 text-lg font-semibold disabled:opacity-50&quot;
          &gt;
            Add to Map
          &lt;/button&gt;
        &lt;/div&gt;
      &lt;/div&gt;
    &lt;/div&gt;
  &lt;/body&gt;
&lt;/html&gt;
 ❯ Proxy.waitForWrapper node_modules/@testing-library/dom/dist/wait-for.js:163:27
 ❯ src/components/__tests__/RequestPrayerModal.test.tsx:410:13
            </failure>
        </testcase>
        <testcase classname="src/components/__tests__/RequestPrayerModal.test.tsx" name="RequestPrayerModal &gt; audio prayer submission &gt; should call onSubmit with audio URL" time="0.206307335">
        </testcase>
        <testcase classname="src/components/__tests__/RequestPrayerModal.test.tsx" name="RequestPrayerModal &gt; video prayer submission &gt; should enable submit when video recorded" time="0.154869056">
        </testcase>
        <testcase classname="src/components/__tests__/RequestPrayerModal.test.tsx" name="RequestPrayerModal &gt; video prayer submission &gt; should upload video on submit" time="0.178323305">
        </testcase>
        <testcase classname="src/components/__tests__/RequestPrayerModal.test.tsx" name="RequestPrayerModal &gt; video prayer submission &gt; should call onSubmit with video URL" time="0.188037678">
        </testcase>
        <testcase classname="src/components/__tests__/RequestPrayerModal.test.tsx" name="RequestPrayerModal &gt; modal behavior &gt; should close when X button clicked" time="0.065298647">
        </testcase>
        <testcase classname="src/components/__tests__/RequestPrayerModal.test.tsx" name="RequestPrayerModal &gt; modal behavior &gt; should close when backdrop clicked" time="0.0355472">
        </testcase>
        <testcase classname="src/components/__tests__/RequestPrayerModal.test.tsx" name="RequestPrayerModal &gt; modal behavior &gt; should not close when modal content clicked" time="0.041535112">
        </testcase>
        <testcase classname="src/components/__tests__/RequestPrayerModal.test.tsx" name="RequestPrayerModal &gt; modal behavior &gt; should prevent close during upload" time="0.083165797">
        </testcase>
    </testsuite>
    <testsuite name="src/components/__tests__/VideoRecorder.test.tsx" timestamp="2025-11-29T10:40:01.216Z" hostname="runsc" tests="37" failures="18" errors="0" skipped="0" time="4.820298756">
        <testcase classname="src/components/__tests__/VideoRecorder.test.tsx" name="VideoRecorder &gt; rendering &gt; should render video preview container" time="0.054262052">
            <failure message="Cannot read properties of undefined (reading &apos;addEventListener&apos;)" type="TypeError">
TypeError: Cannot read properties of undefined (reading &apos;addEventListener&apos;)
 ❯ initPrefersReducedMotion node_modules/framer-motion/dist/es/utils/reduced-motion/index.mjs:11:26
 ❯ HTMLVisualElement.mount node_modules/framer-motion/dist/es/render/VisualElement.mjs:153:13
 ❯ node_modules/framer-motion/dist/es/motion/utils/use-motion-ref.mjs:16:31
 ❯ commitAttachRef node_modules/react-dom/cjs/react-dom-client.development.js:13482:44
 ❯ runWithFiberInDEV node_modules/react-dom/cjs/react-dom-client.development.js:874:13
 ❯ safelyAttachRef node_modules/react-dom/cjs/react-dom-client.development.js:13500:9
 ❯ commitLayoutEffectOnFiber node_modules/react-dom/cjs/react-dom-client.development.js:14089:26
 ❯ recursivelyTraverseLayoutEffects node_modules/react-dom/cjs/react-dom-client.development.js:15159:11
 ❯ commitLayoutEffectOnFiber node_modules/react-dom/cjs/react-dom-client.development.js:14165:11
 ❯ recursivelyTraverseLayoutEffects node_modules/react-dom/cjs/react-dom-client.development.js:15159:11
            </failure>
        </testcase>
        <testcase classname="src/components/__tests__/VideoRecorder.test.tsx" name="VideoRecorder &gt; rendering &gt; should show camera initialization message initially" time="0.019004533">
        </testcase>
        <testcase classname="src/components/__tests__/VideoRecorder.test.tsx" name="VideoRecorder &gt; rendering &gt; should show record button when camera is ready" time="0.53879957">
            <failure message="Unable to find an accessible element with the role &quot;button&quot; and name `/video/i`

Here are the accessible roles:

  paragraph:

  Name &quot;&quot;:
  [36m&lt;p[39m
    [33mclass[39m=[32m&quot;text-white/90 text-sm mt-2 font-medium&quot;[39m
  [36m/&gt;[39m

  --------------------------------------------------
  button:

  Name &quot;&quot;:
  [36m&lt;button[39m
    [33mclass[39m=[32m&quot;glass-strong p-2 rounded-full&quot;[39m
    [33mtabindex[39m=[32m&quot;0&quot;[39m
  [36m/&gt;[39m

  Name &quot;&quot;:
  [36m&lt;button[39m
    [33mclass[39m=[32m&quot;inline-flex items-center justify-center gap-2 whitespace-nowrap text-sm font-medium transition-colors focus-visible:outline-none focus-visible:ring-1 focus-visible:ring-ring disabled:pointer-events-none disabled:opacity-50 [&amp;_svg]:pointer-events-none [&amp;_svg]:size-4 [&amp;_svg]:shrink-0 hover:bg-primary/90 px-4 py-2 w-20 h-20 rounded-full bg-gradient-to-br from-red-400 to-red-600 hover:from-red-500 hover:to-red-700 text-white shadow-xl shadow-red-500/40 border-4 border-white/50&quot;[39m
  [36m/&gt;[39m

  --------------------------------------------------

Ignored nodes: comments, script, style
[36m&lt;body&gt;[39m
  [36m&lt;div&gt;[39m
    [36m&lt;div[39m
      [33mclass[39m=[32m&quot;space-y-4&quot;[39m
    [36m&gt;[39m
      [36m&lt;div[39m
        [33mclass[39m=[32m&quot;relative aspect-[9/16] max-h-[400px] rounded-3xl overflow-hidden bg-gradient-to-br from-purple-900/20 via-blue-900/20 to-indigo-900/20 border border-white/30 shadow-2xl&quot;[39m
      [36m&gt;[39m
        [36m&lt;div[39m
          [33mclass[39m=[32m&quot;absolute inset-0 bg-gradient-to-t from-black/30 via-transparent to-transparent pointer-events-none z-10&quot;[39m
        [36m/&gt;[39m
        [36m&lt;video[39m
          [33mautoplay[39m=[32m&quot;&quot;[39m
          [33mclass[39m=[32m&quot;absolute inset-0 w-full h-full object-cover&quot;[39m
          [33mplaysinline[39m=[32m&quot;&quot;[39m
          [33mstyle[39m=[32m&quot;transform: scaleX(-1);&quot;[39m
        [36m/&gt;[39m
        [36m&lt;div[39m
          [33mclass[39m=[32m&quot;absolute inset-0 flex items-center justify-center z-20 pointer-events-none&quot;[39m
        [36m&gt;[39m
          [36m&lt;div[39m
            [33mclass[39m=[32m&quot;flex flex-col items-center&quot;[39m
            [33mstyle[39m=[32m&quot;opacity: 0; transform: scale(0.8);&quot;[39m
          [36m&gt;[39m
            [36m&lt;div&gt;[39m
              [36m&lt;svg[39m
                [33maria-hidden[39m=[32m&quot;true&quot;[39m
                [33mclass[39m=[32m&quot;lucide lucide-sparkles w-8 h-8 text-yellow-300/80&quot;[39m
                [33mfill[39m=[32m&quot;none&quot;[39m
                [33mheight[39m=[32m&quot;24&quot;[39m
                [33mstroke[39m=[32m&quot;currentColor&quot;[39m
                [33mstroke-linecap[39m=[32m&quot;round&quot;[39m
                [33mstroke-linejoin[39m=[32m&quot;round&quot;[39m
                [33mstroke-width[39m=[32m&quot;2&quot;[39m
                [33mviewBox[39m=[32m&quot;0 0 24 24&quot;[39m
                [33mwidth[39m=[32m&quot;24&quot;[39m
                [33mxmlns[39m=[32m&quot;http://www.w3.org/2000/svg&quot;[39m
              [36m&gt;[39m
                [36m&lt;path[39m
                  [33md[39m=[32m&quot;M11.017 2.814a1 1 0 0 1 1.966 0l1.051 5.558a2 2 0 0 0 1.594 1.594l5.558 1.051a1 1 0 0 1 0 1.966l-5.558 1.051a2 2 0 0 0-1.594 1.594l-1.051 5.558a1 1 0 0 1-1.966 0l-1.051-5.558a2 2 0 0 0-1.594-1.594l-5.558-1.051a1 1 0 0 1 0-1.966l5.558-1.051a2 2 0 0 0 1.594-1.594z&quot;[39m
                [36m/&gt;[39m
                [36m&lt;path[39m
                  [33md[39m=[32m&quot;M20 2v4&quot;[39m
                [36m/&gt;[39m
                [36m&lt;path[39m
                  [33md[39m=[32m&quot;M22 4h-4&quot;[39m
                [36m/&gt;[39m
                [36m&lt;circle[39m
                  [33mcx[39m=[32m&quot;4&quot;[39m
                  [33mcy[39m=[32m&quot;20&quot;[39m
                  [33mr[39m=[32m&quot;2&quot;[39m
                [36m/&gt;[39m
              [36m&lt;/svg&gt;[39m
            [36m&lt;/div&gt;[39m
            [36m&lt;p[39m
              [33mclass[39m=[32m&quot;text-white/90 text-sm mt-2 font-medium&quot;[39m
            [36m&gt;[39m
              [0mTap to record your prayer[0m
            [36m&lt;/p&gt;[39m
          [36m&lt;/div&gt;[39m
        [36m&lt;/div&gt;[39m
        [36m&lt;div[39m
          [33mclass[39m=[32m&quot;absolute top-4 left-4 right-4 flex items-center justify-between z-30&quot;[39m
        [36m&gt;[39m
          [36m&lt;div[39m
            [33mclass[39m=[32m&quot;glass-strong px-3 py-1.5 rounded-full flex items-center gap-2 &quot;[39m
            [33mstyle[39m=[32m&quot;opacity: 0; transform: translateX(-20px);&quot;[39m
          [36m&gt;[39m
            [36m&lt;span[39m
              [33mclass[39m=[32m&quot;text-white font-mono text-sm font-medium&quot;[39m
            [36m&gt;[39m
              [0m0:00[0m
              [0m / [0m
              [0m1:30[0m
            [36m&lt;/span&gt;[39m
          [36m&lt;/div&gt;[39m
          [36m&lt;button[39m
            [33mclass[39m=[32m&quot;glass-strong p-2 rounded-full&quot;[39m
            [33mtabindex[39m=[32m&quot;0&quot;[39m
          [36m&gt;[39m
            [36m&lt;svg[39m
              [33maria-hidden[39m=[32m&quot;true&quot;[39m
              [33mclass[39m=[32m&quot;lucide lucide-refresh-cw w-5 h-5 text-white&quot;[39m
              [33mfill[39m=[32m&quot;none&quot;[39m
              [33mheight[39m=[32m&quot;24&quot;[39m
              [33mstroke[39m=[32m&quot;currentColor&quot;[39m
              [33mstroke-linecap[39m=[32m&quot;round&quot;[39m
              [33mstroke-linejoin[39m=[32m&quot;round&quot;[39m
              [33mstroke-width[39m=[32m&quot;2&quot;[39m
              [33mviewBox[39m=[32m&quot;0 0 24 24&quot;[39m
              [33mwidth[39m=[32m&quot;24&quot;[39m
              [33mxmlns[39m=[32m&quot;http://www.w3.org/2000/svg&quot;[39m
            [36m&gt;[39m
              [36m&lt;path[39m
                [33md[39m=[32m&quot;M3 12a9 9 0 0 1 9-9 9.75 9.75 0 0 1 6.74 2.74L21 8&quot;[39m
              [36m/&gt;[39m
              [36m&lt;path[39m
                [33md[39m=[32m&quot;M21 3v5h-5&quot;[39m
              [36m/&gt;[39m
              [36m&lt;path[39m
                [33md[39m=[32m&quot;M21 12a9 9 0 0 1-9 9 9.75 9.75 0 0 1-6.74-2.74L3 16&quot;[39m
              [36m/&gt;[39m
              [36m&lt;path[39m
                [33md[39m=[32m&quot;M8 16H3v5&quot;[39m
              [36m/&gt;[39m
            [36m&lt;/svg&gt;[39m
          [36m&lt;/button&gt;[39m
        [36m&lt;/div&gt;[39m
      [36m&lt;/div&gt;[39m
      [36m&lt;div[39m
        [33mclass[39m=[32m&quot;flex items-center justify-center gap-4 py-2&quot;[39m
      [36m&gt;[39m
        [36m&lt;div[39m
          [33mstyle[39m=[32m&quot;opacity: 0; transform: scale(0.8);&quot;[39m
        [36m&gt;[39m
          [36m&lt;button[39m
            [33mclass[39m=[32m&quot;inline-flex items-center justify-center gap-2 whitespace-nowrap text-sm font-medium transition-colors focus-visible:outline-none focus-visible:ring-1 focus-visible:ring-ring disabled:pointer-events-none disabled:opacity-50 [&amp;_svg]:pointer-events-none [&amp;_svg]:size-4 [&amp;_svg]:shrink-0 hover:bg-primary/90 px-4 py-2 w-20 h-20 rounded-full bg-gradient-to-br from-red-400 to-red-600 hover:from-red-500 hover:to-red-700 text-white shadow-xl shadow-red-500/40 border-4 border-white/50&quot;[39m
          [36m&gt;[39m
            [36m&lt;svg[39m
              [33maria-hidden[39m=[32m&quot;true&quot;[39m
              [33mclass[39m=[32m&quot;lucide lucide-video w-8 h-8&quot;[39m
              [33mfill[39m=[32m&quot;none&quot;[39m
              [33mheight[39m=[32m&quot;24&quot;[39m
              [33mstroke[39m=[32m&quot;currentColor&quot;[39m
              [33mstroke-linecap[39m=[32m&quot;round&quot;[39m
              [33mstroke-linejoin[39m=[32m&quot;round&quot;[39m
              [33mstroke-width[39m=[32m&quot;2&quot;[39m
              [33mviewBox[39m=[32m&quot;0 0 24 24&quot;[39m
              [33mwidth[39m=[32m&quot;24&quot;[39m
              [33mxmlns[39m=[32m&quot;http://www.w3.org/2000/svg&quot;[39m
            [36m&gt;[39m
              [36m&lt;path[39m
                [33md[39m=[32m&quot;m16 13 5.223 3.482a.5.5 0 0 0 .777-.416V7.87a.5.5 0 0 0-.752-.432L16 10.5&quot;[39m
              [36m/&gt;[39m
              [36m&lt;rect[39m
                [33mheight[39m=[32m&quot;12&quot;[39m
                [33mrx[39m=[32m&quot;2&quot;[39m
                [33mwidth[39m=[32m&quot;14&quot;[39m
                [33mx[39m=[32m&quot;2&quot;[39m
                [33my[39m=[32m&quot;6&quot;[39m
              [36m/&gt;[39m
            [36m&lt;/svg&gt;[39m
          [36m&lt;/button&gt;[39m
        [36m&lt;/div&gt;[39m
      [36m&lt;/div&gt;[39m
    [36m&lt;/div&gt;[39m
  [36m&lt;/div&gt;[39m
[36m&lt;/body&gt;[39m" type="TestingLibraryElementError">
TestingLibraryElementError: Unable to find an accessible element with the role &quot;button&quot; and name `/video/i`

Here are the accessible roles:

  paragraph:

  Name &quot;&quot;:
  &lt;p
    class=&quot;text-white/90 text-sm mt-2 font-medium&quot;
  /&gt;

  --------------------------------------------------
  button:

  Name &quot;&quot;:
  &lt;button
    class=&quot;glass-strong p-2 rounded-full&quot;
    tabindex=&quot;0&quot;
  /&gt;

  Name &quot;&quot;:
  &lt;button
    class=&quot;inline-flex items-center justify-center gap-2 whitespace-nowrap text-sm font-medium transition-colors focus-visible:outline-none focus-visible:ring-1 focus-visible:ring-ring disabled:pointer-events-none disabled:opacity-50 [&amp;_svg]:pointer-events-none [&amp;_svg]:size-4 [&amp;_svg]:shrink-0 hover:bg-primary/90 px-4 py-2 w-20 h-20 rounded-full bg-gradient-to-br from-red-400 to-red-600 hover:from-red-500 hover:to-red-700 text-white shadow-xl shadow-red-500/40 border-4 border-white/50&quot;
  /&gt;

  --------------------------------------------------

Ignored nodes: comments, script, style
&lt;body&gt;
  &lt;div&gt;
    &lt;div
      class=&quot;space-y-4&quot;
    &gt;
      &lt;div
        class=&quot;relative aspect-[9/16] max-h-[400px] rounded-3xl overflow-hidden bg-gradient-to-br from-purple-900/20 via-blue-900/20 to-indigo-900/20 border border-white/30 shadow-2xl&quot;
      &gt;
        &lt;div
          class=&quot;absolute inset-0 bg-gradient-to-t from-black/30 via-transparent to-transparent pointer-events-none z-10&quot;
        /&gt;
        &lt;video
          autoplay=&quot;&quot;
          class=&quot;absolute inset-0 w-full h-full object-cover&quot;
          playsinline=&quot;&quot;
          style=&quot;transform: scaleX(-1);&quot;
        /&gt;
        &lt;div
          class=&quot;absolute inset-0 flex items-center justify-center z-20 pointer-events-none&quot;
        &gt;
          &lt;div
            class=&quot;flex flex-col items-center&quot;
            style=&quot;opacity: 0; transform: scale(0.8);&quot;
          &gt;
            &lt;div&gt;
              &lt;svg
                aria-hidden=&quot;true&quot;
                class=&quot;lucide lucide-sparkles w-8 h-8 text-yellow-300/80&quot;
                fill=&quot;none&quot;
                height=&quot;24&quot;
                stroke=&quot;currentColor&quot;
                stroke-linecap=&quot;round&quot;
                stroke-linejoin=&quot;round&quot;
                stroke-width=&quot;2&quot;
                viewBox=&quot;0 0 24 24&quot;
                width=&quot;24&quot;
                xmlns=&quot;http://www.w3.org/2000/svg&quot;
              &gt;
                &lt;path
                  d=&quot;M11.017 2.814a1 1 0 0 1 1.966 0l1.051 5.558a2 2 0 0 0 1.594 1.594l5.558 1.051a1 1 0 0 1 0 1.966l-5.558 1.051a2 2 0 0 0-1.594 1.594l-1.051 5.558a1 1 0 0 1-1.966 0l-1.051-5.558a2 2 0 0 0-1.594-1.594l-5.558-1.051a1 1 0 0 1 0-1.966l5.558-1.051a2 2 0 0 0 1.594-1.594z&quot;
                /&gt;
                &lt;path
                  d=&quot;M20 2v4&quot;
                /&gt;
                &lt;path
                  d=&quot;M22 4h-4&quot;
                /&gt;
                &lt;circle
                  cx=&quot;4&quot;
                  cy=&quot;20&quot;
                  r=&quot;2&quot;
                /&gt;
              &lt;/svg&gt;
            &lt;/div&gt;
            &lt;p
              class=&quot;text-white/90 text-sm mt-2 font-medium&quot;
            &gt;
              Tap to record your prayer
            &lt;/p&gt;
          &lt;/div&gt;
        &lt;/div&gt;
        &lt;div
          class=&quot;absolute top-4 left-4 right-4 flex items-center justify-between z-30&quot;
        &gt;
          &lt;div
            class=&quot;glass-strong px-3 py-1.5 rounded-full flex items-center gap-2 &quot;
            style=&quot;opacity: 0; transform: translateX(-20px);&quot;
          &gt;
            &lt;span
              class=&quot;text-white font-mono text-sm font-medium&quot;
            &gt;
              0:00
               / 
              1:30
            &lt;/span&gt;
          &lt;/div&gt;
          &lt;button
            class=&quot;glass-strong p-2 rounded-full&quot;
            tabindex=&quot;0&quot;
          &gt;
            &lt;svg
              aria-hidden=&quot;true&quot;
              class=&quot;lucide lucide-refresh-cw w-5 h-5 text-white&quot;
              fill=&quot;none&quot;
              height=&quot;24&quot;
              stroke=&quot;currentColor&quot;
              stroke-linecap=&quot;round&quot;
              stroke-linejoin=&quot;round&quot;
              stroke-width=&quot;2&quot;
              viewBox=&quot;0 0 24 24&quot;
              width=&quot;24&quot;
              xmlns=&quot;http://www.w3.org/2000/svg&quot;
            &gt;
              &lt;path
                d=&quot;M3 12a9 9 0 0 1 9-9 9.75 9.75 0 0 1 6.74 2.74L21 8&quot;
              /&gt;
              &lt;path
                d=&quot;M21 3v5h-5&quot;
              /&gt;
              &lt;path
                d=&quot;M21 12a9 9 0 0 1-9 9 9.75 9.75 0 0 1-6.74-2.74L3 16&quot;
              /&gt;
              &lt;path
                d=&quot;M8 16H3v5&quot;
              /&gt;
            &lt;/svg&gt;
          &lt;/button&gt;
        &lt;/div&gt;
      &lt;/div&gt;
      &lt;div
        class=&quot;flex items-center justify-center gap-4 py-2&quot;
      &gt;
        &lt;div
          style=&quot;opacity: 0; transform: scale(0.8);&quot;
        &gt;
          &lt;button
            class=&quot;inline-flex items-center justify-center gap-2 whitespace-nowrap text-sm font-medium transition-colors focus-visible:outline-none focus-visible:ring-1 focus-visible:ring-ring disabled:pointer-events-none disabled:opacity-50 [&amp;_svg]:pointer-events-none [&amp;_svg]:size-4 [&amp;_svg]:shrink-0 hover:bg-primary/90 px-4 py-2 w-20 h-20 rounded-full bg-gradient-to-br from-red-400 to-red-600 hover:from-red-500 hover:to-red-700 text-white shadow-xl shadow-red-500/40 border-4 border-white/50&quot;
          &gt;
            &lt;svg
              aria-hidden=&quot;true&quot;
              class=&quot;lucide lucide-video w-8 h-8&quot;
              fill=&quot;none&quot;
              height=&quot;24&quot;
              stroke=&quot;currentColor&quot;
              stroke-linecap=&quot;round&quot;
              stroke-linejoin=&quot;round&quot;
              stroke-width=&quot;2&quot;
              viewBox=&quot;0 0 24 24&quot;
              width=&quot;24&quot;
              xmlns=&quot;http://www.w3.org/2000/svg&quot;
            &gt;
              &lt;path
                d=&quot;m16 13 5.223 3.482a.5.5 0 0 0 .777-.416V7.87a.5.5 0 0 0-.752-.432L16 10.5&quot;
              /&gt;
              &lt;rect
                height=&quot;12&quot;
                rx=&quot;2&quot;
                width=&quot;14&quot;
                x=&quot;2&quot;
                y=&quot;6&quot;
              /&gt;
            &lt;/svg&gt;
          &lt;/button&gt;
        &lt;/div&gt;
      &lt;/div&gt;
    &lt;/div&gt;
  &lt;/div&gt;
&lt;/body&gt;
 ❯ Object.getElementError node_modules/@testing-library/dom/dist/config.js:37:19
 ❯ node_modules/@testing-library/dom/dist/query-helpers.js:76:38
 ❯ node_modules/@testing-library/dom/dist/query-helpers.js:52:17
 ❯ node_modules/@testing-library/dom/dist/query-helpers.js:95:19
 ❯ src/components/__tests__/VideoRecorder.test.tsx:71:35
            </failure>
        </testcase>
        <testcase classname="src/components/__tests__/VideoRecorder.test.tsx" name="VideoRecorder &gt; rendering &gt; should apply ethereal glass styling" time="0.008579877">
        </testcase>
        <testcase classname="src/components/__tests__/VideoRecorder.test.tsx" name="VideoRecorder &gt; camera initialization &gt; should call initializeCamera on mount" time="0.006069829">
        </testcase>
        <testcase classname="src/components/__tests__/VideoRecorder.test.tsx" name="VideoRecorder &gt; camera initialization &gt; should show error message on permission denied" time="0.007048062">
        </testcase>
        <testcase classname="src/components/__tests__/VideoRecorder.test.tsx" name="VideoRecorder &gt; camera initialization &gt; should show video preview when camera ready" time="0.010875334">
        </testcase>
        <testcase classname="src/components/__tests__/VideoRecorder.test.tsx" name="VideoRecorder &gt; camera initialization &gt; should call stopCamera on unmount" time="0.005131473">
        </testcase>
        <testcase classname="src/components/__tests__/VideoRecorder.test.tsx" name="VideoRecorder &gt; recording flow &gt; should start recording when record button clicked" time="0.31029775">
            <failure message="Unable to find an accessible element with the role &quot;button&quot; and name `/video/i`

Here are the accessible roles:

  paragraph:

  Name &quot;&quot;:
  [36m&lt;p[39m
    [33mclass[39m=[32m&quot;text-white/90 text-sm mt-2 font-medium&quot;[39m
  [36m/&gt;[39m

  --------------------------------------------------
  button:

  Name &quot;&quot;:
  [36m&lt;button[39m
    [33mclass[39m=[32m&quot;glass-strong p-2 rounded-full&quot;[39m
    [33mtabindex[39m=[32m&quot;0&quot;[39m
  [36m/&gt;[39m

  Name &quot;&quot;:
  [36m&lt;button[39m
    [33mclass[39m=[32m&quot;inline-flex items-center justify-center gap-2 whitespace-nowrap text-sm font-medium transition-colors focus-visible:outline-none focus-visible:ring-1 focus-visible:ring-ring disabled:pointer-events-none disabled:opacity-50 [&amp;_svg]:pointer-events-none [&amp;_svg]:size-4 [&amp;_svg]:shrink-0 hover:bg-primary/90 px-4 py-2 w-20 h-20 rounded-full bg-gradient-to-br from-red-400 to-red-600 hover:from-red-500 hover:to-red-700 text-white shadow-xl shadow-red-500/40 border-4 border-white/50&quot;[39m
  [36m/&gt;[39m

  --------------------------------------------------

Ignored nodes: comments, script, style
[36m&lt;body&gt;[39m
  [36m&lt;div&gt;[39m
    [36m&lt;div[39m
      [33mclass[39m=[32m&quot;space-y-4&quot;[39m
    [36m&gt;[39m
      [36m&lt;div[39m
        [33mclass[39m=[32m&quot;relative aspect-[9/16] max-h-[400px] rounded-3xl overflow-hidden bg-gradient-to-br from-purple-900/20 via-blue-900/20 to-indigo-900/20 border border-white/30 shadow-2xl&quot;[39m
      [36m&gt;[39m
        [36m&lt;div[39m
          [33mclass[39m=[32m&quot;absolute inset-0 bg-gradient-to-t from-black/30 via-transparent to-transparent pointer-events-none z-10&quot;[39m
        [36m/&gt;[39m
        [36m&lt;video[39m
          [33mautoplay[39m=[32m&quot;&quot;[39m
          [33mclass[39m=[32m&quot;absolute inset-0 w-full h-full object-cover&quot;[39m
          [33mplaysinline[39m=[32m&quot;&quot;[39m
          [33mstyle[39m=[32m&quot;transform: scaleX(-1);&quot;[39m
        [36m/&gt;[39m
        [36m&lt;div[39m
          [33mclass[39m=[32m&quot;absolute inset-0 flex items-center justify-center z-20 pointer-events-none&quot;[39m
        [36m&gt;[39m
          [36m&lt;div[39m
            [33mclass[39m=[32m&quot;flex flex-col items-center&quot;[39m
            [33mstyle[39m=[32m&quot;opacity: 0; transform: scale(0.8);&quot;[39m
          [36m&gt;[39m
            [36m&lt;div&gt;[39m
              [36m&lt;svg[39m
                [33maria-hidden[39m=[32m&quot;true&quot;[39m
                [33mclass[39m=[32m&quot;lucide lucide-sparkles w-8 h-8 text-yellow-300/80&quot;[39m
                [33mfill[39m=[32m&quot;none&quot;[39m
                [33mheight[39m=[32m&quot;24&quot;[39m
                [33mstroke[39m=[32m&quot;currentColor&quot;[39m
                [33mstroke-linecap[39m=[32m&quot;round&quot;[39m
                [33mstroke-linejoin[39m=[32m&quot;round&quot;[39m
                [33mstroke-width[39m=[32m&quot;2&quot;[39m
                [33mviewBox[39m=[32m&quot;0 0 24 24&quot;[39m
                [33mwidth[39m=[32m&quot;24&quot;[39m
                [33mxmlns[39m=[32m&quot;http://www.w3.org/2000/svg&quot;[39m
              [36m&gt;[39m
                [36m&lt;path[39m
                  [33md[39m=[32m&quot;M11.017 2.814a1 1 0 0 1 1.966 0l1.051 5.558a2 2 0 0 0 1.594 1.594l5.558 1.051a1 1 0 0 1 0 1.966l-5.558 1.051a2 2 0 0 0-1.594 1.594l-1.051 5.558a1 1 0 0 1-1.966 0l-1.051-5.558a2 2 0 0 0-1.594-1.594l-5.558-1.051a1 1 0 0 1 0-1.966l5.558-1.051a2 2 0 0 0 1.594-1.594z&quot;[39m
                [36m/&gt;[39m
                [36m&lt;path[39m
                  [33md[39m=[32m&quot;M20 2v4&quot;[39m
                [36m/&gt;[39m
                [36m&lt;path[39m
                  [33md[39m=[32m&quot;M22 4h-4&quot;[39m
                [36m/&gt;[39m
                [36m&lt;circle[39m
                  [33mcx[39m=[32m&quot;4&quot;[39m
                  [33mcy[39m=[32m&quot;20&quot;[39m
                  [33mr[39m=[32m&quot;2&quot;[39m
                [36m/&gt;[39m
              [36m&lt;/svg&gt;[39m
            [36m&lt;/div&gt;[39m
            [36m&lt;p[39m
              [33mclass[39m=[32m&quot;text-white/90 text-sm mt-2 font-medium&quot;[39m
            [36m&gt;[39m
              [0mTap to record your prayer[0m
            [36m&lt;/p&gt;[39m
          [36m&lt;/div&gt;[39m
        [36m&lt;/div&gt;[39m
        [36m&lt;div[39m
          [33mclass[39m=[32m&quot;absolute top-4 left-4 right-4 flex items-center justify-between z-30&quot;[39m
        [36m&gt;[39m
          [36m&lt;div[39m
            [33mclass[39m=[32m&quot;glass-strong px-3 py-1.5 rounded-full flex items-center gap-2 &quot;[39m
            [33mstyle[39m=[32m&quot;opacity: 0; transform: translateX(-20px);&quot;[39m
          [36m&gt;[39m
            [36m&lt;span[39m
              [33mclass[39m=[32m&quot;text-white font-mono text-sm font-medium&quot;[39m
            [36m&gt;[39m
              [0m0:00[0m
              [0m / [0m
              [0m1:30[0m
            [36m&lt;/span&gt;[39m
          [36m&lt;/div&gt;[39m
          [36m&lt;button[39m
            [33mclass[39m=[32m&quot;glass-strong p-2 rounded-full&quot;[39m
            [33mtabindex[39m=[32m&quot;0&quot;[39m
          [36m&gt;[39m
            [36m&lt;svg[39m
              [33maria-hidden[39m=[32m&quot;true&quot;[39m
              [33mclass[39m=[32m&quot;lucide lucide-refresh-cw w-5 h-5 text-white&quot;[39m
              [33mfill[39m=[32m&quot;none&quot;[39m
              [33mheight[39m=[32m&quot;24&quot;[39m
              [33mstroke[39m=[32m&quot;currentColor&quot;[39m
              [33mstroke-linecap[39m=[32m&quot;round&quot;[39m
              [33mstroke-linejoin[39m=[32m&quot;round&quot;[39m
              [33mstroke-width[39m=[32m&quot;2&quot;[39m
              [33mviewBox[39m=[32m&quot;0 0 24 24&quot;[39m
              [33mwidth[39m=[32m&quot;24&quot;[39m
              [33mxmlns[39m=[32m&quot;http://www.w3.org/2000/svg&quot;[39m
            [36m&gt;[39m
              [36m&lt;path[39m
                [33md[39m=[32m&quot;M3 12a9 9 0 0 1 9-9 9.75 9.75 0 0 1 6.74 2.74L21 8&quot;[39m
              [36m/&gt;[39m
              [36m&lt;path[39m
                [33md[39m=[32m&quot;M21 3v5h-5&quot;[39m
              [36m/&gt;[39m
              [36m&lt;path[39m
                [33md[39m=[32m&quot;M21 12a9 9 0 0 1-9 9 9.75 9.75 0 0 1-6.74-2.74L3 16&quot;[39m
              [36m/&gt;[39m
              [36m&lt;path[39m
                [33md[39m=[32m&quot;M8 16H3v5&quot;[39m
              [36m/&gt;[39m
            [36m&lt;/svg&gt;[39m
          [36m&lt;/button&gt;[39m
        [36m&lt;/div&gt;[39m
      [36m&lt;/div&gt;[39m
      [36m&lt;div[39m
        [33mclass[39m=[32m&quot;flex items-center justify-center gap-4 py-2&quot;[39m
      [36m&gt;[39m
        [36m&lt;div[39m
          [33mstyle[39m=[32m&quot;opacity: 0; transform: scale(0.8);&quot;[39m
        [36m&gt;[39m
          [36m&lt;button[39m
            [33mclass[39m=[32m&quot;inline-flex items-center justify-center gap-2 whitespace-nowrap text-sm font-medium transition-colors focus-visible:outline-none focus-visible:ring-1 focus-visible:ring-ring disabled:pointer-events-none disabled:opacity-50 [&amp;_svg]:pointer-events-none [&amp;_svg]:size-4 [&amp;_svg]:shrink-0 hover:bg-primary/90 px-4 py-2 w-20 h-20 rounded-full bg-gradient-to-br from-red-400 to-red-600 hover:from-red-500 hover:to-red-700 text-white shadow-xl shadow-red-500/40 border-4 border-white/50&quot;[39m
          [36m&gt;[39m
            [36m&lt;svg[39m
              [33maria-hidden[39m=[32m&quot;true&quot;[39m
              [33mclass[39m=[32m&quot;lucide lucide-video w-8 h-8&quot;[39m
              [33mfill[39m=[32m&quot;none&quot;[39m
              [33mheight[39m=[32m&quot;24&quot;[39m
              [33mstroke[39m=[32m&quot;currentColor&quot;[39m
              [33mstroke-linecap[39m=[32m&quot;round&quot;[39m
              [33mstroke-linejoin[39m=[32m&quot;round&quot;[39m
              [33mstroke-width[39m=[32m&quot;2&quot;[39m
              [33mviewBox[39m=[32m&quot;0 0 24 24&quot;[39m
              [33mwidth[39m=[32m&quot;24&quot;[39m
              [33mxmlns[39m=[32m&quot;http://www.w3.org/2000/svg&quot;[39m
            [36m&gt;[39m
              [36m&lt;path[39m
                [33md[39m=[32m&quot;m16 13 5.223 3.482a.5.5 0 0 0 .777-.416V7.87a.5.5 0 0 0-.752-.432L16 10.5&quot;[39m
              [36m/&gt;[39m
              [36m&lt;rect[39m
                [33mheight[39m=[32m&quot;12&quot;[39m
                [33mrx[39m=[32m&quot;2&quot;[39m
                [33mwidth[39m=[32m&quot;14&quot;[39m
                [33mx[39m=[32m&quot;2&quot;[39m
                [33my[39m=[32m&quot;6&quot;[39m
              [36m/&gt;[39m
            [36m&lt;/svg&gt;[39m
          [36m&lt;/button&gt;[39m
        [36m&lt;/div&gt;[39m
      [36m&lt;/div&gt;[39m
    [36m&lt;/div&gt;[39m
  [36m&lt;/div&gt;[39m
[36m&lt;/body&gt;[39m" type="TestingLibraryElementError">
TestingLibraryElementError: Unable to find an accessible element with the role &quot;button&quot; and name `/video/i`

Here are the accessible roles:

  paragraph:

  Name &quot;&quot;:
  &lt;p
    class=&quot;text-white/90 text-sm mt-2 font-medium&quot;
  /&gt;

  --------------------------------------------------
  button:

  Name &quot;&quot;:
  &lt;button
    class=&quot;glass-strong p-2 rounded-full&quot;
    tabindex=&quot;0&quot;
  /&gt;

  Name &quot;&quot;:
  &lt;button
    class=&quot;inline-flex items-center justify-center gap-2 whitespace-nowrap text-sm font-medium transition-colors focus-visible:outline-none focus-visible:ring-1 focus-visible:ring-ring disabled:pointer-events-none disabled:opacity-50 [&amp;_svg]:pointer-events-none [&amp;_svg]:size-4 [&amp;_svg]:shrink-0 hover:bg-primary/90 px-4 py-2 w-20 h-20 rounded-full bg-gradient-to-br from-red-400 to-red-600 hover:from-red-500 hover:to-red-700 text-white shadow-xl shadow-red-500/40 border-4 border-white/50&quot;
  /&gt;

  --------------------------------------------------

Ignored nodes: comments, script, style
&lt;body&gt;
  &lt;div&gt;
    &lt;div
      class=&quot;space-y-4&quot;
    &gt;
      &lt;div
        class=&quot;relative aspect-[9/16] max-h-[400px] rounded-3xl overflow-hidden bg-gradient-to-br from-purple-900/20 via-blue-900/20 to-indigo-900/20 border border-white/30 shadow-2xl&quot;
      &gt;
        &lt;div
          class=&quot;absolute inset-0 bg-gradient-to-t from-black/30 via-transparent to-transparent pointer-events-none z-10&quot;
        /&gt;
        &lt;video
          autoplay=&quot;&quot;
          class=&quot;absolute inset-0 w-full h-full object-cover&quot;
          playsinline=&quot;&quot;
          style=&quot;transform: scaleX(-1);&quot;
        /&gt;
        &lt;div
          class=&quot;absolute inset-0 flex items-center justify-center z-20 pointer-events-none&quot;
        &gt;
          &lt;div
            class=&quot;flex flex-col items-center&quot;
            style=&quot;opacity: 0; transform: scale(0.8);&quot;
          &gt;
            &lt;div&gt;
              &lt;svg
                aria-hidden=&quot;true&quot;
                class=&quot;lucide lucide-sparkles w-8 h-8 text-yellow-300/80&quot;
                fill=&quot;none&quot;
                height=&quot;24&quot;
                stroke=&quot;currentColor&quot;
                stroke-linecap=&quot;round&quot;
                stroke-linejoin=&quot;round&quot;
                stroke-width=&quot;2&quot;
                viewBox=&quot;0 0 24 24&quot;
                width=&quot;24&quot;
                xmlns=&quot;http://www.w3.org/2000/svg&quot;
              &gt;
                &lt;path
                  d=&quot;M11.017 2.814a1 1 0 0 1 1.966 0l1.051 5.558a2 2 0 0 0 1.594 1.594l5.558 1.051a1 1 0 0 1 0 1.966l-5.558 1.051a2 2 0 0 0-1.594 1.594l-1.051 5.558a1 1 0 0 1-1.966 0l-1.051-5.558a2 2 0 0 0-1.594-1.594l-5.558-1.051a1 1 0 0 1 0-1.966l5.558-1.051a2 2 0 0 0 1.594-1.594z&quot;
                /&gt;
                &lt;path
                  d=&quot;M20 2v4&quot;
                /&gt;
                &lt;path
                  d=&quot;M22 4h-4&quot;
                /&gt;
                &lt;circle
                  cx=&quot;4&quot;
                  cy=&quot;20&quot;
                  r=&quot;2&quot;
                /&gt;
              &lt;/svg&gt;
            &lt;/div&gt;
            &lt;p
              class=&quot;text-white/90 text-sm mt-2 font-medium&quot;
            &gt;
              Tap to record your prayer
            &lt;/p&gt;
          &lt;/div&gt;
        &lt;/div&gt;
        &lt;div
          class=&quot;absolute top-4 left-4 right-4 flex items-center justify-between z-30&quot;
        &gt;
          &lt;div
            class=&quot;glass-strong px-3 py-1.5 rounded-full flex items-center gap-2 &quot;
            style=&quot;opacity: 0; transform: translateX(-20px);&quot;
          &gt;
            &lt;span
              class=&quot;text-white font-mono text-sm font-medium&quot;
            &gt;
              0:00
               / 
              1:30
            &lt;/span&gt;
          &lt;/div&gt;
          &lt;button
            class=&quot;glass-strong p-2 rounded-full&quot;
            tabindex=&quot;0&quot;
          &gt;
            &lt;svg
              aria-hidden=&quot;true&quot;
              class=&quot;lucide lucide-refresh-cw w-5 h-5 text-white&quot;
              fill=&quot;none&quot;
              height=&quot;24&quot;
              stroke=&quot;currentColor&quot;
              stroke-linecap=&quot;round&quot;
              stroke-linejoin=&quot;round&quot;
              stroke-width=&quot;2&quot;
              viewBox=&quot;0 0 24 24&quot;
              width=&quot;24&quot;
              xmlns=&quot;http://www.w3.org/2000/svg&quot;
            &gt;
              &lt;path
                d=&quot;M3 12a9 9 0 0 1 9-9 9.75 9.75 0 0 1 6.74 2.74L21 8&quot;
              /&gt;
              &lt;path
                d=&quot;M21 3v5h-5&quot;
              /&gt;
              &lt;path
                d=&quot;M21 12a9 9 0 0 1-9 9 9.75 9.75 0 0 1-6.74-2.74L3 16&quot;
              /&gt;
              &lt;path
                d=&quot;M8 16H3v5&quot;
              /&gt;
            &lt;/svg&gt;
          &lt;/button&gt;
        &lt;/div&gt;
      &lt;/div&gt;
      &lt;div
        class=&quot;flex items-center justify-center gap-4 py-2&quot;
      &gt;
        &lt;div
          style=&quot;opacity: 0; transform: scale(0.8);&quot;
        &gt;
          &lt;button
            class=&quot;inline-flex items-center justify-center gap-2 whitespace-nowrap text-sm font-medium transition-colors focus-visible:outline-none focus-visible:ring-1 focus-visible:ring-ring disabled:pointer-events-none disabled:opacity-50 [&amp;_svg]:pointer-events-none [&amp;_svg]:size-4 [&amp;_svg]:shrink-0 hover:bg-primary/90 px-4 py-2 w-20 h-20 rounded-full bg-gradient-to-br from-red-400 to-red-600 hover:from-red-500 hover:to-red-700 text-white shadow-xl shadow-red-500/40 border-4 border-white/50&quot;
          &gt;
            &lt;svg
              aria-hidden=&quot;true&quot;
              class=&quot;lucide lucide-video w-8 h-8&quot;
              fill=&quot;none&quot;
              height=&quot;24&quot;
              stroke=&quot;currentColor&quot;
              stroke-linecap=&quot;round&quot;
              stroke-linejoin=&quot;round&quot;
              stroke-width=&quot;2&quot;
              viewBox=&quot;0 0 24 24&quot;
              width=&quot;24&quot;
              xmlns=&quot;http://www.w3.org/2000/svg&quot;
            &gt;
              &lt;path
                d=&quot;m16 13 5.223 3.482a.5.5 0 0 0 .777-.416V7.87a.5.5 0 0 0-.752-.432L16 10.5&quot;
              /&gt;
              &lt;rect
                height=&quot;12&quot;
                rx=&quot;2&quot;
                width=&quot;14&quot;
                x=&quot;2&quot;
                y=&quot;6&quot;
              /&gt;
            &lt;/svg&gt;
          &lt;/button&gt;
        &lt;/div&gt;
      &lt;/div&gt;
    &lt;/div&gt;
  &lt;/div&gt;
&lt;/body&gt;
 ❯ Object.getElementError node_modules/@testing-library/dom/dist/config.js:37:19
 ❯ node_modules/@testing-library/dom/dist/query-helpers.js:76:38
 ❯ node_modules/@testing-library/dom/dist/query-helpers.js:52:17
 ❯ node_modules/@testing-library/dom/dist/query-helpers.js:95:19
 ❯ src/components/__tests__/VideoRecorder.test.tsx:124:35
            </failure>
        </testcase>
        <testcase classname="src/components/__tests__/VideoRecorder.test.tsx" name="VideoRecorder &gt; recording flow &gt; should show animated border during recording" time="0.044555666">
        </testcase>
        <testcase classname="src/components/__tests__/VideoRecorder.test.tsx" name="VideoRecorder &gt; recording flow &gt; should show progress ring during recording" time="0.020534928">
        </testcase>
        <testcase classname="src/components/__tests__/VideoRecorder.test.tsx" name="VideoRecorder &gt; recording flow &gt; should show duration timer" time="0.019231307">
        </testcase>
        <testcase classname="src/components/__tests__/VideoRecorder.test.tsx" name="VideoRecorder &gt; recording flow &gt; should auto-stop at maxDuration" time="0.021767433">
        </testcase>
        <testcase classname="src/components/__tests__/VideoRecorder.test.tsx" name="VideoRecorder &gt; controls &gt; should show pause button during recording" time="0.437125452">
            <failure message="Unable to find an accessible element with the role &quot;button&quot; and name `/pause/i`

Here are the accessible roles:

  button:

  Name &quot;&quot;:
  [36m&lt;button[39m
    [33mclass[39m=[32m&quot;glass-strong p-2 rounded-full&quot;[39m
    [33mtabindex[39m=[32m&quot;0&quot;[39m
  [36m/&gt;[39m

  Name &quot;&quot;:
  [36m&lt;button[39m
    [33mclass[39m=[32m&quot;inline-flex items-center justify-center gap-2 whitespace-nowrap text-sm font-medium transition-colors focus-visible:outline-none focus-visible:ring-1 focus-visible:ring-ring disabled:pointer-events-none disabled:opacity-50 [&amp;_svg]:pointer-events-none [&amp;_svg]:size-4 [&amp;_svg]:shrink-0 bg-primary text-primary-foreground shadow px-4 py-2 w-14 h-14 rounded-full glass-strong hover:bg-white/30 border border-white/40&quot;[39m
  [36m/&gt;[39m

  Name &quot;&quot;:
  [36m&lt;button[39m
    [33mclass[39m=[32m&quot;inline-flex items-center justify-center gap-2 whitespace-nowrap text-sm font-medium transition-colors focus-visible:outline-none focus-visible:ring-1 focus-visible:ring-ring disabled:pointer-events-none disabled:opacity-50 [&amp;_svg]:pointer-events-none [&amp;_svg]:size-4 [&amp;_svg]:shrink-0 hover:bg-primary/90 px-4 py-2 w-20 h-20 rounded-full bg-gradient-to-br from-red-400 to-red-600 hover:from-red-500 hover:to-red-700 text-white shadow-xl shadow-red-500/40 border-4 border-white/50&quot;[39m
  [36m/&gt;[39m

  --------------------------------------------------

Ignored nodes: comments, script, style
[36m&lt;body&gt;[39m
  [36m&lt;div&gt;[39m
    [36m&lt;div[39m
      [33mclass[39m=[32m&quot;space-y-4&quot;[39m
    [36m&gt;[39m
      [36m&lt;div[39m
        [33mclass[39m=[32m&quot;relative aspect-[9/16] max-h-[400px] rounded-3xl overflow-hidden bg-gradient-to-br from-purple-900/20 via-blue-900/20 to-indigo-900/20 border border-white/30 shadow-2xl&quot;[39m
      [36m&gt;[39m
        [36m&lt;div[39m
          [33mclass[39m=[32m&quot;absolute inset-0 bg-gradient-to-t from-black/30 via-transparent to-transparent pointer-events-none z-10&quot;[39m
        [36m/&gt;[39m
        [36m&lt;div[39m
          [33mclass[39m=[32m&quot;absolute inset-0 rounded-3xl pointer-events-none z-20&quot;[39m
          [33mstyle[39m=[32m&quot;background: linear-gradient(90deg, rgba(255, 215, 0, 0.5), rgba(255, 192, 203, 0.5), rgba(147, 112, 219, 0.5), rgba(135, 206, 250, 0.5), rgba(255, 215, 0, 0.5)); padding: 3px; mask-composite: exclude;&quot;[39m
        [36m/&gt;[39m
        [36m&lt;video[39m
          [33mautoplay[39m=[32m&quot;&quot;[39m
          [33mclass[39m=[32m&quot;absolute inset-0 w-full h-full object-cover&quot;[39m
          [33mplaysinline[39m=[32m&quot;&quot;[39m
          [33mstyle[39m=[32m&quot;transform: scaleX(-1);&quot;[39m
        [36m/&gt;[39m
        [36m&lt;div[39m
          [33mclass[39m=[32m&quot;absolute top-4 left-4 right-4 flex items-center justify-between z-30&quot;[39m
        [36m&gt;[39m
          [36m&lt;div[39m
            [33mclass[39m=[32m&quot;glass-strong px-3 py-1.5 rounded-full flex items-center gap-2 bg-red-500/30&quot;[39m
            [33mstyle[39m=[32m&quot;opacity: 0; transform: translateX(-20px);&quot;[39m
          [36m&gt;[39m
            [36m&lt;div[39m
              [33mclass[39m=[32m&quot;w-2 h-2 bg-red-500 rounded-full&quot;[39m
            [36m/&gt;[39m
            [36m&lt;span[39m
              [33mclass[39m=[32m&quot;text-white font-mono text-sm font-medium&quot;[39m
            [36m&gt;[39m
              [0m0:00[0m
              [0m / [0m
              [0m1:30[0m
            [36m&lt;/span&gt;[39m
          [36m&lt;/div&gt;[39m
          [36m&lt;button[39m
            [33mclass[39m=[32m&quot;glass-strong p-2 rounded-full&quot;[39m
            [33mtabindex[39m=[32m&quot;0&quot;[39m
          [36m&gt;[39m
            [36m&lt;svg[39m
              [33maria-hidden[39m=[32m&quot;true&quot;[39m
              [33mclass[39m=[32m&quot;lucide lucide-refresh-cw w-5 h-5 text-white&quot;[39m
              [33mfill[39m=[32m&quot;none&quot;[39m
              [33mheight[39m=[32m&quot;24&quot;[39m
              [33mstroke[39m=[32m&quot;currentColor&quot;[39m
              [33mstroke-linecap[39m=[32m&quot;round&quot;[39m
              [33mstroke-linejoin[39m=[32m&quot;round&quot;[39m
              [33mstroke-width[39m=[32m&quot;2&quot;[39m
              [33mviewBox[39m=[32m&quot;0 0 24 24&quot;[39m
              [33mwidth[39m=[32m&quot;24&quot;[39m
              [33mxmlns[39m=[32m&quot;http://www.w3.org/2000/svg&quot;[39m
            [36m&gt;[39m
              [36m&lt;path[39m
                [33md[39m=[32m&quot;M3 12a9 9 0 0 1 9-9 9.75 9.75 0 0 1 6.74 2.74L21 8&quot;[39m
              [36m/&gt;[39m
              [36m&lt;path[39m
                [33md[39m=[32m&quot;M21 3v5h-5&quot;[39m
              [36m/&gt;[39m
              [36m&lt;path[39m
                [33md[39m=[32m&quot;M21 12a9 9 0 0 1-9 9 9.75 9.75 0 0 1-6.74-2.74L3 16&quot;[39m
              [36m/&gt;[39m
              [36m&lt;path[39m
                [33md[39m=[32m&quot;M8 16H3v5&quot;[39m
              [36m/&gt;[39m
            [36m&lt;/svg&gt;[39m
          [36m&lt;/button&gt;[39m
        [36m&lt;/div&gt;[39m
        [36m&lt;div[39m
          [33mclass[39m=[32m&quot;absolute bottom-4 left-1/2 -translate-x-1/2 z-30&quot;[39m
        [36m&gt;[39m
          [36m&lt;svg[39m
            [33mclass[39m=[32m&quot;w-20 h-20 -rotate-90&quot;[39m
          [36m&gt;[39m
            [36m&lt;circle[39m
              [33mcx[39m=[32m&quot;40&quot;[39m
              [33mcy[39m=[32m&quot;40&quot;[39m
              [33mfill[39m=[32m&quot;transparent&quot;[39m
              [33mr[39m=[32m&quot;36&quot;[39m
              [33mstroke[39m=[32m&quot;rgba(255,255,255,0.2)&quot;[39m
              [33mstroke-width[39m=[32m&quot;4&quot;[39m
            [36m/&gt;[39m
            [36m&lt;circle[39m
              [33mcx[39m=[32m&quot;40&quot;[39m
              [33mcy[39m=[32m&quot;40&quot;[39m
              [33mfill[39m=[32m&quot;transparent&quot;[39m
              [33mr[39m=[32m&quot;36&quot;[39m
              [33mstroke[39m=[32m&quot;url(#progressGradient)&quot;[39m
              [33mstroke-dasharray[39m=[32m&quot;226&quot;[39m
              [33mstroke-dashoffset[39m=[32m&quot;226&quot;[39m
              [33mstroke-linecap[39m=[32m&quot;round&quot;[39m
              [33mstroke-width[39m=[32m&quot;4&quot;[39m
            [36m/&gt;[39m
            [36m&lt;defs&gt;[39m
              [36m&lt;lineargradient[39m
                [33mid[39m=[32m&quot;progressGradient&quot;[39m
                [33mx1[39m=[32m&quot;0%&quot;[39m
                [33mx2[39m=[32m&quot;100%&quot;[39m
                [33my1[39m=[32m&quot;0%&quot;[39m
                [33my2[39m=[32m&quot;0%&quot;[39m
              [36m&gt;[39m
                [36m&lt;stop[39m
                  [33moffset[39m=[32m&quot;0%&quot;[39m
                  [33mstop-color[39m=[32m&quot;#FFD700&quot;[39m
                [36m/&gt;[39m
                [36m&lt;stop[39m
                  [33moffset[39m=[32m&quot;50%&quot;[39m
                  [33mstop-color[39m=[32m&quot;#FF69B4&quot;[39m
                [36m/&gt;[39m
                [36m&lt;stop[39m
                  [33moffset[39m=[32m&quot;100%&quot;[39m
                  [33mstop-color[39m=[32m&quot;#9370DB&quot;[39m
                [36m/&gt;[39m
              [36m&lt;/lineargradient&gt;[39m
            [36m&lt;/defs&gt;[39m
          [36m&lt;/svg&gt;[39m
        [36m&lt;/div&gt;[39m
      [36m&lt;/div&gt;[39m
      [36m&lt;div[39m
        [33mclass[39m=[32m&quot;flex items-center justify-center gap-4 py-2&quot;[39m
      [36m&gt;[39m
        [36m&lt;div[39m
          [33mclass[39m=[32m&quot;flex items-center gap-4&quot;[39m
          [33mstyle[39m=[32m&quot;opacity: 0; transform: scale(0.8);&quot;[39m
        [36m&gt;[39m
          [36m&lt;button[39m
            [33mclass[39m=[32m&quot;inline-flex items-center justify-center gap-2 whitespace-nowrap text-sm font-medium transition-colors focus-visible:outline-none focus-visible:ring-1 focus-visible:ring-ring disabled:pointer-events-none disabled:opacity-50 [&amp;_svg]:pointer-events-none [&amp;_svg]:size-4 [&amp;_svg]:shrink-0 bg-primary text-primary-foreground shadow px-4 py-2 w-14 h-14 rounded-full glass-strong hover:bg-white/30 border border-white/40&quot;[39m
          [36m&gt;[39m
            [36m&lt;svg[39m
              [33maria-hidden[39m=[32m&quot;true&quot;[39m
              [33mclass[39m=[32m&quot;lucide lucide-pause w-6 h-6 text-white&quot;[39m
              [33mfill[39m=[32m&quot;none&quot;[39m
              [33mheight[39m=[32m&quot;24&quot;[39m
              [33mstroke[39m=[32m&quot;currentColor&quot;[39m
              [33mstroke-linecap[39m=[32m&quot;round&quot;[39m
              [33mstroke-linejoin[39m=[32m&quot;round&quot;[39m
              [33mstroke-width[39m=[32m&quot;2&quot;[39m
              [33mviewBox[39m=[32m&quot;0 0 24 24&quot;[39m
              [33mwidth[39m=[32m&quot;24&quot;[39m
              [33mxmlns[39m=[32m&quot;http://www.w3.org/2000/svg&quot;[39m
            [36m&gt;[39m
              [36m&lt;rect[39m
                [33mheight[39m=[32m&quot;18&quot;[39m
                [33mrx[39m=[32m&quot;1&quot;[39m
                [33mwidth[39m=[32m&quot;5&quot;[39m
                [33mx[39m=[32m&quot;14&quot;[39m
                [33my[39m=[32m&quot;3&quot;[39m
              [36m/&gt;[39m
              [36m&lt;rect[39m
                [33mheight[39m=[32m&quot;18&quot;[39m
                [33mrx[39m=[32m&quot;1&quot;[39m
                [33mwidth[39m=[32m&quot;5&quot;[39m
                [33mx[39m=[32m&quot;5&quot;[39m
                [33my[39m=[32m&quot;3&quot;[39m
              [36m/&gt;[39m
            [36m&lt;/svg&gt;[39m
          [36m&lt;/button&gt;[39m
          [36m&lt;button[39m
            [33mclass[39m=[32m&quot;inline-flex items-center justify-center gap-2 whitespace-nowrap text-sm font-medium transition-colors focus-visible:outline-none focus-visible:ring-1 focus-visible:ring-ring disabled:pointer-events-none disabled:opacity-50 [&amp;_svg]:pointer-events-none [&amp;_svg]:size-4 [&amp;_svg]:shrink-0 hover:bg-primary/90 px-4 py-2 w-20 h-20 rounded-full bg-gradient-to-br from-red-400 to-red-600 hover:from-red-500 hover:to-red-700 text-white shadow-xl shadow-red-500/40 border-4 border-white/50&quot;[39m
          [36m&gt;[39m
            [36m&lt;svg[39m
              [33maria-hidden[39m=[32m&quot;true&quot;[39m
              [33mclass[39m=[32m&quot;lucide lucide-square w-8 h-8 fill-current&quot;[39m
              [33mfill[39m=[32m&quot;none&quot;[39m
              [33mheight[39m=[32m&quot;24&quot;[39m
              [33mstroke[39m=[32m&quot;currentColor&quot;[39m
              [33mstroke-linecap[39m=[32m&quot;round&quot;[39m
              [33mstroke-linejoin[39m=[32m&quot;round&quot;[39m
              [33mstroke-width[39m=[32m&quot;2&quot;[39m
              [33mviewBox[39m=[32m&quot;0 0 24 24&quot;[39m
              [33mwidth[39m=[32m&quot;24&quot;[39m
              [33mxmlns[39m=[32m&quot;http://www.w3.org/2000/svg&quot;[39m
            [36m&gt;[39m
              [36m&lt;rect[39m
                [33mheight[39m=[32m&quot;18&quot;[39m
                [33mrx[39m=[32m&quot;2&quot;[39m
                [33mwidth[39m=[32m&quot;18&quot;[39m
                [33mx[39m=[32m&quot;3&quot;[39m
                [33my[39m=[32m&quot;3&quot;[39m
              [36m/&gt;[39m
            [36m&lt;/svg&gt;[39m
          [36m&lt;/button&gt;[39m
        [36m&lt;/div&gt;[39m
      [36m&lt;/div&gt;[39m
    [36m&lt;/div&gt;[39m
  [36m&lt;/div&gt;[39m
[36m&lt;/body&gt;[39m" type="TestingLibraryElementError">
TestingLibraryElementError: Unable to find an accessible element with the role &quot;button&quot; and name `/pause/i`

Here are the accessible roles:

  button:

  Name &quot;&quot;:
  &lt;button
    class=&quot;glass-strong p-2 rounded-full&quot;
    tabindex=&quot;0&quot;
  /&gt;

  Name &quot;&quot;:
  &lt;button
    class=&quot;inline-flex items-center justify-center gap-2 whitespace-nowrap text-sm font-medium transition-colors focus-visible:outline-none focus-visible:ring-1 focus-visible:ring-ring disabled:pointer-events-none disabled:opacity-50 [&amp;_svg]:pointer-events-none [&amp;_svg]:size-4 [&amp;_svg]:shrink-0 bg-primary text-primary-foreground shadow px-4 py-2 w-14 h-14 rounded-full glass-strong hover:bg-white/30 border border-white/40&quot;
  /&gt;

  Name &quot;&quot;:
  &lt;button
    class=&quot;inline-flex items-center justify-center gap-2 whitespace-nowrap text-sm font-medium transition-colors focus-visible:outline-none focus-visible:ring-1 focus-visible:ring-ring disabled:pointer-events-none disabled:opacity-50 [&amp;_svg]:pointer-events-none [&amp;_svg]:size-4 [&amp;_svg]:shrink-0 hover:bg-primary/90 px-4 py-2 w-20 h-20 rounded-full bg-gradient-to-br from-red-400 to-red-600 hover:from-red-500 hover:to-red-700 text-white shadow-xl shadow-red-500/40 border-4 border-white/50&quot;
  /&gt;

  --------------------------------------------------

Ignored nodes: comments, script, style
&lt;body&gt;
  &lt;div&gt;
    &lt;div
      class=&quot;space-y-4&quot;
    &gt;
      &lt;div
        class=&quot;relative aspect-[9/16] max-h-[400px] rounded-3xl overflow-hidden bg-gradient-to-br from-purple-900/20 via-blue-900/20 to-indigo-900/20 border border-white/30 shadow-2xl&quot;
      &gt;
        &lt;div
          class=&quot;absolute inset-0 bg-gradient-to-t from-black/30 via-transparent to-transparent pointer-events-none z-10&quot;
        /&gt;
        &lt;div
          class=&quot;absolute inset-0 rounded-3xl pointer-events-none z-20&quot;
          style=&quot;background: linear-gradient(90deg, rgba(255, 215, 0, 0.5), rgba(255, 192, 203, 0.5), rgba(147, 112, 219, 0.5), rgba(135, 206, 250, 0.5), rgba(255, 215, 0, 0.5)); padding: 3px; mask-composite: exclude;&quot;
        /&gt;
        &lt;video
          autoplay=&quot;&quot;
          class=&quot;absolute inset-0 w-full h-full object-cover&quot;
          playsinline=&quot;&quot;
          style=&quot;transform: scaleX(-1);&quot;
        /&gt;
        &lt;div
          class=&quot;absolute top-4 left-4 right-4 flex items-center justify-between z-30&quot;
        &gt;
          &lt;div
            class=&quot;glass-strong px-3 py-1.5 rounded-full flex items-center gap-2 bg-red-500/30&quot;
            style=&quot;opacity: 0; transform: translateX(-20px);&quot;
          &gt;
            &lt;div
              class=&quot;w-2 h-2 bg-red-500 rounded-full&quot;
            /&gt;
            &lt;span
              class=&quot;text-white font-mono text-sm font-medium&quot;
            &gt;
              0:00
               / 
              1:30
            &lt;/span&gt;
          &lt;/div&gt;
          &lt;button
            class=&quot;glass-strong p-2 rounded-full&quot;
            tabindex=&quot;0&quot;
          &gt;
            &lt;svg
              aria-hidden=&quot;true&quot;
              class=&quot;lucide lucide-refresh-cw w-5 h-5 text-white&quot;
              fill=&quot;none&quot;
              height=&quot;24&quot;
              stroke=&quot;currentColor&quot;
              stroke-linecap=&quot;round&quot;
              stroke-linejoin=&quot;round&quot;
              stroke-width=&quot;2&quot;
              viewBox=&quot;0 0 24 24&quot;
              width=&quot;24&quot;
              xmlns=&quot;http://www.w3.org/2000/svg&quot;
            &gt;
              &lt;path
                d=&quot;M3 12a9 9 0 0 1 9-9 9.75 9.75 0 0 1 6.74 2.74L21 8&quot;
              /&gt;
              &lt;path
                d=&quot;M21 3v5h-5&quot;
              /&gt;
              &lt;path
                d=&quot;M21 12a9 9 0 0 1-9 9 9.75 9.75 0 0 1-6.74-2.74L3 16&quot;
              /&gt;
              &lt;path
                d=&quot;M8 16H3v5&quot;
              /&gt;
            &lt;/svg&gt;
          &lt;/button&gt;
        &lt;/div&gt;
        &lt;div
          class=&quot;absolute bottom-4 left-1/2 -translate-x-1/2 z-30&quot;
        &gt;
          &lt;svg
            class=&quot;w-20 h-20 -rotate-90&quot;
          &gt;
            &lt;circle
              cx=&quot;40&quot;
              cy=&quot;40&quot;
              fill=&quot;transparent&quot;
              r=&quot;36&quot;
              stroke=&quot;rgba(255,255,255,0.2)&quot;
              stroke-width=&quot;4&quot;
            /&gt;
            &lt;circle
              cx=&quot;40&quot;
              cy=&quot;40&quot;
              fill=&quot;transparent&quot;
              r=&quot;36&quot;
              stroke=&quot;url(#progressGradient)&quot;
              stroke-dasharray=&quot;226&quot;
              stroke-dashoffset=&quot;226&quot;
              stroke-linecap=&quot;round&quot;
              stroke-width=&quot;4&quot;
            /&gt;
            &lt;defs&gt;
              &lt;lineargradient
                id=&quot;progressGradient&quot;
                x1=&quot;0%&quot;
                x2=&quot;100%&quot;
                y1=&quot;0%&quot;
                y2=&quot;0%&quot;
              &gt;
                &lt;stop
                  offset=&quot;0%&quot;
                  stop-color=&quot;#FFD700&quot;
                /&gt;
                &lt;stop
                  offset=&quot;50%&quot;
                  stop-color=&quot;#FF69B4&quot;
                /&gt;
                &lt;stop
                  offset=&quot;100%&quot;
                  stop-color=&quot;#9370DB&quot;
                /&gt;
              &lt;/lineargradient&gt;
            &lt;/defs&gt;
          &lt;/svg&gt;
        &lt;/div&gt;
      &lt;/div&gt;
      &lt;div
        class=&quot;flex items-center justify-center gap-4 py-2&quot;
      &gt;
        &lt;div
          class=&quot;flex items-center gap-4&quot;
          style=&quot;opacity: 0; transform: scale(0.8);&quot;
        &gt;
          &lt;button
            class=&quot;inline-flex items-center justify-center gap-2 whitespace-nowrap text-sm font-medium transition-colors focus-visible:outline-none focus-visible:ring-1 focus-visible:ring-ring disabled:pointer-events-none disabled:opacity-50 [&amp;_svg]:pointer-events-none [&amp;_svg]:size-4 [&amp;_svg]:shrink-0 bg-primary text-primary-foreground shadow px-4 py-2 w-14 h-14 rounded-full glass-strong hover:bg-white/30 border border-white/40&quot;
          &gt;
            &lt;svg
              aria-hidden=&quot;true&quot;
              class=&quot;lucide lucide-pause w-6 h-6 text-white&quot;
              fill=&quot;none&quot;
              height=&quot;24&quot;
              stroke=&quot;currentColor&quot;
              stroke-linecap=&quot;round&quot;
              stroke-linejoin=&quot;round&quot;
              stroke-width=&quot;2&quot;
              viewBox=&quot;0 0 24 24&quot;
              width=&quot;24&quot;
              xmlns=&quot;http://www.w3.org/2000/svg&quot;
            &gt;
              &lt;rect
                height=&quot;18&quot;
                rx=&quot;1&quot;
                width=&quot;5&quot;
                x=&quot;14&quot;
                y=&quot;3&quot;
              /&gt;
              &lt;rect
                height=&quot;18&quot;
                rx=&quot;1&quot;
                width=&quot;5&quot;
                x=&quot;5&quot;
                y=&quot;3&quot;
              /&gt;
            &lt;/svg&gt;
          &lt;/button&gt;
          &lt;button
            class=&quot;inline-flex items-center justify-center gap-2 whitespace-nowrap text-sm font-medium transition-colors focus-visible:outline-none focus-visible:ring-1 focus-visible:ring-ring disabled:pointer-events-none disabled:opacity-50 [&amp;_svg]:pointer-events-none [&amp;_svg]:size-4 [&amp;_svg]:shrink-0 hover:bg-primary/90 px-4 py-2 w-20 h-20 rounded-full bg-gradient-to-br from-red-400 to-red-600 hover:from-red-500 hover:to-red-700 text-white shadow-xl shadow-red-500/40 border-4 border-white/50&quot;
          &gt;
            &lt;svg
              aria-hidden=&quot;true&quot;
              class=&quot;lucide lucide-square w-8 h-8 fill-current&quot;
              fill=&quot;none&quot;
              height=&quot;24&quot;
              stroke=&quot;currentColor&quot;
              stroke-linecap=&quot;round&quot;
              stroke-linejoin=&quot;round&quot;
              stroke-width=&quot;2&quot;
              viewBox=&quot;0 0 24 24&quot;
              width=&quot;24&quot;
              xmlns=&quot;http://www.w3.org/2000/svg&quot;
            &gt;
              &lt;rect
                height=&quot;18&quot;
                rx=&quot;2&quot;
                width=&quot;18&quot;
                x=&quot;3&quot;
                y=&quot;3&quot;
              /&gt;
            &lt;/svg&gt;
          &lt;/button&gt;
        &lt;/div&gt;
      &lt;/div&gt;
    &lt;/div&gt;
  &lt;/div&gt;
&lt;/body&gt;
 ❯ Object.getElementError node_modules/@testing-library/dom/dist/config.js:37:19
 ❯ node_modules/@testing-library/dom/dist/query-helpers.js:76:38
 ❯ node_modules/@testing-library/dom/dist/query-helpers.js:52:17
 ❯ node_modules/@testing-library/dom/dist/query-helpers.js:95:19
 ❯ src/components/__tests__/VideoRecorder.test.tsx:182:34
            </failure>
        </testcase>
        <testcase classname="src/components/__tests__/VideoRecorder.test.tsx" name="VideoRecorder &gt; controls &gt; should pause recording when pause clicked" time="0.370496016">
            <failure message="Unable to find an accessible element with the role &quot;button&quot; and name `/pause/i`

Here are the accessible roles:

  button:

  Name &quot;&quot;:
  [36m&lt;button[39m
    [33mclass[39m=[32m&quot;glass-strong p-2 rounded-full&quot;[39m
    [33mtabindex[39m=[32m&quot;0&quot;[39m
  [36m/&gt;[39m

  Name &quot;&quot;:
  [36m&lt;button[39m
    [33mclass[39m=[32m&quot;inline-flex items-center justify-center gap-2 whitespace-nowrap text-sm font-medium transition-colors focus-visible:outline-none focus-visible:ring-1 focus-visible:ring-ring disabled:pointer-events-none disabled:opacity-50 [&amp;_svg]:pointer-events-none [&amp;_svg]:size-4 [&amp;_svg]:shrink-0 bg-primary text-primary-foreground shadow px-4 py-2 w-14 h-14 rounded-full glass-strong hover:bg-white/30 border border-white/40&quot;[39m
  [36m/&gt;[39m

  Name &quot;&quot;:
  [36m&lt;button[39m
    [33mclass[39m=[32m&quot;inline-flex items-center justify-center gap-2 whitespace-nowrap text-sm font-medium transition-colors focus-visible:outline-none focus-visible:ring-1 focus-visible:ring-ring disabled:pointer-events-none disabled:opacity-50 [&amp;_svg]:pointer-events-none [&amp;_svg]:size-4 [&amp;_svg]:shrink-0 hover:bg-primary/90 px-4 py-2 w-20 h-20 rounded-full bg-gradient-to-br from-red-400 to-red-600 hover:from-red-500 hover:to-red-700 text-white shadow-xl shadow-red-500/40 border-4 border-white/50&quot;[39m
  [36m/&gt;[39m

  --------------------------------------------------

Ignored nodes: comments, script, style
[36m&lt;body&gt;[39m
  [36m&lt;div&gt;[39m
    [36m&lt;div[39m
      [33mclass[39m=[32m&quot;space-y-4&quot;[39m
    [36m&gt;[39m
      [36m&lt;div[39m
        [33mclass[39m=[32m&quot;relative aspect-[9/16] max-h-[400px] rounded-3xl overflow-hidden bg-gradient-to-br from-purple-900/20 via-blue-900/20 to-indigo-900/20 border border-white/30 shadow-2xl&quot;[39m
      [36m&gt;[39m
        [36m&lt;div[39m
          [33mclass[39m=[32m&quot;absolute inset-0 bg-gradient-to-t from-black/30 via-transparent to-transparent pointer-events-none z-10&quot;[39m
        [36m/&gt;[39m
        [36m&lt;div[39m
          [33mclass[39m=[32m&quot;absolute inset-0 rounded-3xl pointer-events-none z-20&quot;[39m
          [33mstyle[39m=[32m&quot;background: linear-gradient(90deg, rgba(255, 215, 0, 0.5), rgba(255, 192, 203, 0.5), rgba(147, 112, 219, 0.5), rgba(135, 206, 250, 0.5), rgba(255, 215, 0, 0.5)); padding: 3px; mask-composite: exclude;&quot;[39m
        [36m/&gt;[39m
        [36m&lt;video[39m
          [33mautoplay[39m=[32m&quot;&quot;[39m
          [33mclass[39m=[32m&quot;absolute inset-0 w-full h-full object-cover&quot;[39m
          [33mplaysinline[39m=[32m&quot;&quot;[39m
          [33mstyle[39m=[32m&quot;transform: scaleX(-1);&quot;[39m
        [36m/&gt;[39m
        [36m&lt;div[39m
          [33mclass[39m=[32m&quot;absolute top-4 left-4 right-4 flex items-center justify-between z-30&quot;[39m
        [36m&gt;[39m
          [36m&lt;div[39m
            [33mclass[39m=[32m&quot;glass-strong px-3 py-1.5 rounded-full flex items-center gap-2 bg-red-500/30&quot;[39m
            [33mstyle[39m=[32m&quot;opacity: 0; transform: translateX(-20px);&quot;[39m
          [36m&gt;[39m
            [36m&lt;div[39m
              [33mclass[39m=[32m&quot;w-2 h-2 bg-red-500 rounded-full&quot;[39m
            [36m/&gt;[39m
            [36m&lt;span[39m
              [33mclass[39m=[32m&quot;text-white font-mono text-sm font-medium&quot;[39m
            [36m&gt;[39m
              [0m0:00[0m
              [0m / [0m
              [0m1:30[0m
            [36m&lt;/span&gt;[39m
          [36m&lt;/div&gt;[39m
          [36m&lt;button[39m
            [33mclass[39m=[32m&quot;glass-strong p-2 rounded-full&quot;[39m
            [33mtabindex[39m=[32m&quot;0&quot;[39m
          [36m&gt;[39m
            [36m&lt;svg[39m
              [33maria-hidden[39m=[32m&quot;true&quot;[39m
              [33mclass[39m=[32m&quot;lucide lucide-refresh-cw w-5 h-5 text-white&quot;[39m
              [33mfill[39m=[32m&quot;none&quot;[39m
              [33mheight[39m=[32m&quot;24&quot;[39m
              [33mstroke[39m=[32m&quot;currentColor&quot;[39m
              [33mstroke-linecap[39m=[32m&quot;round&quot;[39m
              [33mstroke-linejoin[39m=[32m&quot;round&quot;[39m
              [33mstroke-width[39m=[32m&quot;2&quot;[39m
              [33mviewBox[39m=[32m&quot;0 0 24 24&quot;[39m
              [33mwidth[39m=[32m&quot;24&quot;[39m
              [33mxmlns[39m=[32m&quot;http://www.w3.org/2000/svg&quot;[39m
            [36m&gt;[39m
              [36m&lt;path[39m
                [33md[39m=[32m&quot;M3 12a9 9 0 0 1 9-9 9.75 9.75 0 0 1 6.74 2.74L21 8&quot;[39m
              [36m/&gt;[39m
              [36m&lt;path[39m
                [33md[39m=[32m&quot;M21 3v5h-5&quot;[39m
              [36m/&gt;[39m
              [36m&lt;path[39m
                [33md[39m=[32m&quot;M21 12a9 9 0 0 1-9 9 9.75 9.75 0 0 1-6.74-2.74L3 16&quot;[39m
              [36m/&gt;[39m
              [36m&lt;path[39m
                [33md[39m=[32m&quot;M8 16H3v5&quot;[39m
              [36m/&gt;[39m
            [36m&lt;/svg&gt;[39m
          [36m&lt;/button&gt;[39m
        [36m&lt;/div&gt;[39m
        [36m&lt;div[39m
          [33mclass[39m=[32m&quot;absolute bottom-4 left-1/2 -translate-x-1/2 z-30&quot;[39m
        [36m&gt;[39m
          [36m&lt;svg[39m
            [33mclass[39m=[32m&quot;w-20 h-20 -rotate-90&quot;[39m
          [36m&gt;[39m
            [36m&lt;circle[39m
              [33mcx[39m=[32m&quot;40&quot;[39m
              [33mcy[39m=[32m&quot;40&quot;[39m
              [33mfill[39m=[32m&quot;transparent&quot;[39m
              [33mr[39m=[32m&quot;36&quot;[39m
              [33mstroke[39m=[32m&quot;rgba(255,255,255,0.2)&quot;[39m
              [33mstroke-width[39m=[32m&quot;4&quot;[39m
            [36m/&gt;[39m
            [36m&lt;circle[39m
              [33mcx[39m=[32m&quot;40&quot;[39m
              [33mcy[39m=[32m&quot;40&quot;[39m
              [33mfill[39m=[32m&quot;transparent&quot;[39m
              [33mr[39m=[32m&quot;36&quot;[39m
              [33mstroke[39m=[32m&quot;url(#progressGradient)&quot;[39m
              [33mstroke-dasharray[39m=[32m&quot;226&quot;[39m
              [33mstroke-dashoffset[39m=[32m&quot;226&quot;[39m
              [33mstroke-linecap[39m=[32m&quot;round&quot;[39m
              [33mstroke-width[39m=[32m&quot;4&quot;[39m
            [36m/&gt;[39m
            [36m&lt;defs&gt;[39m
              [36m&lt;lineargradient[39m
                [33mid[39m=[32m&quot;progressGradient&quot;[39m
                [33mx1[39m=[32m&quot;0%&quot;[39m
                [33mx2[39m=[32m&quot;100%&quot;[39m
                [33my1[39m=[32m&quot;0%&quot;[39m
                [33my2[39m=[32m&quot;0%&quot;[39m
              [36m&gt;[39m
                [36m&lt;stop[39m
                  [33moffset[39m=[32m&quot;0%&quot;[39m
                  [33mstop-color[39m=[32m&quot;#FFD700&quot;[39m
                [36m/&gt;[39m
                [36m&lt;stop[39m
                  [33moffset[39m=[32m&quot;50%&quot;[39m
                  [33mstop-color[39m=[32m&quot;#FF69B4&quot;[39m
                [36m/&gt;[39m
                [36m&lt;stop[39m
                  [33moffset[39m=[32m&quot;100%&quot;[39m
                  [33mstop-color[39m=[32m&quot;#9370DB&quot;[39m
                [36m/&gt;[39m
              [36m&lt;/lineargradient&gt;[39m
            [36m&lt;/defs&gt;[39m
          [36m&lt;/svg&gt;[39m
        [36m&lt;/div&gt;[39m
      [36m&lt;/div&gt;[39m
      [36m&lt;div[39m
        [33mclass[39m=[32m&quot;flex items-center justify-center gap-4 py-2&quot;[39m
      [36m&gt;[39m
        [36m&lt;div[39m
          [33mclass[39m=[32m&quot;flex items-center gap-4&quot;[39m
          [33mstyle[39m=[32m&quot;opacity: 0; transform: scale(0.8);&quot;[39m
        [36m&gt;[39m
          [36m&lt;button[39m
            [33mclass[39m=[32m&quot;inline-flex items-center justify-center gap-2 whitespace-nowrap text-sm font-medium transition-colors focus-visible:outline-none focus-visible:ring-1 focus-visible:ring-ring disabled:pointer-events-none disabled:opacity-50 [&amp;_svg]:pointer-events-none [&amp;_svg]:size-4 [&amp;_svg]:shrink-0 bg-primary text-primary-foreground shadow px-4 py-2 w-14 h-14 rounded-full glass-strong hover:bg-white/30 border border-white/40&quot;[39m
          [36m&gt;[39m
            [36m&lt;svg[39m
              [33maria-hidden[39m=[32m&quot;true&quot;[39m
              [33mclass[39m=[32m&quot;lucide lucide-pause w-6 h-6 text-white&quot;[39m
              [33mfill[39m=[32m&quot;none&quot;[39m
              [33mheight[39m=[32m&quot;24&quot;[39m
              [33mstroke[39m=[32m&quot;currentColor&quot;[39m
              [33mstroke-linecap[39m=[32m&quot;round&quot;[39m
              [33mstroke-linejoin[39m=[32m&quot;round&quot;[39m
              [33mstroke-width[39m=[32m&quot;2&quot;[39m
              [33mviewBox[39m=[32m&quot;0 0 24 24&quot;[39m
              [33mwidth[39m=[32m&quot;24&quot;[39m
              [33mxmlns[39m=[32m&quot;http://www.w3.org/2000/svg&quot;[39m
            [36m&gt;[39m
              [36m&lt;rect[39m
                [33mheight[39m=[32m&quot;18&quot;[39m
                [33mrx[39m=[32m&quot;1&quot;[39m
                [33mwidth[39m=[32m&quot;5&quot;[39m
                [33mx[39m=[32m&quot;14&quot;[39m
                [33my[39m=[32m&quot;3&quot;[39m
              [36m/&gt;[39m
              [36m&lt;rect[39m
                [33mheight[39m=[32m&quot;18&quot;[39m
                [33mrx[39m=[32m&quot;1&quot;[39m
                [33mwidth[39m=[32m&quot;5&quot;[39m
                [33mx[39m=[32m&quot;5&quot;[39m
                [33my[39m=[32m&quot;3&quot;[39m
              [36m/&gt;[39m
            [36m&lt;/svg&gt;[39m
          [36m&lt;/button&gt;[39m
          [36m&lt;button[39m
            [33mclass[39m=[32m&quot;inline-flex items-center justify-center gap-2 whitespace-nowrap text-sm font-medium transition-colors focus-visible:outline-none focus-visible:ring-1 focus-visible:ring-ring disabled:pointer-events-none disabled:opacity-50 [&amp;_svg]:pointer-events-none [&amp;_svg]:size-4 [&amp;_svg]:shrink-0 hover:bg-primary/90 px-4 py-2 w-20 h-20 rounded-full bg-gradient-to-br from-red-400 to-red-600 hover:from-red-500 hover:to-red-700 text-white shadow-xl shadow-red-500/40 border-4 border-white/50&quot;[39m
          [36m&gt;[39m
            [36m&lt;svg[39m
              [33maria-hidden[39m=[32m&quot;true&quot;[39m
              [33mclass[39m=[32m&quot;lucide lucide-square w-8 h-8 fill-current&quot;[39m
              [33mfill[39m=[32m&quot;none&quot;[39m
              [33mheight[39m=[32m&quot;24&quot;[39m
              [33mstroke[39m=[32m&quot;currentColor&quot;[39m
              [33mstroke-linecap[39m=[32m&quot;round&quot;[39m
              [33mstroke-linejoin[39m=[32m&quot;round&quot;[39m
              [33mstroke-width[39m=[32m&quot;2&quot;[39m
              [33mviewBox[39m=[32m&quot;0 0 24 24&quot;[39m
              [33mwidth[39m=[32m&quot;24&quot;[39m
              [33mxmlns[39m=[32m&quot;http://www.w3.org/2000/svg&quot;[39m
            [36m&gt;[39m
              [36m&lt;rect[39m
                [33mheight[39m=[32m&quot;18&quot;[39m
                [33mrx[39m=[32m&quot;2&quot;[39m
                [33mwidth[39m=[32m&quot;18&quot;[39m
                [33mx[39m=[32m&quot;3&quot;[39m
                [33my[39m=[32m&quot;3&quot;[39m
              [36m/&gt;[39m
            [36m&lt;/svg&gt;[39m
          [36m&lt;/button&gt;[39m
        [36m&lt;/div&gt;[39m
      [36m&lt;/div&gt;[39m
    [36m&lt;/div&gt;[39m
  [36m&lt;/div&gt;[39m
[36m&lt;/body&gt;[39m" type="TestingLibraryElementError">
TestingLibraryElementError: Unable to find an accessible element with the role &quot;button&quot; and name `/pause/i`

Here are the accessible roles:

  button:

  Name &quot;&quot;:
  &lt;button
    class=&quot;glass-strong p-2 rounded-full&quot;
    tabindex=&quot;0&quot;
  /&gt;

  Name &quot;&quot;:
  &lt;button
    class=&quot;inline-flex items-center justify-center gap-2 whitespace-nowrap text-sm font-medium transition-colors focus-visible:outline-none focus-visible:ring-1 focus-visible:ring-ring disabled:pointer-events-none disabled:opacity-50 [&amp;_svg]:pointer-events-none [&amp;_svg]:size-4 [&amp;_svg]:shrink-0 bg-primary text-primary-foreground shadow px-4 py-2 w-14 h-14 rounded-full glass-strong hover:bg-white/30 border border-white/40&quot;
  /&gt;

  Name &quot;&quot;:
  &lt;button
    class=&quot;inline-flex items-center justify-center gap-2 whitespace-nowrap text-sm font-medium transition-colors focus-visible:outline-none focus-visible:ring-1 focus-visible:ring-ring disabled:pointer-events-none disabled:opacity-50 [&amp;_svg]:pointer-events-none [&amp;_svg]:size-4 [&amp;_svg]:shrink-0 hover:bg-primary/90 px-4 py-2 w-20 h-20 rounded-full bg-gradient-to-br from-red-400 to-red-600 hover:from-red-500 hover:to-red-700 text-white shadow-xl shadow-red-500/40 border-4 border-white/50&quot;
  /&gt;

  --------------------------------------------------

Ignored nodes: comments, script, style
&lt;body&gt;
  &lt;div&gt;
    &lt;div
      class=&quot;space-y-4&quot;
    &gt;
      &lt;div
        class=&quot;relative aspect-[9/16] max-h-[400px] rounded-3xl overflow-hidden bg-gradient-to-br from-purple-900/20 via-blue-900/20 to-indigo-900/20 border border-white/30 shadow-2xl&quot;
      &gt;
        &lt;div
          class=&quot;absolute inset-0 bg-gradient-to-t from-black/30 via-transparent to-transparent pointer-events-none z-10&quot;
        /&gt;
        &lt;div
          class=&quot;absolute inset-0 rounded-3xl pointer-events-none z-20&quot;
          style=&quot;background: linear-gradient(90deg, rgba(255, 215, 0, 0.5), rgba(255, 192, 203, 0.5), rgba(147, 112, 219, 0.5), rgba(135, 206, 250, 0.5), rgba(255, 215, 0, 0.5)); padding: 3px; mask-composite: exclude;&quot;
        /&gt;
        &lt;video
          autoplay=&quot;&quot;
          class=&quot;absolute inset-0 w-full h-full object-cover&quot;
          playsinline=&quot;&quot;
          style=&quot;transform: scaleX(-1);&quot;
        /&gt;
        &lt;div
          class=&quot;absolute top-4 left-4 right-4 flex items-center justify-between z-30&quot;
        &gt;
          &lt;div
            class=&quot;glass-strong px-3 py-1.5 rounded-full flex items-center gap-2 bg-red-500/30&quot;
            style=&quot;opacity: 0; transform: translateX(-20px);&quot;
          &gt;
            &lt;div
              class=&quot;w-2 h-2 bg-red-500 rounded-full&quot;
            /&gt;
            &lt;span
              class=&quot;text-white font-mono text-sm font-medium&quot;
            &gt;
              0:00
               / 
              1:30
            &lt;/span&gt;
          &lt;/div&gt;
          &lt;button
            class=&quot;glass-strong p-2 rounded-full&quot;
            tabindex=&quot;0&quot;
          &gt;
            &lt;svg
              aria-hidden=&quot;true&quot;
              class=&quot;lucide lucide-refresh-cw w-5 h-5 text-white&quot;
              fill=&quot;none&quot;
              height=&quot;24&quot;
              stroke=&quot;currentColor&quot;
              stroke-linecap=&quot;round&quot;
              stroke-linejoin=&quot;round&quot;
              stroke-width=&quot;2&quot;
              viewBox=&quot;0 0 24 24&quot;
              width=&quot;24&quot;
              xmlns=&quot;http://www.w3.org/2000/svg&quot;
            &gt;
              &lt;path
                d=&quot;M3 12a9 9 0 0 1 9-9 9.75 9.75 0 0 1 6.74 2.74L21 8&quot;
              /&gt;
              &lt;path
                d=&quot;M21 3v5h-5&quot;
              /&gt;
              &lt;path
                d=&quot;M21 12a9 9 0 0 1-9 9 9.75 9.75 0 0 1-6.74-2.74L3 16&quot;
              /&gt;
              &lt;path
                d=&quot;M8 16H3v5&quot;
              /&gt;
            &lt;/svg&gt;
          &lt;/button&gt;
        &lt;/div&gt;
        &lt;div
          class=&quot;absolute bottom-4 left-1/2 -translate-x-1/2 z-30&quot;
        &gt;
          &lt;svg
            class=&quot;w-20 h-20 -rotate-90&quot;
          &gt;
            &lt;circle
              cx=&quot;40&quot;
              cy=&quot;40&quot;
              fill=&quot;transparent&quot;
              r=&quot;36&quot;
              stroke=&quot;rgba(255,255,255,0.2)&quot;
              stroke-width=&quot;4&quot;
            /&gt;
            &lt;circle
              cx=&quot;40&quot;
              cy=&quot;40&quot;
              fill=&quot;transparent&quot;
              r=&quot;36&quot;
              stroke=&quot;url(#progressGradient)&quot;
              stroke-dasharray=&quot;226&quot;
              stroke-dashoffset=&quot;226&quot;
              stroke-linecap=&quot;round&quot;
              stroke-width=&quot;4&quot;
            /&gt;
            &lt;defs&gt;
              &lt;lineargradient
                id=&quot;progressGradient&quot;
                x1=&quot;0%&quot;
                x2=&quot;100%&quot;
                y1=&quot;0%&quot;
                y2=&quot;0%&quot;
              &gt;
                &lt;stop
                  offset=&quot;0%&quot;
                  stop-color=&quot;#FFD700&quot;
                /&gt;
                &lt;stop
                  offset=&quot;50%&quot;
                  stop-color=&quot;#FF69B4&quot;
                /&gt;
                &lt;stop
                  offset=&quot;100%&quot;
                  stop-color=&quot;#9370DB&quot;
                /&gt;
              &lt;/lineargradient&gt;
            &lt;/defs&gt;
          &lt;/svg&gt;
        &lt;/div&gt;
      &lt;/div&gt;
      &lt;div
        class=&quot;flex items-center justify-center gap-4 py-2&quot;
      &gt;
        &lt;div
          class=&quot;flex items-center gap-4&quot;
          style=&quot;opacity: 0; transform: scale(0.8);&quot;
        &gt;
          &lt;button
            class=&quot;inline-flex items-center justify-center gap-2 whitespace-nowrap text-sm font-medium transition-colors focus-visible:outline-none focus-visible:ring-1 focus-visible:ring-ring disabled:pointer-events-none disabled:opacity-50 [&amp;_svg]:pointer-events-none [&amp;_svg]:size-4 [&amp;_svg]:shrink-0 bg-primary text-primary-foreground shadow px-4 py-2 w-14 h-14 rounded-full glass-strong hover:bg-white/30 border border-white/40&quot;
          &gt;
            &lt;svg
              aria-hidden=&quot;true&quot;
              class=&quot;lucide lucide-pause w-6 h-6 text-white&quot;
              fill=&quot;none&quot;
              height=&quot;24&quot;
              stroke=&quot;currentColor&quot;
              stroke-linecap=&quot;round&quot;
              stroke-linejoin=&quot;round&quot;
              stroke-width=&quot;2&quot;
              viewBox=&quot;0 0 24 24&quot;
              width=&quot;24&quot;
              xmlns=&quot;http://www.w3.org/2000/svg&quot;
            &gt;
              &lt;rect
                height=&quot;18&quot;
                rx=&quot;1&quot;
                width=&quot;5&quot;
                x=&quot;14&quot;
                y=&quot;3&quot;
              /&gt;
              &lt;rect
                height=&quot;18&quot;
                rx=&quot;1&quot;
                width=&quot;5&quot;
                x=&quot;5&quot;
                y=&quot;3&quot;
              /&gt;
            &lt;/svg&gt;
          &lt;/button&gt;
          &lt;button
            class=&quot;inline-flex items-center justify-center gap-2 whitespace-nowrap text-sm font-medium transition-colors focus-visible:outline-none focus-visible:ring-1 focus-visible:ring-ring disabled:pointer-events-none disabled:opacity-50 [&amp;_svg]:pointer-events-none [&amp;_svg]:size-4 [&amp;_svg]:shrink-0 hover:bg-primary/90 px-4 py-2 w-20 h-20 rounded-full bg-gradient-to-br from-red-400 to-red-600 hover:from-red-500 hover:to-red-700 text-white shadow-xl shadow-red-500/40 border-4 border-white/50&quot;
          &gt;
            &lt;svg
              aria-hidden=&quot;true&quot;
              class=&quot;lucide lucide-square w-8 h-8 fill-current&quot;
              fill=&quot;none&quot;
              height=&quot;24&quot;
              stroke=&quot;currentColor&quot;
              stroke-linecap=&quot;round&quot;
              stroke-linejoin=&quot;round&quot;
              stroke-width=&quot;2&quot;
              viewBox=&quot;0 0 24 24&quot;
              width=&quot;24&quot;
              xmlns=&quot;http://www.w3.org/2000/svg&quot;
            &gt;
              &lt;rect
                height=&quot;18&quot;
                rx=&quot;2&quot;
                width=&quot;18&quot;
                x=&quot;3&quot;
                y=&quot;3&quot;
              /&gt;
            &lt;/svg&gt;
          &lt;/button&gt;
        &lt;/div&gt;
      &lt;/div&gt;
    &lt;/div&gt;
  &lt;/div&gt;
&lt;/body&gt;
 ❯ Object.getElementError node_modules/@testing-library/dom/dist/config.js:37:19
 ❯ node_modules/@testing-library/dom/dist/query-helpers.js:76:38
 ❯ node_modules/@testing-library/dom/dist/query-helpers.js:52:17
 ❯ node_modules/@testing-library/dom/dist/query-helpers.js:95:19
 ❯ src/components/__tests__/VideoRecorder.test.tsx:190:34
            </failure>
        </testcase>
        <testcase classname="src/components/__tests__/VideoRecorder.test.tsx" name="VideoRecorder &gt; controls &gt; should show play button when paused" time="0.372857373">
            <failure message="Unable to find an accessible element with the role &quot;button&quot; and name `/play/i`

Here are the accessible roles:

  button:

  Name &quot;&quot;:
  [36m&lt;button[39m
    [33mclass[39m=[32m&quot;glass-strong p-2 rounded-full&quot;[39m
    [33mtabindex[39m=[32m&quot;0&quot;[39m
  [36m/&gt;[39m

  Name &quot;&quot;:
  [36m&lt;button[39m
    [33mclass[39m=[32m&quot;inline-flex items-center justify-center gap-2 whitespace-nowrap text-sm font-medium transition-colors focus-visible:outline-none focus-visible:ring-1 focus-visible:ring-ring disabled:pointer-events-none disabled:opacity-50 [&amp;_svg]:pointer-events-none [&amp;_svg]:size-4 [&amp;_svg]:shrink-0 bg-primary text-primary-foreground shadow px-4 py-2 w-14 h-14 rounded-full glass-strong hover:bg-white/30 border border-white/40&quot;[39m
  [36m/&gt;[39m

  Name &quot;&quot;:
  [36m&lt;button[39m
    [33mclass[39m=[32m&quot;inline-flex items-center justify-center gap-2 whitespace-nowrap text-sm font-medium transition-colors focus-visible:outline-none focus-visible:ring-1 focus-visible:ring-ring disabled:pointer-events-none disabled:opacity-50 [&amp;_svg]:pointer-events-none [&amp;_svg]:size-4 [&amp;_svg]:shrink-0 hover:bg-primary/90 px-4 py-2 w-20 h-20 rounded-full bg-gradient-to-br from-red-400 to-red-600 hover:from-red-500 hover:to-red-700 text-white shadow-xl shadow-red-500/40 border-4 border-white/50&quot;[39m
  [36m/&gt;[39m

  --------------------------------------------------

Ignored nodes: comments, script, style
[36m&lt;body&gt;[39m
  [36m&lt;div&gt;[39m
    [36m&lt;div[39m
      [33mclass[39m=[32m&quot;space-y-4&quot;[39m
    [36m&gt;[39m
      [36m&lt;div[39m
        [33mclass[39m=[32m&quot;relative aspect-[9/16] max-h-[400px] rounded-3xl overflow-hidden bg-gradient-to-br from-purple-900/20 via-blue-900/20 to-indigo-900/20 border border-white/30 shadow-2xl&quot;[39m
      [36m&gt;[39m
        [36m&lt;div[39m
          [33mclass[39m=[32m&quot;absolute inset-0 bg-gradient-to-t from-black/30 via-transparent to-transparent pointer-events-none z-10&quot;[39m
        [36m/&gt;[39m
        [36m&lt;video[39m
          [33mautoplay[39m=[32m&quot;&quot;[39m
          [33mclass[39m=[32m&quot;absolute inset-0 w-full h-full object-cover&quot;[39m
          [33mplaysinline[39m=[32m&quot;&quot;[39m
          [33mstyle[39m=[32m&quot;transform: scaleX(-1);&quot;[39m
        [36m/&gt;[39m
        [36m&lt;div[39m
          [33mclass[39m=[32m&quot;absolute inset-0 flex items-center justify-center z-20 bg-black/30&quot;[39m
        [36m&gt;[39m
          [36m&lt;div[39m
            [33mclass[39m=[32m&quot;flex items-center gap-2 glass-strong px-4 py-2 rounded-full&quot;[39m
            [33mstyle[39m=[32m&quot;opacity: 0; transform: scale(0.8);&quot;[39m
          [36m&gt;[39m
            [36m&lt;svg[39m
              [33maria-hidden[39m=[32m&quot;true&quot;[39m
              [33mclass[39m=[32m&quot;lucide lucide-pause w-5 h-5 text-white&quot;[39m
              [33mfill[39m=[32m&quot;none&quot;[39m
              [33mheight[39m=[32m&quot;24&quot;[39m
              [33mstroke[39m=[32m&quot;currentColor&quot;[39m
              [33mstroke-linecap[39m=[32m&quot;round&quot;[39m
              [33mstroke-linejoin[39m=[32m&quot;round&quot;[39m
              [33mstroke-width[39m=[32m&quot;2&quot;[39m
              [33mviewBox[39m=[32m&quot;0 0 24 24&quot;[39m
              [33mwidth[39m=[32m&quot;24&quot;[39m
              [33mxmlns[39m=[32m&quot;http://www.w3.org/2000/svg&quot;[39m
            [36m&gt;[39m
              [36m&lt;rect[39m
                [33mheight[39m=[32m&quot;18&quot;[39m
                [33mrx[39m=[32m&quot;1&quot;[39m
                [33mwidth[39m=[32m&quot;5&quot;[39m
                [33mx[39m=[32m&quot;14&quot;[39m
                [33my[39m=[32m&quot;3&quot;[39m
              [36m/&gt;[39m
              [36m&lt;rect[39m
                [33mheight[39m=[32m&quot;18&quot;[39m
                [33mrx[39m=[32m&quot;1&quot;[39m
                [33mwidth[39m=[32m&quot;5&quot;[39m
                [33mx[39m=[32m&quot;5&quot;[39m
                [33my[39m=[32m&quot;3&quot;[39m
              [36m/&gt;[39m
            [36m&lt;/svg&gt;[39m
            [36m&lt;span[39m
              [33mclass[39m=[32m&quot;text-white font-medium&quot;[39m
            [36m&gt;[39m
              [0mPaused[0m
            [36m&lt;/span&gt;[39m
          [36m&lt;/div&gt;[39m
        [36m&lt;/div&gt;[39m
        [36m&lt;div[39m
          [33mclass[39m=[32m&quot;absolute top-4 left-4 right-4 flex items-center justify-between z-30&quot;[39m
        [36m&gt;[39m
          [36m&lt;div[39m
            [33mclass[39m=[32m&quot;glass-strong px-3 py-1.5 rounded-full flex items-center gap-2 &quot;[39m
            [33mstyle[39m=[32m&quot;opacity: 0; transform: translateX(-20px);&quot;[39m
          [36m&gt;[39m
            [36m&lt;span[39m
              [33mclass[39m=[32m&quot;text-white font-mono text-sm font-medium&quot;[39m
            [36m&gt;[39m
              [0m0:00[0m
              [0m / [0m
              [0m1:30[0m
            [36m&lt;/span&gt;[39m
          [36m&lt;/div&gt;[39m
          [36m&lt;button[39m
            [33mclass[39m=[32m&quot;glass-strong p-2 rounded-full&quot;[39m
            [33mtabindex[39m=[32m&quot;0&quot;[39m
          [36m&gt;[39m
            [36m&lt;svg[39m
              [33maria-hidden[39m=[32m&quot;true&quot;[39m
              [33mclass[39m=[32m&quot;lucide lucide-refresh-cw w-5 h-5 text-white&quot;[39m
              [33mfill[39m=[32m&quot;none&quot;[39m
              [33mheight[39m=[32m&quot;24&quot;[39m
              [33mstroke[39m=[32m&quot;currentColor&quot;[39m
              [33mstroke-linecap[39m=[32m&quot;round&quot;[39m
              [33mstroke-linejoin[39m=[32m&quot;round&quot;[39m
              [33mstroke-width[39m=[32m&quot;2&quot;[39m
              [33mviewBox[39m=[32m&quot;0 0 24 24&quot;[39m
              [33mwidth[39m=[32m&quot;24&quot;[39m
              [33mxmlns[39m=[32m&quot;http://www.w3.org/2000/svg&quot;[39m
            [36m&gt;[39m
              [36m&lt;path[39m
                [33md[39m=[32m&quot;M3 12a9 9 0 0 1 9-9 9.75 9.75 0 0 1 6.74 2.74L21 8&quot;[39m
              [36m/&gt;[39m
              [36m&lt;path[39m
                [33md[39m=[32m&quot;M21 3v5h-5&quot;[39m
              [36m/&gt;[39m
              [36m&lt;path[39m
                [33md[39m=[32m&quot;M21 12a9 9 0 0 1-9 9 9.75 9.75 0 0 1-6.74-2.74L3 16&quot;[39m
              [36m/&gt;[39m
              [36m&lt;path[39m
                [33md[39m=[32m&quot;M8 16H3v5&quot;[39m
              [36m/&gt;[39m
            [36m&lt;/svg&gt;[39m
          [36m&lt;/button&gt;[39m
        [36m&lt;/div&gt;[39m
        [36m&lt;div[39m
          [33mclass[39m=[32m&quot;absolute bottom-4 left-1/2 -translate-x-1/2 z-30&quot;[39m
        [36m&gt;[39m
          [36m&lt;svg[39m
            [33mclass[39m=[32m&quot;w-20 h-20 -rotate-90&quot;[39m
          [36m&gt;[39m
            [36m&lt;circle[39m
              [33mcx[39m=[32m&quot;40&quot;[39m
              [33mcy[39m=[32m&quot;40&quot;[39m
              [33mfill[39m=[32m&quot;transparent&quot;[39m
              [33mr[39m=[32m&quot;36&quot;[39m
              [33mstroke[39m=[32m&quot;rgba(255,255,255,0.2)&quot;[39m
              [33mstroke-width[39m=[32m&quot;4&quot;[39m
            [36m/&gt;[39m
            [36m&lt;circle[39m
              [33mcx[39m=[32m&quot;40&quot;[39m
              [33mcy[39m=[32m&quot;40&quot;[39m
              [33mfill[39m=[32m&quot;transparent&quot;[39m
              [33mr[39m=[32m&quot;36&quot;[39m
              [33mstroke[39m=[32m&quot;url(#progressGradient)&quot;[39m
              [33mstroke-dasharray[39m=[32m&quot;226&quot;[39m
              [33mstroke-dashoffset[39m=[32m&quot;226&quot;[39m
              [33mstroke-linecap[39m=[32m&quot;round&quot;[39m
              [33mstroke-width[39m=[32m&quot;4&quot;[39m
            [36m/&gt;[39m
            [36m&lt;defs&gt;[39m
              [36m&lt;lineargradient[39m
                [33mid[39m=[32m&quot;progressGradient&quot;[39m
                [33mx1[39m=[32m&quot;0%&quot;[39m
                [33mx2[39m=[32m&quot;100%&quot;[39m
                [33my1[39m=[32m&quot;0%&quot;[39m
                [33my2[39m=[32m&quot;0%&quot;[39m
              [36m&gt;[39m
                [36m&lt;stop[39m
                  [33moffset[39m=[32m&quot;0%&quot;[39m
                  [33mstop-color[39m=[32m&quot;#FFD700&quot;[39m
                [36m/&gt;[39m
                [36m&lt;stop[39m
                  [33moffset[39m=[32m&quot;50%&quot;[39m
                  [33mstop-color[39m=[32m&quot;#FF69B4&quot;[39m
                [36m/&gt;[39m
                [36m&lt;stop[39m
                  [33moffset[39m=[32m&quot;100%&quot;[39m
                  [33mstop-color[39m=[32m&quot;#9370DB&quot;[39m
                [36m/&gt;[39m
              [36m&lt;/lineargradient&gt;[39m
            [36m&lt;/defs&gt;[39m
          [36m&lt;/svg&gt;[39m
        [36m&lt;/div&gt;[39m
      [36m&lt;/div&gt;[39m
      [36m&lt;div[39m
        [33mclass[39m=[32m&quot;flex items-center justify-center gap-4 py-2&quot;[39m
      [36m&gt;[39m
        [36m&lt;div[39m
          [33mclass[39m=[32m&quot;flex items-center gap-4&quot;[39m
          [33mstyle[39m=[32m&quot;opacity: 0; transform: scale(0.8);&quot;[39m
        [36m&gt;[39m
          [36m&lt;button[39m
            [33mclass[39m=[32m&quot;inline-flex items-center justify-center gap-2 whitespace-nowrap text-sm font-medium transition-colors focus-visible:outline-none focus-visible:ring-1 focus-visible:ring-ring disabled:pointer-events-none disabled:opacity-50 [&amp;_svg]:pointer-events-none [&amp;_svg]:size-4 [&amp;_svg]:shrink-0 bg-primary text-primary-foreground shadow px-4 py-2 w-14 h-14 rounded-full glass-strong hover:bg-white/30 border border-white/40&quot;[39m
          [36m&gt;[39m
            [36m&lt;svg[39m
              [33maria-hidden[39m=[32m&quot;true&quot;[39m
              [33mclass[39m=[32m&quot;lucide lucide-play w-6 h-6 text-white&quot;[39m
              [33mfill[39m=[32m&quot;none&quot;[39m
              [33mheight[39m=[32m&quot;24&quot;[39m
              [33mstroke[39m=[32m&quot;currentColor&quot;[39m
              [33mstroke-linecap[39m=[32m&quot;round&quot;[39m
              [33mstroke-linejoin[39m=[32m&quot;round&quot;[39m
              [33mstroke-width[39m=[32m&quot;2&quot;[39m
              [33mviewBox[39m=[32m&quot;0 0 24 24&quot;[39m
              [33mwidth[39m=[32m&quot;24&quot;[39m
              [33mxmlns[39m=[32m&quot;http://www.w3.org/2000/svg&quot;[39m
            [36m&gt;[39m
              [36m&lt;path[39m
                [33md[39m=[32m&quot;M5 5a2 2 0 0 1 3.008-1.728l11.997 6.998a2 2 0 0 1 .003 3.458l-12 7A2 2 0 0 1 5 19z&quot;[39m
              [36m/&gt;[39m
            [36m&lt;/svg&gt;[39m
          [36m&lt;/button&gt;[39m
          [36m&lt;button[39m
            [33mclass[39m=[32m&quot;inline-flex items-center justify-center gap-2 whitespace-nowrap text-sm font-medium transition-colors focus-visible:outline-none focus-visible:ring-1 focus-visible:ring-ring disabled:pointer-events-none disabled:opacity-50 [&amp;_svg]:pointer-events-none [&amp;_svg]:size-4 [&amp;_svg]:shrink-0 hover:bg-primary/90 px-4 py-2 w-20 h-20 rounded-full bg-gradient-to-br from-red-400 to-red-600 hover:from-red-500 hover:to-red-700 text-white shadow-xl shadow-red-500/40 border-4 border-white/50&quot;[39m
          [36m&gt;[39m
            [36m&lt;svg[39m
              [33maria-hidden[39m=[32m&quot;true&quot;[39m
              [33mclass[39m=[32m&quot;lucide lucide-square w-8 h-8 fill-current&quot;[39m
              [33mfill[39m=[32m&quot;none&quot;[39m
              [33mheight[39m=[32m&quot;24&quot;[39m
              [33mstroke[39m=[32m&quot;currentColor&quot;[39m
              [33mstroke-linecap[39m=[32m&quot;round&quot;[39m
              [33mstroke-linejoin[39m=[32m&quot;round&quot;[39m
              [33mstroke-width[39m=[32m&quot;2&quot;[39m
              [33mviewBox[39m=[32m&quot;0 0 24 24&quot;[39m
              [33mwidth[39m=[32m&quot;24&quot;[39m
              [33mxmlns[39m=[32m&quot;http://www.w3.org/2000/svg&quot;[39m
            [36m&gt;[39m
              [36m&lt;rect[39m
                [33mheight[39m=[32m&quot;18&quot;[39m
                [33mrx[39m=[32m&quot;2&quot;[39m
                [33mwidth[39m=[32m&quot;18&quot;[39m
                [33mx[39m=[32m&quot;3&quot;[39m
                [33my[39m=[32m&quot;3&quot;[39m
              [36m/&gt;[39m
            [36m&lt;/svg&gt;[39m
          [36m&lt;/button&gt;[39m
        [36m&lt;/div&gt;[39m
      [36m&lt;/div&gt;[39m
    [36m&lt;/div&gt;[39m
  [36m&lt;/div&gt;[39m
[36m&lt;/body&gt;[39m" type="TestingLibraryElementError">
TestingLibraryElementError: Unable to find an accessible element with the role &quot;button&quot; and name `/play/i`

Here are the accessible roles:

  button:

  Name &quot;&quot;:
  &lt;button
    class=&quot;glass-strong p-2 rounded-full&quot;
    tabindex=&quot;0&quot;
  /&gt;

  Name &quot;&quot;:
  &lt;button
    class=&quot;inline-flex items-center justify-center gap-2 whitespace-nowrap text-sm font-medium transition-colors focus-visible:outline-none focus-visible:ring-1 focus-visible:ring-ring disabled:pointer-events-none disabled:opacity-50 [&amp;_svg]:pointer-events-none [&amp;_svg]:size-4 [&amp;_svg]:shrink-0 bg-primary text-primary-foreground shadow px-4 py-2 w-14 h-14 rounded-full glass-strong hover:bg-white/30 border border-white/40&quot;
  /&gt;

  Name &quot;&quot;:
  &lt;button
    class=&quot;inline-flex items-center justify-center gap-2 whitespace-nowrap text-sm font-medium transition-colors focus-visible:outline-none focus-visible:ring-1 focus-visible:ring-ring disabled:pointer-events-none disabled:opacity-50 [&amp;_svg]:pointer-events-none [&amp;_svg]:size-4 [&amp;_svg]:shrink-0 hover:bg-primary/90 px-4 py-2 w-20 h-20 rounded-full bg-gradient-to-br from-red-400 to-red-600 hover:from-red-500 hover:to-red-700 text-white shadow-xl shadow-red-500/40 border-4 border-white/50&quot;
  /&gt;

  --------------------------------------------------

Ignored nodes: comments, script, style
&lt;body&gt;
  &lt;div&gt;
    &lt;div
      class=&quot;space-y-4&quot;
    &gt;
      &lt;div
        class=&quot;relative aspect-[9/16] max-h-[400px] rounded-3xl overflow-hidden bg-gradient-to-br from-purple-900/20 via-blue-900/20 to-indigo-900/20 border border-white/30 shadow-2xl&quot;
      &gt;
        &lt;div
          class=&quot;absolute inset-0 bg-gradient-to-t from-black/30 via-transparent to-transparent pointer-events-none z-10&quot;
        /&gt;
        &lt;video
          autoplay=&quot;&quot;
          class=&quot;absolute inset-0 w-full h-full object-cover&quot;
          playsinline=&quot;&quot;
          style=&quot;transform: scaleX(-1);&quot;
        /&gt;
        &lt;div
          class=&quot;absolute inset-0 flex items-center justify-center z-20 bg-black/30&quot;
        &gt;
          &lt;div
            class=&quot;flex items-center gap-2 glass-strong px-4 py-2 rounded-full&quot;
            style=&quot;opacity: 0; transform: scale(0.8);&quot;
          &gt;
            &lt;svg
              aria-hidden=&quot;true&quot;
              class=&quot;lucide lucide-pause w-5 h-5 text-white&quot;
              fill=&quot;none&quot;
              height=&quot;24&quot;
              stroke=&quot;currentColor&quot;
              stroke-linecap=&quot;round&quot;
              stroke-linejoin=&quot;round&quot;
              stroke-width=&quot;2&quot;
              viewBox=&quot;0 0 24 24&quot;
              width=&quot;24&quot;
              xmlns=&quot;http://www.w3.org/2000/svg&quot;
            &gt;
              &lt;rect
                height=&quot;18&quot;
                rx=&quot;1&quot;
                width=&quot;5&quot;
                x=&quot;14&quot;
                y=&quot;3&quot;
              /&gt;
              &lt;rect
                height=&quot;18&quot;
                rx=&quot;1&quot;
                width=&quot;5&quot;
                x=&quot;5&quot;
                y=&quot;3&quot;
              /&gt;
            &lt;/svg&gt;
            &lt;span
              class=&quot;text-white font-medium&quot;
            &gt;
              Paused
            &lt;/span&gt;
          &lt;/div&gt;
        &lt;/div&gt;
        &lt;div
          class=&quot;absolute top-4 left-4 right-4 flex items-center justify-between z-30&quot;
        &gt;
          &lt;div
            class=&quot;glass-strong px-3 py-1.5 rounded-full flex items-center gap-2 &quot;
            style=&quot;opacity: 0; transform: translateX(-20px);&quot;
          &gt;
            &lt;span
              class=&quot;text-white font-mono text-sm font-medium&quot;
            &gt;
              0:00
               / 
              1:30
            &lt;/span&gt;
          &lt;/div&gt;
          &lt;button
            class=&quot;glass-strong p-2 rounded-full&quot;
            tabindex=&quot;0&quot;
          &gt;
            &lt;svg
              aria-hidden=&quot;true&quot;
              class=&quot;lucide lucide-refresh-cw w-5 h-5 text-white&quot;
              fill=&quot;none&quot;
              height=&quot;24&quot;
              stroke=&quot;currentColor&quot;
              stroke-linecap=&quot;round&quot;
              stroke-linejoin=&quot;round&quot;
              stroke-width=&quot;2&quot;
              viewBox=&quot;0 0 24 24&quot;
              width=&quot;24&quot;
              xmlns=&quot;http://www.w3.org/2000/svg&quot;
            &gt;
              &lt;path
                d=&quot;M3 12a9 9 0 0 1 9-9 9.75 9.75 0 0 1 6.74 2.74L21 8&quot;
              /&gt;
              &lt;path
                d=&quot;M21 3v5h-5&quot;
              /&gt;
              &lt;path
                d=&quot;M21 12a9 9 0 0 1-9 9 9.75 9.75 0 0 1-6.74-2.74L3 16&quot;
              /&gt;
              &lt;path
                d=&quot;M8 16H3v5&quot;
              /&gt;
            &lt;/svg&gt;
          &lt;/button&gt;
        &lt;/div&gt;
        &lt;div
          class=&quot;absolute bottom-4 left-1/2 -translate-x-1/2 z-30&quot;
        &gt;
          &lt;svg
            class=&quot;w-20 h-20 -rotate-90&quot;
          &gt;
            &lt;circle
              cx=&quot;40&quot;
              cy=&quot;40&quot;
              fill=&quot;transparent&quot;
              r=&quot;36&quot;
              stroke=&quot;rgba(255,255,255,0.2)&quot;
              stroke-width=&quot;4&quot;
            /&gt;
            &lt;circle
              cx=&quot;40&quot;
              cy=&quot;40&quot;
              fill=&quot;transparent&quot;
              r=&quot;36&quot;
              stroke=&quot;url(#progressGradient)&quot;
              stroke-dasharray=&quot;226&quot;
              stroke-dashoffset=&quot;226&quot;
              stroke-linecap=&quot;round&quot;
              stroke-width=&quot;4&quot;
            /&gt;
            &lt;defs&gt;
              &lt;lineargradient
                id=&quot;progressGradient&quot;
                x1=&quot;0%&quot;
                x2=&quot;100%&quot;
                y1=&quot;0%&quot;
                y2=&quot;0%&quot;
              &gt;
                &lt;stop
                  offset=&quot;0%&quot;
                  stop-color=&quot;#FFD700&quot;
                /&gt;
                &lt;stop
                  offset=&quot;50%&quot;
                  stop-color=&quot;#FF69B4&quot;
                /&gt;
                &lt;stop
                  offset=&quot;100%&quot;
                  stop-color=&quot;#9370DB&quot;
                /&gt;
              &lt;/lineargradient&gt;
            &lt;/defs&gt;
          &lt;/svg&gt;
        &lt;/div&gt;
      &lt;/div&gt;
      &lt;div
        class=&quot;flex items-center justify-center gap-4 py-2&quot;
      &gt;
        &lt;div
          class=&quot;flex items-center gap-4&quot;
          style=&quot;opacity: 0; transform: scale(0.8);&quot;
        &gt;
          &lt;button
            class=&quot;inline-flex items-center justify-center gap-2 whitespace-nowrap text-sm font-medium transition-colors focus-visible:outline-none focus-visible:ring-1 focus-visible:ring-ring disabled:pointer-events-none disabled:opacity-50 [&amp;_svg]:pointer-events-none [&amp;_svg]:size-4 [&amp;_svg]:shrink-0 bg-primary text-primary-foreground shadow px-4 py-2 w-14 h-14 rounded-full glass-strong hover:bg-white/30 border border-white/40&quot;
          &gt;
            &lt;svg
              aria-hidden=&quot;true&quot;
              class=&quot;lucide lucide-play w-6 h-6 text-white&quot;
              fill=&quot;none&quot;
              height=&quot;24&quot;
              stroke=&quot;currentColor&quot;
              stroke-linecap=&quot;round&quot;
              stroke-linejoin=&quot;round&quot;
              stroke-width=&quot;2&quot;
              viewBox=&quot;0 0 24 24&quot;
              width=&quot;24&quot;
              xmlns=&quot;http://www.w3.org/2000/svg&quot;
            &gt;
              &lt;path
                d=&quot;M5 5a2 2 0 0 1 3.008-1.728l11.997 6.998a2 2 0 0 1 .003 3.458l-12 7A2 2 0 0 1 5 19z&quot;
              /&gt;
            &lt;/svg&gt;
          &lt;/button&gt;
          &lt;button
            class=&quot;inline-flex items-center justify-center gap-2 whitespace-nowrap text-sm font-medium transition-colors focus-visible:outline-none focus-visible:ring-1 focus-visible:ring-ring disabled:pointer-events-none disabled:opacity-50 [&amp;_svg]:pointer-events-none [&amp;_svg]:size-4 [&amp;_svg]:shrink-0 hover:bg-primary/90 px-4 py-2 w-20 h-20 rounded-full bg-gradient-to-br from-red-400 to-red-600 hover:from-red-500 hover:to-red-700 text-white shadow-xl shadow-red-500/40 border-4 border-white/50&quot;
          &gt;
            &lt;svg
              aria-hidden=&quot;true&quot;
              class=&quot;lucide lucide-square w-8 h-8 fill-current&quot;
              fill=&quot;none&quot;
              height=&quot;24&quot;
              stroke=&quot;currentColor&quot;
              stroke-linecap=&quot;round&quot;
              stroke-linejoin=&quot;round&quot;
              stroke-width=&quot;2&quot;
              viewBox=&quot;0 0 24 24&quot;
              width=&quot;24&quot;
              xmlns=&quot;http://www.w3.org/2000/svg&quot;
            &gt;
              &lt;rect
                height=&quot;18&quot;
                rx=&quot;2&quot;
                width=&quot;18&quot;
                x=&quot;3&quot;
                y=&quot;3&quot;
              /&gt;
            &lt;/svg&gt;
          &lt;/button&gt;
        &lt;/div&gt;
      &lt;/div&gt;
    &lt;/div&gt;
  &lt;/div&gt;
&lt;/body&gt;
 ❯ Object.getElementError node_modules/@testing-library/dom/dist/config.js:37:19
 ❯ node_modules/@testing-library/dom/dist/query-helpers.js:76:38
 ❯ node_modules/@testing-library/dom/dist/query-helpers.js:52:17
 ❯ node_modules/@testing-library/dom/dist/query-helpers.js:95:19
 ❯ src/components/__tests__/VideoRecorder.test.tsx:200:33
            </failure>
        </testcase>
        <testcase classname="src/components/__tests__/VideoRecorder.test.tsx" name="VideoRecorder &gt; controls &gt; should resume recording when play clicked" time="0.375201731">
            <failure message="Unable to find an accessible element with the role &quot;button&quot; and name `/play/i`

Here are the accessible roles:

  button:

  Name &quot;&quot;:
  [36m&lt;button[39m
    [33mclass[39m=[32m&quot;glass-strong p-2 rounded-full&quot;[39m
    [33mtabindex[39m=[32m&quot;0&quot;[39m
  [36m/&gt;[39m

  Name &quot;&quot;:
  [36m&lt;button[39m
    [33mclass[39m=[32m&quot;inline-flex items-center justify-center gap-2 whitespace-nowrap text-sm font-medium transition-colors focus-visible:outline-none focus-visible:ring-1 focus-visible:ring-ring disabled:pointer-events-none disabled:opacity-50 [&amp;_svg]:pointer-events-none [&amp;_svg]:size-4 [&amp;_svg]:shrink-0 bg-primary text-primary-foreground shadow px-4 py-2 w-14 h-14 rounded-full glass-strong hover:bg-white/30 border border-white/40&quot;[39m
  [36m/&gt;[39m

  Name &quot;&quot;:
  [36m&lt;button[39m
    [33mclass[39m=[32m&quot;inline-flex items-center justify-center gap-2 whitespace-nowrap text-sm font-medium transition-colors focus-visible:outline-none focus-visible:ring-1 focus-visible:ring-ring disabled:pointer-events-none disabled:opacity-50 [&amp;_svg]:pointer-events-none [&amp;_svg]:size-4 [&amp;_svg]:shrink-0 hover:bg-primary/90 px-4 py-2 w-20 h-20 rounded-full bg-gradient-to-br from-red-400 to-red-600 hover:from-red-500 hover:to-red-700 text-white shadow-xl shadow-red-500/40 border-4 border-white/50&quot;[39m
  [36m/&gt;[39m

  --------------------------------------------------

Ignored nodes: comments, script, style
[36m&lt;body&gt;[39m
  [36m&lt;div&gt;[39m
    [36m&lt;div[39m
      [33mclass[39m=[32m&quot;space-y-4&quot;[39m
    [36m&gt;[39m
      [36m&lt;div[39m
        [33mclass[39m=[32m&quot;relative aspect-[9/16] max-h-[400px] rounded-3xl overflow-hidden bg-gradient-to-br from-purple-900/20 via-blue-900/20 to-indigo-900/20 border border-white/30 shadow-2xl&quot;[39m
      [36m&gt;[39m
        [36m&lt;div[39m
          [33mclass[39m=[32m&quot;absolute inset-0 bg-gradient-to-t from-black/30 via-transparent to-transparent pointer-events-none z-10&quot;[39m
        [36m/&gt;[39m
        [36m&lt;video[39m
          [33mautoplay[39m=[32m&quot;&quot;[39m
          [33mclass[39m=[32m&quot;absolute inset-0 w-full h-full object-cover&quot;[39m
          [33mplaysinline[39m=[32m&quot;&quot;[39m
          [33mstyle[39m=[32m&quot;transform: scaleX(-1);&quot;[39m
        [36m/&gt;[39m
        [36m&lt;div[39m
          [33mclass[39m=[32m&quot;absolute inset-0 flex items-center justify-center z-20 bg-black/30&quot;[39m
        [36m&gt;[39m
          [36m&lt;div[39m
            [33mclass[39m=[32m&quot;flex items-center gap-2 glass-strong px-4 py-2 rounded-full&quot;[39m
            [33mstyle[39m=[32m&quot;opacity: 0; transform: scale(0.8);&quot;[39m
          [36m&gt;[39m
            [36m&lt;svg[39m
              [33maria-hidden[39m=[32m&quot;true&quot;[39m
              [33mclass[39m=[32m&quot;lucide lucide-pause w-5 h-5 text-white&quot;[39m
              [33mfill[39m=[32m&quot;none&quot;[39m
              [33mheight[39m=[32m&quot;24&quot;[39m
              [33mstroke[39m=[32m&quot;currentColor&quot;[39m
              [33mstroke-linecap[39m=[32m&quot;round&quot;[39m
              [33mstroke-linejoin[39m=[32m&quot;round&quot;[39m
              [33mstroke-width[39m=[32m&quot;2&quot;[39m
              [33mviewBox[39m=[32m&quot;0 0 24 24&quot;[39m
              [33mwidth[39m=[32m&quot;24&quot;[39m
              [33mxmlns[39m=[32m&quot;http://www.w3.org/2000/svg&quot;[39m
            [36m&gt;[39m
              [36m&lt;rect[39m
                [33mheight[39m=[32m&quot;18&quot;[39m
                [33mrx[39m=[32m&quot;1&quot;[39m
                [33mwidth[39m=[32m&quot;5&quot;[39m
                [33mx[39m=[32m&quot;14&quot;[39m
                [33my[39m=[32m&quot;3&quot;[39m
              [36m/&gt;[39m
              [36m&lt;rect[39m
                [33mheight[39m=[32m&quot;18&quot;[39m
                [33mrx[39m=[32m&quot;1&quot;[39m
                [33mwidth[39m=[32m&quot;5&quot;[39m
                [33mx[39m=[32m&quot;5&quot;[39m
                [33my[39m=[32m&quot;3&quot;[39m
              [36m/&gt;[39m
            [36m&lt;/svg&gt;[39m
            [36m&lt;span[39m
              [33mclass[39m=[32m&quot;text-white font-medium&quot;[39m
            [36m&gt;[39m
              [0mPaused[0m
            [36m&lt;/span&gt;[39m
          [36m&lt;/div&gt;[39m
        [36m&lt;/div&gt;[39m
        [36m&lt;div[39m
          [33mclass[39m=[32m&quot;absolute top-4 left-4 right-4 flex items-center justify-between z-30&quot;[39m
        [36m&gt;[39m
          [36m&lt;div[39m
            [33mclass[39m=[32m&quot;glass-strong px-3 py-1.5 rounded-full flex items-center gap-2 &quot;[39m
            [33mstyle[39m=[32m&quot;opacity: 0; transform: translateX(-20px);&quot;[39m
          [36m&gt;[39m
            [36m&lt;span[39m
              [33mclass[39m=[32m&quot;text-white font-mono text-sm font-medium&quot;[39m
            [36m&gt;[39m
              [0m0:00[0m
              [0m / [0m
              [0m1:30[0m
            [36m&lt;/span&gt;[39m
          [36m&lt;/div&gt;[39m
          [36m&lt;button[39m
            [33mclass[39m=[32m&quot;glass-strong p-2 rounded-full&quot;[39m
            [33mtabindex[39m=[32m&quot;0&quot;[39m
          [36m&gt;[39m
            [36m&lt;svg[39m
              [33maria-hidden[39m=[32m&quot;true&quot;[39m
              [33mclass[39m=[32m&quot;lucide lucide-refresh-cw w-5 h-5 text-white&quot;[39m
              [33mfill[39m=[32m&quot;none&quot;[39m
              [33mheight[39m=[32m&quot;24&quot;[39m
              [33mstroke[39m=[32m&quot;currentColor&quot;[39m
              [33mstroke-linecap[39m=[32m&quot;round&quot;[39m
              [33mstroke-linejoin[39m=[32m&quot;round&quot;[39m
              [33mstroke-width[39m=[32m&quot;2&quot;[39m
              [33mviewBox[39m=[32m&quot;0 0 24 24&quot;[39m
              [33mwidth[39m=[32m&quot;24&quot;[39m
              [33mxmlns[39m=[32m&quot;http://www.w3.org/2000/svg&quot;[39m
            [36m&gt;[39m
              [36m&lt;path[39m
                [33md[39m=[32m&quot;M3 12a9 9 0 0 1 9-9 9.75 9.75 0 0 1 6.74 2.74L21 8&quot;[39m
              [36m/&gt;[39m
              [36m&lt;path[39m
                [33md[39m=[32m&quot;M21 3v5h-5&quot;[39m
              [36m/&gt;[39m
              [36m&lt;path[39m
                [33md[39m=[32m&quot;M21 12a9 9 0 0 1-9 9 9.75 9.75 0 0 1-6.74-2.74L3 16&quot;[39m
              [36m/&gt;[39m
              [36m&lt;path[39m
                [33md[39m=[32m&quot;M8 16H3v5&quot;[39m
              [36m/&gt;[39m
            [36m&lt;/svg&gt;[39m
          [36m&lt;/button&gt;[39m
        [36m&lt;/div&gt;[39m
        [36m&lt;div[39m
          [33mclass[39m=[32m&quot;absolute bottom-4 left-1/2 -translate-x-1/2 z-30&quot;[39m
        [36m&gt;[39m
          [36m&lt;svg[39m
            [33mclass[39m=[32m&quot;w-20 h-20 -rotate-90&quot;[39m
          [36m&gt;[39m
            [36m&lt;circle[39m
              [33mcx[39m=[32m&quot;40&quot;[39m
              [33mcy[39m=[32m&quot;40&quot;[39m
              [33mfill[39m=[32m&quot;transparent&quot;[39m
              [33mr[39m=[32m&quot;36&quot;[39m
              [33mstroke[39m=[32m&quot;rgba(255,255,255,0.2)&quot;[39m
              [33mstroke-width[39m=[32m&quot;4&quot;[39m
            [36m/&gt;[39m
            [36m&lt;circle[39m
              [33mcx[39m=[32m&quot;40&quot;[39m
              [33mcy[39m=[32m&quot;40&quot;[39m
              [33mfill[39m=[32m&quot;transparent&quot;[39m
              [33mr[39m=[32m&quot;36&quot;[39m
              [33mstroke[39m=[32m&quot;url(#progressGradient)&quot;[39m
              [33mstroke-dasharray[39m=[32m&quot;226&quot;[39m
              [33mstroke-dashoffset[39m=[32m&quot;226&quot;[39m
              [33mstroke-linecap[39m=[32m&quot;round&quot;[39m
              [33mstroke-width[39m=[32m&quot;4&quot;[39m
            [36m/&gt;[39m
            [36m&lt;defs&gt;[39m
              [36m&lt;lineargradient[39m
                [33mid[39m=[32m&quot;progressGradient&quot;[39m
                [33mx1[39m=[32m&quot;0%&quot;[39m
                [33mx2[39m=[32m&quot;100%&quot;[39m
                [33my1[39m=[32m&quot;0%&quot;[39m
                [33my2[39m=[32m&quot;0%&quot;[39m
              [36m&gt;[39m
                [36m&lt;stop[39m
                  [33moffset[39m=[32m&quot;0%&quot;[39m
                  [33mstop-color[39m=[32m&quot;#FFD700&quot;[39m
                [36m/&gt;[39m
                [36m&lt;stop[39m
                  [33moffset[39m=[32m&quot;50%&quot;[39m
                  [33mstop-color[39m=[32m&quot;#FF69B4&quot;[39m
                [36m/&gt;[39m
                [36m&lt;stop[39m
                  [33moffset[39m=[32m&quot;100%&quot;[39m
                  [33mstop-color[39m=[32m&quot;#9370DB&quot;[39m
                [36m/&gt;[39m
              [36m&lt;/lineargradient&gt;[39m
            [36m&lt;/defs&gt;[39m
          [36m&lt;/svg&gt;[39m
        [36m&lt;/div&gt;[39m
      [36m&lt;/div&gt;[39m
      [36m&lt;div[39m
        [33mclass[39m=[32m&quot;flex items-center justify-center gap-4 py-2&quot;[39m
      [36m&gt;[39m
        [36m&lt;div[39m
          [33mclass[39m=[32m&quot;flex items-center gap-4&quot;[39m
          [33mstyle[39m=[32m&quot;opacity: 0; transform: scale(0.8);&quot;[39m
        [36m&gt;[39m
          [36m&lt;button[39m
            [33mclass[39m=[32m&quot;inline-flex items-center justify-center gap-2 whitespace-nowrap text-sm font-medium transition-colors focus-visible:outline-none focus-visible:ring-1 focus-visible:ring-ring disabled:pointer-events-none disabled:opacity-50 [&amp;_svg]:pointer-events-none [&amp;_svg]:size-4 [&amp;_svg]:shrink-0 bg-primary text-primary-foreground shadow px-4 py-2 w-14 h-14 rounded-full glass-strong hover:bg-white/30 border border-white/40&quot;[39m
          [36m&gt;[39m
            [36m&lt;svg[39m
              [33maria-hidden[39m=[32m&quot;true&quot;[39m
              [33mclass[39m=[32m&quot;lucide lucide-play w-6 h-6 text-white&quot;[39m
              [33mfill[39m=[32m&quot;none&quot;[39m
              [33mheight[39m=[32m&quot;24&quot;[39m
              [33mstroke[39m=[32m&quot;currentColor&quot;[39m
              [33mstroke-linecap[39m=[32m&quot;round&quot;[39m
              [33mstroke-linejoin[39m=[32m&quot;round&quot;[39m
              [33mstroke-width[39m=[32m&quot;2&quot;[39m
              [33mviewBox[39m=[32m&quot;0 0 24 24&quot;[39m
              [33mwidth[39m=[32m&quot;24&quot;[39m
              [33mxmlns[39m=[32m&quot;http://www.w3.org/2000/svg&quot;[39m
            [36m&gt;[39m
              [36m&lt;path[39m
                [33md[39m=[32m&quot;M5 5a2 2 0 0 1 3.008-1.728l11.997 6.998a2 2 0 0 1 .003 3.458l-12 7A2 2 0 0 1 5 19z&quot;[39m
              [36m/&gt;[39m
            [36m&lt;/svg&gt;[39m
          [36m&lt;/button&gt;[39m
          [36m&lt;button[39m
            [33mclass[39m=[32m&quot;inline-flex items-center justify-center gap-2 whitespace-nowrap text-sm font-medium transition-colors focus-visible:outline-none focus-visible:ring-1 focus-visible:ring-ring disabled:pointer-events-none disabled:opacity-50 [&amp;_svg]:pointer-events-none [&amp;_svg]:size-4 [&amp;_svg]:shrink-0 hover:bg-primary/90 px-4 py-2 w-20 h-20 rounded-full bg-gradient-to-br from-red-400 to-red-600 hover:from-red-500 hover:to-red-700 text-white shadow-xl shadow-red-500/40 border-4 border-white/50&quot;[39m
          [36m&gt;[39m
            [36m&lt;svg[39m
              [33maria-hidden[39m=[32m&quot;true&quot;[39m
              [33mclass[39m=[32m&quot;lucide lucide-square w-8 h-8 fill-current&quot;[39m
              [33mfill[39m=[32m&quot;none&quot;[39m
              [33mheight[39m=[32m&quot;24&quot;[39m
              [33mstroke[39m=[32m&quot;currentColor&quot;[39m
              [33mstroke-linecap[39m=[32m&quot;round&quot;[39m
              [33mstroke-linejoin[39m=[32m&quot;round&quot;[39m
              [33mstroke-width[39m=[32m&quot;2&quot;[39m
              [33mviewBox[39m=[32m&quot;0 0 24 24&quot;[39m
              [33mwidth[39m=[32m&quot;24&quot;[39m
              [33mxmlns[39m=[32m&quot;http://www.w3.org/2000/svg&quot;[39m
            [36m&gt;[39m
              [36m&lt;rect[39m
                [33mheight[39m=[32m&quot;18&quot;[39m
                [33mrx[39m=[32m&quot;2&quot;[39m
                [33mwidth[39m=[32m&quot;18&quot;[39m
                [33mx[39m=[32m&quot;3&quot;[39m
                [33my[39m=[32m&quot;3&quot;[39m
              [36m/&gt;[39m
            [36m&lt;/svg&gt;[39m
          [36m&lt;/button&gt;[39m
        [36m&lt;/div&gt;[39m
      [36m&lt;/div&gt;[39m
    [36m&lt;/div&gt;[39m
  [36m&lt;/div&gt;[39m
[36m&lt;/body&gt;[39m" type="TestingLibraryElementError">
TestingLibraryElementError: Unable to find an accessible element with the role &quot;button&quot; and name `/play/i`

Here are the accessible roles:

  button:

  Name &quot;&quot;:
  &lt;button
    class=&quot;glass-strong p-2 rounded-full&quot;
    tabindex=&quot;0&quot;
  /&gt;

  Name &quot;&quot;:
  &lt;button
    class=&quot;inline-flex items-center justify-center gap-2 whitespace-nowrap text-sm font-medium transition-colors focus-visible:outline-none focus-visible:ring-1 focus-visible:ring-ring disabled:pointer-events-none disabled:opacity-50 [&amp;_svg]:pointer-events-none [&amp;_svg]:size-4 [&amp;_svg]:shrink-0 bg-primary text-primary-foreground shadow px-4 py-2 w-14 h-14 rounded-full glass-strong hover:bg-white/30 border border-white/40&quot;
  /&gt;

  Name &quot;&quot;:
  &lt;button
    class=&quot;inline-flex items-center justify-center gap-2 whitespace-nowrap text-sm font-medium transition-colors focus-visible:outline-none focus-visible:ring-1 focus-visible:ring-ring disabled:pointer-events-none disabled:opacity-50 [&amp;_svg]:pointer-events-none [&amp;_svg]:size-4 [&amp;_svg]:shrink-0 hover:bg-primary/90 px-4 py-2 w-20 h-20 rounded-full bg-gradient-to-br from-red-400 to-red-600 hover:from-red-500 hover:to-red-700 text-white shadow-xl shadow-red-500/40 border-4 border-white/50&quot;
  /&gt;

  --------------------------------------------------

Ignored nodes: comments, script, style
&lt;body&gt;
  &lt;div&gt;
    &lt;div
      class=&quot;space-y-4&quot;
    &gt;
      &lt;div
        class=&quot;relative aspect-[9/16] max-h-[400px] rounded-3xl overflow-hidden bg-gradient-to-br from-purple-900/20 via-blue-900/20 to-indigo-900/20 border border-white/30 shadow-2xl&quot;
      &gt;
        &lt;div
          class=&quot;absolute inset-0 bg-gradient-to-t from-black/30 via-transparent to-transparent pointer-events-none z-10&quot;
        /&gt;
        &lt;video
          autoplay=&quot;&quot;
          class=&quot;absolute inset-0 w-full h-full object-cover&quot;
          playsinline=&quot;&quot;
          style=&quot;transform: scaleX(-1);&quot;
        /&gt;
        &lt;div
          class=&quot;absolute inset-0 flex items-center justify-center z-20 bg-black/30&quot;
        &gt;
          &lt;div
            class=&quot;flex items-center gap-2 glass-strong px-4 py-2 rounded-full&quot;
            style=&quot;opacity: 0; transform: scale(0.8);&quot;
          &gt;
            &lt;svg
              aria-hidden=&quot;true&quot;
              class=&quot;lucide lucide-pause w-5 h-5 text-white&quot;
              fill=&quot;none&quot;
              height=&quot;24&quot;
              stroke=&quot;currentColor&quot;
              stroke-linecap=&quot;round&quot;
              stroke-linejoin=&quot;round&quot;
              stroke-width=&quot;2&quot;
              viewBox=&quot;0 0 24 24&quot;
              width=&quot;24&quot;
              xmlns=&quot;http://www.w3.org/2000/svg&quot;
            &gt;
              &lt;rect
                height=&quot;18&quot;
                rx=&quot;1&quot;
                width=&quot;5&quot;
                x=&quot;14&quot;
                y=&quot;3&quot;
              /&gt;
              &lt;rect
                height=&quot;18&quot;
                rx=&quot;1&quot;
                width=&quot;5&quot;
                x=&quot;5&quot;
                y=&quot;3&quot;
              /&gt;
            &lt;/svg&gt;
            &lt;span
              class=&quot;text-white font-medium&quot;
            &gt;
              Paused
            &lt;/span&gt;
          &lt;/div&gt;
        &lt;/div&gt;
        &lt;div
          class=&quot;absolute top-4 left-4 right-4 flex items-center justify-between z-30&quot;
        &gt;
          &lt;div
            class=&quot;glass-strong px-3 py-1.5 rounded-full flex items-center gap-2 &quot;
            style=&quot;opacity: 0; transform: translateX(-20px);&quot;
          &gt;
            &lt;span
              class=&quot;text-white font-mono text-sm font-medium&quot;
            &gt;
              0:00
               / 
              1:30
            &lt;/span&gt;
          &lt;/div&gt;
          &lt;button
            class=&quot;glass-strong p-2 rounded-full&quot;
            tabindex=&quot;0&quot;
          &gt;
            &lt;svg
              aria-hidden=&quot;true&quot;
              class=&quot;lucide lucide-refresh-cw w-5 h-5 text-white&quot;
              fill=&quot;none&quot;
              height=&quot;24&quot;
              stroke=&quot;currentColor&quot;
              stroke-linecap=&quot;round&quot;
              stroke-linejoin=&quot;round&quot;
              stroke-width=&quot;2&quot;
              viewBox=&quot;0 0 24 24&quot;
              width=&quot;24&quot;
              xmlns=&quot;http://www.w3.org/2000/svg&quot;
            &gt;
              &lt;path
                d=&quot;M3 12a9 9 0 0 1 9-9 9.75 9.75 0 0 1 6.74 2.74L21 8&quot;
              /&gt;
              &lt;path
                d=&quot;M21 3v5h-5&quot;
              /&gt;
              &lt;path
                d=&quot;M21 12a9 9 0 0 1-9 9 9.75 9.75 0 0 1-6.74-2.74L3 16&quot;
              /&gt;
              &lt;path
                d=&quot;M8 16H3v5&quot;
              /&gt;
            &lt;/svg&gt;
          &lt;/button&gt;
        &lt;/div&gt;
        &lt;div
          class=&quot;absolute bottom-4 left-1/2 -translate-x-1/2 z-30&quot;
        &gt;
          &lt;svg
            class=&quot;w-20 h-20 -rotate-90&quot;
          &gt;
            &lt;circle
              cx=&quot;40&quot;
              cy=&quot;40&quot;
              fill=&quot;transparent&quot;
              r=&quot;36&quot;
              stroke=&quot;rgba(255,255,255,0.2)&quot;
              stroke-width=&quot;4&quot;
            /&gt;
            &lt;circle
              cx=&quot;40&quot;
              cy=&quot;40&quot;
              fill=&quot;transparent&quot;
              r=&quot;36&quot;
              stroke=&quot;url(#progressGradient)&quot;
              stroke-dasharray=&quot;226&quot;
              stroke-dashoffset=&quot;226&quot;
              stroke-linecap=&quot;round&quot;
              stroke-width=&quot;4&quot;
            /&gt;
            &lt;defs&gt;
              &lt;lineargradient
                id=&quot;progressGradient&quot;
                x1=&quot;0%&quot;
                x2=&quot;100%&quot;
                y1=&quot;0%&quot;
                y2=&quot;0%&quot;
              &gt;
                &lt;stop
                  offset=&quot;0%&quot;
                  stop-color=&quot;#FFD700&quot;
                /&gt;
                &lt;stop
                  offset=&quot;50%&quot;
                  stop-color=&quot;#FF69B4&quot;
                /&gt;
                &lt;stop
                  offset=&quot;100%&quot;
                  stop-color=&quot;#9370DB&quot;
                /&gt;
              &lt;/lineargradient&gt;
            &lt;/defs&gt;
          &lt;/svg&gt;
        &lt;/div&gt;
      &lt;/div&gt;
      &lt;div
        class=&quot;flex items-center justify-center gap-4 py-2&quot;
      &gt;
        &lt;div
          class=&quot;flex items-center gap-4&quot;
          style=&quot;opacity: 0; transform: scale(0.8);&quot;
        &gt;
          &lt;button
            class=&quot;inline-flex items-center justify-center gap-2 whitespace-nowrap text-sm font-medium transition-colors focus-visible:outline-none focus-visible:ring-1 focus-visible:ring-ring disabled:pointer-events-none disabled:opacity-50 [&amp;_svg]:pointer-events-none [&amp;_svg]:size-4 [&amp;_svg]:shrink-0 bg-primary text-primary-foreground shadow px-4 py-2 w-14 h-14 rounded-full glass-strong hover:bg-white/30 border border-white/40&quot;
          &gt;
            &lt;svg
              aria-hidden=&quot;true&quot;
              class=&quot;lucide lucide-play w-6 h-6 text-white&quot;
              fill=&quot;none&quot;
              height=&quot;24&quot;
              stroke=&quot;currentColor&quot;
              stroke-linecap=&quot;round&quot;
              stroke-linejoin=&quot;round&quot;
              stroke-width=&quot;2&quot;
              viewBox=&quot;0 0 24 24&quot;
              width=&quot;24&quot;
              xmlns=&quot;http://www.w3.org/2000/svg&quot;
            &gt;
              &lt;path
                d=&quot;M5 5a2 2 0 0 1 3.008-1.728l11.997 6.998a2 2 0 0 1 .003 3.458l-12 7A2 2 0 0 1 5 19z&quot;
              /&gt;
            &lt;/svg&gt;
          &lt;/button&gt;
          &lt;button
            class=&quot;inline-flex items-center justify-center gap-2 whitespace-nowrap text-sm font-medium transition-colors focus-visible:outline-none focus-visible:ring-1 focus-visible:ring-ring disabled:pointer-events-none disabled:opacity-50 [&amp;_svg]:pointer-events-none [&amp;_svg]:size-4 [&amp;_svg]:shrink-0 hover:bg-primary/90 px-4 py-2 w-20 h-20 rounded-full bg-gradient-to-br from-red-400 to-red-600 hover:from-red-500 hover:to-red-700 text-white shadow-xl shadow-red-500/40 border-4 border-white/50&quot;
          &gt;
            &lt;svg
              aria-hidden=&quot;true&quot;
              class=&quot;lucide lucide-square w-8 h-8 fill-current&quot;
              fill=&quot;none&quot;
              height=&quot;24&quot;
              stroke=&quot;currentColor&quot;
              stroke-linecap=&quot;round&quot;
              stroke-linejoin=&quot;round&quot;
              stroke-width=&quot;2&quot;
              viewBox=&quot;0 0 24 24&quot;
              width=&quot;24&quot;
              xmlns=&quot;http://www.w3.org/2000/svg&quot;
            &gt;
              &lt;rect
                height=&quot;18&quot;
                rx=&quot;2&quot;
                width=&quot;18&quot;
                x=&quot;3&quot;
                y=&quot;3&quot;
              /&gt;
            &lt;/svg&gt;
          &lt;/button&gt;
        &lt;/div&gt;
      &lt;/div&gt;
    &lt;/div&gt;
  &lt;/div&gt;
&lt;/body&gt;
 ❯ Object.getElementError node_modules/@testing-library/dom/dist/config.js:37:19
 ❯ node_modules/@testing-library/dom/dist/query-helpers.js:76:38
 ❯ node_modules/@testing-library/dom/dist/query-helpers.js:52:17
 ❯ node_modules/@testing-library/dom/dist/query-helpers.js:95:19
 ❯ src/components/__tests__/VideoRecorder.test.tsx:209:33
            </failure>
        </testcase>
        <testcase classname="src/components/__tests__/VideoRecorder.test.tsx" name="VideoRecorder &gt; controls &gt; should show stop button during recording" time="0.359371014">
            <failure message="Unable to find an accessible element with the role &quot;button&quot; and name `/square/i`

Here are the accessible roles:

  button:

  Name &quot;&quot;:
  [36m&lt;button[39m
    [33mclass[39m=[32m&quot;glass-strong p-2 rounded-full&quot;[39m
    [33mtabindex[39m=[32m&quot;0&quot;[39m
  [36m/&gt;[39m

  Name &quot;&quot;:
  [36m&lt;button[39m
    [33mclass[39m=[32m&quot;inline-flex items-center justify-center gap-2 whitespace-nowrap text-sm font-medium transition-colors focus-visible:outline-none focus-visible:ring-1 focus-visible:ring-ring disabled:pointer-events-none disabled:opacity-50 [&amp;_svg]:pointer-events-none [&amp;_svg]:size-4 [&amp;_svg]:shrink-0 bg-primary text-primary-foreground shadow px-4 py-2 w-14 h-14 rounded-full glass-strong hover:bg-white/30 border border-white/40&quot;[39m
  [36m/&gt;[39m

  Name &quot;&quot;:
  [36m&lt;button[39m
    [33mclass[39m=[32m&quot;inline-flex items-center justify-center gap-2 whitespace-nowrap text-sm font-medium transition-colors focus-visible:outline-none focus-visible:ring-1 focus-visible:ring-ring disabled:pointer-events-none disabled:opacity-50 [&amp;_svg]:pointer-events-none [&amp;_svg]:size-4 [&amp;_svg]:shrink-0 hover:bg-primary/90 px-4 py-2 w-20 h-20 rounded-full bg-gradient-to-br from-red-400 to-red-600 hover:from-red-500 hover:to-red-700 text-white shadow-xl shadow-red-500/40 border-4 border-white/50&quot;[39m
  [36m/&gt;[39m

  --------------------------------------------------

Ignored nodes: comments, script, style
[36m&lt;body&gt;[39m
  [36m&lt;div&gt;[39m
    [36m&lt;div[39m
      [33mclass[39m=[32m&quot;space-y-4&quot;[39m
    [36m&gt;[39m
      [36m&lt;div[39m
        [33mclass[39m=[32m&quot;relative aspect-[9/16] max-h-[400px] rounded-3xl overflow-hidden bg-gradient-to-br from-purple-900/20 via-blue-900/20 to-indigo-900/20 border border-white/30 shadow-2xl&quot;[39m
      [36m&gt;[39m
        [36m&lt;div[39m
          [33mclass[39m=[32m&quot;absolute inset-0 bg-gradient-to-t from-black/30 via-transparent to-transparent pointer-events-none z-10&quot;[39m
        [36m/&gt;[39m
        [36m&lt;div[39m
          [33mclass[39m=[32m&quot;absolute inset-0 rounded-3xl pointer-events-none z-20&quot;[39m
          [33mstyle[39m=[32m&quot;background: linear-gradient(90deg, rgba(255, 215, 0, 0.5), rgba(255, 192, 203, 0.5), rgba(147, 112, 219, 0.5), rgba(135, 206, 250, 0.5), rgba(255, 215, 0, 0.5)); padding: 3px; mask-composite: exclude;&quot;[39m
        [36m/&gt;[39m
        [36m&lt;video[39m
          [33mautoplay[39m=[32m&quot;&quot;[39m
          [33mclass[39m=[32m&quot;absolute inset-0 w-full h-full object-cover&quot;[39m
          [33mplaysinline[39m=[32m&quot;&quot;[39m
          [33mstyle[39m=[32m&quot;transform: scaleX(-1);&quot;[39m
        [36m/&gt;[39m
        [36m&lt;div[39m
          [33mclass[39m=[32m&quot;absolute top-4 left-4 right-4 flex items-center justify-between z-30&quot;[39m
        [36m&gt;[39m
          [36m&lt;div[39m
            [33mclass[39m=[32m&quot;glass-strong px-3 py-1.5 rounded-full flex items-center gap-2 bg-red-500/30&quot;[39m
            [33mstyle[39m=[32m&quot;opacity: 0; transform: translateX(-20px);&quot;[39m
          [36m&gt;[39m
            [36m&lt;div[39m
              [33mclass[39m=[32m&quot;w-2 h-2 bg-red-500 rounded-full&quot;[39m
            [36m/&gt;[39m
            [36m&lt;span[39m
              [33mclass[39m=[32m&quot;text-white font-mono text-sm font-medium&quot;[39m
            [36m&gt;[39m
              [0m0:00[0m
              [0m / [0m
              [0m1:30[0m
            [36m&lt;/span&gt;[39m
          [36m&lt;/div&gt;[39m
          [36m&lt;button[39m
            [33mclass[39m=[32m&quot;glass-strong p-2 rounded-full&quot;[39m
            [33mtabindex[39m=[32m&quot;0&quot;[39m
          [36m&gt;[39m
            [36m&lt;svg[39m
              [33maria-hidden[39m=[32m&quot;true&quot;[39m
              [33mclass[39m=[32m&quot;lucide lucide-refresh-cw w-5 h-5 text-white&quot;[39m
              [33mfill[39m=[32m&quot;none&quot;[39m
              [33mheight[39m=[32m&quot;24&quot;[39m
              [33mstroke[39m=[32m&quot;currentColor&quot;[39m
              [33mstroke-linecap[39m=[32m&quot;round&quot;[39m
              [33mstroke-linejoin[39m=[32m&quot;round&quot;[39m
              [33mstroke-width[39m=[32m&quot;2&quot;[39m
              [33mviewBox[39m=[32m&quot;0 0 24 24&quot;[39m
              [33mwidth[39m=[32m&quot;24&quot;[39m
              [33mxmlns[39m=[32m&quot;http://www.w3.org/2000/svg&quot;[39m
            [36m&gt;[39m
              [36m&lt;path[39m
                [33md[39m=[32m&quot;M3 12a9 9 0 0 1 9-9 9.75 9.75 0 0 1 6.74 2.74L21 8&quot;[39m
              [36m/&gt;[39m
              [36m&lt;path[39m
                [33md[39m=[32m&quot;M21 3v5h-5&quot;[39m
              [36m/&gt;[39m
              [36m&lt;path[39m
                [33md[39m=[32m&quot;M21 12a9 9 0 0 1-9 9 9.75 9.75 0 0 1-6.74-2.74L3 16&quot;[39m
              [36m/&gt;[39m
              [36m&lt;path[39m
                [33md[39m=[32m&quot;M8 16H3v5&quot;[39m
              [36m/&gt;[39m
            [36m&lt;/svg&gt;[39m
          [36m&lt;/button&gt;[39m
        [36m&lt;/div&gt;[39m
        [36m&lt;div[39m
          [33mclass[39m=[32m&quot;absolute bottom-4 left-1/2 -translate-x-1/2 z-30&quot;[39m
        [36m&gt;[39m
          [36m&lt;svg[39m
            [33mclass[39m=[32m&quot;w-20 h-20 -rotate-90&quot;[39m
          [36m&gt;[39m
            [36m&lt;circle[39m
              [33mcx[39m=[32m&quot;40&quot;[39m
              [33mcy[39m=[32m&quot;40&quot;[39m
              [33mfill[39m=[32m&quot;transparent&quot;[39m
              [33mr[39m=[32m&quot;36&quot;[39m
              [33mstroke[39m=[32m&quot;rgba(255,255,255,0.2)&quot;[39m
              [33mstroke-width[39m=[32m&quot;4&quot;[39m
            [36m/&gt;[39m
            [36m&lt;circle[39m
              [33mcx[39m=[32m&quot;40&quot;[39m
              [33mcy[39m=[32m&quot;40&quot;[39m
              [33mfill[39m=[32m&quot;transparent&quot;[39m
              [33mr[39m=[32m&quot;36&quot;[39m
              [33mstroke[39m=[32m&quot;url(#progressGradient)&quot;[39m
              [33mstroke-dasharray[39m=[32m&quot;226&quot;[39m
              [33mstroke-dashoffset[39m=[32m&quot;226&quot;[39m
              [33mstroke-linecap[39m=[32m&quot;round&quot;[39m
              [33mstroke-width[39m=[32m&quot;4&quot;[39m
            [36m/&gt;[39m
            [36m&lt;defs&gt;[39m
              [36m&lt;lineargradient[39m
                [33mid[39m=[32m&quot;progressGradient&quot;[39m
                [33mx1[39m=[32m&quot;0%&quot;[39m
                [33mx2[39m=[32m&quot;100%&quot;[39m
                [33my1[39m=[32m&quot;0%&quot;[39m
                [33my2[39m=[32m&quot;0%&quot;[39m
              [36m&gt;[39m
                [36m&lt;stop[39m
                  [33moffset[39m=[32m&quot;0%&quot;[39m
                  [33mstop-color[39m=[32m&quot;#FFD700&quot;[39m
                [36m/&gt;[39m
                [36m&lt;stop[39m
                  [33moffset[39m=[32m&quot;50%&quot;[39m
                  [33mstop-color[39m=[32m&quot;#FF69B4&quot;[39m
                [36m/&gt;[39m
                [36m&lt;stop[39m
                  [33moffset[39m=[32m&quot;100%&quot;[39m
                  [33mstop-color[39m=[32m&quot;#9370DB&quot;[39m
                [36m/&gt;[39m
              [36m&lt;/lineargradient&gt;[39m
            [36m&lt;/defs&gt;[39m
          [36m&lt;/svg&gt;[39m
        [36m&lt;/div&gt;[39m
      [36m&lt;/div&gt;[39m
      [36m&lt;div[39m
        [33mclass[39m=[32m&quot;flex items-center justify-center gap-4 py-2&quot;[39m
      [36m&gt;[39m
        [36m&lt;div[39m
          [33mclass[39m=[32m&quot;flex items-center gap-4&quot;[39m
          [33mstyle[39m=[32m&quot;opacity: 0; transform: scale(0.8);&quot;[39m
        [36m&gt;[39m
          [36m&lt;button[39m
            [33mclass[39m=[32m&quot;inline-flex items-center justify-center gap-2 whitespace-nowrap text-sm font-medium transition-colors focus-visible:outline-none focus-visible:ring-1 focus-visible:ring-ring disabled:pointer-events-none disabled:opacity-50 [&amp;_svg]:pointer-events-none [&amp;_svg]:size-4 [&amp;_svg]:shrink-0 bg-primary text-primary-foreground shadow px-4 py-2 w-14 h-14 rounded-full glass-strong hover:bg-white/30 border border-white/40&quot;[39m
          [36m&gt;[39m
            [36m&lt;svg[39m
              [33maria-hidden[39m=[32m&quot;true&quot;[39m
              [33mclass[39m=[32m&quot;lucide lucide-pause w-6 h-6 text-white&quot;[39m
              [33mfill[39m=[32m&quot;none&quot;[39m
              [33mheight[39m=[32m&quot;24&quot;[39m
              [33mstroke[39m=[32m&quot;currentColor&quot;[39m
              [33mstroke-linecap[39m=[32m&quot;round&quot;[39m
              [33mstroke-linejoin[39m=[32m&quot;round&quot;[39m
              [33mstroke-width[39m=[32m&quot;2&quot;[39m
              [33mviewBox[39m=[32m&quot;0 0 24 24&quot;[39m
              [33mwidth[39m=[32m&quot;24&quot;[39m
              [33mxmlns[39m=[32m&quot;http://www.w3.org/2000/svg&quot;[39m
            [36m&gt;[39m
              [36m&lt;rect[39m
                [33mheight[39m=[32m&quot;18&quot;[39m
                [33mrx[39m=[32m&quot;1&quot;[39m
                [33mwidth[39m=[32m&quot;5&quot;[39m
                [33mx[39m=[32m&quot;14&quot;[39m
                [33my[39m=[32m&quot;3&quot;[39m
              [36m/&gt;[39m
              [36m&lt;rect[39m
                [33mheight[39m=[32m&quot;18&quot;[39m
                [33mrx[39m=[32m&quot;1&quot;[39m
                [33mwidth[39m=[32m&quot;5&quot;[39m
                [33mx[39m=[32m&quot;5&quot;[39m
                [33my[39m=[32m&quot;3&quot;[39m
              [36m/&gt;[39m
            [36m&lt;/svg&gt;[39m
          [36m&lt;/button&gt;[39m
          [36m&lt;button[39m
            [33mclass[39m=[32m&quot;inline-flex items-center justify-center gap-2 whitespace-nowrap text-sm font-medium transition-colors focus-visible:outline-none focus-visible:ring-1 focus-visible:ring-ring disabled:pointer-events-none disabled:opacity-50 [&amp;_svg]:pointer-events-none [&amp;_svg]:size-4 [&amp;_svg]:shrink-0 hover:bg-primary/90 px-4 py-2 w-20 h-20 rounded-full bg-gradient-to-br from-red-400 to-red-600 hover:from-red-500 hover:to-red-700 text-white shadow-xl shadow-red-500/40 border-4 border-white/50&quot;[39m
          [36m&gt;[39m
            [36m&lt;svg[39m
              [33maria-hidden[39m=[32m&quot;true&quot;[39m
              [33mclass[39m=[32m&quot;lucide lucide-square w-8 h-8 fill-current&quot;[39m
              [33mfill[39m=[32m&quot;none&quot;[39m
              [33mheight[39m=[32m&quot;24&quot;[39m
              [33mstroke[39m=[32m&quot;currentColor&quot;[39m
              [33mstroke-linecap[39m=[32m&quot;round&quot;[39m
              [33mstroke-linejoin[39m=[32m&quot;round&quot;[39m
              [33mstroke-width[39m=[32m&quot;2&quot;[39m
              [33mviewBox[39m=[32m&quot;0 0 24 24&quot;[39m
              [33mwidth[39m=[32m&quot;24&quot;[39m
              [33mxmlns[39m=[32m&quot;http://www.w3.org/2000/svg&quot;[39m
            [36m&gt;[39m
              [36m&lt;rect[39m
                [33mheight[39m=[32m&quot;18&quot;[39m
                [33mrx[39m=[32m&quot;2&quot;[39m
                [33mwidth[39m=[32m&quot;18&quot;[39m
                [33mx[39m=[32m&quot;3&quot;[39m
                [33my[39m=[32m&quot;3&quot;[39m
              [36m/&gt;[39m
            [36m&lt;/svg&gt;[39m
          [36m&lt;/button&gt;[39m
        [36m&lt;/div&gt;[39m
      [36m&lt;/div&gt;[39m
    [36m&lt;/div&gt;[39m
  [36m&lt;/div&gt;[39m
[36m&lt;/body&gt;[39m" type="TestingLibraryElementError">
TestingLibraryElementError: Unable to find an accessible element with the role &quot;button&quot; and name `/square/i`

Here are the accessible roles:

  button:

  Name &quot;&quot;:
  &lt;button
    class=&quot;glass-strong p-2 rounded-full&quot;
    tabindex=&quot;0&quot;
  /&gt;

  Name &quot;&quot;:
  &lt;button
    class=&quot;inline-flex items-center justify-center gap-2 whitespace-nowrap text-sm font-medium transition-colors focus-visible:outline-none focus-visible:ring-1 focus-visible:ring-ring disabled:pointer-events-none disabled:opacity-50 [&amp;_svg]:pointer-events-none [&amp;_svg]:size-4 [&amp;_svg]:shrink-0 bg-primary text-primary-foreground shadow px-4 py-2 w-14 h-14 rounded-full glass-strong hover:bg-white/30 border border-white/40&quot;
  /&gt;

  Name &quot;&quot;:
  &lt;button
    class=&quot;inline-flex items-center justify-center gap-2 whitespace-nowrap text-sm font-medium transition-colors focus-visible:outline-none focus-visible:ring-1 focus-visible:ring-ring disabled:pointer-events-none disabled:opacity-50 [&amp;_svg]:pointer-events-none [&amp;_svg]:size-4 [&amp;_svg]:shrink-0 hover:bg-primary/90 px-4 py-2 w-20 h-20 rounded-full bg-gradient-to-br from-red-400 to-red-600 hover:from-red-500 hover:to-red-700 text-white shadow-xl shadow-red-500/40 border-4 border-white/50&quot;
  /&gt;

  --------------------------------------------------

Ignored nodes: comments, script, style
&lt;body&gt;
  &lt;div&gt;
    &lt;div
      class=&quot;space-y-4&quot;
    &gt;
      &lt;div
        class=&quot;relative aspect-[9/16] max-h-[400px] rounded-3xl overflow-hidden bg-gradient-to-br from-purple-900/20 via-blue-900/20 to-indigo-900/20 border border-white/30 shadow-2xl&quot;
      &gt;
        &lt;div
          class=&quot;absolute inset-0 bg-gradient-to-t from-black/30 via-transparent to-transparent pointer-events-none z-10&quot;
        /&gt;
        &lt;div
          class=&quot;absolute inset-0 rounded-3xl pointer-events-none z-20&quot;
          style=&quot;background: linear-gradient(90deg, rgba(255, 215, 0, 0.5), rgba(255, 192, 203, 0.5), rgba(147, 112, 219, 0.5), rgba(135, 206, 250, 0.5), rgba(255, 215, 0, 0.5)); padding: 3px; mask-composite: exclude;&quot;
        /&gt;
        &lt;video
          autoplay=&quot;&quot;
          class=&quot;absolute inset-0 w-full h-full object-cover&quot;
          playsinline=&quot;&quot;
          style=&quot;transform: scaleX(-1);&quot;
        /&gt;
        &lt;div
          class=&quot;absolute top-4 left-4 right-4 flex items-center justify-between z-30&quot;
        &gt;
          &lt;div
            class=&quot;glass-strong px-3 py-1.5 rounded-full flex items-center gap-2 bg-red-500/30&quot;
            style=&quot;opacity: 0; transform: translateX(-20px);&quot;
          &gt;
            &lt;div
              class=&quot;w-2 h-2 bg-red-500 rounded-full&quot;
            /&gt;
            &lt;span
              class=&quot;text-white font-mono text-sm font-medium&quot;
            &gt;
              0:00
               / 
              1:30
            &lt;/span&gt;
          &lt;/div&gt;
          &lt;button
            class=&quot;glass-strong p-2 rounded-full&quot;
            tabindex=&quot;0&quot;
          &gt;
            &lt;svg
              aria-hidden=&quot;true&quot;
              class=&quot;lucide lucide-refresh-cw w-5 h-5 text-white&quot;
              fill=&quot;none&quot;
              height=&quot;24&quot;
              stroke=&quot;currentColor&quot;
              stroke-linecap=&quot;round&quot;
              stroke-linejoin=&quot;round&quot;
              stroke-width=&quot;2&quot;
              viewBox=&quot;0 0 24 24&quot;
              width=&quot;24&quot;
              xmlns=&quot;http://www.w3.org/2000/svg&quot;
            &gt;
              &lt;path
                d=&quot;M3 12a9 9 0 0 1 9-9 9.75 9.75 0 0 1 6.74 2.74L21 8&quot;
              /&gt;
              &lt;path
                d=&quot;M21 3v5h-5&quot;
              /&gt;
              &lt;path
                d=&quot;M21 12a9 9 0 0 1-9 9 9.75 9.75 0 0 1-6.74-2.74L3 16&quot;
              /&gt;
              &lt;path
                d=&quot;M8 16H3v5&quot;
              /&gt;
            &lt;/svg&gt;
          &lt;/button&gt;
        &lt;/div&gt;
        &lt;div
          class=&quot;absolute bottom-4 left-1/2 -translate-x-1/2 z-30&quot;
        &gt;
          &lt;svg
            class=&quot;w-20 h-20 -rotate-90&quot;
          &gt;
            &lt;circle
              cx=&quot;40&quot;
              cy=&quot;40&quot;
              fill=&quot;transparent&quot;
              r=&quot;36&quot;
              stroke=&quot;rgba(255,255,255,0.2)&quot;
              stroke-width=&quot;4&quot;
            /&gt;
            &lt;circle
              cx=&quot;40&quot;
              cy=&quot;40&quot;
              fill=&quot;transparent&quot;
              r=&quot;36&quot;
              stroke=&quot;url(#progressGradient)&quot;
              stroke-dasharray=&quot;226&quot;
              stroke-dashoffset=&quot;226&quot;
              stroke-linecap=&quot;round&quot;
              stroke-width=&quot;4&quot;
            /&gt;
            &lt;defs&gt;
              &lt;lineargradient
                id=&quot;progressGradient&quot;
                x1=&quot;0%&quot;
                x2=&quot;100%&quot;
                y1=&quot;0%&quot;
                y2=&quot;0%&quot;
              &gt;
                &lt;stop
                  offset=&quot;0%&quot;
                  stop-color=&quot;#FFD700&quot;
                /&gt;
                &lt;stop
                  offset=&quot;50%&quot;
                  stop-color=&quot;#FF69B4&quot;
                /&gt;
                &lt;stop
                  offset=&quot;100%&quot;
                  stop-color=&quot;#9370DB&quot;
                /&gt;
              &lt;/lineargradient&gt;
            &lt;/defs&gt;
          &lt;/svg&gt;
        &lt;/div&gt;
      &lt;/div&gt;
      &lt;div
        class=&quot;flex items-center justify-center gap-4 py-2&quot;
      &gt;
        &lt;div
          class=&quot;flex items-center gap-4&quot;
          style=&quot;opacity: 0; transform: scale(0.8);&quot;
        &gt;
          &lt;button
            class=&quot;inline-flex items-center justify-center gap-2 whitespace-nowrap text-sm font-medium transition-colors focus-visible:outline-none focus-visible:ring-1 focus-visible:ring-ring disabled:pointer-events-none disabled:opacity-50 [&amp;_svg]:pointer-events-none [&amp;_svg]:size-4 [&amp;_svg]:shrink-0 bg-primary text-primary-foreground shadow px-4 py-2 w-14 h-14 rounded-full glass-strong hover:bg-white/30 border border-white/40&quot;
          &gt;
            &lt;svg
              aria-hidden=&quot;true&quot;
              class=&quot;lucide lucide-pause w-6 h-6 text-white&quot;
              fill=&quot;none&quot;
              height=&quot;24&quot;
              stroke=&quot;currentColor&quot;
              stroke-linecap=&quot;round&quot;
              stroke-linejoin=&quot;round&quot;
              stroke-width=&quot;2&quot;
              viewBox=&quot;0 0 24 24&quot;
              width=&quot;24&quot;
              xmlns=&quot;http://www.w3.org/2000/svg&quot;
            &gt;
              &lt;rect
                height=&quot;18&quot;
                rx=&quot;1&quot;
                width=&quot;5&quot;
                x=&quot;14&quot;
                y=&quot;3&quot;
              /&gt;
              &lt;rect
                height=&quot;18&quot;
                rx=&quot;1&quot;
                width=&quot;5&quot;
                x=&quot;5&quot;
                y=&quot;3&quot;
              /&gt;
            &lt;/svg&gt;
          &lt;/button&gt;
          &lt;button
            class=&quot;inline-flex items-center justify-center gap-2 whitespace-nowrap text-sm font-medium transition-colors focus-visible:outline-none focus-visible:ring-1 focus-visible:ring-ring disabled:pointer-events-none disabled:opacity-50 [&amp;_svg]:pointer-events-none [&amp;_svg]:size-4 [&amp;_svg]:shrink-0 hover:bg-primary/90 px-4 py-2 w-20 h-20 rounded-full bg-gradient-to-br from-red-400 to-red-600 hover:from-red-500 hover:to-red-700 text-white shadow-xl shadow-red-500/40 border-4 border-white/50&quot;
          &gt;
            &lt;svg
              aria-hidden=&quot;true&quot;
              class=&quot;lucide lucide-square w-8 h-8 fill-current&quot;
              fill=&quot;none&quot;
              height=&quot;24&quot;
              stroke=&quot;currentColor&quot;
              stroke-linecap=&quot;round&quot;
              stroke-linejoin=&quot;round&quot;
              stroke-width=&quot;2&quot;
              viewBox=&quot;0 0 24 24&quot;
              width=&quot;24&quot;
              xmlns=&quot;http://www.w3.org/2000/svg&quot;
            &gt;
              &lt;rect
                height=&quot;18&quot;
                rx=&quot;2&quot;
                width=&quot;18&quot;
                x=&quot;3&quot;
                y=&quot;3&quot;
              /&gt;
            &lt;/svg&gt;
          &lt;/button&gt;
        &lt;/div&gt;
      &lt;/div&gt;
    &lt;/div&gt;
  &lt;/div&gt;
&lt;/body&gt;
 ❯ Object.getElementError node_modules/@testing-library/dom/dist/config.js:37:19
 ❯ node_modules/@testing-library/dom/dist/query-helpers.js:76:38
 ❯ node_modules/@testing-library/dom/dist/query-helpers.js:52:17
 ❯ node_modules/@testing-library/dom/dist/query-helpers.js:95:19
 ❯ src/components/__tests__/VideoRecorder.test.tsx:218:33
            </failure>
        </testcase>
        <testcase classname="src/components/__tests__/VideoRecorder.test.tsx" name="VideoRecorder &gt; controls &gt; should stop recording when stop clicked" time="0.360701218">
            <failure message="Unable to find an accessible element with the role &quot;button&quot; and name `/square/i`

Here are the accessible roles:

  button:

  Name &quot;&quot;:
  [36m&lt;button[39m
    [33mclass[39m=[32m&quot;glass-strong p-2 rounded-full&quot;[39m
    [33mtabindex[39m=[32m&quot;0&quot;[39m
  [36m/&gt;[39m

  Name &quot;&quot;:
  [36m&lt;button[39m
    [33mclass[39m=[32m&quot;inline-flex items-center justify-center gap-2 whitespace-nowrap text-sm font-medium transition-colors focus-visible:outline-none focus-visible:ring-1 focus-visible:ring-ring disabled:pointer-events-none disabled:opacity-50 [&amp;_svg]:pointer-events-none [&amp;_svg]:size-4 [&amp;_svg]:shrink-0 bg-primary text-primary-foreground shadow px-4 py-2 w-14 h-14 rounded-full glass-strong hover:bg-white/30 border border-white/40&quot;[39m
  [36m/&gt;[39m

  Name &quot;&quot;:
  [36m&lt;button[39m
    [33mclass[39m=[32m&quot;inline-flex items-center justify-center gap-2 whitespace-nowrap text-sm font-medium transition-colors focus-visible:outline-none focus-visible:ring-1 focus-visible:ring-ring disabled:pointer-events-none disabled:opacity-50 [&amp;_svg]:pointer-events-none [&amp;_svg]:size-4 [&amp;_svg]:shrink-0 hover:bg-primary/90 px-4 py-2 w-20 h-20 rounded-full bg-gradient-to-br from-red-400 to-red-600 hover:from-red-500 hover:to-red-700 text-white shadow-xl shadow-red-500/40 border-4 border-white/50&quot;[39m
  [36m/&gt;[39m

  --------------------------------------------------

Ignored nodes: comments, script, style
[36m&lt;body&gt;[39m
  [36m&lt;div&gt;[39m
    [36m&lt;div[39m
      [33mclass[39m=[32m&quot;space-y-4&quot;[39m
    [36m&gt;[39m
      [36m&lt;div[39m
        [33mclass[39m=[32m&quot;relative aspect-[9/16] max-h-[400px] rounded-3xl overflow-hidden bg-gradient-to-br from-purple-900/20 via-blue-900/20 to-indigo-900/20 border border-white/30 shadow-2xl&quot;[39m
      [36m&gt;[39m
        [36m&lt;div[39m
          [33mclass[39m=[32m&quot;absolute inset-0 bg-gradient-to-t from-black/30 via-transparent to-transparent pointer-events-none z-10&quot;[39m
        [36m/&gt;[39m
        [36m&lt;div[39m
          [33mclass[39m=[32m&quot;absolute inset-0 rounded-3xl pointer-events-none z-20&quot;[39m
          [33mstyle[39m=[32m&quot;background: linear-gradient(90deg, rgba(255, 215, 0, 0.5), rgba(255, 192, 203, 0.5), rgba(147, 112, 219, 0.5), rgba(135, 206, 250, 0.5), rgba(255, 215, 0, 0.5)); padding: 3px; mask-composite: exclude;&quot;[39m
        [36m/&gt;[39m
        [36m&lt;video[39m
          [33mautoplay[39m=[32m&quot;&quot;[39m
          [33mclass[39m=[32m&quot;absolute inset-0 w-full h-full object-cover&quot;[39m
          [33mplaysinline[39m=[32m&quot;&quot;[39m
          [33mstyle[39m=[32m&quot;transform: scaleX(-1);&quot;[39m
        [36m/&gt;[39m
        [36m&lt;div[39m
          [33mclass[39m=[32m&quot;absolute top-4 left-4 right-4 flex items-center justify-between z-30&quot;[39m
        [36m&gt;[39m
          [36m&lt;div[39m
            [33mclass[39m=[32m&quot;glass-strong px-3 py-1.5 rounded-full flex items-center gap-2 bg-red-500/30&quot;[39m
            [33mstyle[39m=[32m&quot;opacity: 0; transform: translateX(-20px);&quot;[39m
          [36m&gt;[39m
            [36m&lt;div[39m
              [33mclass[39m=[32m&quot;w-2 h-2 bg-red-500 rounded-full&quot;[39m
            [36m/&gt;[39m
            [36m&lt;span[39m
              [33mclass[39m=[32m&quot;text-white font-mono text-sm font-medium&quot;[39m
            [36m&gt;[39m
              [0m0:00[0m
              [0m / [0m
              [0m1:30[0m
            [36m&lt;/span&gt;[39m
          [36m&lt;/div&gt;[39m
          [36m&lt;button[39m
            [33mclass[39m=[32m&quot;glass-strong p-2 rounded-full&quot;[39m
            [33mtabindex[39m=[32m&quot;0&quot;[39m
          [36m&gt;[39m
            [36m&lt;svg[39m
              [33maria-hidden[39m=[32m&quot;true&quot;[39m
              [33mclass[39m=[32m&quot;lucide lucide-refresh-cw w-5 h-5 text-white&quot;[39m
              [33mfill[39m=[32m&quot;none&quot;[39m
              [33mheight[39m=[32m&quot;24&quot;[39m
              [33mstroke[39m=[32m&quot;currentColor&quot;[39m
              [33mstroke-linecap[39m=[32m&quot;round&quot;[39m
              [33mstroke-linejoin[39m=[32m&quot;round&quot;[39m
              [33mstroke-width[39m=[32m&quot;2&quot;[39m
              [33mviewBox[39m=[32m&quot;0 0 24 24&quot;[39m
              [33mwidth[39m=[32m&quot;24&quot;[39m
              [33mxmlns[39m=[32m&quot;http://www.w3.org/2000/svg&quot;[39m
            [36m&gt;[39m
              [36m&lt;path[39m
                [33md[39m=[32m&quot;M3 12a9 9 0 0 1 9-9 9.75 9.75 0 0 1 6.74 2.74L21 8&quot;[39m
              [36m/&gt;[39m
              [36m&lt;path[39m
                [33md[39m=[32m&quot;M21 3v5h-5&quot;[39m
              [36m/&gt;[39m
              [36m&lt;path[39m
                [33md[39m=[32m&quot;M21 12a9 9 0 0 1-9 9 9.75 9.75 0 0 1-6.74-2.74L3 16&quot;[39m
              [36m/&gt;[39m
              [36m&lt;path[39m
                [33md[39m=[32m&quot;M8 16H3v5&quot;[39m
              [36m/&gt;[39m
            [36m&lt;/svg&gt;[39m
          [36m&lt;/button&gt;[39m
        [36m&lt;/div&gt;[39m
        [36m&lt;div[39m
          [33mclass[39m=[32m&quot;absolute bottom-4 left-1/2 -translate-x-1/2 z-30&quot;[39m
        [36m&gt;[39m
          [36m&lt;svg[39m
            [33mclass[39m=[32m&quot;w-20 h-20 -rotate-90&quot;[39m
          [36m&gt;[39m
            [36m&lt;circle[39m
              [33mcx[39m=[32m&quot;40&quot;[39m
              [33mcy[39m=[32m&quot;40&quot;[39m
              [33mfill[39m=[32m&quot;transparent&quot;[39m
              [33mr[39m=[32m&quot;36&quot;[39m
              [33mstroke[39m=[32m&quot;rgba(255,255,255,0.2)&quot;[39m
              [33mstroke-width[39m=[32m&quot;4&quot;[39m
            [36m/&gt;[39m
            [36m&lt;circle[39m
              [33mcx[39m=[32m&quot;40&quot;[39m
              [33mcy[39m=[32m&quot;40&quot;[39m
              [33mfill[39m=[32m&quot;transparent&quot;[39m
              [33mr[39m=[32m&quot;36&quot;[39m
              [33mstroke[39m=[32m&quot;url(#progressGradient)&quot;[39m
              [33mstroke-dasharray[39m=[32m&quot;226&quot;[39m
              [33mstroke-dashoffset[39m=[32m&quot;226&quot;[39m
              [33mstroke-linecap[39m=[32m&quot;round&quot;[39m
              [33mstroke-width[39m=[32m&quot;4&quot;[39m
            [36m/&gt;[39m
            [36m&lt;defs&gt;[39m
              [36m&lt;lineargradient[39m
                [33mid[39m=[32m&quot;progressGradient&quot;[39m
                [33mx1[39m=[32m&quot;0%&quot;[39m
                [33mx2[39m=[32m&quot;100%&quot;[39m
                [33my1[39m=[32m&quot;0%&quot;[39m
                [33my2[39m=[32m&quot;0%&quot;[39m
              [36m&gt;[39m
                [36m&lt;stop[39m
                  [33moffset[39m=[32m&quot;0%&quot;[39m
                  [33mstop-color[39m=[32m&quot;#FFD700&quot;[39m
                [36m/&gt;[39m
                [36m&lt;stop[39m
                  [33moffset[39m=[32m&quot;50%&quot;[39m
                  [33mstop-color[39m=[32m&quot;#FF69B4&quot;[39m
                [36m/&gt;[39m
                [36m&lt;stop[39m
                  [33moffset[39m=[32m&quot;100%&quot;[39m
                  [33mstop-color[39m=[32m&quot;#9370DB&quot;[39m
                [36m/&gt;[39m
              [36m&lt;/lineargradient&gt;[39m
            [36m&lt;/defs&gt;[39m
          [36m&lt;/svg&gt;[39m
        [36m&lt;/div&gt;[39m
      [36m&lt;/div&gt;[39m
      [36m&lt;div[39m
        [33mclass[39m=[32m&quot;flex items-center justify-center gap-4 py-2&quot;[39m
      [36m&gt;[39m
        [36m&lt;div[39m
          [33mclass[39m=[32m&quot;flex items-center gap-4&quot;[39m
          [33mstyle[39m=[32m&quot;opacity: 0; transform: scale(0.8);&quot;[39m
        [36m&gt;[39m
          [36m&lt;button[39m
            [33mclass[39m=[32m&quot;inline-flex items-center justify-center gap-2 whitespace-nowrap text-sm font-medium transition-colors focus-visible:outline-none focus-visible:ring-1 focus-visible:ring-ring disabled:pointer-events-none disabled:opacity-50 [&amp;_svg]:pointer-events-none [&amp;_svg]:size-4 [&amp;_svg]:shrink-0 bg-primary text-primary-foreground shadow px-4 py-2 w-14 h-14 rounded-full glass-strong hover:bg-white/30 border border-white/40&quot;[39m
          [36m&gt;[39m
            [36m&lt;svg[39m
              [33maria-hidden[39m=[32m&quot;true&quot;[39m
              [33mclass[39m=[32m&quot;lucide lucide-pause w-6 h-6 text-white&quot;[39m
              [33mfill[39m=[32m&quot;none&quot;[39m
              [33mheight[39m=[32m&quot;24&quot;[39m
              [33mstroke[39m=[32m&quot;currentColor&quot;[39m
              [33mstroke-linecap[39m=[32m&quot;round&quot;[39m
              [33mstroke-linejoin[39m=[32m&quot;round&quot;[39m
              [33mstroke-width[39m=[32m&quot;2&quot;[39m
              [33mviewBox[39m=[32m&quot;0 0 24 24&quot;[39m
              [33mwidth[39m=[32m&quot;24&quot;[39m
              [33mxmlns[39m=[32m&quot;http://www.w3.org/2000/svg&quot;[39m
            [36m&gt;[39m
              [36m&lt;rect[39m
                [33mheight[39m=[32m&quot;18&quot;[39m
                [33mrx[39m=[32m&quot;1&quot;[39m
                [33mwidth[39m=[32m&quot;5&quot;[39m
                [33mx[39m=[32m&quot;14&quot;[39m
                [33my[39m=[32m&quot;3&quot;[39m
              [36m/&gt;[39m
              [36m&lt;rect[39m
                [33mheight[39m=[32m&quot;18&quot;[39m
                [33mrx[39m=[32m&quot;1&quot;[39m
                [33mwidth[39m=[32m&quot;5&quot;[39m
                [33mx[39m=[32m&quot;5&quot;[39m
                [33my[39m=[32m&quot;3&quot;[39m
              [36m/&gt;[39m
            [36m&lt;/svg&gt;[39m
          [36m&lt;/button&gt;[39m
          [36m&lt;button[39m
            [33mclass[39m=[32m&quot;inline-flex items-center justify-center gap-2 whitespace-nowrap text-sm font-medium transition-colors focus-visible:outline-none focus-visible:ring-1 focus-visible:ring-ring disabled:pointer-events-none disabled:opacity-50 [&amp;_svg]:pointer-events-none [&amp;_svg]:size-4 [&amp;_svg]:shrink-0 hover:bg-primary/90 px-4 py-2 w-20 h-20 rounded-full bg-gradient-to-br from-red-400 to-red-600 hover:from-red-500 hover:to-red-700 text-white shadow-xl shadow-red-500/40 border-4 border-white/50&quot;[39m
          [36m&gt;[39m
            [36m&lt;svg[39m
              [33maria-hidden[39m=[32m&quot;true&quot;[39m
              [33mclass[39m=[32m&quot;lucide lucide-square w-8 h-8 fill-current&quot;[39m
              [33mfill[39m=[32m&quot;none&quot;[39m
              [33mheight[39m=[32m&quot;24&quot;[39m
              [33mstroke[39m=[32m&quot;currentColor&quot;[39m
              [33mstroke-linecap[39m=[32m&quot;round&quot;[39m
              [33mstroke-linejoin[39m=[32m&quot;round&quot;[39m
              [33mstroke-width[39m=[32m&quot;2&quot;[39m
              [33mviewBox[39m=[32m&quot;0 0 24 24&quot;[39m
              [33mwidth[39m=[32m&quot;24&quot;[39m
              [33mxmlns[39m=[32m&quot;http://www.w3.org/2000/svg&quot;[39m
            [36m&gt;[39m
              [36m&lt;rect[39m
                [33mheight[39m=[32m&quot;18&quot;[39m
                [33mrx[39m=[32m&quot;2&quot;[39m
                [33mwidth[39m=[32m&quot;18&quot;[39m
                [33mx[39m=[32m&quot;3&quot;[39m
                [33my[39m=[32m&quot;3&quot;[39m
              [36m/&gt;[39m
            [36m&lt;/svg&gt;[39m
          [36m&lt;/button&gt;[39m
        [36m&lt;/div&gt;[39m
      [36m&lt;/div&gt;[39m
    [36m&lt;/div&gt;[39m
  [36m&lt;/div&gt;[39m
[36m&lt;/body&gt;[39m" type="TestingLibraryElementError">
TestingLibraryElementError: Unable to find an accessible element with the role &quot;button&quot; and name `/square/i`

Here are the accessible roles:

  button:

  Name &quot;&quot;:
  &lt;button
    class=&quot;glass-strong p-2 rounded-full&quot;
    tabindex=&quot;0&quot;
  /&gt;

  Name &quot;&quot;:
  &lt;button
    class=&quot;inline-flex items-center justify-center gap-2 whitespace-nowrap text-sm font-medium transition-colors focus-visible:outline-none focus-visible:ring-1 focus-visible:ring-ring disabled:pointer-events-none disabled:opacity-50 [&amp;_svg]:pointer-events-none [&amp;_svg]:size-4 [&amp;_svg]:shrink-0 bg-primary text-primary-foreground shadow px-4 py-2 w-14 h-14 rounded-full glass-strong hover:bg-white/30 border border-white/40&quot;
  /&gt;

  Name &quot;&quot;:
  &lt;button
    class=&quot;inline-flex items-center justify-center gap-2 whitespace-nowrap text-sm font-medium transition-colors focus-visible:outline-none focus-visible:ring-1 focus-visible:ring-ring disabled:pointer-events-none disabled:opacity-50 [&amp;_svg]:pointer-events-none [&amp;_svg]:size-4 [&amp;_svg]:shrink-0 hover:bg-primary/90 px-4 py-2 w-20 h-20 rounded-full bg-gradient-to-br from-red-400 to-red-600 hover:from-red-500 hover:to-red-700 text-white shadow-xl shadow-red-500/40 border-4 border-white/50&quot;
  /&gt;

  --------------------------------------------------

Ignored nodes: comments, script, style
&lt;body&gt;
  &lt;div&gt;
    &lt;div
      class=&quot;space-y-4&quot;
    &gt;
      &lt;div
        class=&quot;relative aspect-[9/16] max-h-[400px] rounded-3xl overflow-hidden bg-gradient-to-br from-purple-900/20 via-blue-900/20 to-indigo-900/20 border border-white/30 shadow-2xl&quot;
      &gt;
        &lt;div
          class=&quot;absolute inset-0 bg-gradient-to-t from-black/30 via-transparent to-transparent pointer-events-none z-10&quot;
        /&gt;
        &lt;div
          class=&quot;absolute inset-0 rounded-3xl pointer-events-none z-20&quot;
          style=&quot;background: linear-gradient(90deg, rgba(255, 215, 0, 0.5), rgba(255, 192, 203, 0.5), rgba(147, 112, 219, 0.5), rgba(135, 206, 250, 0.5), rgba(255, 215, 0, 0.5)); padding: 3px; mask-composite: exclude;&quot;
        /&gt;
        &lt;video
          autoplay=&quot;&quot;
          class=&quot;absolute inset-0 w-full h-full object-cover&quot;
          playsinline=&quot;&quot;
          style=&quot;transform: scaleX(-1);&quot;
        /&gt;
        &lt;div
          class=&quot;absolute top-4 left-4 right-4 flex items-center justify-between z-30&quot;
        &gt;
          &lt;div
            class=&quot;glass-strong px-3 py-1.5 rounded-full flex items-center gap-2 bg-red-500/30&quot;
            style=&quot;opacity: 0; transform: translateX(-20px);&quot;
          &gt;
            &lt;div
              class=&quot;w-2 h-2 bg-red-500 rounded-full&quot;
            /&gt;
            &lt;span
              class=&quot;text-white font-mono text-sm font-medium&quot;
            &gt;
              0:00
               / 
              1:30
            &lt;/span&gt;
          &lt;/div&gt;
          &lt;button
            class=&quot;glass-strong p-2 rounded-full&quot;
            tabindex=&quot;0&quot;
          &gt;
            &lt;svg
              aria-hidden=&quot;true&quot;
              class=&quot;lucide lucide-refresh-cw w-5 h-5 text-white&quot;
              fill=&quot;none&quot;
              height=&quot;24&quot;
              stroke=&quot;currentColor&quot;
              stroke-linecap=&quot;round&quot;
              stroke-linejoin=&quot;round&quot;
              stroke-width=&quot;2&quot;
              viewBox=&quot;0 0 24 24&quot;
              width=&quot;24&quot;
              xmlns=&quot;http://www.w3.org/2000/svg&quot;
            &gt;
              &lt;path
                d=&quot;M3 12a9 9 0 0 1 9-9 9.75 9.75 0 0 1 6.74 2.74L21 8&quot;
              /&gt;
              &lt;path
                d=&quot;M21 3v5h-5&quot;
              /&gt;
              &lt;path
                d=&quot;M21 12a9 9 0 0 1-9 9 9.75 9.75 0 0 1-6.74-2.74L3 16&quot;
              /&gt;
              &lt;path
                d=&quot;M8 16H3v5&quot;
              /&gt;
            &lt;/svg&gt;
          &lt;/button&gt;
        &lt;/div&gt;
        &lt;div
          class=&quot;absolute bottom-4 left-1/2 -translate-x-1/2 z-30&quot;
        &gt;
          &lt;svg
            class=&quot;w-20 h-20 -rotate-90&quot;
          &gt;
            &lt;circle
              cx=&quot;40&quot;
              cy=&quot;40&quot;
              fill=&quot;transparent&quot;
              r=&quot;36&quot;
              stroke=&quot;rgba(255,255,255,0.2)&quot;
              stroke-width=&quot;4&quot;
            /&gt;
            &lt;circle
              cx=&quot;40&quot;
              cy=&quot;40&quot;
              fill=&quot;transparent&quot;
              r=&quot;36&quot;
              stroke=&quot;url(#progressGradient)&quot;
              stroke-dasharray=&quot;226&quot;
              stroke-dashoffset=&quot;226&quot;
              stroke-linecap=&quot;round&quot;
              stroke-width=&quot;4&quot;
            /&gt;
            &lt;defs&gt;
              &lt;lineargradient
                id=&quot;progressGradient&quot;
                x1=&quot;0%&quot;
                x2=&quot;100%&quot;
                y1=&quot;0%&quot;
                y2=&quot;0%&quot;
              &gt;
                &lt;stop
                  offset=&quot;0%&quot;
                  stop-color=&quot;#FFD700&quot;
                /&gt;
                &lt;stop
                  offset=&quot;50%&quot;
                  stop-color=&quot;#FF69B4&quot;
                /&gt;
                &lt;stop
                  offset=&quot;100%&quot;
                  stop-color=&quot;#9370DB&quot;
                /&gt;
              &lt;/lineargradient&gt;
            &lt;/defs&gt;
          &lt;/svg&gt;
        &lt;/div&gt;
      &lt;/div&gt;
      &lt;div
        class=&quot;flex items-center justify-center gap-4 py-2&quot;
      &gt;
        &lt;div
          class=&quot;flex items-center gap-4&quot;
          style=&quot;opacity: 0; transform: scale(0.8);&quot;
        &gt;
          &lt;button
            class=&quot;inline-flex items-center justify-center gap-2 whitespace-nowrap text-sm font-medium transition-colors focus-visible:outline-none focus-visible:ring-1 focus-visible:ring-ring disabled:pointer-events-none disabled:opacity-50 [&amp;_svg]:pointer-events-none [&amp;_svg]:size-4 [&amp;_svg]:shrink-0 bg-primary text-primary-foreground shadow px-4 py-2 w-14 h-14 rounded-full glass-strong hover:bg-white/30 border border-white/40&quot;
          &gt;
            &lt;svg
              aria-hidden=&quot;true&quot;
              class=&quot;lucide lucide-pause w-6 h-6 text-white&quot;
              fill=&quot;none&quot;
              height=&quot;24&quot;
              stroke=&quot;currentColor&quot;
              stroke-linecap=&quot;round&quot;
              stroke-linejoin=&quot;round&quot;
              stroke-width=&quot;2&quot;
              viewBox=&quot;0 0 24 24&quot;
              width=&quot;24&quot;
              xmlns=&quot;http://www.w3.org/2000/svg&quot;
            &gt;
              &lt;rect
                height=&quot;18&quot;
                rx=&quot;1&quot;
                width=&quot;5&quot;
                x=&quot;14&quot;
                y=&quot;3&quot;
              /&gt;
              &lt;rect
                height=&quot;18&quot;
                rx=&quot;1&quot;
                width=&quot;5&quot;
                x=&quot;5&quot;
                y=&quot;3&quot;
              /&gt;
            &lt;/svg&gt;
          &lt;/button&gt;
          &lt;button
            class=&quot;inline-flex items-center justify-center gap-2 whitespace-nowrap text-sm font-medium transition-colors focus-visible:outline-none focus-visible:ring-1 focus-visible:ring-ring disabled:pointer-events-none disabled:opacity-50 [&amp;_svg]:pointer-events-none [&amp;_svg]:size-4 [&amp;_svg]:shrink-0 hover:bg-primary/90 px-4 py-2 w-20 h-20 rounded-full bg-gradient-to-br from-red-400 to-red-600 hover:from-red-500 hover:to-red-700 text-white shadow-xl shadow-red-500/40 border-4 border-white/50&quot;
          &gt;
            &lt;svg
              aria-hidden=&quot;true&quot;
              class=&quot;lucide lucide-square w-8 h-8 fill-current&quot;
              fill=&quot;none&quot;
              height=&quot;24&quot;
              stroke=&quot;currentColor&quot;
              stroke-linecap=&quot;round&quot;
              stroke-linejoin=&quot;round&quot;
              stroke-width=&quot;2&quot;
              viewBox=&quot;0 0 24 24&quot;
              width=&quot;24&quot;
              xmlns=&quot;http://www.w3.org/2000/svg&quot;
            &gt;
              &lt;rect
                height=&quot;18&quot;
                rx=&quot;2&quot;
                width=&quot;18&quot;
                x=&quot;3&quot;
                y=&quot;3&quot;
              /&gt;
            &lt;/svg&gt;
          &lt;/button&gt;
        &lt;/div&gt;
      &lt;/div&gt;
    &lt;/div&gt;
  &lt;/div&gt;
&lt;/body&gt;
 ❯ Object.getElementError node_modules/@testing-library/dom/dist/config.js:37:19
 ❯ node_modules/@testing-library/dom/dist/query-helpers.js:76:38
 ❯ node_modules/@testing-library/dom/dist/query-helpers.js:52:17
 ❯ node_modules/@testing-library/dom/dist/query-helpers.js:95:19
 ❯ src/components/__tests__/VideoRecorder.test.tsx:226:33
            </failure>
        </testcase>
        <testcase classname="src/components/__tests__/VideoRecorder.test.tsx" name="VideoRecorder &gt; camera switching &gt; should show camera switch button" time="0.232055817">
            <failure message="Unable to find an accessible element with the role &quot;button&quot; and name `/refreshccw/i`

Here are the accessible roles:

  paragraph:

  Name &quot;&quot;:
  [36m&lt;p[39m
    [33mclass[39m=[32m&quot;text-white/90 text-sm mt-2 font-medium&quot;[39m
  [36m/&gt;[39m

  --------------------------------------------------
  button:

  Name &quot;&quot;:
  [36m&lt;button[39m
    [33mclass[39m=[32m&quot;glass-strong p-2 rounded-full&quot;[39m
    [33mtabindex[39m=[32m&quot;0&quot;[39m
  [36m/&gt;[39m

  Name &quot;&quot;:
  [36m&lt;button[39m
    [33mclass[39m=[32m&quot;inline-flex items-center justify-center gap-2 whitespace-nowrap text-sm font-medium transition-colors focus-visible:outline-none focus-visible:ring-1 focus-visible:ring-ring disabled:pointer-events-none disabled:opacity-50 [&amp;_svg]:pointer-events-none [&amp;_svg]:size-4 [&amp;_svg]:shrink-0 hover:bg-primary/90 px-4 py-2 w-20 h-20 rounded-full bg-gradient-to-br from-red-400 to-red-600 hover:from-red-500 hover:to-red-700 text-white shadow-xl shadow-red-500/40 border-4 border-white/50&quot;[39m
  [36m/&gt;[39m

  --------------------------------------------------

Ignored nodes: comments, script, style
[36m&lt;body&gt;[39m
  [36m&lt;div&gt;[39m
    [36m&lt;div[39m
      [33mclass[39m=[32m&quot;space-y-4&quot;[39m
    [36m&gt;[39m
      [36m&lt;div[39m
        [33mclass[39m=[32m&quot;relative aspect-[9/16] max-h-[400px] rounded-3xl overflow-hidden bg-gradient-to-br from-purple-900/20 via-blue-900/20 to-indigo-900/20 border border-white/30 shadow-2xl&quot;[39m
      [36m&gt;[39m
        [36m&lt;div[39m
          [33mclass[39m=[32m&quot;absolute inset-0 bg-gradient-to-t from-black/30 via-transparent to-transparent pointer-events-none z-10&quot;[39m
        [36m/&gt;[39m
        [36m&lt;video[39m
          [33mautoplay[39m=[32m&quot;&quot;[39m
          [33mclass[39m=[32m&quot;absolute inset-0 w-full h-full object-cover&quot;[39m
          [33mplaysinline[39m=[32m&quot;&quot;[39m
          [33mstyle[39m=[32m&quot;transform: scaleX(-1);&quot;[39m
        [36m/&gt;[39m
        [36m&lt;div[39m
          [33mclass[39m=[32m&quot;absolute inset-0 flex items-center justify-center z-20 pointer-events-none&quot;[39m
        [36m&gt;[39m
          [36m&lt;div[39m
            [33mclass[39m=[32m&quot;flex flex-col items-center&quot;[39m
            [33mstyle[39m=[32m&quot;opacity: 0; transform: scale(0.8);&quot;[39m
          [36m&gt;[39m
            [36m&lt;div&gt;[39m
              [36m&lt;svg[39m
                [33maria-hidden[39m=[32m&quot;true&quot;[39m
                [33mclass[39m=[32m&quot;lucide lucide-sparkles w-8 h-8 text-yellow-300/80&quot;[39m
                [33mfill[39m=[32m&quot;none&quot;[39m
                [33mheight[39m=[32m&quot;24&quot;[39m
                [33mstroke[39m=[32m&quot;currentColor&quot;[39m
                [33mstroke-linecap[39m=[32m&quot;round&quot;[39m
                [33mstroke-linejoin[39m=[32m&quot;round&quot;[39m
                [33mstroke-width[39m=[32m&quot;2&quot;[39m
                [33mviewBox[39m=[32m&quot;0 0 24 24&quot;[39m
                [33mwidth[39m=[32m&quot;24&quot;[39m
                [33mxmlns[39m=[32m&quot;http://www.w3.org/2000/svg&quot;[39m
              [36m&gt;[39m
                [36m&lt;path[39m
                  [33md[39m=[32m&quot;M11.017 2.814a1 1 0 0 1 1.966 0l1.051 5.558a2 2 0 0 0 1.594 1.594l5.558 1.051a1 1 0 0 1 0 1.966l-5.558 1.051a2 2 0 0 0-1.594 1.594l-1.051 5.558a1 1 0 0 1-1.966 0l-1.051-5.558a2 2 0 0 0-1.594-1.594l-5.558-1.051a1 1 0 0 1 0-1.966l5.558-1.051a2 2 0 0 0 1.594-1.594z&quot;[39m
                [36m/&gt;[39m
                [36m&lt;path[39m
                  [33md[39m=[32m&quot;M20 2v4&quot;[39m
                [36m/&gt;[39m
                [36m&lt;path[39m
                  [33md[39m=[32m&quot;M22 4h-4&quot;[39m
                [36m/&gt;[39m
                [36m&lt;circle[39m
                  [33mcx[39m=[32m&quot;4&quot;[39m
                  [33mcy[39m=[32m&quot;20&quot;[39m
                  [33mr[39m=[32m&quot;2&quot;[39m
                [36m/&gt;[39m
              [36m&lt;/svg&gt;[39m
            [36m&lt;/div&gt;[39m
            [36m&lt;p[39m
              [33mclass[39m=[32m&quot;text-white/90 text-sm mt-2 font-medium&quot;[39m
            [36m&gt;[39m
              [0mTap to record your prayer[0m
            [36m&lt;/p&gt;[39m
          [36m&lt;/div&gt;[39m
        [36m&lt;/div&gt;[39m
        [36m&lt;div[39m
          [33mclass[39m=[32m&quot;absolute top-4 left-4 right-4 flex items-center justify-between z-30&quot;[39m
        [36m&gt;[39m
          [36m&lt;div[39m
            [33mclass[39m=[32m&quot;glass-strong px-3 py-1.5 rounded-full flex items-center gap-2 &quot;[39m
            [33mstyle[39m=[32m&quot;opacity: 0; transform: translateX(-20px);&quot;[39m
          [36m&gt;[39m
            [36m&lt;span[39m
              [33mclass[39m=[32m&quot;text-white font-mono text-sm font-medium&quot;[39m
            [36m&gt;[39m
              [0m0:00[0m
              [0m / [0m
              [0m1:30[0m
            [36m&lt;/span&gt;[39m
          [36m&lt;/div&gt;[39m
          [36m&lt;button[39m
            [33mclass[39m=[32m&quot;glass-strong p-2 rounded-full&quot;[39m
            [33mtabindex[39m=[32m&quot;0&quot;[39m
          [36m&gt;[39m
            [36m&lt;svg[39m
              [33maria-hidden[39m=[32m&quot;true&quot;[39m
              [33mclass[39m=[32m&quot;lucide lucide-refresh-cw w-5 h-5 text-white&quot;[39m
              [33mfill[39m=[32m&quot;none&quot;[39m
              [33mheight[39m=[32m&quot;24&quot;[39m
              [33mstroke[39m=[32m&quot;currentColor&quot;[39m
              [33mstroke-linecap[39m=[32m&quot;round&quot;[39m
              [33mstroke-linejoin[39m=[32m&quot;round&quot;[39m
              [33mstroke-width[39m=[32m&quot;2&quot;[39m
              [33mviewBox[39m=[32m&quot;0 0 24 24&quot;[39m
              [33mwidth[39m=[32m&quot;24&quot;[39m
              [33mxmlns[39m=[32m&quot;http://www.w3.org/2000/svg&quot;[39m
            [36m&gt;[39m
              [36m&lt;path[39m
                [33md[39m=[32m&quot;M3 12a9 9 0 0 1 9-9 9.75 9.75 0 0 1 6.74 2.74L21 8&quot;[39m
              [36m/&gt;[39m
              [36m&lt;path[39m
                [33md[39m=[32m&quot;M21 3v5h-5&quot;[39m
              [36m/&gt;[39m
              [36m&lt;path[39m
                [33md[39m=[32m&quot;M21 12a9 9 0 0 1-9 9 9.75 9.75 0 0 1-6.74-2.74L3 16&quot;[39m
              [36m/&gt;[39m
              [36m&lt;path[39m
                [33md[39m=[32m&quot;M8 16H3v5&quot;[39m
              [36m/&gt;[39m
            [36m&lt;/svg&gt;[39m
          [36m&lt;/button&gt;[39m
        [36m&lt;/div&gt;[39m
      [36m&lt;/div&gt;[39m
      [36m&lt;div[39m
        [33mclass[39m=[32m&quot;flex items-center justify-center gap-4 py-2&quot;[39m
      [36m&gt;[39m
        [36m&lt;div[39m
          [33mstyle[39m=[32m&quot;opacity: 0; transform: scale(0.8);&quot;[39m
        [36m&gt;[39m
          [36m&lt;button[39m
            [33mclass[39m=[32m&quot;inline-flex items-center justify-center gap-2 whitespace-nowrap text-sm font-medium transition-colors focus-visible:outline-none focus-visible:ring-1 focus-visible:ring-ring disabled:pointer-events-none disabled:opacity-50 [&amp;_svg]:pointer-events-none [&amp;_svg]:size-4 [&amp;_svg]:shrink-0 hover:bg-primary/90 px-4 py-2 w-20 h-20 rounded-full bg-gradient-to-br from-red-400 to-red-600 hover:from-red-500 hover:to-red-700 text-white shadow-xl shadow-red-500/40 border-4 border-white/50&quot;[39m
          [36m&gt;[39m
            [36m&lt;svg[39m
              [33maria-hidden[39m=[32m&quot;true&quot;[39m
              [33mclass[39m=[32m&quot;lucide lucide-video w-8 h-8&quot;[39m
              [33mfill[39m=[32m&quot;none&quot;[39m
              [33mheight[39m=[32m&quot;24&quot;[39m
              [33mstroke[39m=[32m&quot;currentColor&quot;[39m
              [33mstroke-linecap[39m=[32m&quot;round&quot;[39m
              [33mstroke-linejoin[39m=[32m&quot;round&quot;[39m
              [33mstroke-width[39m=[32m&quot;2&quot;[39m
              [33mviewBox[39m=[32m&quot;0 0 24 24&quot;[39m
              [33mwidth[39m=[32m&quot;24&quot;[39m
              [33mxmlns[39m=[32m&quot;http://www.w3.org/2000/svg&quot;[39m
            [36m&gt;[39m
              [36m&lt;path[39m
                [33md[39m=[32m&quot;m16 13 5.223 3.482a.5.5 0 0 0 .777-.416V7.87a.5.5 0 0 0-.752-.432L16 10.5&quot;[39m
              [36m/&gt;[39m
              [36m&lt;rect[39m
                [33mheight[39m=[32m&quot;12&quot;[39m
                [33mrx[39m=[32m&quot;2&quot;[39m
                [33mwidth[39m=[32m&quot;14&quot;[39m
                [33mx[39m=[32m&quot;2&quot;[39m
                [33my[39m=[32m&quot;6&quot;[39m
              [36m/&gt;[39m
            [36m&lt;/svg&gt;[39m
          [36m&lt;/button&gt;[39m
        [36m&lt;/div&gt;[39m
      [36m&lt;/div&gt;[39m
    [36m&lt;/div&gt;[39m
  [36m&lt;/div&gt;[39m
[36m&lt;/body&gt;[39m" type="TestingLibraryElementError">
TestingLibraryElementError: Unable to find an accessible element with the role &quot;button&quot; and name `/refreshccw/i`

Here are the accessible roles:

  paragraph:

  Name &quot;&quot;:
  &lt;p
    class=&quot;text-white/90 text-sm mt-2 font-medium&quot;
  /&gt;

  --------------------------------------------------
  button:

  Name &quot;&quot;:
  &lt;button
    class=&quot;glass-strong p-2 rounded-full&quot;
    tabindex=&quot;0&quot;
  /&gt;

  Name &quot;&quot;:
  &lt;button
    class=&quot;inline-flex items-center justify-center gap-2 whitespace-nowrap text-sm font-medium transition-colors focus-visible:outline-none focus-visible:ring-1 focus-visible:ring-ring disabled:pointer-events-none disabled:opacity-50 [&amp;_svg]:pointer-events-none [&amp;_svg]:size-4 [&amp;_svg]:shrink-0 hover:bg-primary/90 px-4 py-2 w-20 h-20 rounded-full bg-gradient-to-br from-red-400 to-red-600 hover:from-red-500 hover:to-red-700 text-white shadow-xl shadow-red-500/40 border-4 border-white/50&quot;
  /&gt;

  --------------------------------------------------

Ignored nodes: comments, script, style
&lt;body&gt;
  &lt;div&gt;
    &lt;div
      class=&quot;space-y-4&quot;
    &gt;
      &lt;div
        class=&quot;relative aspect-[9/16] max-h-[400px] rounded-3xl overflow-hidden bg-gradient-to-br from-purple-900/20 via-blue-900/20 to-indigo-900/20 border border-white/30 shadow-2xl&quot;
      &gt;
        &lt;div
          class=&quot;absolute inset-0 bg-gradient-to-t from-black/30 via-transparent to-transparent pointer-events-none z-10&quot;
        /&gt;
        &lt;video
          autoplay=&quot;&quot;
          class=&quot;absolute inset-0 w-full h-full object-cover&quot;
          playsinline=&quot;&quot;
          style=&quot;transform: scaleX(-1);&quot;
        /&gt;
        &lt;div
          class=&quot;absolute inset-0 flex items-center justify-center z-20 pointer-events-none&quot;
        &gt;
          &lt;div
            class=&quot;flex flex-col items-center&quot;
            style=&quot;opacity: 0; transform: scale(0.8);&quot;
          &gt;
            &lt;div&gt;
              &lt;svg
                aria-hidden=&quot;true&quot;
                class=&quot;lucide lucide-sparkles w-8 h-8 text-yellow-300/80&quot;
                fill=&quot;none&quot;
                height=&quot;24&quot;
                stroke=&quot;currentColor&quot;
                stroke-linecap=&quot;round&quot;
                stroke-linejoin=&quot;round&quot;
                stroke-width=&quot;2&quot;
                viewBox=&quot;0 0 24 24&quot;
                width=&quot;24&quot;
                xmlns=&quot;http://www.w3.org/2000/svg&quot;
              &gt;
                &lt;path
                  d=&quot;M11.017 2.814a1 1 0 0 1 1.966 0l1.051 5.558a2 2 0 0 0 1.594 1.594l5.558 1.051a1 1 0 0 1 0 1.966l-5.558 1.051a2 2 0 0 0-1.594 1.594l-1.051 5.558a1 1 0 0 1-1.966 0l-1.051-5.558a2 2 0 0 0-1.594-1.594l-5.558-1.051a1 1 0 0 1 0-1.966l5.558-1.051a2 2 0 0 0 1.594-1.594z&quot;
                /&gt;
                &lt;path
                  d=&quot;M20 2v4&quot;
                /&gt;
                &lt;path
                  d=&quot;M22 4h-4&quot;
                /&gt;
                &lt;circle
                  cx=&quot;4&quot;
                  cy=&quot;20&quot;
                  r=&quot;2&quot;
                /&gt;
              &lt;/svg&gt;
            &lt;/div&gt;
            &lt;p
              class=&quot;text-white/90 text-sm mt-2 font-medium&quot;
            &gt;
              Tap to record your prayer
            &lt;/p&gt;
          &lt;/div&gt;
        &lt;/div&gt;
        &lt;div
          class=&quot;absolute top-4 left-4 right-4 flex items-center justify-between z-30&quot;
        &gt;
          &lt;div
            class=&quot;glass-strong px-3 py-1.5 rounded-full flex items-center gap-2 &quot;
            style=&quot;opacity: 0; transform: translateX(-20px);&quot;
          &gt;
            &lt;span
              class=&quot;text-white font-mono text-sm font-medium&quot;
            &gt;
              0:00
               / 
              1:30
            &lt;/span&gt;
          &lt;/div&gt;
          &lt;button
            class=&quot;glass-strong p-2 rounded-full&quot;
            tabindex=&quot;0&quot;
          &gt;
            &lt;svg
              aria-hidden=&quot;true&quot;
              class=&quot;lucide lucide-refresh-cw w-5 h-5 text-white&quot;
              fill=&quot;none&quot;
              height=&quot;24&quot;
              stroke=&quot;currentColor&quot;
              stroke-linecap=&quot;round&quot;
              stroke-linejoin=&quot;round&quot;
              stroke-width=&quot;2&quot;
              viewBox=&quot;0 0 24 24&quot;
              width=&quot;24&quot;
              xmlns=&quot;http://www.w3.org/2000/svg&quot;
            &gt;
              &lt;path
                d=&quot;M3 12a9 9 0 0 1 9-9 9.75 9.75 0 0 1 6.74 2.74L21 8&quot;
              /&gt;
              &lt;path
                d=&quot;M21 3v5h-5&quot;
              /&gt;
              &lt;path
                d=&quot;M21 12a9 9 0 0 1-9 9 9.75 9.75 0 0 1-6.74-2.74L3 16&quot;
              /&gt;
              &lt;path
                d=&quot;M8 16H3v5&quot;
              /&gt;
            &lt;/svg&gt;
          &lt;/button&gt;
        &lt;/div&gt;
      &lt;/div&gt;
      &lt;div
        class=&quot;flex items-center justify-center gap-4 py-2&quot;
      &gt;
        &lt;div
          style=&quot;opacity: 0; transform: scale(0.8);&quot;
        &gt;
          &lt;button
            class=&quot;inline-flex items-center justify-center gap-2 whitespace-nowrap text-sm font-medium transition-colors focus-visible:outline-none focus-visible:ring-1 focus-visible:ring-ring disabled:pointer-events-none disabled:opacity-50 [&amp;_svg]:pointer-events-none [&amp;_svg]:size-4 [&amp;_svg]:shrink-0 hover:bg-primary/90 px-4 py-2 w-20 h-20 rounded-full bg-gradient-to-br from-red-400 to-red-600 hover:from-red-500 hover:to-red-700 text-white shadow-xl shadow-red-500/40 border-4 border-white/50&quot;
          &gt;
            &lt;svg
              aria-hidden=&quot;true&quot;
              class=&quot;lucide lucide-video w-8 h-8&quot;
              fill=&quot;none&quot;
              height=&quot;24&quot;
              stroke=&quot;currentColor&quot;
              stroke-linecap=&quot;round&quot;
              stroke-linejoin=&quot;round&quot;
              stroke-width=&quot;2&quot;
              viewBox=&quot;0 0 24 24&quot;
              width=&quot;24&quot;
              xmlns=&quot;http://www.w3.org/2000/svg&quot;
            &gt;
              &lt;path
                d=&quot;m16 13 5.223 3.482a.5.5 0 0 0 .777-.416V7.87a.5.5 0 0 0-.752-.432L16 10.5&quot;
              /&gt;
              &lt;rect
                height=&quot;12&quot;
                rx=&quot;2&quot;
                width=&quot;14&quot;
                x=&quot;2&quot;
                y=&quot;6&quot;
              /&gt;
            &lt;/svg&gt;
          &lt;/button&gt;
        &lt;/div&gt;
      &lt;/div&gt;
    &lt;/div&gt;
  &lt;/div&gt;
&lt;/body&gt;
 ❯ Object.getElementError node_modules/@testing-library/dom/dist/config.js:37:19
 ❯ node_modules/@testing-library/dom/dist/query-helpers.js:76:38
 ❯ node_modules/@testing-library/dom/dist/query-helpers.js:52:17
 ❯ node_modules/@testing-library/dom/dist/query-helpers.js:95:19
 ❯ src/components/__tests__/VideoRecorder.test.tsx:241:35
            </failure>
        </testcase>
        <testcase classname="src/components/__tests__/VideoRecorder.test.tsx" name="VideoRecorder &gt; camera switching &gt; should toggle facing mode when clicked" time="0.242708847">
            <failure message="Unable to find an accessible element with the role &quot;button&quot; and name `/refreshccw/i`

Here are the accessible roles:

  paragraph:

  Name &quot;&quot;:
  [36m&lt;p[39m
    [33mclass[39m=[32m&quot;text-white/90 text-sm mt-2 font-medium&quot;[39m
  [36m/&gt;[39m

  --------------------------------------------------
  button:

  Name &quot;&quot;:
  [36m&lt;button[39m
    [33mclass[39m=[32m&quot;glass-strong p-2 rounded-full&quot;[39m
    [33mtabindex[39m=[32m&quot;0&quot;[39m
  [36m/&gt;[39m

  Name &quot;&quot;:
  [36m&lt;button[39m
    [33mclass[39m=[32m&quot;inline-flex items-center justify-center gap-2 whitespace-nowrap text-sm font-medium transition-colors focus-visible:outline-none focus-visible:ring-1 focus-visible:ring-ring disabled:pointer-events-none disabled:opacity-50 [&amp;_svg]:pointer-events-none [&amp;_svg]:size-4 [&amp;_svg]:shrink-0 hover:bg-primary/90 px-4 py-2 w-20 h-20 rounded-full bg-gradient-to-br from-red-400 to-red-600 hover:from-red-500 hover:to-red-700 text-white shadow-xl shadow-red-500/40 border-4 border-white/50&quot;[39m
  [36m/&gt;[39m

  --------------------------------------------------

Ignored nodes: comments, script, style
[36m&lt;body&gt;[39m
  [36m&lt;div&gt;[39m
    [36m&lt;div[39m
      [33mclass[39m=[32m&quot;space-y-4&quot;[39m
    [36m&gt;[39m
      [36m&lt;div[39m
        [33mclass[39m=[32m&quot;relative aspect-[9/16] max-h-[400px] rounded-3xl overflow-hidden bg-gradient-to-br from-purple-900/20 via-blue-900/20 to-indigo-900/20 border border-white/30 shadow-2xl&quot;[39m
      [36m&gt;[39m
        [36m&lt;div[39m
          [33mclass[39m=[32m&quot;absolute inset-0 bg-gradient-to-t from-black/30 via-transparent to-transparent pointer-events-none z-10&quot;[39m
        [36m/&gt;[39m
        [36m&lt;video[39m
          [33mautoplay[39m=[32m&quot;&quot;[39m
          [33mclass[39m=[32m&quot;absolute inset-0 w-full h-full object-cover&quot;[39m
          [33mplaysinline[39m=[32m&quot;&quot;[39m
          [33mstyle[39m=[32m&quot;transform: scaleX(-1);&quot;[39m
        [36m/&gt;[39m
        [36m&lt;div[39m
          [33mclass[39m=[32m&quot;absolute inset-0 flex items-center justify-center z-20 pointer-events-none&quot;[39m
        [36m&gt;[39m
          [36m&lt;div[39m
            [33mclass[39m=[32m&quot;flex flex-col items-center&quot;[39m
            [33mstyle[39m=[32m&quot;opacity: 0; transform: scale(0.8);&quot;[39m
          [36m&gt;[39m
            [36m&lt;div&gt;[39m
              [36m&lt;svg[39m
                [33maria-hidden[39m=[32m&quot;true&quot;[39m
                [33mclass[39m=[32m&quot;lucide lucide-sparkles w-8 h-8 text-yellow-300/80&quot;[39m
                [33mfill[39m=[32m&quot;none&quot;[39m
                [33mheight[39m=[32m&quot;24&quot;[39m
                [33mstroke[39m=[32m&quot;currentColor&quot;[39m
                [33mstroke-linecap[39m=[32m&quot;round&quot;[39m
                [33mstroke-linejoin[39m=[32m&quot;round&quot;[39m
                [33mstroke-width[39m=[32m&quot;2&quot;[39m
                [33mviewBox[39m=[32m&quot;0 0 24 24&quot;[39m
                [33mwidth[39m=[32m&quot;24&quot;[39m
                [33mxmlns[39m=[32m&quot;http://www.w3.org/2000/svg&quot;[39m
              [36m&gt;[39m
                [36m&lt;path[39m
                  [33md[39m=[32m&quot;M11.017 2.814a1 1 0 0 1 1.966 0l1.051 5.558a2 2 0 0 0 1.594 1.594l5.558 1.051a1 1 0 0 1 0 1.966l-5.558 1.051a2 2 0 0 0-1.594 1.594l-1.051 5.558a1 1 0 0 1-1.966 0l-1.051-5.558a2 2 0 0 0-1.594-1.594l-5.558-1.051a1 1 0 0 1 0-1.966l5.558-1.051a2 2 0 0 0 1.594-1.594z&quot;[39m
                [36m/&gt;[39m
                [36m&lt;path[39m
                  [33md[39m=[32m&quot;M20 2v4&quot;[39m
                [36m/&gt;[39m
                [36m&lt;path[39m
                  [33md[39m=[32m&quot;M22 4h-4&quot;[39m
                [36m/&gt;[39m
                [36m&lt;circle[39m
                  [33mcx[39m=[32m&quot;4&quot;[39m
                  [33mcy[39m=[32m&quot;20&quot;[39m
                  [33mr[39m=[32m&quot;2&quot;[39m
                [36m/&gt;[39m
              [36m&lt;/svg&gt;[39m
            [36m&lt;/div&gt;[39m
            [36m&lt;p[39m
              [33mclass[39m=[32m&quot;text-white/90 text-sm mt-2 font-medium&quot;[39m
            [36m&gt;[39m
              [0mTap to record your prayer[0m
            [36m&lt;/p&gt;[39m
          [36m&lt;/div&gt;[39m
        [36m&lt;/div&gt;[39m
        [36m&lt;div[39m
          [33mclass[39m=[32m&quot;absolute top-4 left-4 right-4 flex items-center justify-between z-30&quot;[39m
        [36m&gt;[39m
          [36m&lt;div[39m
            [33mclass[39m=[32m&quot;glass-strong px-3 py-1.5 rounded-full flex items-center gap-2 &quot;[39m
            [33mstyle[39m=[32m&quot;opacity: 0; transform: translateX(-20px);&quot;[39m
          [36m&gt;[39m
            [36m&lt;span[39m
              [33mclass[39m=[32m&quot;text-white font-mono text-sm font-medium&quot;[39m
            [36m&gt;[39m
              [0m0:00[0m
              [0m / [0m
              [0m1:30[0m
            [36m&lt;/span&gt;[39m
          [36m&lt;/div&gt;[39m
          [36m&lt;button[39m
            [33mclass[39m=[32m&quot;glass-strong p-2 rounded-full&quot;[39m
            [33mtabindex[39m=[32m&quot;0&quot;[39m
          [36m&gt;[39m
            [36m&lt;svg[39m
              [33maria-hidden[39m=[32m&quot;true&quot;[39m
              [33mclass[39m=[32m&quot;lucide lucide-refresh-cw w-5 h-5 text-white&quot;[39m
              [33mfill[39m=[32m&quot;none&quot;[39m
              [33mheight[39m=[32m&quot;24&quot;[39m
              [33mstroke[39m=[32m&quot;currentColor&quot;[39m
              [33mstroke-linecap[39m=[32m&quot;round&quot;[39m
              [33mstroke-linejoin[39m=[32m&quot;round&quot;[39m
              [33mstroke-width[39m=[32m&quot;2&quot;[39m
              [33mviewBox[39m=[32m&quot;0 0 24 24&quot;[39m
              [33mwidth[39m=[32m&quot;24&quot;[39m
              [33mxmlns[39m=[32m&quot;http://www.w3.org/2000/svg&quot;[39m
            [36m&gt;[39m
              [36m&lt;path[39m
                [33md[39m=[32m&quot;M3 12a9 9 0 0 1 9-9 9.75 9.75 0 0 1 6.74 2.74L21 8&quot;[39m
              [36m/&gt;[39m
              [36m&lt;path[39m
                [33md[39m=[32m&quot;M21 3v5h-5&quot;[39m
              [36m/&gt;[39m
              [36m&lt;path[39m
                [33md[39m=[32m&quot;M21 12a9 9 0 0 1-9 9 9.75 9.75 0 0 1-6.74-2.74L3 16&quot;[39m
              [36m/&gt;[39m
              [36m&lt;path[39m
                [33md[39m=[32m&quot;M8 16H3v5&quot;[39m
              [36m/&gt;[39m
            [36m&lt;/svg&gt;[39m
          [36m&lt;/button&gt;[39m
        [36m&lt;/div&gt;[39m
      [36m&lt;/div&gt;[39m
      [36m&lt;div[39m
        [33mclass[39m=[32m&quot;flex items-center justify-center gap-4 py-2&quot;[39m
      [36m&gt;[39m
        [36m&lt;div[39m
          [33mstyle[39m=[32m&quot;opacity: 0; transform: scale(0.8);&quot;[39m
        [36m&gt;[39m
          [36m&lt;button[39m
            [33mclass[39m=[32m&quot;inline-flex items-center justify-center gap-2 whitespace-nowrap text-sm font-medium transition-colors focus-visible:outline-none focus-visible:ring-1 focus-visible:ring-ring disabled:pointer-events-none disabled:opacity-50 [&amp;_svg]:pointer-events-none [&amp;_svg]:size-4 [&amp;_svg]:shrink-0 hover:bg-primary/90 px-4 py-2 w-20 h-20 rounded-full bg-gradient-to-br from-red-400 to-red-600 hover:from-red-500 hover:to-red-700 text-white shadow-xl shadow-red-500/40 border-4 border-white/50&quot;[39m
          [36m&gt;[39m
            [36m&lt;svg[39m
              [33maria-hidden[39m=[32m&quot;true&quot;[39m
              [33mclass[39m=[32m&quot;lucide lucide-video w-8 h-8&quot;[39m
              [33mfill[39m=[32m&quot;none&quot;[39m
              [33mheight[39m=[32m&quot;24&quot;[39m
              [33mstroke[39m=[32m&quot;currentColor&quot;[39m
              [33mstroke-linecap[39m=[32m&quot;round&quot;[39m
              [33mstroke-linejoin[39m=[32m&quot;round&quot;[39m
              [33mstroke-width[39m=[32m&quot;2&quot;[39m
              [33mviewBox[39m=[32m&quot;0 0 24 24&quot;[39m
              [33mwidth[39m=[32m&quot;24&quot;[39m
              [33mxmlns[39m=[32m&quot;http://www.w3.org/2000/svg&quot;[39m
            [36m&gt;[39m
              [36m&lt;path[39m
                [33md[39m=[32m&quot;m16 13 5.223 3.482a.5.5 0 0 0 .777-.416V7.87a.5.5 0 0 0-.752-.432L16 10.5&quot;[39m
              [36m/&gt;[39m
              [36m&lt;rect[39m
                [33mheight[39m=[32m&quot;12&quot;[39m
                [33mrx[39m=[32m&quot;2&quot;[39m
                [33mwidth[39m=[32m&quot;14&quot;[39m
                [33mx[39m=[32m&quot;2&quot;[39m
                [33my[39m=[32m&quot;6&quot;[39m
              [36m/&gt;[39m
            [36m&lt;/svg&gt;[39m
          [36m&lt;/button&gt;[39m
        [36m&lt;/div&gt;[39m
      [36m&lt;/div&gt;[39m
    [36m&lt;/div&gt;[39m
  [36m&lt;/div&gt;[39m
[36m&lt;/body&gt;[39m" type="TestingLibraryElementError">
TestingLibraryElementError: Unable to find an accessible element with the role &quot;button&quot; and name `/refreshccw/i`

Here are the accessible roles:

  paragraph:

  Name &quot;&quot;:
  &lt;p
    class=&quot;text-white/90 text-sm mt-2 font-medium&quot;
  /&gt;

  --------------------------------------------------
  button:

  Name &quot;&quot;:
  &lt;button
    class=&quot;glass-strong p-2 rounded-full&quot;
    tabindex=&quot;0&quot;
  /&gt;

  Name &quot;&quot;:
  &lt;button
    class=&quot;inline-flex items-center justify-center gap-2 whitespace-nowrap text-sm font-medium transition-colors focus-visible:outline-none focus-visible:ring-1 focus-visible:ring-ring disabled:pointer-events-none disabled:opacity-50 [&amp;_svg]:pointer-events-none [&amp;_svg]:size-4 [&amp;_svg]:shrink-0 hover:bg-primary/90 px-4 py-2 w-20 h-20 rounded-full bg-gradient-to-br from-red-400 to-red-600 hover:from-red-500 hover:to-red-700 text-white shadow-xl shadow-red-500/40 border-4 border-white/50&quot;
  /&gt;

  --------------------------------------------------

Ignored nodes: comments, script, style
&lt;body&gt;
  &lt;div&gt;
    &lt;div
      class=&quot;space-y-4&quot;
    &gt;
      &lt;div
        class=&quot;relative aspect-[9/16] max-h-[400px] rounded-3xl overflow-hidden bg-gradient-to-br from-purple-900/20 via-blue-900/20 to-indigo-900/20 border border-white/30 shadow-2xl&quot;
      &gt;
        &lt;div
          class=&quot;absolute inset-0 bg-gradient-to-t from-black/30 via-transparent to-transparent pointer-events-none z-10&quot;
        /&gt;
        &lt;video
          autoplay=&quot;&quot;
          class=&quot;absolute inset-0 w-full h-full object-cover&quot;
          playsinline=&quot;&quot;
          style=&quot;transform: scaleX(-1);&quot;
        /&gt;
        &lt;div
          class=&quot;absolute inset-0 flex items-center justify-center z-20 pointer-events-none&quot;
        &gt;
          &lt;div
            class=&quot;flex flex-col items-center&quot;
            style=&quot;opacity: 0; transform: scale(0.8);&quot;
          &gt;
            &lt;div&gt;
              &lt;svg
                aria-hidden=&quot;true&quot;
                class=&quot;lucide lucide-sparkles w-8 h-8 text-yellow-300/80&quot;
                fill=&quot;none&quot;
                height=&quot;24&quot;
                stroke=&quot;currentColor&quot;
                stroke-linecap=&quot;round&quot;
                stroke-linejoin=&quot;round&quot;
                stroke-width=&quot;2&quot;
                viewBox=&quot;0 0 24 24&quot;
                width=&quot;24&quot;
                xmlns=&quot;http://www.w3.org/2000/svg&quot;
              &gt;
                &lt;path
                  d=&quot;M11.017 2.814a1 1 0 0 1 1.966 0l1.051 5.558a2 2 0 0 0 1.594 1.594l5.558 1.051a1 1 0 0 1 0 1.966l-5.558 1.051a2 2 0 0 0-1.594 1.594l-1.051 5.558a1 1 0 0 1-1.966 0l-1.051-5.558a2 2 0 0 0-1.594-1.594l-5.558-1.051a1 1 0 0 1 0-1.966l5.558-1.051a2 2 0 0 0 1.594-1.594z&quot;
                /&gt;
                &lt;path
                  d=&quot;M20 2v4&quot;
                /&gt;
                &lt;path
                  d=&quot;M22 4h-4&quot;
                /&gt;
                &lt;circle
                  cx=&quot;4&quot;
                  cy=&quot;20&quot;
                  r=&quot;2&quot;
                /&gt;
              &lt;/svg&gt;
            &lt;/div&gt;
            &lt;p
              class=&quot;text-white/90 text-sm mt-2 font-medium&quot;
            &gt;
              Tap to record your prayer
            &lt;/p&gt;
          &lt;/div&gt;
        &lt;/div&gt;
        &lt;div
          class=&quot;absolute top-4 left-4 right-4 flex items-center justify-between z-30&quot;
        &gt;
          &lt;div
            class=&quot;glass-strong px-3 py-1.5 rounded-full flex items-center gap-2 &quot;
            style=&quot;opacity: 0; transform: translateX(-20px);&quot;
          &gt;
            &lt;span
              class=&quot;text-white font-mono text-sm font-medium&quot;
            &gt;
              0:00
               / 
              1:30
            &lt;/span&gt;
          &lt;/div&gt;
          &lt;button
            class=&quot;glass-strong p-2 rounded-full&quot;
            tabindex=&quot;0&quot;
          &gt;
            &lt;svg
              aria-hidden=&quot;true&quot;
              class=&quot;lucide lucide-refresh-cw w-5 h-5 text-white&quot;
              fill=&quot;none&quot;
              height=&quot;24&quot;
              stroke=&quot;currentColor&quot;
              stroke-linecap=&quot;round&quot;
              stroke-linejoin=&quot;round&quot;
              stroke-width=&quot;2&quot;
              viewBox=&quot;0 0 24 24&quot;
              width=&quot;24&quot;
              xmlns=&quot;http://www.w3.org/2000/svg&quot;
            &gt;
              &lt;path
                d=&quot;M3 12a9 9 0 0 1 9-9 9.75 9.75 0 0 1 6.74 2.74L21 8&quot;
              /&gt;
              &lt;path
                d=&quot;M21 3v5h-5&quot;
              /&gt;
              &lt;path
                d=&quot;M21 12a9 9 0 0 1-9 9 9.75 9.75 0 0 1-6.74-2.74L3 16&quot;
              /&gt;
              &lt;path
                d=&quot;M8 16H3v5&quot;
              /&gt;
            &lt;/svg&gt;
          &lt;/button&gt;
        &lt;/div&gt;
      &lt;/div&gt;
      &lt;div
        class=&quot;flex items-center justify-center gap-4 py-2&quot;
      &gt;
        &lt;div
          style=&quot;opacity: 0; transform: scale(0.8);&quot;
        &gt;
          &lt;button
            class=&quot;inline-flex items-center justify-center gap-2 whitespace-nowrap text-sm font-medium transition-colors focus-visible:outline-none focus-visible:ring-1 focus-visible:ring-ring disabled:pointer-events-none disabled:opacity-50 [&amp;_svg]:pointer-events-none [&amp;_svg]:size-4 [&amp;_svg]:shrink-0 hover:bg-primary/90 px-4 py-2 w-20 h-20 rounded-full bg-gradient-to-br from-red-400 to-red-600 hover:from-red-500 hover:to-red-700 text-white shadow-xl shadow-red-500/40 border-4 border-white/50&quot;
          &gt;
            &lt;svg
              aria-hidden=&quot;true&quot;
              class=&quot;lucide lucide-video w-8 h-8&quot;
              fill=&quot;none&quot;
              height=&quot;24&quot;
              stroke=&quot;currentColor&quot;
              stroke-linecap=&quot;round&quot;
              stroke-linejoin=&quot;round&quot;
              stroke-width=&quot;2&quot;
              viewBox=&quot;0 0 24 24&quot;
              width=&quot;24&quot;
              xmlns=&quot;http://www.w3.org/2000/svg&quot;
            &gt;
              &lt;path
                d=&quot;m16 13 5.223 3.482a.5.5 0 0 0 .777-.416V7.87a.5.5 0 0 0-.752-.432L16 10.5&quot;
              /&gt;
              &lt;rect
                height=&quot;12&quot;
                rx=&quot;2&quot;
                width=&quot;14&quot;
                x=&quot;2&quot;
                y=&quot;6&quot;
              /&gt;
            &lt;/svg&gt;
          &lt;/button&gt;
        &lt;/div&gt;
      &lt;/div&gt;
    &lt;/div&gt;
  &lt;/div&gt;
&lt;/body&gt;
 ❯ Object.getElementError node_modules/@testing-library/dom/dist/config.js:37:19
 ❯ node_modules/@testing-library/dom/dist/query-helpers.js:76:38
 ❯ node_modules/@testing-library/dom/dist/query-helpers.js:52:17
 ❯ node_modules/@testing-library/dom/dist/query-helpers.js:95:19
 ❯ src/components/__tests__/VideoRecorder.test.tsx:249:35
            </failure>
        </testcase>
        <testcase classname="src/components/__tests__/VideoRecorder.test.tsx" name="VideoRecorder &gt; camera switching &gt; should mirror video for front camera" time="0.018074273">
        </testcase>
        <testcase classname="src/components/__tests__/VideoRecorder.test.tsx" name="VideoRecorder &gt; camera switching &gt; should not mirror video for back camera" time="0.021359113">
        </testcase>
        <testcase classname="src/components/__tests__/VideoRecorder.test.tsx" name="VideoRecorder &gt; preview and confirmation &gt; should show video preview after recording" time="0.008757683">
        </testcase>
        <testcase classname="src/components/__tests__/VideoRecorder.test.tsx" name="VideoRecorder &gt; preview and confirmation &gt; should show confirm and reset buttons" time="0.17508959">
            <failure message="Unable to find an accessible element with the role &quot;button&quot; and name `/check/i`

Here are the accessible roles:

  button:

  Name &quot;&quot;:
  [36m&lt;button[39m
    [33mclass[39m=[32m&quot;inline-flex items-center justify-center gap-2 whitespace-nowrap text-sm font-medium transition-colors focus-visible:outline-none focus-visible:ring-1 focus-visible:ring-ring disabled:pointer-events-none disabled:opacity-50 [&amp;_svg]:pointer-events-none [&amp;_svg]:size-4 [&amp;_svg]:shrink-0 bg-primary text-primary-foreground shadow px-4 py-2 w-14 h-14 rounded-full glass-strong hover:bg-white/30 border border-white/40&quot;[39m
  [36m/&gt;[39m

  Name &quot;&quot;:
  [36m&lt;button[39m
    [33mclass[39m=[32m&quot;inline-flex items-center justify-center gap-2 whitespace-nowrap text-sm font-medium transition-colors focus-visible:outline-none focus-visible:ring-1 focus-visible:ring-ring disabled:pointer-events-none disabled:opacity-50 [&amp;_svg]:pointer-events-none [&amp;_svg]:size-4 [&amp;_svg]:shrink-0 hover:bg-primary/90 px-4 py-2 w-20 h-20 rounded-full bg-gradient-to-br from-green-400 to-emerald-600 hover:from-green-500 hover:to-emerald-700 text-white shadow-xl shadow-green-500/40 border-4 border-white/50&quot;[39m
  [36m/&gt;[39m

  --------------------------------------------------
  paragraph:

  Name &quot;&quot;:
  [36m&lt;p[39m
    [33mclass[39m=[32m&quot;text-sm text-green-600 text-center&quot;[39m
    [33mstyle[39m=[32m&quot;opacity: 0;&quot;[39m
  [36m/&gt;[39m

  --------------------------------------------------

Ignored nodes: comments, script, style
[36m&lt;body&gt;[39m
  [36m&lt;div&gt;[39m
    [36m&lt;div[39m
      [33mclass[39m=[32m&quot;space-y-4&quot;[39m
    [36m&gt;[39m
      [36m&lt;div[39m
        [33mclass[39m=[32m&quot;relative aspect-[9/16] max-h-[400px] rounded-3xl overflow-hidden bg-gradient-to-br from-purple-900/20 via-blue-900/20 to-indigo-900/20 border border-white/30 shadow-2xl&quot;[39m
      [36m&gt;[39m
        [36m&lt;div[39m
          [33mclass[39m=[32m&quot;absolute inset-0 bg-gradient-to-t from-black/30 via-transparent to-transparent pointer-events-none z-10&quot;[39m
        [36m/&gt;[39m
        [36m&lt;video[39m
          [33mclass[39m=[32m&quot;absolute inset-0 w-full h-full object-cover&quot;[39m
          [33mcontrols[39m=[32m&quot;&quot;[39m
          [33mplaysinline[39m=[32m&quot;&quot;[39m
          [33msrc[39m=[32m&quot;blob:mock-url&quot;[39m
        [36m/&gt;[39m
        [36m&lt;div[39m
          [33mclass[39m=[32m&quot;absolute top-4 left-4 right-4 flex items-center justify-between z-30&quot;[39m
        [36m&gt;[39m
          [36m&lt;div[39m
            [33mclass[39m=[32m&quot;glass-strong px-3 py-1.5 rounded-full flex items-center gap-2 &quot;[39m
            [33mstyle[39m=[32m&quot;opacity: 0; transform: translateX(-20px);&quot;[39m
          [36m&gt;[39m
            [36m&lt;span[39m
              [33mclass[39m=[32m&quot;text-white font-mono text-sm font-medium&quot;[39m
            [36m&gt;[39m
              [0m0:00[0m
              [0m / [0m
              [0m1:30[0m
            [36m&lt;/span&gt;[39m
          [36m&lt;/div&gt;[39m
        [36m&lt;/div&gt;[39m
      [36m&lt;/div&gt;[39m
      [36m&lt;div[39m
        [33mclass[39m=[32m&quot;flex items-center justify-center gap-4 py-2&quot;[39m
      [36m&gt;[39m
        [36m&lt;div[39m
          [33mclass[39m=[32m&quot;flex items-center gap-4&quot;[39m
          [33mstyle[39m=[32m&quot;opacity: 0; transform: scale(0.8);&quot;[39m
        [36m&gt;[39m
          [36m&lt;button[39m
            [33mclass[39m=[32m&quot;inline-flex items-center justify-center gap-2 whitespace-nowrap text-sm font-medium transition-colors focus-visible:outline-none focus-visible:ring-1 focus-visible:ring-ring disabled:pointer-events-none disabled:opacity-50 [&amp;_svg]:pointer-events-none [&amp;_svg]:size-4 [&amp;_svg]:shrink-0 bg-primary text-primary-foreground shadow px-4 py-2 w-14 h-14 rounded-full glass-strong hover:bg-white/30 border border-white/40&quot;[39m
          [36m&gt;[39m
            [36m&lt;svg[39m
              [33maria-hidden[39m=[32m&quot;true&quot;[39m
              [33mclass[39m=[32m&quot;lucide lucide-rotate-ccw w-6 h-6 text-gray-700&quot;[39m
              [33mfill[39m=[32m&quot;none&quot;[39m
              [33mheight[39m=[32m&quot;24&quot;[39m
              [33mstroke[39m=[32m&quot;currentColor&quot;[39m
              [33mstroke-linecap[39m=[32m&quot;round&quot;[39m
              [33mstroke-linejoin[39m=[32m&quot;round&quot;[39m
              [33mstroke-width[39m=[32m&quot;2&quot;[39m
              [33mviewBox[39m=[32m&quot;0 0 24 24&quot;[39m
              [33mwidth[39m=[32m&quot;24&quot;[39m
              [33mxmlns[39m=[32m&quot;http://www.w3.org/2000/svg&quot;[39m
            [36m&gt;[39m
              [36m&lt;path[39m
                [33md[39m=[32m&quot;M3 12a9 9 0 1 0 9-9 9.75 9.75 0 0 0-6.74 2.74L3 8&quot;[39m
              [36m/&gt;[39m
              [36m&lt;path[39m
                [33md[39m=[32m&quot;M3 3v5h5&quot;[39m
              [36m/&gt;[39m
            [36m&lt;/svg&gt;[39m
          [36m&lt;/button&gt;[39m
          [36m&lt;button[39m
            [33mclass[39m=[32m&quot;inline-flex items-center justify-center gap-2 whitespace-nowrap text-sm font-medium transition-colors focus-visible:outline-none focus-visible:ring-1 focus-visible:ring-ring disabled:pointer-events-none disabled:opacity-50 [&amp;_svg]:pointer-events-none [&amp;_svg]:size-4 [&amp;_svg]:shrink-0 hover:bg-primary/90 px-4 py-2 w-20 h-20 rounded-full bg-gradient-to-br from-green-400 to-emerald-600 hover:from-green-500 hover:to-emerald-700 text-white shadow-xl shadow-green-500/40 border-4 border-white/50&quot;[39m
          [36m&gt;[39m
            [36m&lt;svg[39m
              [33maria-hidden[39m=[32m&quot;true&quot;[39m
              [33mclass[39m=[32m&quot;lucide lucide-check w-8 h-8&quot;[39m
              [33mfill[39m=[32m&quot;none&quot;[39m
              [33mheight[39m=[32m&quot;24&quot;[39m
              [33mstroke[39m=[32m&quot;currentColor&quot;[39m
              [33mstroke-linecap[39m=[32m&quot;round&quot;[39m
              [33mstroke-linejoin[39m=[32m&quot;round&quot;[39m
              [33mstroke-width[39m=[32m&quot;2&quot;[39m
              [33mviewBox[39m=[32m&quot;0 0 24 24&quot;[39m
              [33mwidth[39m=[32m&quot;24&quot;[39m
              [33mxmlns[39m=[32m&quot;http://www.w3.org/2000/svg&quot;[39m
            [36m&gt;[39m
              [36m&lt;path[39m
                [33md[39m=[32m&quot;M20 6 9 17l-5-5&quot;[39m
              [36m/&gt;[39m
            [36m&lt;/svg&gt;[39m
          [36m&lt;/button&gt;[39m
        [36m&lt;/div&gt;[39m
      [36m&lt;/div&gt;[39m
      [36m&lt;p[39m
        [33mclass[39m=[32m&quot;text-sm text-green-600 text-center&quot;[39m
        [33mstyle[39m=[32m&quot;opacity: 0;&quot;[39m
      [36m&gt;[39m
        [0mRecording ready ([0m
        [0m0:00[0m
        [0m)[0m
      [36m&lt;/p&gt;[39m
    [36m&lt;/div&gt;[39m
  [36m&lt;/div&gt;[39m
[36m&lt;/body&gt;[39m" type="TestingLibraryElementError">
TestingLibraryElementError: Unable to find an accessible element with the role &quot;button&quot; and name `/check/i`

Here are the accessible roles:

  button:

  Name &quot;&quot;:
  &lt;button
    class=&quot;inline-flex items-center justify-center gap-2 whitespace-nowrap text-sm font-medium transition-colors focus-visible:outline-none focus-visible:ring-1 focus-visible:ring-ring disabled:pointer-events-none disabled:opacity-50 [&amp;_svg]:pointer-events-none [&amp;_svg]:size-4 [&amp;_svg]:shrink-0 bg-primary text-primary-foreground shadow px-4 py-2 w-14 h-14 rounded-full glass-strong hover:bg-white/30 border border-white/40&quot;
  /&gt;

  Name &quot;&quot;:
  &lt;button
    class=&quot;inline-flex items-center justify-center gap-2 whitespace-nowrap text-sm font-medium transition-colors focus-visible:outline-none focus-visible:ring-1 focus-visible:ring-ring disabled:pointer-events-none disabled:opacity-50 [&amp;_svg]:pointer-events-none [&amp;_svg]:size-4 [&amp;_svg]:shrink-0 hover:bg-primary/90 px-4 py-2 w-20 h-20 rounded-full bg-gradient-to-br from-green-400 to-emerald-600 hover:from-green-500 hover:to-emerald-700 text-white shadow-xl shadow-green-500/40 border-4 border-white/50&quot;
  /&gt;

  --------------------------------------------------
  paragraph:

  Name &quot;&quot;:
  &lt;p
    class=&quot;text-sm text-green-600 text-center&quot;
    style=&quot;opacity: 0;&quot;
  /&gt;

  --------------------------------------------------

Ignored nodes: comments, script, style
&lt;body&gt;
  &lt;div&gt;
    &lt;div
      class=&quot;space-y-4&quot;
    &gt;
      &lt;div
        class=&quot;relative aspect-[9/16] max-h-[400px] rounded-3xl overflow-hidden bg-gradient-to-br from-purple-900/20 via-blue-900/20 to-indigo-900/20 border border-white/30 shadow-2xl&quot;
      &gt;
        &lt;div
          class=&quot;absolute inset-0 bg-gradient-to-t from-black/30 via-transparent to-transparent pointer-events-none z-10&quot;
        /&gt;
        &lt;video
          class=&quot;absolute inset-0 w-full h-full object-cover&quot;
          controls=&quot;&quot;
          playsinline=&quot;&quot;
          src=&quot;blob:mock-url&quot;
        /&gt;
        &lt;div
          class=&quot;absolute top-4 left-4 right-4 flex items-center justify-between z-30&quot;
        &gt;
          &lt;div
            class=&quot;glass-strong px-3 py-1.5 rounded-full flex items-center gap-2 &quot;
            style=&quot;opacity: 0; transform: translateX(-20px);&quot;
          &gt;
            &lt;span
              class=&quot;text-white font-mono text-sm font-medium&quot;
            &gt;
              0:00
               / 
              1:30
            &lt;/span&gt;
          &lt;/div&gt;
        &lt;/div&gt;
      &lt;/div&gt;
      &lt;div
        class=&quot;flex items-center justify-center gap-4 py-2&quot;
      &gt;
        &lt;div
          class=&quot;flex items-center gap-4&quot;
          style=&quot;opacity: 0; transform: scale(0.8);&quot;
        &gt;
          &lt;button
            class=&quot;inline-flex items-center justify-center gap-2 whitespace-nowrap text-sm font-medium transition-colors focus-visible:outline-none focus-visible:ring-1 focus-visible:ring-ring disabled:pointer-events-none disabled:opacity-50 [&amp;_svg]:pointer-events-none [&amp;_svg]:size-4 [&amp;_svg]:shrink-0 bg-primary text-primary-foreground shadow px-4 py-2 w-14 h-14 rounded-full glass-strong hover:bg-white/30 border border-white/40&quot;
          &gt;
            &lt;svg
              aria-hidden=&quot;true&quot;
              class=&quot;lucide lucide-rotate-ccw w-6 h-6 text-gray-700&quot;
              fill=&quot;none&quot;
              height=&quot;24&quot;
              stroke=&quot;currentColor&quot;
              stroke-linecap=&quot;round&quot;
              stroke-linejoin=&quot;round&quot;
              stroke-width=&quot;2&quot;
              viewBox=&quot;0 0 24 24&quot;
              width=&quot;24&quot;
              xmlns=&quot;http://www.w3.org/2000/svg&quot;
            &gt;
              &lt;path
                d=&quot;M3 12a9 9 0 1 0 9-9 9.75 9.75 0 0 0-6.74 2.74L3 8&quot;
              /&gt;
              &lt;path
                d=&quot;M3 3v5h5&quot;
              /&gt;
            &lt;/svg&gt;
          &lt;/button&gt;
          &lt;button
            class=&quot;inline-flex items-center justify-center gap-2 whitespace-nowrap text-sm font-medium transition-colors focus-visible:outline-none focus-visible:ring-1 focus-visible:ring-ring disabled:pointer-events-none disabled:opacity-50 [&amp;_svg]:pointer-events-none [&amp;_svg]:size-4 [&amp;_svg]:shrink-0 hover:bg-primary/90 px-4 py-2 w-20 h-20 rounded-full bg-gradient-to-br from-green-400 to-emerald-600 hover:from-green-500 hover:to-emerald-700 text-white shadow-xl shadow-green-500/40 border-4 border-white/50&quot;
          &gt;
            &lt;svg
              aria-hidden=&quot;true&quot;
              class=&quot;lucide lucide-check w-8 h-8&quot;
              fill=&quot;none&quot;
              height=&quot;24&quot;
              stroke=&quot;currentColor&quot;
              stroke-linecap=&quot;round&quot;
              stroke-linejoin=&quot;round&quot;
              stroke-width=&quot;2&quot;
              viewBox=&quot;0 0 24 24&quot;
              width=&quot;24&quot;
              xmlns=&quot;http://www.w3.org/2000/svg&quot;
            &gt;
              &lt;path
                d=&quot;M20 6 9 17l-5-5&quot;
              /&gt;
            &lt;/svg&gt;
          &lt;/button&gt;
        &lt;/div&gt;
      &lt;/div&gt;
      &lt;p
        class=&quot;text-sm text-green-600 text-center&quot;
        style=&quot;opacity: 0;&quot;
      &gt;
        Recording ready (
        0:00
        )
      &lt;/p&gt;
    &lt;/div&gt;
  &lt;/div&gt;
&lt;/body&gt;
 ❯ Object.getElementError node_modules/@testing-library/dom/dist/config.js:37:19
 ❯ node_modules/@testing-library/dom/dist/query-helpers.js:76:38
 ❯ node_modules/@testing-library/dom/dist/query-helpers.js:52:17
 ❯ node_modules/@testing-library/dom/dist/query-helpers.js:95:19
 ❯ src/components/__tests__/VideoRecorder.test.tsx:290:36
            </failure>
        </testcase>
        <testcase classname="src/components/__tests__/VideoRecorder.test.tsx" name="VideoRecorder &gt; preview and confirmation &gt; should call onRecordingComplete with blob and duration on confirm" time="0.173603131">
            <failure message="Unable to find an accessible element with the role &quot;button&quot; and name `/check/i`

Here are the accessible roles:

  button:

  Name &quot;&quot;:
  [36m&lt;button[39m
    [33mclass[39m=[32m&quot;inline-flex items-center justify-center gap-2 whitespace-nowrap text-sm font-medium transition-colors focus-visible:outline-none focus-visible:ring-1 focus-visible:ring-ring disabled:pointer-events-none disabled:opacity-50 [&amp;_svg]:pointer-events-none [&amp;_svg]:size-4 [&amp;_svg]:shrink-0 bg-primary text-primary-foreground shadow px-4 py-2 w-14 h-14 rounded-full glass-strong hover:bg-white/30 border border-white/40&quot;[39m
  [36m/&gt;[39m

  Name &quot;&quot;:
  [36m&lt;button[39m
    [33mclass[39m=[32m&quot;inline-flex items-center justify-center gap-2 whitespace-nowrap text-sm font-medium transition-colors focus-visible:outline-none focus-visible:ring-1 focus-visible:ring-ring disabled:pointer-events-none disabled:opacity-50 [&amp;_svg]:pointer-events-none [&amp;_svg]:size-4 [&amp;_svg]:shrink-0 hover:bg-primary/90 px-4 py-2 w-20 h-20 rounded-full bg-gradient-to-br from-green-400 to-emerald-600 hover:from-green-500 hover:to-emerald-700 text-white shadow-xl shadow-green-500/40 border-4 border-white/50&quot;[39m
  [36m/&gt;[39m

  --------------------------------------------------
  paragraph:

  Name &quot;&quot;:
  [36m&lt;p[39m
    [33mclass[39m=[32m&quot;text-sm text-green-600 text-center&quot;[39m
    [33mstyle[39m=[32m&quot;opacity: 0;&quot;[39m
  [36m/&gt;[39m

  --------------------------------------------------

Ignored nodes: comments, script, style
[36m&lt;body&gt;[39m
  [36m&lt;div&gt;[39m
    [36m&lt;div[39m
      [33mclass[39m=[32m&quot;space-y-4&quot;[39m
    [36m&gt;[39m
      [36m&lt;div[39m
        [33mclass[39m=[32m&quot;relative aspect-[9/16] max-h-[400px] rounded-3xl overflow-hidden bg-gradient-to-br from-purple-900/20 via-blue-900/20 to-indigo-900/20 border border-white/30 shadow-2xl&quot;[39m
      [36m&gt;[39m
        [36m&lt;div[39m
          [33mclass[39m=[32m&quot;absolute inset-0 bg-gradient-to-t from-black/30 via-transparent to-transparent pointer-events-none z-10&quot;[39m
        [36m/&gt;[39m
        [36m&lt;video[39m
          [33mclass[39m=[32m&quot;absolute inset-0 w-full h-full object-cover&quot;[39m
          [33mcontrols[39m=[32m&quot;&quot;[39m
          [33mplaysinline[39m=[32m&quot;&quot;[39m
          [33msrc[39m=[32m&quot;blob:mock-url&quot;[39m
        [36m/&gt;[39m
        [36m&lt;div[39m
          [33mclass[39m=[32m&quot;absolute top-4 left-4 right-4 flex items-center justify-between z-30&quot;[39m
        [36m&gt;[39m
          [36m&lt;div[39m
            [33mclass[39m=[32m&quot;glass-strong px-3 py-1.5 rounded-full flex items-center gap-2 &quot;[39m
            [33mstyle[39m=[32m&quot;opacity: 0; transform: translateX(-20px);&quot;[39m
          [36m&gt;[39m
            [36m&lt;span[39m
              [33mclass[39m=[32m&quot;text-white font-mono text-sm font-medium&quot;[39m
            [36m&gt;[39m
              [0m0:45[0m
              [0m / [0m
              [0m1:30[0m
            [36m&lt;/span&gt;[39m
          [36m&lt;/div&gt;[39m
        [36m&lt;/div&gt;[39m
      [36m&lt;/div&gt;[39m
      [36m&lt;div[39m
        [33mclass[39m=[32m&quot;flex items-center justify-center gap-4 py-2&quot;[39m
      [36m&gt;[39m
        [36m&lt;div[39m
          [33mclass[39m=[32m&quot;flex items-center gap-4&quot;[39m
          [33mstyle[39m=[32m&quot;opacity: 0; transform: scale(0.8);&quot;[39m
        [36m&gt;[39m
          [36m&lt;button[39m
            [33mclass[39m=[32m&quot;inline-flex items-center justify-center gap-2 whitespace-nowrap text-sm font-medium transition-colors focus-visible:outline-none focus-visible:ring-1 focus-visible:ring-ring disabled:pointer-events-none disabled:opacity-50 [&amp;_svg]:pointer-events-none [&amp;_svg]:size-4 [&amp;_svg]:shrink-0 bg-primary text-primary-foreground shadow px-4 py-2 w-14 h-14 rounded-full glass-strong hover:bg-white/30 border border-white/40&quot;[39m
          [36m&gt;[39m
            [36m&lt;svg[39m
              [33maria-hidden[39m=[32m&quot;true&quot;[39m
              [33mclass[39m=[32m&quot;lucide lucide-rotate-ccw w-6 h-6 text-gray-700&quot;[39m
              [33mfill[39m=[32m&quot;none&quot;[39m
              [33mheight[39m=[32m&quot;24&quot;[39m
              [33mstroke[39m=[32m&quot;currentColor&quot;[39m
              [33mstroke-linecap[39m=[32m&quot;round&quot;[39m
              [33mstroke-linejoin[39m=[32m&quot;round&quot;[39m
              [33mstroke-width[39m=[32m&quot;2&quot;[39m
              [33mviewBox[39m=[32m&quot;0 0 24 24&quot;[39m
              [33mwidth[39m=[32m&quot;24&quot;[39m
              [33mxmlns[39m=[32m&quot;http://www.w3.org/2000/svg&quot;[39m
            [36m&gt;[39m
              [36m&lt;path[39m
                [33md[39m=[32m&quot;M3 12a9 9 0 1 0 9-9 9.75 9.75 0 0 0-6.74 2.74L3 8&quot;[39m
              [36m/&gt;[39m
              [36m&lt;path[39m
                [33md[39m=[32m&quot;M3 3v5h5&quot;[39m
              [36m/&gt;[39m
            [36m&lt;/svg&gt;[39m
          [36m&lt;/button&gt;[39m
          [36m&lt;button[39m
            [33mclass[39m=[32m&quot;inline-flex items-center justify-center gap-2 whitespace-nowrap text-sm font-medium transition-colors focus-visible:outline-none focus-visible:ring-1 focus-visible:ring-ring disabled:pointer-events-none disabled:opacity-50 [&amp;_svg]:pointer-events-none [&amp;_svg]:size-4 [&amp;_svg]:shrink-0 hover:bg-primary/90 px-4 py-2 w-20 h-20 rounded-full bg-gradient-to-br from-green-400 to-emerald-600 hover:from-green-500 hover:to-emerald-700 text-white shadow-xl shadow-green-500/40 border-4 border-white/50&quot;[39m
          [36m&gt;[39m
            [36m&lt;svg[39m
              [33maria-hidden[39m=[32m&quot;true&quot;[39m
              [33mclass[39m=[32m&quot;lucide lucide-check w-8 h-8&quot;[39m
              [33mfill[39m=[32m&quot;none&quot;[39m
              [33mheight[39m=[32m&quot;24&quot;[39m
              [33mstroke[39m=[32m&quot;currentColor&quot;[39m
              [33mstroke-linecap[39m=[32m&quot;round&quot;[39m
              [33mstroke-linejoin[39m=[32m&quot;round&quot;[39m
              [33mstroke-width[39m=[32m&quot;2&quot;[39m
              [33mviewBox[39m=[32m&quot;0 0 24 24&quot;[39m
              [33mwidth[39m=[32m&quot;24&quot;[39m
              [33mxmlns[39m=[32m&quot;http://www.w3.org/2000/svg&quot;[39m
            [36m&gt;[39m
              [36m&lt;path[39m
                [33md[39m=[32m&quot;M20 6 9 17l-5-5&quot;[39m
              [36m/&gt;[39m
            [36m&lt;/svg&gt;[39m
          [36m&lt;/button&gt;[39m
        [36m&lt;/div&gt;[39m
      [36m&lt;/div&gt;[39m
      [36m&lt;p[39m
        [33mclass[39m=[32m&quot;text-sm text-green-600 text-center&quot;[39m
        [33mstyle[39m=[32m&quot;opacity: 0;&quot;[39m
      [36m&gt;[39m
        [0mRecording ready ([0m
        [0m0:45[0m
        [0m)[0m
      [36m&lt;/p&gt;[39m
    [36m&lt;/div&gt;[39m
  [36m&lt;/div&gt;[39m
[36m&lt;/body&gt;[39m" type="TestingLibraryElementError">
TestingLibraryElementError: Unable to find an accessible element with the role &quot;button&quot; and name `/check/i`

Here are the accessible roles:

  button:

  Name &quot;&quot;:
  &lt;button
    class=&quot;inline-flex items-center justify-center gap-2 whitespace-nowrap text-sm font-medium transition-colors focus-visible:outline-none focus-visible:ring-1 focus-visible:ring-ring disabled:pointer-events-none disabled:opacity-50 [&amp;_svg]:pointer-events-none [&amp;_svg]:size-4 [&amp;_svg]:shrink-0 bg-primary text-primary-foreground shadow px-4 py-2 w-14 h-14 rounded-full glass-strong hover:bg-white/30 border border-white/40&quot;
  /&gt;

  Name &quot;&quot;:
  &lt;button
    class=&quot;inline-flex items-center justify-center gap-2 whitespace-nowrap text-sm font-medium transition-colors focus-visible:outline-none focus-visible:ring-1 focus-visible:ring-ring disabled:pointer-events-none disabled:opacity-50 [&amp;_svg]:pointer-events-none [&amp;_svg]:size-4 [&amp;_svg]:shrink-0 hover:bg-primary/90 px-4 py-2 w-20 h-20 rounded-full bg-gradient-to-br from-green-400 to-emerald-600 hover:from-green-500 hover:to-emerald-700 text-white shadow-xl shadow-green-500/40 border-4 border-white/50&quot;
  /&gt;

  --------------------------------------------------
  paragraph:

  Name &quot;&quot;:
  &lt;p
    class=&quot;text-sm text-green-600 text-center&quot;
    style=&quot;opacity: 0;&quot;
  /&gt;

  --------------------------------------------------

Ignored nodes: comments, script, style
&lt;body&gt;
  &lt;div&gt;
    &lt;div
      class=&quot;space-y-4&quot;
    &gt;
      &lt;div
        class=&quot;relative aspect-[9/16] max-h-[400px] rounded-3xl overflow-hidden bg-gradient-to-br from-purple-900/20 via-blue-900/20 to-indigo-900/20 border border-white/30 shadow-2xl&quot;
      &gt;
        &lt;div
          class=&quot;absolute inset-0 bg-gradient-to-t from-black/30 via-transparent to-transparent pointer-events-none z-10&quot;
        /&gt;
        &lt;video
          class=&quot;absolute inset-0 w-full h-full object-cover&quot;
          controls=&quot;&quot;
          playsinline=&quot;&quot;
          src=&quot;blob:mock-url&quot;
        /&gt;
        &lt;div
          class=&quot;absolute top-4 left-4 right-4 flex items-center justify-between z-30&quot;
        &gt;
          &lt;div
            class=&quot;glass-strong px-3 py-1.5 rounded-full flex items-center gap-2 &quot;
            style=&quot;opacity: 0; transform: translateX(-20px);&quot;
          &gt;
            &lt;span
              class=&quot;text-white font-mono text-sm font-medium&quot;
            &gt;
              0:45
               / 
              1:30
            &lt;/span&gt;
          &lt;/div&gt;
        &lt;/div&gt;
      &lt;/div&gt;
      &lt;div
        class=&quot;flex items-center justify-center gap-4 py-2&quot;
      &gt;
        &lt;div
          class=&quot;flex items-center gap-4&quot;
          style=&quot;opacity: 0; transform: scale(0.8);&quot;
        &gt;
          &lt;button
            class=&quot;inline-flex items-center justify-center gap-2 whitespace-nowrap text-sm font-medium transition-colors focus-visible:outline-none focus-visible:ring-1 focus-visible:ring-ring disabled:pointer-events-none disabled:opacity-50 [&amp;_svg]:pointer-events-none [&amp;_svg]:size-4 [&amp;_svg]:shrink-0 bg-primary text-primary-foreground shadow px-4 py-2 w-14 h-14 rounded-full glass-strong hover:bg-white/30 border border-white/40&quot;
          &gt;
            &lt;svg
              aria-hidden=&quot;true&quot;
              class=&quot;lucide lucide-rotate-ccw w-6 h-6 text-gray-700&quot;
              fill=&quot;none&quot;
              height=&quot;24&quot;
              stroke=&quot;currentColor&quot;
              stroke-linecap=&quot;round&quot;
              stroke-linejoin=&quot;round&quot;
              stroke-width=&quot;2&quot;
              viewBox=&quot;0 0 24 24&quot;
              width=&quot;24&quot;
              xmlns=&quot;http://www.w3.org/2000/svg&quot;
            &gt;
              &lt;path
                d=&quot;M3 12a9 9 0 1 0 9-9 9.75 9.75 0 0 0-6.74 2.74L3 8&quot;
              /&gt;
              &lt;path
                d=&quot;M3 3v5h5&quot;
              /&gt;
            &lt;/svg&gt;
          &lt;/button&gt;
          &lt;button
            class=&quot;inline-flex items-center justify-center gap-2 whitespace-nowrap text-sm font-medium transition-colors focus-visible:outline-none focus-visible:ring-1 focus-visible:ring-ring disabled:pointer-events-none disabled:opacity-50 [&amp;_svg]:pointer-events-none [&amp;_svg]:size-4 [&amp;_svg]:shrink-0 hover:bg-primary/90 px-4 py-2 w-20 h-20 rounded-full bg-gradient-to-br from-green-400 to-emerald-600 hover:from-green-500 hover:to-emerald-700 text-white shadow-xl shadow-green-500/40 border-4 border-white/50&quot;
          &gt;
            &lt;svg
              aria-hidden=&quot;true&quot;
              class=&quot;lucide lucide-check w-8 h-8&quot;
              fill=&quot;none&quot;
              height=&quot;24&quot;
              stroke=&quot;currentColor&quot;
              stroke-linecap=&quot;round&quot;
              stroke-linejoin=&quot;round&quot;
              stroke-width=&quot;2&quot;
              viewBox=&quot;0 0 24 24&quot;
              width=&quot;24&quot;
              xmlns=&quot;http://www.w3.org/2000/svg&quot;
            &gt;
              &lt;path
                d=&quot;M20 6 9 17l-5-5&quot;
              /&gt;
            &lt;/svg&gt;
          &lt;/button&gt;
        &lt;/div&gt;
      &lt;/div&gt;
      &lt;p
        class=&quot;text-sm text-green-600 text-center&quot;
        style=&quot;opacity: 0;&quot;
      &gt;
        Recording ready (
        0:45
        )
      &lt;/p&gt;
    &lt;/div&gt;
  &lt;/div&gt;
&lt;/body&gt;
 ❯ Object.getElementError node_modules/@testing-library/dom/dist/config.js:37:19
 ❯ node_modules/@testing-library/dom/dist/query-helpers.js:76:38
 ❯ node_modules/@testing-library/dom/dist/query-helpers.js:52:17
 ❯ node_modules/@testing-library/dom/dist/query-helpers.js:95:19
 ❯ src/components/__tests__/VideoRecorder.test.tsx:302:36
            </failure>
        </testcase>
        <testcase classname="src/components/__tests__/VideoRecorder.test.tsx" name="VideoRecorder &gt; preview and confirmation &gt; should reset and reinitialize camera on reset" time="0.186563323">
            <failure message="Unable to find an accessible element with the role &quot;button&quot; and name `/rotateccw/i`

Here are the accessible roles:

  button:

  Name &quot;&quot;:
  [36m&lt;button[39m
    [33mclass[39m=[32m&quot;inline-flex items-center justify-center gap-2 whitespace-nowrap text-sm font-medium transition-colors focus-visible:outline-none focus-visible:ring-1 focus-visible:ring-ring disabled:pointer-events-none disabled:opacity-50 [&amp;_svg]:pointer-events-none [&amp;_svg]:size-4 [&amp;_svg]:shrink-0 bg-primary text-primary-foreground shadow px-4 py-2 w-14 h-14 rounded-full glass-strong hover:bg-white/30 border border-white/40&quot;[39m
  [36m/&gt;[39m

  Name &quot;&quot;:
  [36m&lt;button[39m
    [33mclass[39m=[32m&quot;inline-flex items-center justify-center gap-2 whitespace-nowrap text-sm font-medium transition-colors focus-visible:outline-none focus-visible:ring-1 focus-visible:ring-ring disabled:pointer-events-none disabled:opacity-50 [&amp;_svg]:pointer-events-none [&amp;_svg]:size-4 [&amp;_svg]:shrink-0 hover:bg-primary/90 px-4 py-2 w-20 h-20 rounded-full bg-gradient-to-br from-green-400 to-emerald-600 hover:from-green-500 hover:to-emerald-700 text-white shadow-xl shadow-green-500/40 border-4 border-white/50&quot;[39m
  [36m/&gt;[39m

  --------------------------------------------------
  paragraph:

  Name &quot;&quot;:
  [36m&lt;p[39m
    [33mclass[39m=[32m&quot;text-sm text-green-600 text-center&quot;[39m
    [33mstyle[39m=[32m&quot;opacity: 0;&quot;[39m
  [36m/&gt;[39m

  --------------------------------------------------

Ignored nodes: comments, script, style
[36m&lt;body&gt;[39m
  [36m&lt;div&gt;[39m
    [36m&lt;div[39m
      [33mclass[39m=[32m&quot;space-y-4&quot;[39m
    [36m&gt;[39m
      [36m&lt;div[39m
        [33mclass[39m=[32m&quot;relative aspect-[9/16] max-h-[400px] rounded-3xl overflow-hidden bg-gradient-to-br from-purple-900/20 via-blue-900/20 to-indigo-900/20 border border-white/30 shadow-2xl&quot;[39m
      [36m&gt;[39m
        [36m&lt;div[39m
          [33mclass[39m=[32m&quot;absolute inset-0 bg-gradient-to-t from-black/30 via-transparent to-transparent pointer-events-none z-10&quot;[39m
        [36m/&gt;[39m
        [36m&lt;video[39m
          [33mclass[39m=[32m&quot;absolute inset-0 w-full h-full object-cover&quot;[39m
          [33mcontrols[39m=[32m&quot;&quot;[39m
          [33mplaysinline[39m=[32m&quot;&quot;[39m
          [33msrc[39m=[32m&quot;blob:mock-url&quot;[39m
        [36m/&gt;[39m
        [36m&lt;div[39m
          [33mclass[39m=[32m&quot;absolute top-4 left-4 right-4 flex items-center justify-between z-30&quot;[39m
        [36m&gt;[39m
          [36m&lt;div[39m
            [33mclass[39m=[32m&quot;glass-strong px-3 py-1.5 rounded-full flex items-center gap-2 &quot;[39m
            [33mstyle[39m=[32m&quot;opacity: 0; transform: translateX(-20px);&quot;[39m
          [36m&gt;[39m
            [36m&lt;span[39m
              [33mclass[39m=[32m&quot;text-white font-mono text-sm font-medium&quot;[39m
            [36m&gt;[39m
              [0m0:00[0m
              [0m / [0m
              [0m1:30[0m
            [36m&lt;/span&gt;[39m
          [36m&lt;/div&gt;[39m
        [36m&lt;/div&gt;[39m
      [36m&lt;/div&gt;[39m
      [36m&lt;div[39m
        [33mclass[39m=[32m&quot;flex items-center justify-center gap-4 py-2&quot;[39m
      [36m&gt;[39m
        [36m&lt;div[39m
          [33mclass[39m=[32m&quot;flex items-center gap-4&quot;[39m
          [33mstyle[39m=[32m&quot;opacity: 0; transform: scale(0.8);&quot;[39m
        [36m&gt;[39m
          [36m&lt;button[39m
            [33mclass[39m=[32m&quot;inline-flex items-center justify-center gap-2 whitespace-nowrap text-sm font-medium transition-colors focus-visible:outline-none focus-visible:ring-1 focus-visible:ring-ring disabled:pointer-events-none disabled:opacity-50 [&amp;_svg]:pointer-events-none [&amp;_svg]:size-4 [&amp;_svg]:shrink-0 bg-primary text-primary-foreground shadow px-4 py-2 w-14 h-14 rounded-full glass-strong hover:bg-white/30 border border-white/40&quot;[39m
          [36m&gt;[39m
            [36m&lt;svg[39m
              [33maria-hidden[39m=[32m&quot;true&quot;[39m
              [33mclass[39m=[32m&quot;lucide lucide-rotate-ccw w-6 h-6 text-gray-700&quot;[39m
              [33mfill[39m=[32m&quot;none&quot;[39m
              [33mheight[39m=[32m&quot;24&quot;[39m
              [33mstroke[39m=[32m&quot;currentColor&quot;[39m
              [33mstroke-linecap[39m=[32m&quot;round&quot;[39m
              [33mstroke-linejoin[39m=[32m&quot;round&quot;[39m
              [33mstroke-width[39m=[32m&quot;2&quot;[39m
              [33mviewBox[39m=[32m&quot;0 0 24 24&quot;[39m
              [33mwidth[39m=[32m&quot;24&quot;[39m
              [33mxmlns[39m=[32m&quot;http://www.w3.org/2000/svg&quot;[39m
            [36m&gt;[39m
              [36m&lt;path[39m
                [33md[39m=[32m&quot;M3 12a9 9 0 1 0 9-9 9.75 9.75 0 0 0-6.74 2.74L3 8&quot;[39m
              [36m/&gt;[39m
              [36m&lt;path[39m
                [33md[39m=[32m&quot;M3 3v5h5&quot;[39m
              [36m/&gt;[39m
            [36m&lt;/svg&gt;[39m
          [36m&lt;/button&gt;[39m
          [36m&lt;button[39m
            [33mclass[39m=[32m&quot;inline-flex items-center justify-center gap-2 whitespace-nowrap text-sm font-medium transition-colors focus-visible:outline-none focus-visible:ring-1 focus-visible:ring-ring disabled:pointer-events-none disabled:opacity-50 [&amp;_svg]:pointer-events-none [&amp;_svg]:size-4 [&amp;_svg]:shrink-0 hover:bg-primary/90 px-4 py-2 w-20 h-20 rounded-full bg-gradient-to-br from-green-400 to-emerald-600 hover:from-green-500 hover:to-emerald-700 text-white shadow-xl shadow-green-500/40 border-4 border-white/50&quot;[39m
          [36m&gt;[39m
            [36m&lt;svg[39m
              [33maria-hidden[39m=[32m&quot;true&quot;[39m
              [33mclass[39m=[32m&quot;lucide lucide-check w-8 h-8&quot;[39m
              [33mfill[39m=[32m&quot;none&quot;[39m
              [33mheight[39m=[32m&quot;24&quot;[39m
              [33mstroke[39m=[32m&quot;currentColor&quot;[39m
              [33mstroke-linecap[39m=[32m&quot;round&quot;[39m
              [33mstroke-linejoin[39m=[32m&quot;round&quot;[39m
              [33mstroke-width[39m=[32m&quot;2&quot;[39m
              [33mviewBox[39m=[32m&quot;0 0 24 24&quot;[39m
              [33mwidth[39m=[32m&quot;24&quot;[39m
              [33mxmlns[39m=[32m&quot;http://www.w3.org/2000/svg&quot;[39m
            [36m&gt;[39m
              [36m&lt;path[39m
                [33md[39m=[32m&quot;M20 6 9 17l-5-5&quot;[39m
              [36m/&gt;[39m
            [36m&lt;/svg&gt;[39m
          [36m&lt;/button&gt;[39m
        [36m&lt;/div&gt;[39m
      [36m&lt;/div&gt;[39m
      [36m&lt;p[39m
        [33mclass[39m=[32m&quot;text-sm text-green-600 text-center&quot;[39m
        [33mstyle[39m=[32m&quot;opacity: 0;&quot;[39m
      [36m&gt;[39m
        [0mRecording ready ([0m
        [0m0:00[0m
        [0m)[0m
      [36m&lt;/p&gt;[39m
    [36m&lt;/div&gt;[39m
  [36m&lt;/div&gt;[39m
[36m&lt;/body&gt;[39m" type="TestingLibraryElementError">
TestingLibraryElementError: Unable to find an accessible element with the role &quot;button&quot; and name `/rotateccw/i`

Here are the accessible roles:

  button:

  Name &quot;&quot;:
  &lt;button
    class=&quot;inline-flex items-center justify-center gap-2 whitespace-nowrap text-sm font-medium transition-colors focus-visible:outline-none focus-visible:ring-1 focus-visible:ring-ring disabled:pointer-events-none disabled:opacity-50 [&amp;_svg]:pointer-events-none [&amp;_svg]:size-4 [&amp;_svg]:shrink-0 bg-primary text-primary-foreground shadow px-4 py-2 w-14 h-14 rounded-full glass-strong hover:bg-white/30 border border-white/40&quot;
  /&gt;

  Name &quot;&quot;:
  &lt;button
    class=&quot;inline-flex items-center justify-center gap-2 whitespace-nowrap text-sm font-medium transition-colors focus-visible:outline-none focus-visible:ring-1 focus-visible:ring-ring disabled:pointer-events-none disabled:opacity-50 [&amp;_svg]:pointer-events-none [&amp;_svg]:size-4 [&amp;_svg]:shrink-0 hover:bg-primary/90 px-4 py-2 w-20 h-20 rounded-full bg-gradient-to-br from-green-400 to-emerald-600 hover:from-green-500 hover:to-emerald-700 text-white shadow-xl shadow-green-500/40 border-4 border-white/50&quot;
  /&gt;

  --------------------------------------------------
  paragraph:

  Name &quot;&quot;:
  &lt;p
    class=&quot;text-sm text-green-600 text-center&quot;
    style=&quot;opacity: 0;&quot;
  /&gt;

  --------------------------------------------------

Ignored nodes: comments, script, style
&lt;body&gt;
  &lt;div&gt;
    &lt;div
      class=&quot;space-y-4&quot;
    &gt;
      &lt;div
        class=&quot;relative aspect-[9/16] max-h-[400px] rounded-3xl overflow-hidden bg-gradient-to-br from-purple-900/20 via-blue-900/20 to-indigo-900/20 border border-white/30 shadow-2xl&quot;
      &gt;
        &lt;div
          class=&quot;absolute inset-0 bg-gradient-to-t from-black/30 via-transparent to-transparent pointer-events-none z-10&quot;
        /&gt;
        &lt;video
          class=&quot;absolute inset-0 w-full h-full object-cover&quot;
          controls=&quot;&quot;
          playsinline=&quot;&quot;
          src=&quot;blob:mock-url&quot;
        /&gt;
        &lt;div
          class=&quot;absolute top-4 left-4 right-4 flex items-center justify-between z-30&quot;
        &gt;
          &lt;div
            class=&quot;glass-strong px-3 py-1.5 rounded-full flex items-center gap-2 &quot;
            style=&quot;opacity: 0; transform: translateX(-20px);&quot;
          &gt;
            &lt;span
              class=&quot;text-white font-mono text-sm font-medium&quot;
            &gt;
              0:00
               / 
              1:30
            &lt;/span&gt;
          &lt;/div&gt;
        &lt;/div&gt;
      &lt;/div&gt;
      &lt;div
        class=&quot;flex items-center justify-center gap-4 py-2&quot;
      &gt;
        &lt;div
          class=&quot;flex items-center gap-4&quot;
          style=&quot;opacity: 0; transform: scale(0.8);&quot;
        &gt;
          &lt;button
            class=&quot;inline-flex items-center justify-center gap-2 whitespace-nowrap text-sm font-medium transition-colors focus-visible:outline-none focus-visible:ring-1 focus-visible:ring-ring disabled:pointer-events-none disabled:opacity-50 [&amp;_svg]:pointer-events-none [&amp;_svg]:size-4 [&amp;_svg]:shrink-0 bg-primary text-primary-foreground shadow px-4 py-2 w-14 h-14 rounded-full glass-strong hover:bg-white/30 border border-white/40&quot;
          &gt;
            &lt;svg
              aria-hidden=&quot;true&quot;
              class=&quot;lucide lucide-rotate-ccw w-6 h-6 text-gray-700&quot;
              fill=&quot;none&quot;
              height=&quot;24&quot;
              stroke=&quot;currentColor&quot;
              stroke-linecap=&quot;round&quot;
              stroke-linejoin=&quot;round&quot;
              stroke-width=&quot;2&quot;
              viewBox=&quot;0 0 24 24&quot;
              width=&quot;24&quot;
              xmlns=&quot;http://www.w3.org/2000/svg&quot;
            &gt;
              &lt;path
                d=&quot;M3 12a9 9 0 1 0 9-9 9.75 9.75 0 0 0-6.74 2.74L3 8&quot;
              /&gt;
              &lt;path
                d=&quot;M3 3v5h5&quot;
              /&gt;
            &lt;/svg&gt;
          &lt;/button&gt;
          &lt;button
            class=&quot;inline-flex items-center justify-center gap-2 whitespace-nowrap text-sm font-medium transition-colors focus-visible:outline-none focus-visible:ring-1 focus-visible:ring-ring disabled:pointer-events-none disabled:opacity-50 [&amp;_svg]:pointer-events-none [&amp;_svg]:size-4 [&amp;_svg]:shrink-0 hover:bg-primary/90 px-4 py-2 w-20 h-20 rounded-full bg-gradient-to-br from-green-400 to-emerald-600 hover:from-green-500 hover:to-emerald-700 text-white shadow-xl shadow-green-500/40 border-4 border-white/50&quot;
          &gt;
            &lt;svg
              aria-hidden=&quot;true&quot;
              class=&quot;lucide lucide-check w-8 h-8&quot;
              fill=&quot;none&quot;
              height=&quot;24&quot;
              stroke=&quot;currentColor&quot;
              stroke-linecap=&quot;round&quot;
              stroke-linejoin=&quot;round&quot;
              stroke-width=&quot;2&quot;
              viewBox=&quot;0 0 24 24&quot;
              width=&quot;24&quot;
              xmlns=&quot;http://www.w3.org/2000/svg&quot;
            &gt;
              &lt;path
                d=&quot;M20 6 9 17l-5-5&quot;
              /&gt;
            &lt;/svg&gt;
          &lt;/button&gt;
        &lt;/div&gt;
      &lt;/div&gt;
      &lt;p
        class=&quot;text-sm text-green-600 text-center&quot;
        style=&quot;opacity: 0;&quot;
      &gt;
        Recording ready (
        0:00
        )
      &lt;/p&gt;
    &lt;/div&gt;
  &lt;/div&gt;
&lt;/body&gt;
 ❯ Object.getElementError node_modules/@testing-library/dom/dist/config.js:37:19
 ❯ node_modules/@testing-library/dom/dist/query-helpers.js:76:38
 ❯ node_modules/@testing-library/dom/dist/query-helpers.js:52:17
 ❯ node_modules/@testing-library/dom/dist/query-helpers.js:95:19
 ❯ src/components/__tests__/VideoRecorder.test.tsx:312:34
            </failure>
        </testcase>
        <testcase classname="src/components/__tests__/VideoRecorder.test.tsx" name="VideoRecorder &gt; preview and confirmation &gt; should show recording ready message" time="0.009994384">
            <failure message="Found multiple elements with the text: /0:30/

Here are the matching elements:

Ignored nodes: comments, script, style
[36m&lt;span[39m
  [33mclass[39m=[32m&quot;text-white font-mono text-sm font-medium&quot;[39m
[36m&gt;[39m
  [0m0:30[0m
  [0m / [0m
  [0m1:30[0m
[36m&lt;/span&gt;[39m

Ignored nodes: comments, script, style
[36m&lt;p[39m
  [33mclass[39m=[32m&quot;text-sm text-green-600 text-center&quot;[39m
  [33mstyle[39m=[32m&quot;opacity: 0;&quot;[39m
[36m&gt;[39m
  [0mRecording ready ([0m
  [0m0:30[0m
  [0m)[0m
[36m&lt;/p&gt;[39m

(If this is intentional, then use the `*AllBy*` variant of the query (like `queryAllByText`, `getAllByText`, or `findAllByText`)).

Ignored nodes: comments, script, style
[36m&lt;body&gt;[39m
  [36m&lt;div&gt;[39m
    [36m&lt;div[39m
      [33mclass[39m=[32m&quot;space-y-4&quot;[39m
    [36m&gt;[39m
      [36m&lt;div[39m
        [33mclass[39m=[32m&quot;relative aspect-[9/16] max-h-[400px] rounded-3xl overflow-hidden bg-gradient-to-br from-purple-900/20 via-blue-900/20 to-indigo-900/20 border border-white/30 shadow-2xl&quot;[39m
      [36m&gt;[39m
        [36m&lt;div[39m
          [33mclass[39m=[32m&quot;absolute inset-0 bg-gradient-to-t from-black/30 via-transparent to-transparent pointer-events-none z-10&quot;[39m
        [36m/&gt;[39m
        [36m&lt;video[39m
          [33mclass[39m=[32m&quot;absolute inset-0 w-full h-full object-cover&quot;[39m
          [33mcontrols[39m=[32m&quot;&quot;[39m
          [33mplaysinline[39m=[32m&quot;&quot;[39m
          [33msrc[39m=[32m&quot;blob:mock-url&quot;[39m
        [36m/&gt;[39m
        [36m&lt;div[39m
          [33mclass[39m=[32m&quot;absolute top-4 left-4 right-4 flex items-center justify-between z-30&quot;[39m
        [36m&gt;[39m
          [36m&lt;div[39m
            [33mclass[39m=[32m&quot;glass-strong px-3 py-1.5 rounded-full flex items-center gap-2 &quot;[39m
            [33mstyle[39m=[32m&quot;opacity: 0; transform: translateX(-20px);&quot;[39m
          [36m&gt;[39m
            [36m&lt;span[39m
              [33mclass[39m=[32m&quot;text-white font-mono text-sm font-medium&quot;[39m
            [36m&gt;[39m
              [0m0:30[0m
              [0m / [0m
              [0m1:30[0m
            [36m&lt;/span&gt;[39m
          [36m&lt;/div&gt;[39m
        [36m&lt;/div&gt;[39m
      [36m&lt;/div&gt;[39m
      [36m&lt;div[39m
        [33mclass[39m=[32m&quot;flex items-center justify-center gap-4 py-2&quot;[39m
      [36m&gt;[39m
        [36m&lt;div[39m
          [33mclass[39m=[32m&quot;flex items-center gap-4&quot;[39m
          [33mstyle[39m=[32m&quot;opacity: 0; transform: scale(0.8);&quot;[39m
        [36m&gt;[39m
          [36m&lt;button[39m
            [33mclass[39m=[32m&quot;inline-flex items-center justify-center gap-2 whitespace-nowrap text-sm font-medium transition-colors focus-visible:outline-none focus-visible:ring-1 focus-visible:ring-ring disabled:pointer-events-none disabled:opacity-50 [&amp;_svg]:pointer-events-none [&amp;_svg]:size-4 [&amp;_svg]:shrink-0 bg-primary text-primary-foreground shadow px-4 py-2 w-14 h-14 rounded-full glass-strong hover:bg-white/30 border border-white/40&quot;[39m
          [36m&gt;[39m
            [36m&lt;svg[39m
              [33maria-hidden[39m=[32m&quot;true&quot;[39m
              [33mclass[39m=[32m&quot;lucide lucide-rotate-ccw w-6 h-6 text-gray-700&quot;[39m
              [33mfill[39m=[32m&quot;none&quot;[39m
              [33mheight[39m=[32m&quot;24&quot;[39m
              [33mstroke[39m=[32m&quot;currentColor&quot;[39m
              [33mstroke-linecap[39m=[32m&quot;round&quot;[39m
              [33mstroke-linejoin[39m=[32m&quot;round&quot;[39m
              [33mstroke-width[39m=[32m&quot;2&quot;[39m
              [33mviewBox[39m=[32m&quot;0 0 24 24&quot;[39m
              [33mwidth[39m=[32m&quot;24&quot;[39m
              [33mxmlns[39m=[32m&quot;http://www.w3.org/2000/svg&quot;[39m
            [36m&gt;[39m
              [36m&lt;path[39m
                [33md[39m=[32m&quot;M3 12a9 9 0 1 0 9-9 9.75 9.75 0 0 0-6.74 2.74L3 8&quot;[39m
              [36m/&gt;[39m
              [36m&lt;path[39m
                [33md[39m=[32m&quot;M3 3v5h5&quot;[39m
              [36m/&gt;[39m
            [36m&lt;/svg&gt;[39m
          [36m&lt;/button&gt;[39m
          [36m&lt;button[39m
            [33mclass[39m=[32m&quot;inline-flex items-center justify-center gap-2 whitespace-nowrap text-sm font-medium transition-colors focus-visible:outline-none focus-visible:ring-1 focus-visible:ring-ring disabled:pointer-events-none disabled:opacity-50 [&amp;_svg]:pointer-events-none [&amp;_svg]:size-4 [&amp;_svg]:shrink-0 hover:bg-primary/90 px-4 py-2 w-20 h-20 rounded-full bg-gradient-to-br from-green-400 to-emerald-600 hover:from-green-500 hover:to-emerald-700 text-white shadow-xl shadow-green-500/40 border-4 border-white/50&quot;[39m
          [36m&gt;[39m
            [36m&lt;svg[39m
              [33maria-hidden[39m=[32m&quot;true&quot;[39m
              [33mclass[39m=[32m&quot;lucide lucide-check w-8 h-8&quot;[39m
              [33mfill[39m=[32m&quot;none&quot;[39m
              [33mheight[39m=[32m&quot;24&quot;[39m
              [33mstroke[39m=[32m&quot;currentColor&quot;[39m
              [33mstroke-linecap[39m=[32m&quot;round&quot;[39m
              [33mstroke-linejoin[39m=[32m&quot;round&quot;[39m
              [33mstroke-width[39m=[32m&quot;2&quot;[39m
              [33mviewBox[39m=[32m&quot;0 0 24 24&quot;[39m
              [33mwidth[39m=[32m&quot;24&quot;[39m
              [33mxmlns[39m=[32m&quot;http://www.w3.org/2000/svg&quot;[39m
            [36m&gt;[39m
              [36m&lt;path[39m
                [33md[39m=[32m&quot;M20 6 9 17l-5-5&quot;[39m
              [36m/&gt;[39m
            [36m&lt;/svg&gt;[39m
          [36m&lt;/button&gt;[39m
        [36m&lt;/div&gt;[39m
      [36m&lt;/div&gt;[39m
      [36m&lt;p[39m
        [33mclass[39m=[32m&quot;text-sm text-green-600 text-center&quot;[39m
        [33mstyle[39m=[32m&quot;opacity: 0;&quot;[39m
      [36m&gt;[39m
        [0mRecording ready ([0m
        [0m0:30[0m
        [0m)[0m
      [36m&lt;/p&gt;[39m
    [36m&lt;/div&gt;[39m
  [36m&lt;/div&gt;[39m
[36m&lt;/body&gt;[39m" type="TestingLibraryElementError">
TestingLibraryElementError: Found multiple elements with the text: /0:30/

Here are the matching elements:

Ignored nodes: comments, script, style
&lt;span
  class=&quot;text-white font-mono text-sm font-medium&quot;
&gt;
  0:30
   / 
  1:30
&lt;/span&gt;

Ignored nodes: comments, script, style
&lt;p
  class=&quot;text-sm text-green-600 text-center&quot;
  style=&quot;opacity: 0;&quot;
&gt;
  Recording ready (
  0:30
  )
&lt;/p&gt;

(If this is intentional, then use the `*AllBy*` variant of the query (like `queryAllByText`, `getAllByText`, or `findAllByText`)).

Ignored nodes: comments, script, style
&lt;body&gt;
  &lt;div&gt;
    &lt;div
      class=&quot;space-y-4&quot;
    &gt;
      &lt;div
        class=&quot;relative aspect-[9/16] max-h-[400px] rounded-3xl overflow-hidden bg-gradient-to-br from-purple-900/20 via-blue-900/20 to-indigo-900/20 border border-white/30 shadow-2xl&quot;
      &gt;
        &lt;div
          class=&quot;absolute inset-0 bg-gradient-to-t from-black/30 via-transparent to-transparent pointer-events-none z-10&quot;
        /&gt;
        &lt;video
          class=&quot;absolute inset-0 w-full h-full object-cover&quot;
          controls=&quot;&quot;
          playsinline=&quot;&quot;
          src=&quot;blob:mock-url&quot;
        /&gt;
        &lt;div
          class=&quot;absolute top-4 left-4 right-4 flex items-center justify-between z-30&quot;
        &gt;
          &lt;div
            class=&quot;glass-strong px-3 py-1.5 rounded-full flex items-center gap-2 &quot;
            style=&quot;opacity: 0; transform: translateX(-20px);&quot;
          &gt;
            &lt;span
              class=&quot;text-white font-mono text-sm font-medium&quot;
            &gt;
              0:30
               / 
              1:30
            &lt;/span&gt;
          &lt;/div&gt;
        &lt;/div&gt;
      &lt;/div&gt;
      &lt;div
        class=&quot;flex items-center justify-center gap-4 py-2&quot;
      &gt;
        &lt;div
          class=&quot;flex items-center gap-4&quot;
          style=&quot;opacity: 0; transform: scale(0.8);&quot;
        &gt;
          &lt;button
            class=&quot;inline-flex items-center justify-center gap-2 whitespace-nowrap text-sm font-medium transition-colors focus-visible:outline-none focus-visible:ring-1 focus-visible:ring-ring disabled:pointer-events-none disabled:opacity-50 [&amp;_svg]:pointer-events-none [&amp;_svg]:size-4 [&amp;_svg]:shrink-0 bg-primary text-primary-foreground shadow px-4 py-2 w-14 h-14 rounded-full glass-strong hover:bg-white/30 border border-white/40&quot;
          &gt;
            &lt;svg
              aria-hidden=&quot;true&quot;
              class=&quot;lucide lucide-rotate-ccw w-6 h-6 text-gray-700&quot;
              fill=&quot;none&quot;
              height=&quot;24&quot;
              stroke=&quot;currentColor&quot;
              stroke-linecap=&quot;round&quot;
              stroke-linejoin=&quot;round&quot;
              stroke-width=&quot;2&quot;
              viewBox=&quot;0 0 24 24&quot;
              width=&quot;24&quot;
              xmlns=&quot;http://www.w3.org/2000/svg&quot;
            &gt;
              &lt;path
                d=&quot;M3 12a9 9 0 1 0 9-9 9.75 9.75 0 0 0-6.74 2.74L3 8&quot;
              /&gt;
              &lt;path
                d=&quot;M3 3v5h5&quot;
              /&gt;
            &lt;/svg&gt;
          &lt;/button&gt;
          &lt;button
            class=&quot;inline-flex items-center justify-center gap-2 whitespace-nowrap text-sm font-medium transition-colors focus-visible:outline-none focus-visible:ring-1 focus-visible:ring-ring disabled:pointer-events-none disabled:opacity-50 [&amp;_svg]:pointer-events-none [&amp;_svg]:size-4 [&amp;_svg]:shrink-0 hover:bg-primary/90 px-4 py-2 w-20 h-20 rounded-full bg-gradient-to-br from-green-400 to-emerald-600 hover:from-green-500 hover:to-emerald-700 text-white shadow-xl shadow-green-500/40 border-4 border-white/50&quot;
          &gt;
            &lt;svg
              aria-hidden=&quot;true&quot;
              class=&quot;lucide lucide-check w-8 h-8&quot;
              fill=&quot;none&quot;
              height=&quot;24&quot;
              stroke=&quot;currentColor&quot;
              stroke-linecap=&quot;round&quot;
              stroke-linejoin=&quot;round&quot;
              stroke-width=&quot;2&quot;
              viewBox=&quot;0 0 24 24&quot;
              width=&quot;24&quot;
              xmlns=&quot;http://www.w3.org/2000/svg&quot;
            &gt;
              &lt;path
                d=&quot;M20 6 9 17l-5-5&quot;
              /&gt;
            &lt;/svg&gt;
          &lt;/button&gt;
        &lt;/div&gt;
      &lt;/div&gt;
      &lt;p
        class=&quot;text-sm text-green-600 text-center&quot;
        style=&quot;opacity: 0;&quot;
      &gt;
        Recording ready (
        0:30
        )
      &lt;/p&gt;
    &lt;/div&gt;
  &lt;/div&gt;
&lt;/body&gt;
 ❯ Object.getElementError node_modules/@testing-library/dom/dist/config.js:37:19
 ❯ getElementError node_modules/@testing-library/dom/dist/query-helpers.js:20:35
 ❯ getMultipleElementsFoundError node_modules/@testing-library/dom/dist/query-helpers.js:23:10
 ❯ node_modules/@testing-library/dom/dist/query-helpers.js:55:13
 ❯ node_modules/@testing-library/dom/dist/query-helpers.js:95:19
 ❯ src/components/__tests__/VideoRecorder.test.tsx:324:21
            </failure>
        </testcase>
        <testcase classname="src/components/__tests__/VideoRecorder.test.tsx" name="VideoRecorder &gt; cancel &gt; should show cancel button when onCancel provided" time="0.021895131">
        </testcase>
        <testcase classname="src/components/__tests__/VideoRecorder.test.tsx" name="VideoRecorder &gt; cancel &gt; should not show cancel button when onCancel not provided" time="0.005553008">
        </testcase>
        <testcase classname="src/components/__tests__/VideoRecorder.test.tsx" name="VideoRecorder &gt; cancel &gt; should stop camera and call onCancel when clicked" time="0.056896851">
        </testcase>
        <testcase classname="src/components/__tests__/VideoRecorder.test.tsx" name="VideoRecorder &gt; accessibility &gt; should have accessible button labels" time="0.050331768">
            <failure message="[2mexpect([22m[31melement[39m[2m).toBeVisible()[22m

Received element is not visible:
  [31m&lt;button
  class=&quot;inline-flex items-center justify-center gap-2 whitespace-nowrap text-sm font-medium transition-colors focus-visible:outline-none focus-visible:ring-1 focus-visible:ring-ring disabled:pointer-events-none disabled:opacity-50 [&amp;_svg]:pointer-events-none [&amp;_svg]:size-4 [&amp;_svg]:shrink-0 hover:bg-primary/90 px-4 py-2 w-20 h-20 rounded-full bg-gradient-to-br from-red-400 to-red-600 hover:from-red-500 hover:to-red-700 text-white shadow-xl shadow-red-500/40 border-4 border-white/50&quot;
/&gt;[39m" type="Error">
Error: expect(element).toBeVisible()

Received element is not visible:
  &lt;button
  class=&quot;inline-flex items-center justify-center gap-2 whitespace-nowrap text-sm font-medium transition-colors focus-visible:outline-none focus-visible:ring-1 focus-visible:ring-ring disabled:pointer-events-none disabled:opacity-50 [&amp;_svg]:pointer-events-none [&amp;_svg]:size-4 [&amp;_svg]:shrink-0 hover:bg-primary/90 px-4 py-2 w-20 h-20 rounded-full bg-gradient-to-br from-red-400 to-red-600 hover:from-red-500 hover:to-red-700 text-white shadow-xl shadow-red-500/40 border-4 border-white/50&quot;
/&gt;
 ❯ src/components/__tests__/VideoRecorder.test.tsx:363:24
 ❯ src/components/__tests__/VideoRecorder.test.tsx:362:15
            </failure>
        </testcase>
        <testcase classname="src/components/__tests__/VideoRecorder.test.tsx" name="VideoRecorder &gt; accessibility &gt; should support keyboard navigation" time="0.226432963">
            <failure message="Unable to find an accessible element with the role &quot;button&quot; and name `/video/i`

Here are the accessible roles:

  paragraph:

  Name &quot;&quot;:
  [36m&lt;p[39m
    [33mclass[39m=[32m&quot;text-white/90 text-sm mt-2 font-medium&quot;[39m
  [36m/&gt;[39m

  --------------------------------------------------
  button:

  Name &quot;&quot;:
  [36m&lt;button[39m
    [33mclass[39m=[32m&quot;glass-strong p-2 rounded-full&quot;[39m
    [33mtabindex[39m=[32m&quot;0&quot;[39m
  [36m/&gt;[39m

  Name &quot;&quot;:
  [36m&lt;button[39m
    [33mclass[39m=[32m&quot;inline-flex items-center justify-center gap-2 whitespace-nowrap text-sm font-medium transition-colors focus-visible:outline-none focus-visible:ring-1 focus-visible:ring-ring disabled:pointer-events-none disabled:opacity-50 [&amp;_svg]:pointer-events-none [&amp;_svg]:size-4 [&amp;_svg]:shrink-0 hover:bg-primary/90 px-4 py-2 w-20 h-20 rounded-full bg-gradient-to-br from-red-400 to-red-600 hover:from-red-500 hover:to-red-700 text-white shadow-xl shadow-red-500/40 border-4 border-white/50&quot;[39m
  [36m/&gt;[39m

  --------------------------------------------------

Ignored nodes: comments, script, style
[36m&lt;body&gt;[39m
  [36m&lt;div&gt;[39m
    [36m&lt;div[39m
      [33mclass[39m=[32m&quot;space-y-4&quot;[39m
    [36m&gt;[39m
      [36m&lt;div[39m
        [33mclass[39m=[32m&quot;relative aspect-[9/16] max-h-[400px] rounded-3xl overflow-hidden bg-gradient-to-br from-purple-900/20 via-blue-900/20 to-indigo-900/20 border border-white/30 shadow-2xl&quot;[39m
      [36m&gt;[39m
        [36m&lt;div[39m
          [33mclass[39m=[32m&quot;absolute inset-0 bg-gradient-to-t from-black/30 via-transparent to-transparent pointer-events-none z-10&quot;[39m
        [36m/&gt;[39m
        [36m&lt;video[39m
          [33mautoplay[39m=[32m&quot;&quot;[39m
          [33mclass[39m=[32m&quot;absolute inset-0 w-full h-full object-cover&quot;[39m
          [33mplaysinline[39m=[32m&quot;&quot;[39m
          [33mstyle[39m=[32m&quot;transform: scaleX(-1);&quot;[39m
        [36m/&gt;[39m
        [36m&lt;div[39m
          [33mclass[39m=[32m&quot;absolute inset-0 flex items-center justify-center z-20 pointer-events-none&quot;[39m
        [36m&gt;[39m
          [36m&lt;div[39m
            [33mclass[39m=[32m&quot;flex flex-col items-center&quot;[39m
            [33mstyle[39m=[32m&quot;opacity: 0; transform: scale(0.8);&quot;[39m
          [36m&gt;[39m
            [36m&lt;div&gt;[39m
              [36m&lt;svg[39m
                [33maria-hidden[39m=[32m&quot;true&quot;[39m
                [33mclass[39m=[32m&quot;lucide lucide-sparkles w-8 h-8 text-yellow-300/80&quot;[39m
                [33mfill[39m=[32m&quot;none&quot;[39m
                [33mheight[39m=[32m&quot;24&quot;[39m
                [33mstroke[39m=[32m&quot;currentColor&quot;[39m
                [33mstroke-linecap[39m=[32m&quot;round&quot;[39m
                [33mstroke-linejoin[39m=[32m&quot;round&quot;[39m
                [33mstroke-width[39m=[32m&quot;2&quot;[39m
                [33mviewBox[39m=[32m&quot;0 0 24 24&quot;[39m
                [33mwidth[39m=[32m&quot;24&quot;[39m
                [33mxmlns[39m=[32m&quot;http://www.w3.org/2000/svg&quot;[39m
              [36m&gt;[39m
                [36m&lt;path[39m
                  [33md[39m=[32m&quot;M11.017 2.814a1 1 0 0 1 1.966 0l1.051 5.558a2 2 0 0 0 1.594 1.594l5.558 1.051a1 1 0 0 1 0 1.966l-5.558 1.051a2 2 0 0 0-1.594 1.594l-1.051 5.558a1 1 0 0 1-1.966 0l-1.051-5.558a2 2 0 0 0-1.594-1.594l-5.558-1.051a1 1 0 0 1 0-1.966l5.558-1.051a2 2 0 0 0 1.594-1.594z&quot;[39m
                [36m/&gt;[39m
                [36m&lt;path[39m
                  [33md[39m=[32m&quot;M20 2v4&quot;[39m
                [36m/&gt;[39m
                [36m&lt;path[39m
                  [33md[39m=[32m&quot;M22 4h-4&quot;[39m
                [36m/&gt;[39m
                [36m&lt;circle[39m
                  [33mcx[39m=[32m&quot;4&quot;[39m
                  [33mcy[39m=[32m&quot;20&quot;[39m
                  [33mr[39m=[32m&quot;2&quot;[39m
                [36m/&gt;[39m
              [36m&lt;/svg&gt;[39m
            [36m&lt;/div&gt;[39m
            [36m&lt;p[39m
              [33mclass[39m=[32m&quot;text-white/90 text-sm mt-2 font-medium&quot;[39m
            [36m&gt;[39m
              [0mTap to record your prayer[0m
            [36m&lt;/p&gt;[39m
          [36m&lt;/div&gt;[39m
        [36m&lt;/div&gt;[39m
        [36m&lt;div[39m
          [33mclass[39m=[32m&quot;absolute top-4 left-4 right-4 flex items-center justify-between z-30&quot;[39m
        [36m&gt;[39m
          [36m&lt;div[39m
            [33mclass[39m=[32m&quot;glass-strong px-3 py-1.5 rounded-full flex items-center gap-2 &quot;[39m
            [33mstyle[39m=[32m&quot;opacity: 0; transform: translateX(-20px);&quot;[39m
          [36m&gt;[39m
            [36m&lt;span[39m
              [33mclass[39m=[32m&quot;text-white font-mono text-sm font-medium&quot;[39m
            [36m&gt;[39m
              [0m0:00[0m
              [0m / [0m
              [0m1:30[0m
            [36m&lt;/span&gt;[39m
          [36m&lt;/div&gt;[39m
          [36m&lt;button[39m
            [33mclass[39m=[32m&quot;glass-strong p-2 rounded-full&quot;[39m
            [33mtabindex[39m=[32m&quot;0&quot;[39m
          [36m&gt;[39m
            [36m&lt;svg[39m
              [33maria-hidden[39m=[32m&quot;true&quot;[39m
              [33mclass[39m=[32m&quot;lucide lucide-refresh-cw w-5 h-5 text-white&quot;[39m
              [33mfill[39m=[32m&quot;none&quot;[39m
              [33mheight[39m=[32m&quot;24&quot;[39m
              [33mstroke[39m=[32m&quot;currentColor&quot;[39m
              [33mstroke-linecap[39m=[32m&quot;round&quot;[39m
              [33mstroke-linejoin[39m=[32m&quot;round&quot;[39m
              [33mstroke-width[39m=[32m&quot;2&quot;[39m
              [33mviewBox[39m=[32m&quot;0 0 24 24&quot;[39m
              [33mwidth[39m=[32m&quot;24&quot;[39m
              [33mxmlns[39m=[32m&quot;http://www.w3.org/2000/svg&quot;[39m
            [36m&gt;[39m
              [36m&lt;path[39m
                [33md[39m=[32m&quot;M3 12a9 9 0 0 1 9-9 9.75 9.75 0 0 1 6.74 2.74L21 8&quot;[39m
              [36m/&gt;[39m
              [36m&lt;path[39m
                [33md[39m=[32m&quot;M21 3v5h-5&quot;[39m
              [36m/&gt;[39m
              [36m&lt;path[39m
                [33md[39m=[32m&quot;M21 12a9 9 0 0 1-9 9 9.75 9.75 0 0 1-6.74-2.74L3 16&quot;[39m
              [36m/&gt;[39m
              [36m&lt;path[39m
                [33md[39m=[32m&quot;M8 16H3v5&quot;[39m
              [36m/&gt;[39m
            [36m&lt;/svg&gt;[39m
          [36m&lt;/button&gt;[39m
        [36m&lt;/div&gt;[39m
      [36m&lt;/div&gt;[39m
      [36m&lt;div[39m
        [33mclass[39m=[32m&quot;flex items-center justify-center gap-4 py-2&quot;[39m
      [36m&gt;[39m
        [36m&lt;div[39m
          [33mstyle[39m=[32m&quot;opacity: 0; transform: scale(0.8);&quot;[39m
        [36m&gt;[39m
          [36m&lt;button[39m
            [33mclass[39m=[32m&quot;inline-flex items-center justify-center gap-2 whitespace-nowrap text-sm font-medium transition-colors focus-visible:outline-none focus-visible:ring-1 focus-visible:ring-ring disabled:pointer-events-none disabled:opacity-50 [&amp;_svg]:pointer-events-none [&amp;_svg]:size-4 [&amp;_svg]:shrink-0 hover:bg-primary/90 px-4 py-2 w-20 h-20 rounded-full bg-gradient-to-br from-red-400 to-red-600 hover:from-red-500 hover:to-red-700 text-white shadow-xl shadow-red-500/40 border-4 border-white/50&quot;[39m
          [36m&gt;[39m
            [36m&lt;svg[39m
              [33maria-hidden[39m=[32m&quot;true&quot;[39m
              [33mclass[39m=[32m&quot;lucide lucide-video w-8 h-8&quot;[39m
              [33mfill[39m=[32m&quot;none&quot;[39m
              [33mheight[39m=[32m&quot;24&quot;[39m
              [33mstroke[39m=[32m&quot;currentColor&quot;[39m
              [33mstroke-linecap[39m=[32m&quot;round&quot;[39m
              [33mstroke-linejoin[39m=[32m&quot;round&quot;[39m
              [33mstroke-width[39m=[32m&quot;2&quot;[39m
              [33mviewBox[39m=[32m&quot;0 0 24 24&quot;[39m
              [33mwidth[39m=[32m&quot;24&quot;[39m
              [33mxmlns[39m=[32m&quot;http://www.w3.org/2000/svg&quot;[39m
            [36m&gt;[39m
              [36m&lt;path[39m
                [33md[39m=[32m&quot;m16 13 5.223 3.482a.5.5 0 0 0 .777-.416V7.87a.5.5 0 0 0-.752-.432L16 10.5&quot;[39m
              [36m/&gt;[39m
              [36m&lt;rect[39m
                [33mheight[39m=[32m&quot;12&quot;[39m
                [33mrx[39m=[32m&quot;2&quot;[39m
                [33mwidth[39m=[32m&quot;14&quot;[39m
                [33mx[39m=[32m&quot;2&quot;[39m
                [33my[39m=[32m&quot;6&quot;[39m
              [36m/&gt;[39m
            [36m&lt;/svg&gt;[39m
          [36m&lt;/button&gt;[39m
        [36m&lt;/div&gt;[39m
      [36m&lt;/div&gt;[39m
    [36m&lt;/div&gt;[39m
  [36m&lt;/div&gt;[39m
[36m&lt;/body&gt;[39m" type="TestingLibraryElementError">
TestingLibraryElementError: Unable to find an accessible element with the role &quot;button&quot; and name `/video/i`

Here are the accessible roles:

  paragraph:

  Name &quot;&quot;:
  &lt;p
    class=&quot;text-white/90 text-sm mt-2 font-medium&quot;
  /&gt;

  --------------------------------------------------
  button:

  Name &quot;&quot;:
  &lt;button
    class=&quot;glass-strong p-2 rounded-full&quot;
    tabindex=&quot;0&quot;
  /&gt;

  Name &quot;&quot;:
  &lt;button
    class=&quot;inline-flex items-center justify-center gap-2 whitespace-nowrap text-sm font-medium transition-colors focus-visible:outline-none focus-visible:ring-1 focus-visible:ring-ring disabled:pointer-events-none disabled:opacity-50 [&amp;_svg]:pointer-events-none [&amp;_svg]:size-4 [&amp;_svg]:shrink-0 hover:bg-primary/90 px-4 py-2 w-20 h-20 rounded-full bg-gradient-to-br from-red-400 to-red-600 hover:from-red-500 hover:to-red-700 text-white shadow-xl shadow-red-500/40 border-4 border-white/50&quot;
  /&gt;

  --------------------------------------------------

Ignored nodes: comments, script, style
&lt;body&gt;
  &lt;div&gt;
    &lt;div
      class=&quot;space-y-4&quot;
    &gt;
      &lt;div
        class=&quot;relative aspect-[9/16] max-h-[400px] rounded-3xl overflow-hidden bg-gradient-to-br from-purple-900/20 via-blue-900/20 to-indigo-900/20 border border-white/30 shadow-2xl&quot;
      &gt;
        &lt;div
          class=&quot;absolute inset-0 bg-gradient-to-t from-black/30 via-transparent to-transparent pointer-events-none z-10&quot;
        /&gt;
        &lt;video
          autoplay=&quot;&quot;
          class=&quot;absolute inset-0 w-full h-full object-cover&quot;
          playsinline=&quot;&quot;
          style=&quot;transform: scaleX(-1);&quot;
        /&gt;
        &lt;div
          class=&quot;absolute inset-0 flex items-center justify-center z-20 pointer-events-none&quot;
        &gt;
          &lt;div
            class=&quot;flex flex-col items-center&quot;
            style=&quot;opacity: 0; transform: scale(0.8);&quot;
          &gt;
            &lt;div&gt;
              &lt;svg
                aria-hidden=&quot;true&quot;
                class=&quot;lucide lucide-sparkles w-8 h-8 text-yellow-300/80&quot;
                fill=&quot;none&quot;
                height=&quot;24&quot;
                stroke=&quot;currentColor&quot;
                stroke-linecap=&quot;round&quot;
                stroke-linejoin=&quot;round&quot;
                stroke-width=&quot;2&quot;
                viewBox=&quot;0 0 24 24&quot;
                width=&quot;24&quot;
                xmlns=&quot;http://www.w3.org/2000/svg&quot;
              &gt;
                &lt;path
                  d=&quot;M11.017 2.814a1 1 0 0 1 1.966 0l1.051 5.558a2 2 0 0 0 1.594 1.594l5.558 1.051a1 1 0 0 1 0 1.966l-5.558 1.051a2 2 0 0 0-1.594 1.594l-1.051 5.558a1 1 0 0 1-1.966 0l-1.051-5.558a2 2 0 0 0-1.594-1.594l-5.558-1.051a1 1 0 0 1 0-1.966l5.558-1.051a2 2 0 0 0 1.594-1.594z&quot;
                /&gt;
                &lt;path
                  d=&quot;M20 2v4&quot;
                /&gt;
                &lt;path
                  d=&quot;M22 4h-4&quot;
                /&gt;
                &lt;circle
                  cx=&quot;4&quot;
                  cy=&quot;20&quot;
                  r=&quot;2&quot;
                /&gt;
              &lt;/svg&gt;
            &lt;/div&gt;
            &lt;p
              class=&quot;text-white/90 text-sm mt-2 font-medium&quot;
            &gt;
              Tap to record your prayer
            &lt;/p&gt;
          &lt;/div&gt;
        &lt;/div&gt;
        &lt;div
          class=&quot;absolute top-4 left-4 right-4 flex items-center justify-between z-30&quot;
        &gt;
          &lt;div
            class=&quot;glass-strong px-3 py-1.5 rounded-full flex items-center gap-2 &quot;
            style=&quot;opacity: 0; transform: translateX(-20px);&quot;
          &gt;
            &lt;span
              class=&quot;text-white font-mono text-sm font-medium&quot;
            &gt;
              0:00
               / 
              1:30
            &lt;/span&gt;
          &lt;/div&gt;
          &lt;button
            class=&quot;glass-strong p-2 rounded-full&quot;
            tabindex=&quot;0&quot;
          &gt;
            &lt;svg
              aria-hidden=&quot;true&quot;
              class=&quot;lucide lucide-refresh-cw w-5 h-5 text-white&quot;
              fill=&quot;none&quot;
              height=&quot;24&quot;
              stroke=&quot;currentColor&quot;
              stroke-linecap=&quot;round&quot;
              stroke-linejoin=&quot;round&quot;
              stroke-width=&quot;2&quot;
              viewBox=&quot;0 0 24 24&quot;
              width=&quot;24&quot;
              xmlns=&quot;http://www.w3.org/2000/svg&quot;
            &gt;
              &lt;path
                d=&quot;M3 12a9 9 0 0 1 9-9 9.75 9.75 0 0 1 6.74 2.74L21 8&quot;
              /&gt;
              &lt;path
                d=&quot;M21 3v5h-5&quot;
              /&gt;
              &lt;path
                d=&quot;M21 12a9 9 0 0 1-9 9 9.75 9.75 0 0 1-6.74-2.74L3 16&quot;
              /&gt;
              &lt;path
                d=&quot;M8 16H3v5&quot;
              /&gt;
            &lt;/svg&gt;
          &lt;/button&gt;
        &lt;/div&gt;
      &lt;/div&gt;
      &lt;div
        class=&quot;flex items-center justify-center gap-4 py-2&quot;
      &gt;
        &lt;div
          style=&quot;opacity: 0; transform: scale(0.8);&quot;
        &gt;
          &lt;button
            class=&quot;inline-flex items-center justify-center gap-2 whitespace-nowrap text-sm font-medium transition-colors focus-visible:outline-none focus-visible:ring-1 focus-visible:ring-ring disabled:pointer-events-none disabled:opacity-50 [&amp;_svg]:pointer-events-none [&amp;_svg]:size-4 [&amp;_svg]:shrink-0 hover:bg-primary/90 px-4 py-2 w-20 h-20 rounded-full bg-gradient-to-br from-red-400 to-red-600 hover:from-red-500 hover:to-red-700 text-white shadow-xl shadow-red-500/40 border-4 border-white/50&quot;
          &gt;
            &lt;svg
              aria-hidden=&quot;true&quot;
              class=&quot;lucide lucide-video w-8 h-8&quot;
              fill=&quot;none&quot;
              height=&quot;24&quot;
              stroke=&quot;currentColor&quot;
              stroke-linecap=&quot;round&quot;
              stroke-linejoin=&quot;round&quot;
              stroke-width=&quot;2&quot;
              viewBox=&quot;0 0 24 24&quot;
              width=&quot;24&quot;
              xmlns=&quot;http://www.w3.org/2000/svg&quot;
            &gt;
              &lt;path
                d=&quot;m16 13 5.223 3.482a.5.5 0 0 0 .777-.416V7.87a.5.5 0 0 0-.752-.432L16 10.5&quot;
              /&gt;
              &lt;rect
                height=&quot;12&quot;
                rx=&quot;2&quot;
                width=&quot;14&quot;
                x=&quot;2&quot;
                y=&quot;6&quot;
              /&gt;
            &lt;/svg&gt;
          &lt;/button&gt;
        &lt;/div&gt;
      &lt;/div&gt;
    &lt;/div&gt;
  &lt;/div&gt;
&lt;/body&gt;
 ❯ Object.getElementError node_modules/@testing-library/dom/dist/config.js:37:19
 ❯ node_modules/@testing-library/dom/dist/query-helpers.js:76:38
 ❯ node_modules/@testing-library/dom/dist/query-helpers.js:52:17
 ❯ node_modules/@testing-library/dom/dist/query-helpers.js:95:19
 ❯ src/components/__tests__/VideoRecorder.test.tsx:372:35
            </failure>
        </testcase>
        <testcase classname="src/components/__tests__/VideoRecorder.test.tsx" name="VideoRecorder &gt; error handling &gt; should display error with proper styling" time="0.006088956">
        </testcase>
        <testcase classname="src/components/__tests__/VideoRecorder.test.tsx" name="VideoRecorder &gt; error handling &gt; should hide error message when error is null" time="0.012770896">
            <failure message="[2mexpect([22m[31melement[39m[2m).not.toBeInTheDocument()[22m

[31mexpected document not to contain element, found &lt;div
  class=&quot;bg-red-50/80 backdrop-blur-sm border border-red-200/50 rounded-xl p-3 text-sm text-red-700&quot;
  style=&quot;opacity: 0; transform: translateY(-10px);&quot;
&gt;
  Error message
&lt;/div&gt; instead[39m" type="Error">
Error: expect(element).not.toBeInTheDocument()

expected document not to contain element, found &lt;div
  class=&quot;bg-red-50/80 backdrop-blur-sm border border-red-200/50 rounded-xl p-3 text-sm text-red-700&quot;
  style=&quot;opacity: 0; transform: translateY(-10px);&quot;
&gt;
  Error message
&lt;/div&gt; instead
 ❯ src/components/__tests__/VideoRecorder.test.tsx:402:56
            </failure>
        </testcase>
        <testcase classname="src/components/__tests__/VideoRecorder.test.tsx" name="VideoRecorder &gt; paused state &gt; should show paused overlay" time="0.012329944">
        </testcase>
        <testcase classname="src/components/__tests__/VideoRecorder.test.tsx" name="VideoRecorder &gt; paused state &gt; should show paused indicator with icon" time="0.011334362">
        </testcase>
    </testsuite>
    <testsuite name="src/lib/__tests__/security.test.ts" timestamp="2025-11-29T10:40:01.246Z" hostname="runsc" tests="60" failures="7" errors="0" skipped="0" time="0.386481658">
        <testcase classname="src/lib/__tests__/security.test.ts" name="Security - Input Sanitization &gt; sanitizeInput &gt; should escape HTML special characters" time="0.001849254">
        </testcase>
        <testcase classname="src/lib/__tests__/security.test.ts" name="Security - Input Sanitization &gt; sanitizeInput &gt; should handle null bytes" time="0.00056364">
        </testcase>
        <testcase classname="src/lib/__tests__/security.test.ts" name="Security - Input Sanitization &gt; sanitizeInput &gt; should escape ampersands" time="0.000389314">
        </testcase>
        <testcase classname="src/lib/__tests__/security.test.ts" name="Security - Input Sanitization &gt; sanitizeInput &gt; should handle empty strings" time="0.000375447">
        </testcase>
        <testcase classname="src/lib/__tests__/security.test.ts" name="Security - Input Sanitization &gt; sanitizeHtml &gt; should remove script tags" time="0.136469987">
            <failure message="expected &apos;&amp;lt;p&amp;gt;Hello&amp;lt;/p&amp;gt;&amp;lt;script&amp;gt…&apos; not to contain &apos;alert&apos;" type="AssertionError">
AssertionError: expected &apos;&amp;lt;p&amp;gt;Hello&amp;lt;/p&amp;gt;&amp;lt;script&amp;gt…&apos; not to contain &apos;alert&apos;

Expected: &quot;alert&quot;
Received: &quot;&amp;lt;p&amp;gt;Hello&amp;lt;/p&amp;gt;&amp;lt;script&amp;gt;alert(&quot;XSS&quot;)&amp;lt;/script&amp;gt;&quot;

 ❯ src/lib/__tests__/security.test.ts:53:26
            </failure>
        </testcase>
        <testcase classname="src/lib/__tests__/security.test.ts" name="Security - Input Sanitization &gt; sanitizeHtml &gt; should remove event handlers" time="0.000793839">
        </testcase>
        <testcase classname="src/lib/__tests__/security.test.ts" name="Security - Input Sanitization &gt; sanitizeHtml &gt; should remove javascript: URLs" time="0.000376731">
        </testcase>
        <testcase classname="src/lib/__tests__/security.test.ts" name="Security - Input Sanitization &gt; sanitizeHtml &gt; should handle empty strings" time="0.00021601">
        </testcase>
        <testcase classname="src/lib/__tests__/security.test.ts" name="Security - Input Sanitization &gt; sanitizeUserContent &gt; should remove dangerous tags" time="0.000422429">
        </testcase>
        <testcase classname="src/lib/__tests__/security.test.ts" name="Security - Input Sanitization &gt; sanitizeUserContent &gt; should allow safe tags" time="0.000363303">
        </testcase>
        <testcase classname="src/lib/__tests__/security.test.ts" name="Security - Input Sanitization &gt; sanitizeFileName &gt; should remove path traversal attempts" time="0.000341936">
        </testcase>
        <testcase classname="src/lib/__tests__/security.test.ts" name="Security - Input Sanitization &gt; sanitizeFileName &gt; should replace special characters" time="0.000247239">
        </testcase>
        <testcase classname="src/lib/__tests__/security.test.ts" name="Security - Input Sanitization &gt; sanitizeFileName &gt; should limit length" time="0.000259281">
        </testcase>
        <testcase classname="src/lib/__tests__/security.test.ts" name="Security - Validators &gt; validators.email &gt; should validate correct email addresses" time="0.000368282">
        </testcase>
        <testcase classname="src/lib/__tests__/security.test.ts" name="Security - Validators &gt; validators.email &gt; should reject invalid email addresses" time="0.00025276">
        </testcase>
        <testcase classname="src/lib/__tests__/security.test.ts" name="Security - Validators &gt; validators.url &gt; should validate correct URLs" time="0.000266526">
        </testcase>
        <testcase classname="src/lib/__tests__/security.test.ts" name="Security - Validators &gt; validators.url &gt; should reject invalid URLs" time="0.000252357">
        </testcase>
        <testcase classname="src/lib/__tests__/security.test.ts" name="Security - Validators &gt; validators.uuid &gt; should validate correct UUIDs" time="0.000450335">
        </testcase>
        <testcase classname="src/lib/__tests__/security.test.ts" name="Security - Validators &gt; validators.uuid &gt; should reject invalid UUIDs" time="0.000210771">
        </testcase>
        <testcase classname="src/lib/__tests__/security.test.ts" name="Security - Validators &gt; validators.coordinates &gt; should validate correct coordinates" time="0.000322845">
        </testcase>
        <testcase classname="src/lib/__tests__/security.test.ts" name="Security - Validators &gt; validators.coordinates &gt; should reject invalid coordinates" time="0.000337015">
        </testcase>
        <testcase classname="src/lib/__tests__/security.test.ts" name="Security - Validators &gt; validators.prayerContent &gt; should validate correct prayer content" time="0.000874762">
        </testcase>
        <testcase classname="src/lib/__tests__/security.test.ts" name="Security - Validators &gt; validators.prayerContent &gt; should reject empty content" time="0.000609109">
        </testcase>
        <testcase classname="src/lib/__tests__/security.test.ts" name="Security - Validators &gt; validators.prayerContent &gt; should reject content that is too short" time="0.000266946">
        </testcase>
        <testcase classname="src/lib/__tests__/security.test.ts" name="Security - Validators &gt; validators.prayerContent &gt; should reject content that is too long" time="0.000250575">
        </testcase>
        <testcase classname="src/lib/__tests__/security.test.ts" name="Security - Validators &gt; validators.prayerContent &gt; should reject content with suspicious patterns" time="0.000258465">
        </testcase>
        <testcase classname="src/lib/__tests__/security.test.ts" name="Security - Validators &gt; validators.username &gt; should validate correct usernames" time="0.000403881">
        </testcase>
        <testcase classname="src/lib/__tests__/security.test.ts" name="Security - Validators &gt; validators.username &gt; should reject username that is too short" time="0.000304178">
        </testcase>
        <testcase classname="src/lib/__tests__/security.test.ts" name="Security - Validators &gt; validators.username &gt; should reject username with invalid characters" time="0.000264792">
        </testcase>
        <testcase classname="src/lib/__tests__/security.test.ts" name="Security - Secure Storage &gt; should store and retrieve values" time="0.002053188">
        </testcase>
        <testcase classname="src/lib/__tests__/security.test.ts" name="Security - Secure Storage &gt; should store encrypted values" time="0.000308614">
        </testcase>
        <testcase classname="src/lib/__tests__/security.test.ts" name="Security - Secure Storage &gt; should retrieve encrypted values" time="0.000286416">
        </testcase>
        <testcase classname="src/lib/__tests__/security.test.ts" name="Security - Secure Storage &gt; should remove values" time="0.000487745">
        </testcase>
        <testcase classname="src/lib/__tests__/security.test.ts" name="Security - Secure Storage &gt; should clear all values" time="0.00031505">
        </testcase>
        <testcase classname="src/lib/__tests__/security.test.ts" name="Security - Secure Storage &gt; should return null for non-existent keys" time="0.000194254">
        </testcase>
        <testcase classname="src/lib/__tests__/security.test.ts" name="Security - Rate Limiting &gt; should allow requests within limit" time="0.002330143">
        </testcase>
        <testcase classname="src/lib/__tests__/security.test.ts" name="Security - Rate Limiting &gt; should block requests over limit" time="0.00044251">
        </testcase>
        <testcase classname="src/lib/__tests__/security.test.ts" name="Security - Rate Limiting &gt; should reset after window expires" time="0.001081676">
        </testcase>
        <testcase classname="src/lib/__tests__/security.test.ts" name="Security - Rate Limiting &gt; should track remaining requests" time="0.000518358">
        </testcase>
        <testcase classname="src/lib/__tests__/security.test.ts" name="Security - Utility Functions &gt; generateNonce &gt; should generate unique nonces" time="0.001810321">
        </testcase>
        <testcase classname="src/lib/__tests__/security.test.ts" name="Security - Utility Functions &gt; safeJsonParse &gt; should parse valid JSON" time="0.000343467">
        </testcase>
        <testcase classname="src/lib/__tests__/security.test.ts" name="Security - Utility Functions &gt; safeJsonParse &gt; should return default on invalid JSON" time="0.003118197">
            <system-err>
JSON parse failed, using default value: SyntaxError: Unexpected token &apos;i&apos;, &quot;invalid json&quot; is not valid JSON
    at JSON.parse (&lt;anonymous&gt;)
    at safeJsonParse [90m(/home/user/prayermap/[39msrc/lib/security.ts:262:17[90m)[39m
    at [90m/home/user/prayermap/[39msrc/lib/__tests__/security.test.ts:339:22
    at [90mfile:///home/user/prayermap/[39mnode_modules/[4m@vitest/runner[24m/dist/index.js:145:11
    at [90mfile:///home/user/prayermap/[39mnode_modules/[4m@vitest/runner[24m/dist/index.js:919:26
    at [90mfile:///home/user/prayermap/[39mnode_modules/[4m@vitest/runner[24m/dist/index.js:1244:20
    at new Promise (&lt;anonymous&gt;)
    at runWithTimeout [90m(file:///home/user/prayermap/[39mnode_modules/[4m@vitest/runner[24m/dist/index.js:1210:10[90m)[39m
    at [90mfile:///home/user/prayermap/[39mnode_modules/[4m@vitest/runner[24m/dist/index.js:1654:37
    at Traces.$ [90m(file:///home/user/prayermap/[39mnode_modules/[4mvitest[24m/dist/chunks/traces.U4xDYhzZ.js:115:27[90m)[39m

            </system-err>
        </testcase>
        <testcase classname="src/lib/__tests__/security.test.ts" name="Security - Utility Functions &gt; safeJsonParse &gt; should handle complex objects" time="0.000298694">
        </testcase>
        <testcase classname="src/lib/__tests__/security.test.ts" name="Security - Utility Functions &gt; validateFileUpload &gt; should accept valid files" time="0.00118121">
        </testcase>
        <testcase classname="src/lib/__tests__/security.test.ts" name="Security - Utility Functions &gt; validateFileUpload &gt; should reject files that are too large" time="0.208696611">
        </testcase>
        <testcase classname="src/lib/__tests__/security.test.ts" name="Security - Utility Functions &gt; validateFileUpload &gt; should reject files with wrong type" time="0.000416952">
        </testcase>
        <testcase classname="src/lib/__tests__/security.test.ts" name="Security - Utility Functions &gt; validateFileUpload &gt; should reject files with suspicious extensions" time="0.000265958">
        </testcase>
        <testcase classname="src/lib/__tests__/security.test.ts" name="Security - Utility Functions &gt; validateFileUpload &gt; should support wildcard MIME types" time="0.000236556">
        </testcase>
        <testcase classname="src/lib/__tests__/security.test.ts" name="Security - Utility Functions &gt; hashString &gt; should hash strings consistently" time="0.002099547">
        </testcase>
        <testcase classname="src/lib/__tests__/security.test.ts" name="Security - Utility Functions &gt; hashString &gt; should produce different hashes for different inputs" time="0.000778429">
        </testcase>
        <testcase classname="src/lib/__tests__/security.test.ts" name="Security - XSS Prevention &gt; should prevent XSS vector 1: &lt;script&gt;alert(&quot;XSS&quot;)&lt;/script&gt;" time="0.000647056">
        </testcase>
        <testcase classname="src/lib/__tests__/security.test.ts" name="Security - XSS Prevention &gt; should prevent XSS vector 2: &lt;img src=x onerror=alert(&quot;XSS&quot;)&gt;" time="0.001671163">
            <failure message="expected &apos;&amp;lt;img src=x onerror=alert(&quot;xss&quot;)&amp;gt;&apos; not to match /on\w+=/" type="AssertionError">
AssertionError: expected &apos;&amp;lt;img src=x onerror=alert(&quot;xss&quot;)&amp;gt;&apos; not to match /on\w+=/

- Expected: 
/on\w+=/

+ Received: 
&quot;&amp;lt;img src=x onerror=alert(\&quot;xss\&quot;)&amp;gt;&quot;

 ❯ src/lib/__tests__/security.test.ts:448:43
            </failure>
        </testcase>
        <testcase classname="src/lib/__tests__/security.test.ts" name="Security - XSS Prevention &gt; should prevent XSS vector 3: &lt;svg onload=alert(&quot;XSS&quot;)&gt;" time="0.000736612">
            <failure message="expected &apos;&amp;lt;svg onload=alert(&quot;xss&quot;)&amp;gt;&apos; not to match /on\w+=/" type="AssertionError">
AssertionError: expected &apos;&amp;lt;svg onload=alert(&quot;xss&quot;)&amp;gt;&apos; not to match /on\w+=/

- Expected: 
/on\w+=/

+ Received: 
&quot;&amp;lt;svg onload=alert(\&quot;xss\&quot;)&amp;gt;&quot;

 ❯ src/lib/__tests__/security.test.ts:448:43
            </failure>
        </testcase>
        <testcase classname="src/lib/__tests__/security.test.ts" name="Security - XSS Prevention &gt; should prevent XSS vector 4: javascript:alert(&quot;XSS&quot;)" time="0.000365204">
        </testcase>
        <testcase classname="src/lib/__tests__/security.test.ts" name="Security - XSS Prevention &gt; should prevent XSS vector 5: &lt;iframe src=&quot;javascript:alert(&apos;XSS&apos;)&quot;&gt;" time="0.000314999">
        </testcase>
        <testcase classname="src/lib/__tests__/security.test.ts" name="Security - XSS Prevention &gt; should prevent XSS vector 6: &lt;body onload=alert(&quot;XSS&quot;)&gt;" time="0.000593876">
            <failure message="expected &apos;&amp;lt;body onload=alert(&quot;xss&quot;)&amp;gt;&apos; not to match /on\w+=/" type="AssertionError">
AssertionError: expected &apos;&amp;lt;body onload=alert(&quot;xss&quot;)&amp;gt;&apos; not to match /on\w+=/

- Expected: 
/on\w+=/

+ Received: 
&quot;&amp;lt;body onload=alert(\&quot;xss\&quot;)&amp;gt;&quot;

 ❯ src/lib/__tests__/security.test.ts:448:43
            </failure>
        </testcase>
        <testcase classname="src/lib/__tests__/security.test.ts" name="Security - XSS Prevention &gt; should prevent XSS vector 7: &lt;input onfocus=alert(&quot;XSS&quot;) autofocus&gt;" time="0.000621859">
            <failure message="expected &apos;&amp;lt;input onfocus=alert(&quot;xss&quot;) autofo…&apos; not to match /on\w+=/" type="AssertionError">
AssertionError: expected &apos;&amp;lt;input onfocus=alert(&quot;xss&quot;) autofo…&apos; not to match /on\w+=/

- Expected: 
/on\w+=/

+ Received: 
&quot;&amp;lt;input onfocus=alert(\&quot;xss\&quot;) autofocus&amp;gt;&quot;

 ❯ src/lib/__tests__/security.test.ts:448:43
            </failure>
        </testcase>
        <testcase classname="src/lib/__tests__/security.test.ts" name="Security - XSS Prevention &gt; should prevent XSS vector 8: &lt;select onfocus=alert(&quot;XSS&quot;) autofocus&gt;" time="0.000592611">
            <failure message="expected &apos;&amp;lt;select onfocus=alert(&quot;xss&quot;) autof…&apos; not to match /on\w+=/" type="AssertionError">
AssertionError: expected &apos;&amp;lt;select onfocus=alert(&quot;xss&quot;) autof…&apos; not to match /on\w+=/

- Expected: 
/on\w+=/

+ Received: 
&quot;&amp;lt;select onfocus=alert(\&quot;xss\&quot;) autofocus&amp;gt;&quot;

 ❯ src/lib/__tests__/security.test.ts:448:43
            </failure>
        </testcase>
        <testcase classname="src/lib/__tests__/security.test.ts" name="Security - XSS Prevention &gt; should prevent XSS vector 9: &lt;textarea onfocus=alert(&quot;XSS&quot;) autofocus&gt;" time="0.000589297">
            <failure message="expected &apos;&amp;lt;textarea onfocus=alert(&quot;xss&quot;) aut…&apos; not to match /on\w+=/" type="AssertionError">
AssertionError: expected &apos;&amp;lt;textarea onfocus=alert(&quot;xss&quot;) aut…&apos; not to match /on\w+=/

- Expected: 
/on\w+=/

+ Received: 
&quot;&amp;lt;textarea onfocus=alert(\&quot;xss\&quot;) autofocus&amp;gt;&quot;

 ❯ src/lib/__tests__/security.test.ts:448:43
            </failure>
        </testcase>
        <testcase classname="src/lib/__tests__/security.test.ts" name="Security - XSS Prevention &gt; should prevent XSS vector 10: &lt;object data=&quot;data:text/html,&lt;script&gt;alert(&apos;XSS&apos;)&lt;" time="0.000425034">
        </testcase>
    </testsuite>
    <testsuite name="src/hooks/__tests__/useAudioRecorder.test.ts" timestamp="2025-11-29T10:40:01.263Z" hostname="runsc" tests="46" failures="12" errors="0" skipped="0" time="120.151880743">
        <testcase classname="src/hooks/__tests__/useAudioRecorder.test.ts" name="useAudioRecorder &gt; initialization &gt; should initialize with correct default state" time="0.023196518">
        </testcase>
        <testcase classname="src/hooks/__tests__/useAudioRecorder.test.ts" name="useAudioRecorder &gt; initialization &gt; should not be recording initially" time="0.002769644">
        </testcase>
        <testcase classname="src/hooks/__tests__/useAudioRecorder.test.ts" name="useAudioRecorder &gt; initialization &gt; should have null audioBlob and audioUrl initially" time="0.001676329">
        </testcase>
        <testcase classname="src/hooks/__tests__/useAudioRecorder.test.ts" name="useAudioRecorder &gt; startRecording &gt; should request microphone permissions" time="0.006027298">
        </testcase>
        <testcase classname="src/hooks/__tests__/useAudioRecorder.test.ts" name="useAudioRecorder &gt; startRecording &gt; should start recording when permissions granted" time="10.009538256">
            <failure message="Test timed out in 10000ms.
If this is a long-running test, pass a timeout value as the last argument or configure it globally with &quot;testTimeout&quot;." type="Error">
Error: Test timed out in 10000ms.
If this is a long-running test, pass a timeout value as the last argument or configure it globally with &quot;testTimeout&quot;.
 ❯ src/hooks/__tests__/useAudioRecorder.test.ts:57:5
            </failure>
        </testcase>
        <testcase classname="src/hooks/__tests__/useAudioRecorder.test.ts" name="useAudioRecorder &gt; startRecording &gt; should set isRecording to true" time="0.002424441">
        </testcase>
        <testcase classname="src/hooks/__tests__/useAudioRecorder.test.ts" name="useAudioRecorder &gt; startRecording &gt; should start duration timer" time="10.002808074">
            <failure message="Test timed out in 10000ms.
If this is a long-running test, pass a timeout value as the last argument or configure it globally with &quot;testTimeout&quot;." type="Error">
Error: Test timed out in 10000ms.
If this is a long-running test, pass a timeout value as the last argument or configure it globally with &quot;testTimeout&quot;.
 ❯ src/hooks/__tests__/useAudioRecorder.test.ts:79:5
            </failure>
        </testcase>
        <testcase classname="src/hooks/__tests__/useAudioRecorder.test.ts" name="useAudioRecorder &gt; startRecording &gt; should handle permission denied error" time="0.00522472">
            <system-err>
Error starting recording: Error: Permission denied
    at [90m/home/user/prayermap/[39msrc/hooks/__tests__/useAudioRecorder.test.ts:99:9
    at [90mfile:///home/user/prayermap/[39mnode_modules/[4m@vitest/runner[24m/dist/index.js:145:11
    at [90mfile:///home/user/prayermap/[39mnode_modules/[4m@vitest/runner[24m/dist/index.js:919:26
    at [90mfile:///home/user/prayermap/[39mnode_modules/[4m@vitest/runner[24m/dist/index.js:1244:20
    at new Promise (&lt;anonymous&gt;)
    at runWithTimeout [90m(file:///home/user/prayermap/[39mnode_modules/[4m@vitest/runner[24m/dist/index.js:1210:10[90m)[39m
    at [90mfile:///home/user/prayermap/[39mnode_modules/[4m@vitest/runner[24m/dist/index.js:1654:37
    at Traces.$ [90m(file:///home/user/prayermap/[39mnode_modules/[4mvitest[24m/dist/chunks/traces.U4xDYhzZ.js:115:27[90m)[39m
    at trace [90m(file:///home/user/prayermap/[39mnode_modules/[4mvitest[24m/dist/chunks/test.DqQZzsWf.js:234:21[90m)[39m
    at runTest [90m(file:///home/user/prayermap/[39mnode_modules/[4m@vitest/runner[24m/dist/index.js:1654:12[90m)[39m

            </system-err>
        </testcase>
        <testcase classname="src/hooks/__tests__/useAudioRecorder.test.ts" name="useAudioRecorder &gt; startRecording &gt; should handle NotFoundError (no microphone)" time="0.005116062">
            <system-err>
Error starting recording: Error: NotFoundError
    at [90m/home/user/prayermap/[39msrc/hooks/__tests__/useAudioRecorder.test.ts:114:9
    at [90mfile:///home/user/prayermap/[39mnode_modules/[4m@vitest/runner[24m/dist/index.js:145:11
    at [90mfile:///home/user/prayermap/[39mnode_modules/[4m@vitest/runner[24m/dist/index.js:919:26
    at [90mfile:///home/user/prayermap/[39mnode_modules/[4m@vitest/runner[24m/dist/index.js:1244:20
    at new Promise (&lt;anonymous&gt;)
    at runWithTimeout [90m(file:///home/user/prayermap/[39mnode_modules/[4m@vitest/runner[24m/dist/index.js:1210:10[90m)[39m
    at [90mfile:///home/user/prayermap/[39mnode_modules/[4m@vitest/runner[24m/dist/index.js:1654:37
    at Traces.$ [90m(file:///home/user/prayermap/[39mnode_modules/[4mvitest[24m/dist/chunks/traces.U4xDYhzZ.js:115:27[90m)[39m
    at trace [90m(file:///home/user/prayermap/[39mnode_modules/[4mvitest[24m/dist/chunks/test.DqQZzsWf.js:234:21[90m)[39m
    at runTest [90m(file:///home/user/prayermap/[39mnode_modules/[4m@vitest/runner[24m/dist/index.js:1654:12[90m)[39m

            </system-err>
        </testcase>
        <testcase classname="src/hooks/__tests__/useAudioRecorder.test.ts" name="useAudioRecorder &gt; startRecording &gt; should use webm codec when supported" time="0.003218511">
        </testcase>
        <testcase classname="src/hooks/__tests__/useAudioRecorder.test.ts" name="useAudioRecorder &gt; startRecording &gt; should fallback to mp4 when webm not supported" time="0.003658519">
        </testcase>
        <testcase classname="src/hooks/__tests__/useAudioRecorder.test.ts" name="useAudioRecorder &gt; startRecording &gt; should collect audio chunks on dataavailable" time="0.002442184">
        </testcase>
        <testcase classname="src/hooks/__tests__/useAudioRecorder.test.ts" name="useAudioRecorder &gt; stopRecording &gt; should stop the media recorder" time="10.002199133">
            <failure message="Test timed out in 10000ms.
If this is a long-running test, pass a timeout value as the last argument or configure it globally with &quot;testTimeout&quot;." type="Error">
Error: Test timed out in 10000ms.
If this is a long-running test, pass a timeout value as the last argument or configure it globally with &quot;testTimeout&quot;.
 ❯ src/hooks/__tests__/useAudioRecorder.test.ts:168:5
            </failure>
        </testcase>
        <testcase classname="src/hooks/__tests__/useAudioRecorder.test.ts" name="useAudioRecorder &gt; stopRecording &gt; should stop the duration timer" time="10.00108947">
            <failure message="Test timed out in 10000ms.
If this is a long-running test, pass a timeout value as the last argument or configure it globally with &quot;testTimeout&quot;." type="Error">
Error: Test timed out in 10000ms.
If this is a long-running test, pass a timeout value as the last argument or configure it globally with &quot;testTimeout&quot;.
 ❯ src/hooks/__tests__/useAudioRecorder.test.ts:184:5
            </failure>
        </testcase>
        <testcase classname="src/hooks/__tests__/useAudioRecorder.test.ts" name="useAudioRecorder &gt; stopRecording &gt; should create audioBlob from chunks" time="10.002007127">
            <failure message="Test timed out in 10000ms.
If this is a long-running test, pass a timeout value as the last argument or configure it globally with &quot;testTimeout&quot;." type="Error">
Error: Test timed out in 10000ms.
If this is a long-running test, pass a timeout value as the last argument or configure it globally with &quot;testTimeout&quot;.
 ❯ src/hooks/__tests__/useAudioRecorder.test.ts:204:5
            </failure>
        </testcase>
        <testcase classname="src/hooks/__tests__/useAudioRecorder.test.ts" name="useAudioRecorder &gt; stopRecording &gt; should create audioUrl from blob" time="10.002121754">
            <failure message="Test timed out in 10000ms.
If this is a long-running test, pass a timeout value as the last argument or configure it globally with &quot;testTimeout&quot;." type="Error">
Error: Test timed out in 10000ms.
If this is a long-running test, pass a timeout value as the last argument or configure it globally with &quot;testTimeout&quot;.
 ❯ src/hooks/__tests__/useAudioRecorder.test.ts:220:5
            </failure>
        </testcase>
        <testcase classname="src/hooks/__tests__/useAudioRecorder.test.ts" name="useAudioRecorder &gt; stopRecording &gt; should stop all media tracks" time="10.002633976">
            <failure message="Test timed out in 10000ms.
If this is a long-running test, pass a timeout value as the last argument or configure it globally with &quot;testTimeout&quot;." type="Error">
Error: Test timed out in 10000ms.
If this is a long-running test, pass a timeout value as the last argument or configure it globally with &quot;testTimeout&quot;.
 ❯ src/hooks/__tests__/useAudioRecorder.test.ts:233:5
            </failure>
        </testcase>
        <testcase classname="src/hooks/__tests__/useAudioRecorder.test.ts" name="useAudioRecorder &gt; stopRecording &gt; should set isRecording to false" time="10.001883387">
            <failure message="Test timed out in 10000ms.
If this is a long-running test, pass a timeout value as the last argument or configure it globally with &quot;testTimeout&quot;." type="Error">
Error: Test timed out in 10000ms.
If this is a long-running test, pass a timeout value as the last argument or configure it globally with &quot;testTimeout&quot;.
 ❯ src/hooks/__tests__/useAudioRecorder.test.ts:255:5
            </failure>
        </testcase>
        <testcase classname="src/hooks/__tests__/useAudioRecorder.test.ts" name="useAudioRecorder &gt; pauseRecording &gt; should pause the media recorder" time="0.003738137">
        </testcase>
        <testcase classname="src/hooks/__tests__/useAudioRecorder.test.ts" name="useAudioRecorder &gt; pauseRecording &gt; should stop the timer" time="0.004023506">
        </testcase>
        <testcase classname="src/hooks/__tests__/useAudioRecorder.test.ts" name="useAudioRecorder &gt; pauseRecording &gt; should set isPaused to true" time="0.001952016">
        </testcase>
        <testcase classname="src/hooks/__tests__/useAudioRecorder.test.ts" name="useAudioRecorder &gt; pauseRecording &gt; should preserve duration when paused" time="0.004949131">
        </testcase>
        <testcase classname="src/hooks/__tests__/useAudioRecorder.test.ts" name="useAudioRecorder &gt; pauseRecording &gt; should do nothing if not recording" time="0.001606483">
        </testcase>
        <testcase classname="src/hooks/__tests__/useAudioRecorder.test.ts" name="useAudioRecorder &gt; resumeRecording &gt; should resume the media recorder" time="0.003311402">
        </testcase>
        <testcase classname="src/hooks/__tests__/useAudioRecorder.test.ts" name="useAudioRecorder &gt; resumeRecording &gt; should restart the timer from paused duration" time="0.003477372">
        </testcase>
        <testcase classname="src/hooks/__tests__/useAudioRecorder.test.ts" name="useAudioRecorder &gt; resumeRecording &gt; should set isPaused to false" time="0.002879973">
        </testcase>
        <testcase classname="src/hooks/__tests__/useAudioRecorder.test.ts" name="useAudioRecorder &gt; resumeRecording &gt; should do nothing if not paused" time="0.001843831">
        </testcase>
        <testcase classname="src/hooks/__tests__/useAudioRecorder.test.ts" name="useAudioRecorder &gt; resetRecording &gt; should stop any ongoing recording" time="0.002001564">
        </testcase>
        <testcase classname="src/hooks/__tests__/useAudioRecorder.test.ts" name="useAudioRecorder &gt; resetRecording &gt; should clear audioBlob and audioUrl" time="10.001418192">
            <failure message="Test timed out in 10000ms.
If this is a long-running test, pass a timeout value as the last argument or configure it globally with &quot;testTimeout&quot;." type="Error">
Error: Test timed out in 10000ms.
If this is a long-running test, pass a timeout value as the last argument or configure it globally with &quot;testTimeout&quot;.
 ❯ src/hooks/__tests__/useAudioRecorder.test.ts:415:5
            </failure>
        </testcase>
        <testcase classname="src/hooks/__tests__/useAudioRecorder.test.ts" name="useAudioRecorder &gt; resetRecording &gt; should revoke object URL" time="10.003307829">
            <failure message="Test timed out in 10000ms.
If this is a long-running test, pass a timeout value as the last argument or configure it globally with &quot;testTimeout&quot;." type="Error">
Error: Test timed out in 10000ms.
If this is a long-running test, pass a timeout value as the last argument or configure it globally with &quot;testTimeout&quot;.
 ❯ src/hooks/__tests__/useAudioRecorder.test.ts:435:5
            </failure>
        </testcase>
        <testcase classname="src/hooks/__tests__/useAudioRecorder.test.ts" name="useAudioRecorder &gt; resetRecording &gt; should reset duration to 0" time="0.005100922">
        </testcase>
        <testcase classname="src/hooks/__tests__/useAudioRecorder.test.ts" name="useAudioRecorder &gt; resetRecording &gt; should stop all tracks" time="0.003178544">
        </testcase>
        <testcase classname="src/hooks/__tests__/useAudioRecorder.test.ts" name="useAudioRecorder &gt; resetRecording &gt; should clear chunks" time="0.00223312">
        </testcase>
        <testcase classname="src/hooks/__tests__/useAudioRecorder.test.ts" name="useAudioRecorder &gt; duration tracking &gt; should update duration every 100ms while recording" time="10.001655955">
            <failure message="Test timed out in 10000ms.
If this is a long-running test, pass a timeout value as the last argument or configure it globally with &quot;testTimeout&quot;." type="Error">
Error: Test timed out in 10000ms.
If this is a long-running test, pass a timeout value as the last argument or configure it globally with &quot;testTimeout&quot;.
 ❯ src/hooks/__tests__/useAudioRecorder.test.ts:499:5
            </failure>
        </testcase>
        <testcase classname="src/hooks/__tests__/useAudioRecorder.test.ts" name="useAudioRecorder &gt; duration tracking &gt; should pause duration when recording is paused" time="0.004764502">
        </testcase>
        <testcase classname="src/hooks/__tests__/useAudioRecorder.test.ts" name="useAudioRecorder &gt; duration tracking &gt; should resume duration from correct point" time="0.003693039">
        </testcase>
        <testcase classname="src/hooks/__tests__/useAudioRecorder.test.ts" name="useAudioRecorder &gt; error handling &gt; should handle MediaRecorder errors" time="0.002709497">
        </testcase>
        <testcase classname="src/hooks/__tests__/useAudioRecorder.test.ts" name="useAudioRecorder &gt; error handling &gt; should set error state with descriptive message" time="0.002143363">
            <system-err>
Error starting recording: Error: NotAllowedError
    at [90m/home/user/prayermap/[39msrc/hooks/__tests__/useAudioRecorder.test.ts:573:9
    at [90mfile:///home/user/prayermap/[39mnode_modules/[4m@vitest/runner[24m/dist/index.js:145:11
    at [90mfile:///home/user/prayermap/[39mnode_modules/[4m@vitest/runner[24m/dist/index.js:919:26
    at [90mfile:///home/user/prayermap/[39mnode_modules/[4m@vitest/runner[24m/dist/index.js:1244:20
    at new Promise (&lt;anonymous&gt;)
    at runWithTimeout [90m(file:///home/user/prayermap/[39mnode_modules/[4m@vitest/runner[24m/dist/index.js:1210:10[90m)[39m
    at [90mfile:///home/user/prayermap/[39mnode_modules/[4m@vitest/runner[24m/dist/index.js:1654:37
    at Traces.$ [90m(file:///home/user/prayermap/[39mnode_modules/[4mvitest[24m/dist/chunks/traces.U4xDYhzZ.js:115:27[90m)[39m
    at trace [90m(file:///home/user/prayermap/[39mnode_modules/[4mvitest[24m/dist/chunks/test.DqQZzsWf.js:234:21[90m)[39m
    at runTest [90m(file:///home/user/prayermap/[39mnode_modules/[4m@vitest/runner[24m/dist/index.js:1654:12[90m)[39m

            </system-err>
        </testcase>
        <testcase classname="src/hooks/__tests__/useAudioRecorder.test.ts" name="useAudioRecorder &gt; error handling &gt; should clean up on error" time="0.002732761">
            <system-err>
Error starting recording: Error: Permission denied
    at [90m/home/user/prayermap/[39msrc/hooks/__tests__/useAudioRecorder.test.ts:587:9
    at [90mfile:///home/user/prayermap/[39mnode_modules/[4m@vitest/runner[24m/dist/index.js:145:11
    at [90mfile:///home/user/prayermap/[39mnode_modules/[4m@vitest/runner[24m/dist/index.js:919:26
    at [90mfile:///home/user/prayermap/[39mnode_modules/[4m@vitest/runner[24m/dist/index.js:1244:20
    at new Promise (&lt;anonymous&gt;)
    at runWithTimeout [90m(file:///home/user/prayermap/[39mnode_modules/[4m@vitest/runner[24m/dist/index.js:1210:10[90m)[39m
    at [90mfile:///home/user/prayermap/[39mnode_modules/[4m@vitest/runner[24m/dist/index.js:1654:37
    at Traces.$ [90m(file:///home/user/prayermap/[39mnode_modules/[4mvitest[24m/dist/chunks/traces.U4xDYhzZ.js:115:27[90m)[39m
    at trace [90m(file:///home/user/prayermap/[39mnode_modules/[4mvitest[24m/dist/chunks/test.DqQZzsWf.js:234:21[90m)[39m
    at runTest [90m(file:///home/user/prayermap/[39mnode_modules/[4m@vitest/runner[24m/dist/index.js:1654:12[90m)[39m

            </system-err>
        </testcase>
        <testcase classname="src/hooks/__tests__/useAudioRecorder.test.ts" name="useAudioRecorder &gt; cleanup &gt; should clean up on unmount" time="0.001275894">
        </testcase>
        <testcase classname="src/hooks/__tests__/useAudioRecorder.test.ts" name="useAudioRecorder &gt; cleanup &gt; should stop recording on unmount" time="0.001653817">
        </testcase>
        <testcase classname="src/hooks/__tests__/useAudioRecorder.test.ts" name="useAudioRecorder &gt; cleanup &gt; should revoke URLs on unmount" time="10.001886058">
            <failure message="Test timed out in 10000ms.
If this is a long-running test, pass a timeout value as the last argument or configure it globally with &quot;testTimeout&quot;." type="Error">
Error: Test timed out in 10000ms.
If this is a long-running test, pass a timeout value as the last argument or configure it globally with &quot;testTimeout&quot;.
 ❯ src/hooks/__tests__/useAudioRecorder.test.ts:619:5
            </failure>
        </testcase>
        <testcase classname="src/hooks/__tests__/useAudioRecorder.test.ts" name="formatDuration &gt; should format 0 seconds as &quot;0:00&quot;" time="0.000413339">
        </testcase>
        <testcase classname="src/hooks/__tests__/useAudioRecorder.test.ts" name="formatDuration &gt; should format 59 seconds as &quot;0:59&quot;" time="0.000174638">
        </testcase>
        <testcase classname="src/hooks/__tests__/useAudioRecorder.test.ts" name="formatDuration &gt; should format 60 seconds as &quot;1:00&quot;" time="0.00014534">
        </testcase>
        <testcase classname="src/hooks/__tests__/useAudioRecorder.test.ts" name="formatDuration &gt; should format 125 seconds as &quot;2:05&quot;" time="0.000121976">
        </testcase>
    </testsuite>
    <testsuite name="src/hooks/__tests__/useAuth.test.ts" timestamp="2025-11-29T10:40:01.282Z" hostname="runsc" tests="1" failures="1" errors="0" skipped="0" time="0">
        <testcase classname="src/hooks/__tests__/useAuth.test.ts" name="src/hooks/__tests__/useAuth.test.ts" time="0">
            <failure message="[vitest] There was an error when mocking a module. If you are using &quot;vi.mock&quot; factory, make sure there are no top level variables inside, since this call is hoisted to top of the file. Read more: https://vitest.dev/api/vi.html#vi-mock" type="Error">
Error: [vitest] There was an error when mocking a module. If you are using &quot;vi.mock&quot; factory, make sure there are no top level variables inside, since this call is hoisted to top of the file. Read more: https://vitest.dev/api/vi.html#vi-mock
 ❯ src/hooks/useAuth.ts:2:1

Caused by: ReferenceError: Cannot access &apos;mockSupabase&apos; before initialization
 ❯ src/hooks/__tests__/useAuth.test.ts:76:13
            </failure>
        </testcase>
    </testsuite>
    <testsuite name="src/hooks/__tests__/useInbox.test.ts" timestamp="2025-11-29T10:40:01.283Z" hostname="runsc" tests="34" failures="0" errors="0" skipped="0" time="1.361217212">
        <testcase classname="src/hooks/__tests__/useInbox.test.ts" name="useInbox &gt; initialization &gt; should initialize with empty inbox" time="0.020606757">
        </testcase>
        <testcase classname="src/hooks/__tests__/useInbox.test.ts" name="useInbox &gt; initialization &gt; should auto-fetch inbox when autoFetch is true" time="0.007032744">
        </testcase>
        <testcase classname="src/hooks/__tests__/useInbox.test.ts" name="useInbox &gt; initialization &gt; should not fetch when autoFetch is false" time="0.001758904">
        </testcase>
        <testcase classname="src/hooks/__tests__/useInbox.test.ts" name="useInbox &gt; initialization &gt; should not fetch when userId is empty" time="0.001809991">
        </testcase>
        <testcase classname="src/hooks/__tests__/useInbox.test.ts" name="useInbox &gt; fetchInbox &gt; should fetch inbox successfully" time="0.05379336">
        </testcase>
        <testcase classname="src/hooks/__tests__/useInbox.test.ts" name="useInbox &gt; fetchInbox &gt; should handle empty inbox" time="0.055391422">
        </testcase>
        <testcase classname="src/hooks/__tests__/useInbox.test.ts" name="useInbox &gt; fetchInbox &gt; should handle fetch errors" time="0.05461878">
            <system-err>
Error fetching inbox: Error: Failed to fetch inbox
    at [90m/home/user/prayermap/[39msrc/hooks/__tests__/useInbox.test.ts:189:9
    at [90mfile:///home/user/prayermap/[39mnode_modules/[4m@vitest/runner[24m/dist/index.js:145:11
    at [90mfile:///home/user/prayermap/[39mnode_modules/[4m@vitest/runner[24m/dist/index.js:919:26
    at [90mfile:///home/user/prayermap/[39mnode_modules/[4m@vitest/runner[24m/dist/index.js:1244:20
    at new Promise (&lt;anonymous&gt;)
    at runWithTimeout [90m(file:///home/user/prayermap/[39mnode_modules/[4m@vitest/runner[24m/dist/index.js:1210:10[90m)[39m
    at [90mfile:///home/user/prayermap/[39mnode_modules/[4m@vitest/runner[24m/dist/index.js:1654:37
    at Traces.$ [90m(file:///home/user/prayermap/[39mnode_modules/[4mvitest[24m/dist/chunks/traces.U4xDYhzZ.js:115:27[90m)[39m
    at trace [90m(file:///home/user/prayermap/[39mnode_modules/[4mvitest[24m/dist/chunks/test.DqQZzsWf.js:234:21[90m)[39m
    at runTest [90m(file:///home/user/prayermap/[39mnode_modules/[4m@vitest/runner[24m/dist/index.js:1654:12[90m)[39m

            </system-err>
        </testcase>
        <testcase classname="src/hooks/__tests__/useInbox.test.ts" name="useInbox &gt; fetchInbox &gt; should set loading state correctly" time="0.05457167">
        </testcase>
        <testcase classname="src/hooks/__tests__/useInbox.test.ts" name="useInbox &gt; fetchInbox &gt; should handle non-Error exceptions" time="0.055673375">
            <system-err>
Error fetching inbox: String error

            </system-err>
        </testcase>
        <testcase classname="src/hooks/__tests__/useInbox.test.ts" name="useInbox &gt; totalUnread calculation &gt; should calculate total unread correctly" time="0.223412268">
        </testcase>
        <testcase classname="src/hooks/__tests__/useInbox.test.ts" name="useInbox &gt; totalUnread calculation &gt; should exclude read prayers from unread count" time="0.057319449">
            <system-out>
Marked 2 responses as read for prayer prayer-1

            </system-out>
        </testcase>
        <testcase classname="src/hooks/__tests__/useInbox.test.ts" name="useInbox &gt; totalUnread calculation &gt; should return 0 when inbox is empty" time="0.001478847">
        </testcase>
        <testcase classname="src/hooks/__tests__/useInbox.test.ts" name="useInbox &gt; markAsRead &gt; should mark prayer as read successfully" time="0.055048481">
            <system-out>
Marked 2 responses as read for prayer prayer-1

            </system-out>
        </testcase>
        <testcase classname="src/hooks/__tests__/useInbox.test.ts" name="useInbox &gt; markAsRead &gt; should optimistically update local state" time="0.054847004">
            <system-out>
Marked 2 responses as read for prayer prayer-1

            </system-out>
        </testcase>
        <testcase classname="src/hooks/__tests__/useInbox.test.ts" name="useInbox &gt; markAsRead &gt; should handle marking already read prayer" time="0.058868288">
            <system-out>
Marked 2 responses as read for prayer prayer-1

Marked 2 responses as read for prayer prayer-1

            </system-out>
        </testcase>
        <testcase classname="src/hooks/__tests__/useInbox.test.ts" name="useInbox &gt; markAsRead &gt; should revert optimistic update on error" time="0.056407453">
            <system-err>
Failed to mark responses as read: Error: Failed to mark as read
    at [90m/home/user/prayermap/[39msrc/hooks/__tests__/useInbox.test.ts:369:9
    at [90mfile:///home/user/prayermap/[39mnode_modules/[4m@vitest/runner[24m/dist/index.js:145:11
    at [90mfile:///home/user/prayermap/[39mnode_modules/[4m@vitest/runner[24m/dist/index.js:919:26
    at [90mfile:///home/user/prayermap/[39mnode_modules/[4m@vitest/runner[24m/dist/index.js:1244:20
    at new Promise (&lt;anonymous&gt;)
    at runWithTimeout [90m(file:///home/user/prayermap/[39mnode_modules/[4m@vitest/runner[24m/dist/index.js:1210:10[90m)[39m
    at [90mfile:///home/user/prayermap/[39mnode_modules/[4m@vitest/runner[24m/dist/index.js:1654:37
    at Traces.$ [90m(file:///home/user/prayermap/[39mnode_modules/[4mvitest[24m/dist/chunks/traces.U4xDYhzZ.js:115:27[90m)[39m
    at trace [90m(file:///home/user/prayermap/[39mnode_modules/[4mvitest[24m/dist/chunks/test.DqQZzsWf.js:234:21[90m)[39m
    at runTest [90m(file:///home/user/prayermap/[39mnode_modules/[4m@vitest/runner[24m/dist/index.js:1654:12[90m)[39m

            </system-err>
        </testcase>
        <testcase classname="src/hooks/__tests__/useInbox.test.ts" name="useInbox &gt; markAsRead &gt; should handle multiple prayers being marked as read" time="0.068823002">
            <system-out>
Marked 2 responses as read for prayer prayer-1

Marked 2 responses as read for prayer prayer-2

            </system-out>
        </testcase>
        <testcase classname="src/hooks/__tests__/useInbox.test.ts" name="useInbox &gt; markAsRead &gt; should return count of marked responses" time="0.002424047">
            <system-out>
Marked 3 responses as read for prayer prayer-1

            </system-out>
        </testcase>
        <testcase classname="src/hooks/__tests__/useInbox.test.ts" name="useInbox &gt; real-time subscriptions &gt; should subscribe to inbox updates when enabled" time="0.004267469">
        </testcase>
        <testcase classname="src/hooks/__tests__/useInbox.test.ts" name="useInbox &gt; real-time subscriptions &gt; should not subscribe when realtime is disabled" time="0.001729249">
        </testcase>
        <testcase classname="src/hooks/__tests__/useInbox.test.ts" name="useInbox &gt; real-time subscriptions &gt; should not subscribe when userId is empty" time="0.001527553">
        </testcase>
        <testcase classname="src/hooks/__tests__/useInbox.test.ts" name="useInbox &gt; real-time subscriptions &gt; should update inbox on subscription callback" time="0.004136712">
        </testcase>
        <testcase classname="src/hooks/__tests__/useInbox.test.ts" name="useInbox &gt; real-time subscriptions &gt; should unsubscribe on unmount" time="0.01327321">
        </testcase>
        <testcase classname="src/hooks/__tests__/useInbox.test.ts" name="useInbox &gt; real-time subscriptions &gt; should resubscribe when userId changes" time="0.005072406">
        </testcase>
        <testcase classname="src/hooks/__tests__/useInbox.test.ts" name="useInbox &gt; real-time subscriptions &gt; should clean up previous subscription before creating new one" time="0.005251621">
        </testcase>
        <testcase classname="src/hooks/__tests__/useInbox.test.ts" name="useInbox &gt; refetch &gt; should refetch inbox manually" time="0.118364438">
        </testcase>
        <testcase classname="src/hooks/__tests__/useInbox.test.ts" name="useInbox &gt; refetch &gt; should clear error on successful refetch" time="0.055687608">
            <system-err>
Error fetching inbox: Error: Initial error
    at [90m/home/user/prayermap/[39msrc/hooks/__tests__/useInbox.test.ts:620:9
    at [90mfile:///home/user/prayermap/[39mnode_modules/[4m@vitest/runner[24m/dist/index.js:145:11
    at [90mfile:///home/user/prayermap/[39mnode_modules/[4m@vitest/runner[24m/dist/index.js:919:26
    at [90mfile:///home/user/prayermap/[39mnode_modules/[4m@vitest/runner[24m/dist/index.js:1244:20
    at new Promise (&lt;anonymous&gt;)
    at runWithTimeout [90m(file:///home/user/prayermap/[39mnode_modules/[4m@vitest/runner[24m/dist/index.js:1210:10[90m)[39m
    at [90mfile:///home/user/prayermap/[39mnode_modules/[4m@vitest/runner[24m/dist/index.js:1654:37
    at Traces.$ [90m(file:///home/user/prayermap/[39mnode_modules/[4mvitest[24m/dist/chunks/traces.U4xDYhzZ.js:115:27[90m)[39m
    at trace [90m(file:///home/user/prayermap/[39mnode_modules/[4mvitest[24m/dist/chunks/test.DqQZzsWf.js:234:21[90m)[39m
    at runTest [90m(file:///home/user/prayermap/[39mnode_modules/[4m@vitest/runner[24m/dist/index.js:1654:12[90m)[39m

            </system-err>
        </testcase>
        <testcase classname="src/hooks/__tests__/useInbox.test.ts" name="useInbox &gt; refetch &gt; should not fetch if userId is empty on refetch" time="0.037444289">
        </testcase>
        <testcase classname="src/hooks/__tests__/useInbox.test.ts" name="useInbox &gt; complex scenarios &gt; should handle new responses arriving via subscription" time="0.053855403">
        </testcase>
        <testcase classname="src/hooks/__tests__/useInbox.test.ts" name="useInbox &gt; complex scenarios &gt; should maintain read state when new unread responses arrive" time="0.055298124">
            <system-out>
Marked 2 responses as read for prayer prayer-1

            </system-out>
        </testcase>
        <testcase classname="src/hooks/__tests__/useInbox.test.ts" name="useInbox &gt; complex scenarios &gt; should handle concurrent mark as read operations" time="0.053362148">
            <system-out>
Marked 2 responses as read for prayer prayer-1
Marked 2 responses as read for prayer prayer-2

            </system-out>
        </testcase>
        <testcase classname="src/hooks/__tests__/useInbox.test.ts" name="useInbox &gt; edge cases &gt; should handle inbox item with zero unread count" time="0.003226202">
        </testcase>
        <testcase classname="src/hooks/__tests__/useInbox.test.ts" name="useInbox &gt; edge cases &gt; should handle rapid userId changes" time="0.006053589">
        </testcase>
        <testcase classname="src/hooks/__tests__/useInbox.test.ts" name="useInbox &gt; edge cases &gt; should handle marking non-existent prayer as read" time="0.054797554">
            <system-out>
Marked 2 responses as read for prayer non-existent-prayer

            </system-out>
        </testcase>
    </testsuite>
    <testsuite name="src/hooks/__tests__/usePrayers.test.ts" timestamp="2025-11-29T10:40:01.294Z" hostname="runsc" tests="33" failures="0" errors="0" skipped="0" time="0.943430584">
        <testcase classname="src/hooks/__tests__/usePrayers.test.ts" name="usePrayers &gt; initialization &gt; should initialize with empty prayers array" time="0.02035875">
        </testcase>
        <testcase classname="src/hooks/__tests__/usePrayers.test.ts" name="usePrayers &gt; initialization &gt; should auto-fetch prayers when autoFetch is true" time="0.006879019">
        </testcase>
        <testcase classname="src/hooks/__tests__/usePrayers.test.ts" name="usePrayers &gt; initialization &gt; should not fetch prayers when autoFetch is false" time="0.00229339">
        </testcase>
        <testcase classname="src/hooks/__tests__/usePrayers.test.ts" name="usePrayers &gt; fetchPrayers &gt; should fetch nearby prayers successfully" time="0.055307204">
        </testcase>
        <testcase classname="src/hooks/__tests__/usePrayers.test.ts" name="usePrayers &gt; fetchPrayers &gt; should fetch all prayers when in global mode" time="0.054778709">
        </testcase>
        <testcase classname="src/hooks/__tests__/usePrayers.test.ts" name="usePrayers &gt; fetchPrayers &gt; should handle fetch errors" time="0.053715577">
            <system-err>
Error fetching prayers: Error: Failed to fetch prayers
    at [90m/home/user/prayermap/[39msrc/hooks/__tests__/usePrayers.test.ts:139:9
    at [90mfile:///home/user/prayermap/[39mnode_modules/[4m@vitest/runner[24m/dist/index.js:145:11
    at [90mfile:///home/user/prayermap/[39mnode_modules/[4m@vitest/runner[24m/dist/index.js:919:26
    at [90mfile:///home/user/prayermap/[39mnode_modules/[4m@vitest/runner[24m/dist/index.js:1244:20
    at new Promise (&lt;anonymous&gt;)
    at runWithTimeout [90m(file:///home/user/prayermap/[39mnode_modules/[4m@vitest/runner[24m/dist/index.js:1210:10[90m)[39m
    at [90mfile:///home/user/prayermap/[39mnode_modules/[4m@vitest/runner[24m/dist/index.js:1654:37
    at Traces.$ [90m(file:///home/user/prayermap/[39mnode_modules/[4mvitest[24m/dist/chunks/traces.U4xDYhzZ.js:115:27[90m)[39m
    at trace [90m(file:///home/user/prayermap/[39mnode_modules/[4mvitest[24m/dist/chunks/test.DqQZzsWf.js:234:21[90m)[39m
    at runTest [90m(file:///home/user/prayermap/[39mnode_modules/[4m@vitest/runner[24m/dist/index.js:1654:12[90m)[39m

            </system-err>
        </testcase>
        <testcase classname="src/hooks/__tests__/usePrayers.test.ts" name="usePrayers &gt; fetchPrayers &gt; should return empty array on successful empty fetch" time="0.053745571">
        </testcase>
        <testcase classname="src/hooks/__tests__/usePrayers.test.ts" name="usePrayers &gt; fetchPrayers &gt; should set loading state correctly" time="0.055844301">
        </testcase>
        <testcase classname="src/hooks/__tests__/usePrayers.test.ts" name="usePrayers &gt; createPrayer &gt; should create text prayer successfully" time="0.00340383">
        </testcase>
        <testcase classname="src/hooks/__tests__/usePrayers.test.ts" name="usePrayers &gt; createPrayer &gt; should create audio prayer successfully" time="0.002731097">
        </testcase>
        <testcase classname="src/hooks/__tests__/usePrayers.test.ts" name="usePrayers &gt; createPrayer &gt; should create video prayer successfully" time="0.002515455">
        </testcase>
        <testcase classname="src/hooks/__tests__/usePrayers.test.ts" name="usePrayers &gt; createPrayer &gt; should optimistically add prayer to local state" time="0.002624618">
        </testcase>
        <testcase classname="src/hooks/__tests__/usePrayers.test.ts" name="usePrayers &gt; createPrayer &gt; should handle create prayer errors" time="0.007007915">
            <system-err>
Error creating prayer: Error: Failed to create prayer
    at [90m/home/user/prayermap/[39msrc/hooks/__tests__/usePrayers.test.ts:299:9
    at [90mfile:///home/user/prayermap/[39mnode_modules/[4m@vitest/runner[24m/dist/index.js:145:11
    at [90mfile:///home/user/prayermap/[39mnode_modules/[4m@vitest/runner[24m/dist/index.js:919:26
    at [90mfile:///home/user/prayermap/[39mnode_modules/[4m@vitest/runner[24m/dist/index.js:1244:20
    at new Promise (&lt;anonymous&gt;)
    at runWithTimeout [90m(file:///home/user/prayermap/[39mnode_modules/[4m@vitest/runner[24m/dist/index.js:1210:10[90m)[39m
    at [90mfile:///home/user/prayermap/[39mnode_modules/[4m@vitest/runner[24m/dist/index.js:1654:37
    at Traces.$ [90m(file:///home/user/prayermap/[39mnode_modules/[4mvitest[24m/dist/chunks/traces.U4xDYhzZ.js:115:27[90m)[39m
    at trace [90m(file:///home/user/prayermap/[39mnode_modules/[4mvitest[24m/dist/chunks/test.DqQZzsWf.js:234:21[90m)[39m
    at runTest [90m(file:///home/user/prayermap/[39mnode_modules/[4m@vitest/runner[24m/dist/index.js:1654:12[90m)[39m

            </system-err>
        </testcase>
        <testcase classname="src/hooks/__tests__/usePrayers.test.ts" name="usePrayers &gt; createPrayer &gt; should return null when create fails" time="0.001707295">
        </testcase>
        <testcase classname="src/hooks/__tests__/usePrayers.test.ts" name="usePrayers &gt; respondToPrayer &gt; should respond to prayer successfully" time="0.055844914">
        </testcase>
        <testcase classname="src/hooks/__tests__/usePrayers.test.ts" name="usePrayers &gt; respondToPrayer &gt; should update local state with responder" time="0.056514252">
        </testcase>
        <testcase classname="src/hooks/__tests__/usePrayers.test.ts" name="usePrayers &gt; respondToPrayer &gt; should handle respond with audio content" time="0.003638236">
        </testcase>
        <testcase classname="src/hooks/__tests__/usePrayers.test.ts" name="usePrayers &gt; respondToPrayer &gt; should handle respond with video content" time="0.001757061">
        </testcase>
        <testcase classname="src/hooks/__tests__/usePrayers.test.ts" name="usePrayers &gt; respondToPrayer &gt; should handle anonymous responses" time="0.001892944">
        </testcase>
        <testcase classname="src/hooks/__tests__/usePrayers.test.ts" name="usePrayers &gt; respondToPrayer &gt; should include responder location when provided" time="0.002125298">
        </testcase>
        <testcase classname="src/hooks/__tests__/usePrayers.test.ts" name="usePrayers &gt; respondToPrayer &gt; should handle respond errors" time="0.074241811">
            <system-err>
Error responding to prayer: Error: Failed to respond
    at [90m/home/user/prayermap/[39msrc/hooks/__tests__/usePrayers.test.ts:547:9
    at [90mfile:///home/user/prayermap/[39mnode_modules/[4m@vitest/runner[24m/dist/index.js:145:11
    at [90mfile:///home/user/prayermap/[39mnode_modules/[4m@vitest/runner[24m/dist/index.js:919:26
    at [90mfile:///home/user/prayermap/[39mnode_modules/[4m@vitest/runner[24m/dist/index.js:1244:20
    at new Promise (&lt;anonymous&gt;)
    at runWithTimeout [90m(file:///home/user/prayermap/[39mnode_modules/[4m@vitest/runner[24m/dist/index.js:1210:10[90m)[39m
    at [90mfile:///home/user/prayermap/[39mnode_modules/[4m@vitest/runner[24m/dist/index.js:1654:37
    at Traces.$ [90m(file:///home/user/prayermap/[39mnode_modules/[4mvitest[24m/dist/chunks/traces.U4xDYhzZ.js:115:27[90m)[39m
    at trace [90m(file:///home/user/prayermap/[39mnode_modules/[4mvitest[24m/dist/chunks/test.DqQZzsWf.js:234:21[90m)[39m
    at runTest [90m(file:///home/user/prayermap/[39mnode_modules/[4m@vitest/runner[24m/dist/index.js:1654:12[90m)[39m

            </system-err>
        </testcase>
        <testcase classname="src/hooks/__tests__/usePrayers.test.ts" name="usePrayers &gt; respondToPrayer &gt; should return false when respond fails" time="0.230406813">
        </testcase>
        <testcase classname="src/hooks/__tests__/usePrayers.test.ts" name="usePrayers &gt; real-time subscriptions &gt; should subscribe to nearby prayers when enabled" time="0.00432545">
        </testcase>
        <testcase classname="src/hooks/__tests__/usePrayers.test.ts" name="usePrayers &gt; real-time subscriptions &gt; should subscribe to all prayers in global mode" time="0.002507665">
        </testcase>
        <testcase classname="src/hooks/__tests__/usePrayers.test.ts" name="usePrayers &gt; real-time subscriptions &gt; should not subscribe when realtime is disabled" time="0.001890265">
        </testcase>
        <testcase classname="src/hooks/__tests__/usePrayers.test.ts" name="usePrayers &gt; real-time subscriptions &gt; should update prayers on subscription callback" time="0.003673175">
        </testcase>
        <testcase classname="src/hooks/__tests__/usePrayers.test.ts" name="usePrayers &gt; real-time subscriptions &gt; should unsubscribe on unmount" time="0.002603138">
        </testcase>
        <testcase classname="src/hooks/__tests__/usePrayers.test.ts" name="usePrayers &gt; real-time subscriptions &gt; should resubscribe when location changes" time="0.003763232">
        </testcase>
        <testcase classname="src/hooks/__tests__/usePrayers.test.ts" name="usePrayers &gt; real-time subscriptions &gt; should resubscribe when switching between global and local mode" time="0.004204348">
        </testcase>
        <testcase classname="src/hooks/__tests__/usePrayers.test.ts" name="usePrayers &gt; refetch &gt; should refetch prayers manually" time="0.002771604">
        </testcase>
        <testcase classname="src/hooks/__tests__/usePrayers.test.ts" name="usePrayers &gt; refetch &gt; should clear error on refetch" time="0.055409343">
            <system-err>
Error fetching prayers: Error: Initial error
    at [90m/home/user/prayermap/[39msrc/hooks/__tests__/usePrayers.test.ts:776:9
    at [90mfile:///home/user/prayermap/[39mnode_modules/[4m@vitest/runner[24m/dist/index.js:145:11
    at [90mfile:///home/user/prayermap/[39mnode_modules/[4m@vitest/runner[24m/dist/index.js:919:26
    at [90mfile:///home/user/prayermap/[39mnode_modules/[4m@vitest/runner[24m/dist/index.js:1244:20
    at new Promise (&lt;anonymous&gt;)
    at runWithTimeout [90m(file:///home/user/prayermap/[39mnode_modules/[4m@vitest/runner[24m/dist/index.js:1210:10[90m)[39m
    at [90mfile:///home/user/prayermap/[39mnode_modules/[4m@vitest/runner[24m/dist/index.js:1654:37
    at Traces.$ [90m(file:///home/user/prayermap/[39mnode_modules/[4mvitest[24m/dist/chunks/traces.U4xDYhzZ.js:115:27[90m)[39m
    at trace [90m(file:///home/user/prayermap/[39mnode_modules/[4mvitest[24m/dist/chunks/test.DqQZzsWf.js:234:21[90m)[39m
    at runTest [90m(file:///home/user/prayermap/[39mnode_modules/[4m@vitest/runner[24m/dist/index.js:1654:12[90m)[39m

            </system-err>
        </testcase>
        <testcase classname="src/hooks/__tests__/usePrayers.test.ts" name="usePrayers &gt; error recovery &gt; should recover from transient errors on refetch" time="0.054332188">
            <system-err>
Error fetching prayers: Error: Network error
    at [90m/home/user/prayermap/[39msrc/hooks/__tests__/usePrayers.test.ts:806:32
    at [90mfile:///home/user/prayermap/[39mnode_modules/[4m@vitest/runner[24m/dist/index.js:145:11
    at [90mfile:///home/user/prayermap/[39mnode_modules/[4m@vitest/runner[24m/dist/index.js:919:26
    at [90mfile:///home/user/prayermap/[39mnode_modules/[4m@vitest/runner[24m/dist/index.js:1244:20
    at new Promise (&lt;anonymous&gt;)
    at runWithTimeout [90m(file:///home/user/prayermap/[39mnode_modules/[4m@vitest/runner[24m/dist/index.js:1210:10[90m)[39m
    at [90mfile:///home/user/prayermap/[39mnode_modules/[4m@vitest/runner[24m/dist/index.js:1654:37
    at Traces.$ [90m(file:///home/user/prayermap/[39mnode_modules/[4mvitest[24m/dist/chunks/traces.U4xDYhzZ.js:115:27[90m)[39m
    at trace [90m(file:///home/user/prayermap/[39mnode_modules/[4mvitest[24m/dist/chunks/test.DqQZzsWf.js:234:21[90m)[39m
    at runTest [90m(file:///home/user/prayermap/[39mnode_modules/[4m@vitest/runner[24m/dist/index.js:1654:12[90m)[39m

            </system-err>
        </testcase>
        <testcase classname="src/hooks/__tests__/usePrayers.test.ts" name="usePrayers &gt; error recovery &gt; should handle non-Error exceptions" time="0.054984932">
            <system-err>
Error fetching prayers: String error

            </system-err>
        </testcase>
    </testsuite>
    <testsuite name="src/hooks/__tests__/useVideoRecorder.test.ts" timestamp="2025-11-29T10:40:01.302Z" hostname="runsc" tests="45" failures="10" errors="0" skipped="0" time="100.161372804">
        <testcase classname="src/hooks/__tests__/useVideoRecorder.test.ts" name="useVideoRecorder &gt; initialization &gt; should initialize with correct default state" time="0.02284549">
        </testcase>
        <testcase classname="src/hooks/__tests__/useVideoRecorder.test.ts" name="useVideoRecorder &gt; initialization &gt; should not have camera ready initially" time="0.002623258">
        </testcase>
        <testcase classname="src/hooks/__tests__/useVideoRecorder.test.ts" name="useVideoRecorder &gt; initialization &gt; should default to user-facing camera" time="0.002563838">
        </testcase>
        <testcase classname="src/hooks/__tests__/useVideoRecorder.test.ts" name="useVideoRecorder &gt; initializeCamera &gt; should request camera and microphone permissions" time="0.006942434">
        </testcase>
        <testcase classname="src/hooks/__tests__/useVideoRecorder.test.ts" name="useVideoRecorder &gt; initializeCamera &gt; should set video constraints for portrait mode" time="0.00517809">
        </testcase>
        <testcase classname="src/hooks/__tests__/useVideoRecorder.test.ts" name="useVideoRecorder &gt; initializeCamera &gt; should set isCameraReady to true on success" time="0.002552831">
        </testcase>
        <testcase classname="src/hooks/__tests__/useVideoRecorder.test.ts" name="useVideoRecorder &gt; initializeCamera &gt; should attach stream to video element" time="0.00285962">
        </testcase>
        <testcase classname="src/hooks/__tests__/useVideoRecorder.test.ts" name="useVideoRecorder &gt; initializeCamera &gt; should handle permission denied error" time="0.016941226">
            <system-err>
Error initializing camera: Error: Permission denied
    at [90m/home/user/prayermap/[39msrc/hooks/__tests__/useVideoRecorder.test.ts:117:9
    at [90mfile:///home/user/prayermap/[39mnode_modules/[4m@vitest/runner[24m/dist/index.js:145:11
    at [90mfile:///home/user/prayermap/[39mnode_modules/[4m@vitest/runner[24m/dist/index.js:919:26
    at [90mfile:///home/user/prayermap/[39mnode_modules/[4m@vitest/runner[24m/dist/index.js:1244:20
    at new Promise (&lt;anonymous&gt;)
    at runWithTimeout [90m(file:///home/user/prayermap/[39mnode_modules/[4m@vitest/runner[24m/dist/index.js:1210:10[90m)[39m
    at [90mfile:///home/user/prayermap/[39mnode_modules/[4m@vitest/runner[24m/dist/index.js:1654:37
    at Traces.$ [90m(file:///home/user/prayermap/[39mnode_modules/[4mvitest[24m/dist/chunks/traces.U4xDYhzZ.js:115:27[90m)[39m
    at trace [90m(file:///home/user/prayermap/[39mnode_modules/[4mvitest[24m/dist/chunks/test.DqQZzsWf.js:234:21[90m)[39m
    at runTest [90m(file:///home/user/prayermap/[39mnode_modules/[4m@vitest/runner[24m/dist/index.js:1654:12[90m)[39m

            </system-err>
        </testcase>
        <testcase classname="src/hooks/__tests__/useVideoRecorder.test.ts" name="useVideoRecorder &gt; initializeCamera &gt; should handle NotFoundError (no camera)" time="0.003411042">
            <system-err>
Error initializing camera: Error: NotFoundError
    at [90m/home/user/prayermap/[39msrc/hooks/__tests__/useVideoRecorder.test.ts:132:9
    at [90mfile:///home/user/prayermap/[39mnode_modules/[4m@vitest/runner[24m/dist/index.js:145:11
    at [90mfile:///home/user/prayermap/[39mnode_modules/[4m@vitest/runner[24m/dist/index.js:919:26
    at [90mfile:///home/user/prayermap/[39mnode_modules/[4m@vitest/runner[24m/dist/index.js:1244:20
    at new Promise (&lt;anonymous&gt;)
    at runWithTimeout [90m(file:///home/user/prayermap/[39mnode_modules/[4m@vitest/runner[24m/dist/index.js:1210:10[90m)[39m
    at [90mfile:///home/user/prayermap/[39mnode_modules/[4m@vitest/runner[24m/dist/index.js:1654:37
    at Traces.$ [90m(file:///home/user/prayermap/[39mnode_modules/[4mvitest[24m/dist/chunks/traces.U4xDYhzZ.js:115:27[90m)[39m
    at trace [90m(file:///home/user/prayermap/[39mnode_modules/[4mvitest[24m/dist/chunks/test.DqQZzsWf.js:234:21[90m)[39m
    at runTest [90m(file:///home/user/prayermap/[39mnode_modules/[4m@vitest/runner[24m/dist/index.js:1654:12[90m)[39m

            </system-err>
        </testcase>
        <testcase classname="src/hooks/__tests__/useVideoRecorder.test.ts" name="useVideoRecorder &gt; switchCamera &gt; should toggle between user and environment facing modes" time="10.002689936">
            <failure message="Test timed out in 10000ms.
If this is a long-running test, pass a timeout value as the last argument or configure it globally with &quot;testTimeout&quot;." type="Error">
Error: Test timed out in 10000ms.
If this is a long-running test, pass a timeout value as the last argument or configure it globally with &quot;testTimeout&quot;.
 ❯ src/hooks/__tests__/useVideoRecorder.test.ts:147:5
            </failure>
        </testcase>
        <testcase classname="src/hooks/__tests__/useVideoRecorder.test.ts" name="useVideoRecorder &gt; switchCamera &gt; should stop current stream before switching" time="0.002375089">
        </testcase>
        <testcase classname="src/hooks/__tests__/useVideoRecorder.test.ts" name="useVideoRecorder &gt; switchCamera &gt; should initialize new stream with new facing mode" time="10.002238812">
            <failure message="Test timed out in 10000ms.
If this is a long-running test, pass a timeout value as the last argument or configure it globally with &quot;testTimeout&quot;." type="Error">
Error: Test timed out in 10000ms.
If this is a long-running test, pass a timeout value as the last argument or configure it globally with &quot;testTimeout&quot;.
 ❯ src/hooks/__tests__/useVideoRecorder.test.ts:179:5
            </failure>
        </testcase>
        <testcase classname="src/hooks/__tests__/useVideoRecorder.test.ts" name="useVideoRecorder &gt; switchCamera &gt; should handle switch errors gracefully" time="10.003202809">
            <system-err>
Error switching camera: Error: Camera switch failed
    at [90m/home/user/prayermap/[39msrc/hooks/__tests__/useVideoRecorder.test.ts:213:9
    at [90mfile:///home/user/prayermap/[39mnode_modules/[4m@vitest/runner[24m/dist/index.js:919:20

            </system-err>
            <failure message="Test timed out in 10000ms.
If this is a long-running test, pass a timeout value as the last argument or configure it globally with &quot;testTimeout&quot;." type="Error">
Error: Test timed out in 10000ms.
If this is a long-running test, pass a timeout value as the last argument or configure it globally with &quot;testTimeout&quot;.
 ❯ src/hooks/__tests__/useVideoRecorder.test.ts:204:5
            </failure>
        </testcase>
        <testcase classname="src/hooks/__tests__/useVideoRecorder.test.ts" name="useVideoRecorder &gt; startRecording &gt; should initialize camera if not ready" time="0.004484747">
        </testcase>
        <testcase classname="src/hooks/__tests__/useVideoRecorder.test.ts" name="useVideoRecorder &gt; startRecording &gt; should create MediaRecorder with video codecs" time="0.002296999">
        </testcase>
        <testcase classname="src/hooks/__tests__/useVideoRecorder.test.ts" name="useVideoRecorder &gt; startRecording &gt; should use vp9 codec when supported" time="0.003873269">
        </testcase>
        <testcase classname="src/hooks/__tests__/useVideoRecorder.test.ts" name="useVideoRecorder &gt; startRecording &gt; should fallback to vp8 when vp9 not supported" time="0.002876575">
        </testcase>
        <testcase classname="src/hooks/__tests__/useVideoRecorder.test.ts" name="useVideoRecorder &gt; startRecording &gt; should set videoBitsPerSecond for quality" time="0.00309183">
        </testcase>
        <testcase classname="src/hooks/__tests__/useVideoRecorder.test.ts" name="useVideoRecorder &gt; startRecording &gt; should start duration timer" time="10.003504659">
            <failure message="Test timed out in 10000ms.
If this is a long-running test, pass a timeout value as the last argument or configure it globally with &quot;testTimeout&quot;." type="Error">
Error: Test timed out in 10000ms.
If this is a long-running test, pass a timeout value as the last argument or configure it globally with &quot;testTimeout&quot;.
 ❯ src/hooks/__tests__/useVideoRecorder.test.ts:293:5
            </failure>
        </testcase>
        <testcase classname="src/hooks/__tests__/useVideoRecorder.test.ts" name="useVideoRecorder &gt; startRecording &gt; should collect video chunks" time="0.003438743">
        </testcase>
        <testcase classname="src/hooks/__tests__/useVideoRecorder.test.ts" name="useVideoRecorder &gt; stopRecording &gt; should stop MediaRecorder" time="10.002495494">
            <failure message="Test timed out in 10000ms.
If this is a long-running test, pass a timeout value as the last argument or configure it globally with &quot;testTimeout&quot;." type="Error">
Error: Test timed out in 10000ms.
If this is a long-running test, pass a timeout value as the last argument or configure it globally with &quot;testTimeout&quot;.
 ❯ src/hooks/__tests__/useVideoRecorder.test.ts:327:5
            </failure>
        </testcase>
        <testcase classname="src/hooks/__tests__/useVideoRecorder.test.ts" name="useVideoRecorder &gt; stopRecording &gt; should create videoBlob from chunks" time="10.00335677">
            <failure message="Test timed out in 10000ms.
If this is a long-running test, pass a timeout value as the last argument or configure it globally with &quot;testTimeout&quot;." type="Error">
Error: Test timed out in 10000ms.
If this is a long-running test, pass a timeout value as the last argument or configure it globally with &quot;testTimeout&quot;.
 ❯ src/hooks/__tests__/useVideoRecorder.test.ts:342:5
            </failure>
        </testcase>
        <testcase classname="src/hooks/__tests__/useVideoRecorder.test.ts" name="useVideoRecorder &gt; stopRecording &gt; should create videoUrl" time="10.001552002">
            <failure message="Test timed out in 10000ms.
If this is a long-running test, pass a timeout value as the last argument or configure it globally with &quot;testTimeout&quot;." type="Error">
Error: Test timed out in 10000ms.
If this is a long-running test, pass a timeout value as the last argument or configure it globally with &quot;testTimeout&quot;.
 ❯ src/hooks/__tests__/useVideoRecorder.test.ts:357:5
            </failure>
        </testcase>
        <testcase classname="src/hooks/__tests__/useVideoRecorder.test.ts" name="useVideoRecorder &gt; stopRecording &gt; should NOT stop camera stream (allow re-recording)" time="10.001903377">
            <failure message="Test timed out in 10000ms.
If this is a long-running test, pass a timeout value as the last argument or configure it globally with &quot;testTimeout&quot;." type="Error">
Error: Test timed out in 10000ms.
If this is a long-running test, pass a timeout value as the last argument or configure it globally with &quot;testTimeout&quot;.
 ❯ src/hooks/__tests__/useVideoRecorder.test.ts:372:5
            </failure>
        </testcase>
        <testcase classname="src/hooks/__tests__/useVideoRecorder.test.ts" name="useVideoRecorder &gt; pauseRecording &gt; should pause MediaRecorder" time="0.003531892">
        </testcase>
        <testcase classname="src/hooks/__tests__/useVideoRecorder.test.ts" name="useVideoRecorder &gt; pauseRecording &gt; should pause timer" time="0.002026094">
        </testcase>
        <testcase classname="src/hooks/__tests__/useVideoRecorder.test.ts" name="useVideoRecorder &gt; pauseRecording &gt; should set isPaused to true" time="0.003325415">
        </testcase>
        <testcase classname="src/hooks/__tests__/useVideoRecorder.test.ts" name="useVideoRecorder &gt; resumeRecording &gt; should resume MediaRecorder" time="0.002054511">
        </testcase>
        <testcase classname="src/hooks/__tests__/useVideoRecorder.test.ts" name="useVideoRecorder &gt; resumeRecording &gt; should resume timer" time="0.003042743">
        </testcase>
        <testcase classname="src/hooks/__tests__/useVideoRecorder.test.ts" name="useVideoRecorder &gt; resumeRecording &gt; should set isPaused to false" time="0.002018529">
        </testcase>
        <testcase classname="src/hooks/__tests__/useVideoRecorder.test.ts" name="useVideoRecorder &gt; resetRecording &gt; should clear video blob and URL" time="10.002619514">
            <failure message="Test timed out in 10000ms.
If this is a long-running test, pass a timeout value as the last argument or configure it globally with &quot;testTimeout&quot;." type="Error">
Error: Test timed out in 10000ms.
If this is a long-running test, pass a timeout value as the last argument or configure it globally with &quot;testTimeout&quot;.
 ❯ src/hooks/__tests__/useVideoRecorder.test.ts:474:5
            </failure>
        </testcase>
        <testcase classname="src/hooks/__tests__/useVideoRecorder.test.ts" name="useVideoRecorder &gt; resetRecording &gt; should reset duration" time="0.006217728">
        </testcase>
        <testcase classname="src/hooks/__tests__/useVideoRecorder.test.ts" name="useVideoRecorder &gt; resetRecording &gt; should NOT stop camera (keep preview)" time="0.002256237">
        </testcase>
        <testcase classname="src/hooks/__tests__/useVideoRecorder.test.ts" name="useVideoRecorder &gt; resetRecording &gt; should revoke object URL" time="10.002008001">
            <failure message="Test timed out in 10000ms.
If this is a long-running test, pass a timeout value as the last argument or configure it globally with &quot;testTimeout&quot;." type="Error">
Error: Test timed out in 10000ms.
If this is a long-running test, pass a timeout value as the last argument or configure it globally with &quot;testTimeout&quot;.
 ❯ src/hooks/__tests__/useVideoRecorder.test.ts:529:5
            </failure>
        </testcase>
        <testcase classname="src/hooks/__tests__/useVideoRecorder.test.ts" name="useVideoRecorder &gt; stopCamera &gt; should stop all tracks" time="0.00248671">
        </testcase>
        <testcase classname="src/hooks/__tests__/useVideoRecorder.test.ts" name="useVideoRecorder &gt; stopCamera &gt; should clear video element srcObject" time="0.003837079">
        </testcase>
        <testcase classname="src/hooks/__tests__/useVideoRecorder.test.ts" name="useVideoRecorder &gt; stopCamera &gt; should set isCameraReady to false" time="0.002291902">
        </testcase>
        <testcase classname="src/hooks/__tests__/useVideoRecorder.test.ts" name="useVideoRecorder &gt; cleanup &gt; should stop camera on unmount" time="0.003251259">
        </testcase>
        <testcase classname="src/hooks/__tests__/useVideoRecorder.test.ts" name="useVideoRecorder &gt; cleanup &gt; should stop recording on unmount" time="0.001950363">
        </testcase>
        <testcase classname="src/hooks/__tests__/useVideoRecorder.test.ts" name="useVideoRecorder &gt; cleanup &gt; should revoke URLs on unmount" time="0.002675519">
        </testcase>
        <testcase classname="src/hooks/__tests__/useVideoRecorder.test.ts" name="useVideoRecorder &gt; cleanup &gt; should clear timers on unmount" time="0.001792751">
        </testcase>
        <testcase classname="src/hooks/__tests__/useVideoRecorder.test.ts" name="formatVideoDuration &gt; should format 0 seconds as &quot;0:00&quot;" time="0.000320744">
        </testcase>
        <testcase classname="src/hooks/__tests__/useVideoRecorder.test.ts" name="formatVideoDuration &gt; should format 59 seconds as &quot;0:59&quot;" time="0.000186228">
        </testcase>
        <testcase classname="src/hooks/__tests__/useVideoRecorder.test.ts" name="formatVideoDuration &gt; should format 60 seconds as &quot;1:00&quot;" time="0.000189057">
        </testcase>
        <testcase classname="src/hooks/__tests__/useVideoRecorder.test.ts" name="formatVideoDuration &gt; should format 125 seconds as &quot;2:05&quot;" time="0.00027722">
        </testcase>
    </testsuite>
    <testsuite name="src/services/__tests__/prayerService.test.ts" timestamp="2025-11-29T10:40:01.319Z" hostname="runsc" tests="48" failures="0" errors="0" skipped="0" time="1.207255367">
        <testcase classname="src/services/__tests__/prayerService.test.ts" name="prayerService &gt; fetchAllPrayers &gt; should fetch all prayers using RPC" time="0.005032465">
        </testcase>
        <testcase classname="src/services/__tests__/prayerService.test.ts" name="prayerService &gt; fetchAllPrayers &gt; should transform database response to Prayer type" time="0.004526796">
        </testcase>
        <testcase classname="src/services/__tests__/prayerService.test.ts" name="prayerService &gt; fetchAllPrayers &gt; should handle empty response" time="0.000724886">
        </testcase>
        <testcase classname="src/services/__tests__/prayerService.test.ts" name="prayerService &gt; fetchAllPrayers &gt; should handle RPC error" time="0.000735198">
        </testcase>
        <testcase classname="src/services/__tests__/prayerService.test.ts" name="prayerService &gt; fetchAllPrayers &gt; should handle network error" time="1.150256623">
        </testcase>
        <testcase classname="src/services/__tests__/prayerService.test.ts" name="prayerService &gt; fetchAllPrayers &gt; should parse location from POINT format" time="0.001200315">
        </testcase>
        <testcase classname="src/services/__tests__/prayerService.test.ts" name="prayerService &gt; fetchAllPrayers &gt; should parse location from object format" time="0.000694154">
        </testcase>
        <testcase classname="src/services/__tests__/prayerService.test.ts" name="prayerService &gt; fetchAllPrayers &gt; should filter out hidden prayers" time="0.000818382">
        </testcase>
        <testcase classname="src/services/__tests__/prayerService.test.ts" name="prayerService &gt; fetchAllPrayers &gt; should include prayers with no status" time="0.000558516">
        </testcase>
        <testcase classname="src/services/__tests__/prayerService.test.ts" name="prayerService &gt; fetchAllPrayers &gt; should handle null location gracefully" time="0.000656156">
        </testcase>
        <testcase classname="src/services/__tests__/prayerService.test.ts" name="prayerService &gt; fetchAllPrayers &gt; should handle malformed POINT string" time="0.00050346">
        </testcase>
        <testcase classname="src/services/__tests__/prayerService.test.ts" name="prayerService &gt; fetchAllConnections &gt; should fetch all connections using RPC" time="0.000844162">
        </testcase>
        <testcase classname="src/services/__tests__/prayerService.test.ts" name="prayerService &gt; fetchAllConnections &gt; should transform connection rows correctly" time="0.000563842">
        </testcase>
        <testcase classname="src/services/__tests__/prayerService.test.ts" name="prayerService &gt; fetchAllConnections &gt; should handle empty connections" time="0.00040974">
        </testcase>
        <testcase classname="src/services/__tests__/prayerService.test.ts" name="prayerService &gt; fetchAllConnections &gt; should handle null data" time="0.000439431">
        </testcase>
        <testcase classname="src/services/__tests__/prayerService.test.ts" name="prayerService &gt; fetchAllConnections &gt; should handle RPC error" time="0.000505689">
        </testcase>
        <testcase classname="src/services/__tests__/prayerService.test.ts" name="prayerService &gt; fetchNearbyPrayers &gt; should call RPC with lat, lng, radius" time="0.001079549">
        </testcase>
        <testcase classname="src/services/__tests__/prayerService.test.ts" name="prayerService &gt; fetchNearbyPrayers &gt; should return prayers within radius" time="0.000585613">
        </testcase>
        <testcase classname="src/services/__tests__/prayerService.test.ts" name="prayerService &gt; fetchNearbyPrayers &gt; should use default radius of 50km" time="0.000558193">
        </testcase>
        <testcase classname="src/services/__tests__/prayerService.test.ts" name="prayerService &gt; fetchNearbyPrayers &gt; should filter out moderated prayers" time="0.00070002">
        </testcase>
        <testcase classname="src/services/__tests__/prayerService.test.ts" name="prayerService &gt; fetchNearbyPrayers &gt; should handle RPC error" time="0.000444916">
        </testcase>
        <testcase classname="src/services/__tests__/prayerService.test.ts" name="prayerService &gt; createPrayer &gt; should create text prayer with all fields" time="0.003323304">
        </testcase>
        <testcase classname="src/services/__tests__/prayerService.test.ts" name="prayerService &gt; createPrayer &gt; should handle optional title" time="0.003595593">
        </testcase>
        <testcase classname="src/services/__tests__/prayerService.test.ts" name="prayerService &gt; createPrayer &gt; should create audio prayer with content_url" time="0.001049166">
        </testcase>
        <testcase classname="src/services/__tests__/prayerService.test.ts" name="prayerService &gt; createPrayer &gt; should create video prayer with content_url" time="0.000713282">
        </testcase>
        <testcase classname="src/services/__tests__/prayerService.test.ts" name="prayerService &gt; createPrayer &gt; should handle anonymous prayers" time="0.000956037">
        </testcase>
        <testcase classname="src/services/__tests__/prayerService.test.ts" name="prayerService &gt; createPrayer &gt; should return null on error" time="0.000632289">
        </testcase>
        <testcase classname="src/services/__tests__/prayerService.test.ts" name="prayerService &gt; updatePrayer &gt; should update prayer fields" time="0.001521">
        </testcase>
        <testcase classname="src/services/__tests__/prayerService.test.ts" name="prayerService &gt; updatePrayer &gt; should handle prayer not found" time="0.000654456">
        </testcase>
        <testcase classname="src/services/__tests__/prayerService.test.ts" name="prayerService &gt; deletePrayer &gt; should delete prayer by id" time="0.00101473">
        </testcase>
        <testcase classname="src/services/__tests__/prayerService.test.ts" name="prayerService &gt; deletePrayer &gt; should handle error" time="0.00062022">
        </testcase>
        <testcase classname="src/services/__tests__/prayerService.test.ts" name="prayerService &gt; deletePrayerResponse &gt; should delete prayer response by id" time="0.000565838">
        </testcase>
        <testcase classname="src/services/__tests__/prayerService.test.ts" name="prayerService &gt; respondToPrayer &gt; should create text response" time="0.001027478">
        </testcase>
        <testcase classname="src/services/__tests__/prayerService.test.ts" name="prayerService &gt; respondToPrayer &gt; should create prayer connection when responder location provided" time="0.00100538">
        </testcase>
        <testcase classname="src/services/__tests__/prayerService.test.ts" name="prayerService &gt; respondToPrayer &gt; should handle anonymous responses" time="0.001026948">
        </testcase>
        <testcase classname="src/services/__tests__/prayerService.test.ts" name="prayerService &gt; respondToPrayer &gt; should return null on error" time="0.000832906">
        </testcase>
        <testcase classname="src/services/__tests__/prayerService.test.ts" name="prayerService &gt; fetchPrayerResponses &gt; should fetch responses for prayer" time="0.001139456">
        </testcase>
        <testcase classname="src/services/__tests__/prayerService.test.ts" name="prayerService &gt; fetchPrayerResponses &gt; should handle no responses" time="0.000843264">
        </testcase>
        <testcase classname="src/services/__tests__/prayerService.test.ts" name="prayerService &gt; fetchUserInbox &gt; should fetch prayers with responses" time="0.00142676">
        </testcase>
        <testcase classname="src/services/__tests__/prayerService.test.ts" name="prayerService &gt; fetchUserInbox &gt; should calculate unread count" time="0.001830148">
        </testcase>
        <testcase classname="src/services/__tests__/prayerService.test.ts" name="prayerService &gt; subscribeToPrayers &gt; should create realtime subscription" time="0.001355751">
        </testcase>
        <testcase classname="src/services/__tests__/prayerService.test.ts" name="prayerService &gt; subscribeToPrayers &gt; should return unsubscribe function" time="0.000937848">
        </testcase>
        <testcase classname="src/services/__tests__/prayerService.test.ts" name="prayerService &gt; subscribeToAllConnections &gt; should subscribe to prayer_connections" time="0.000995174">
        </testcase>
        <testcase classname="src/services/__tests__/prayerService.test.ts" name="prayerService &gt; markResponseAsRead &gt; should mark response as read" time="0.001075401">
        </testcase>
        <testcase classname="src/services/__tests__/prayerService.test.ts" name="prayerService &gt; markResponseAsRead &gt; should return false on error" time="0.000820119">
        </testcase>
        <testcase classname="src/services/__tests__/prayerService.test.ts" name="prayerService &gt; markAllResponsesRead &gt; should mark all responses as read" time="0.000921642">
        </testcase>
        <testcase classname="src/services/__tests__/prayerService.test.ts" name="prayerService &gt; getUnreadCount &gt; should get unread count for user" time="0.000937882">
        </testcase>
        <testcase classname="src/services/__tests__/prayerService.test.ts" name="prayerService &gt; getUnreadCountsByPrayer &gt; should get unread counts by prayer" time="0.000907381">
        </testcase>
    </testsuite>
    <testsuite name="src/services/__tests__/storageService.test.ts" timestamp="2025-11-29T10:40:01.329Z" hostname="runsc" tests="30" failures="0" errors="0" skipped="0" time="1.03512043">
        <testcase classname="src/services/__tests__/storageService.test.ts" name="storageService &gt; uploadAudio &gt; should upload audio blob to prayers bucket" time="0.005191917">
        </testcase>
        <testcase classname="src/services/__tests__/storageService.test.ts" name="storageService &gt; uploadAudio &gt; should generate unique filename with timestamp" time="0.001980307">
        </testcase>
        <testcase classname="src/services/__tests__/storageService.test.ts" name="storageService &gt; uploadAudio &gt; should use correct path: userId/timestamp.ext" time="0.000563778">
        </testcase>
        <testcase classname="src/services/__tests__/storageService.test.ts" name="storageService &gt; uploadAudio &gt; should detect webm mime type" time="0.00104925">
        </testcase>
        <testcase classname="src/services/__tests__/storageService.test.ts" name="storageService &gt; uploadAudio &gt; should detect mp4 mime type" time="0.000709706">
        </testcase>
        <testcase classname="src/services/__tests__/storageService.test.ts" name="storageService &gt; uploadAudio &gt; should set correct contentType" time="0.000949444">
        </testcase>
        <testcase classname="src/services/__tests__/storageService.test.ts" name="storageService &gt; uploadAudio &gt; should set cacheControl header" time="0.000745375">
        </testcase>
        <testcase classname="src/services/__tests__/storageService.test.ts" name="storageService &gt; uploadAudio &gt; should return public URL on success" time="0.000611813">
        </testcase>
        <testcase classname="src/services/__tests__/storageService.test.ts" name="storageService &gt; uploadAudio &gt; should return null on upload error" time="0.000754415">
        </testcase>
        <testcase classname="src/services/__tests__/storageService.test.ts" name="storageService &gt; uploadAudio &gt; should handle storage quota exceeded" time="0.000676026">
        </testcase>
        <testcase classname="src/services/__tests__/storageService.test.ts" name="storageService &gt; uploadAudio &gt; should handle network error" time="0.000841601">
        </testcase>
        <testcase classname="src/services/__tests__/storageService.test.ts" name="storageService &gt; uploadAudio &gt; should handle different user IDs" time="0.000748627">
        </testcase>
        <testcase classname="src/services/__tests__/storageService.test.ts" name="storageService &gt; uploadAudio &gt; should not upsert existing files" time="0.000691095">
        </testcase>
        <testcase classname="src/services/__tests__/storageService.test.ts" name="storageService &gt; uploadVideo &gt; should upload video blob to prayers bucket" time="0.001213029">
        </testcase>
        <testcase classname="src/services/__tests__/storageService.test.ts" name="storageService &gt; uploadVideo &gt; should generate unique filename" time="0.000717847">
        </testcase>
        <testcase classname="src/services/__tests__/storageService.test.ts" name="storageService &gt; uploadVideo &gt; should detect video mime types" time="0.000661022">
        </testcase>
        <testcase classname="src/services/__tests__/storageService.test.ts" name="storageService &gt; uploadVideo &gt; should return public URL on success" time="0.000471382">
        </testcase>
        <testcase classname="src/services/__tests__/storageService.test.ts" name="storageService &gt; uploadVideo &gt; should handle large files" time="0.888065018">
        </testcase>
        <testcase classname="src/services/__tests__/storageService.test.ts" name="storageService &gt; uploadVideo &gt; should return null on error" time="0.000862439">
        </testcase>
        <testcase classname="src/services/__tests__/storageService.test.ts" name="storageService &gt; uploadVideo &gt; should handle network error" time="0.000814691">
        </testcase>
        <testcase classname="src/services/__tests__/storageService.test.ts" name="storageService &gt; uploadVideo &gt; should handle quota exceeded error" time="0.000501126">
        </testcase>
        <testcase classname="src/services/__tests__/storageService.test.ts" name="storageService &gt; uploadVideo &gt; should handle different video codecs" time="0.000793313">
        </testcase>
        <testcase classname="src/services/__tests__/storageService.test.ts" name="storageService &gt; deleteFile &gt; should delete file by path" time="0.118570755">
        </testcase>
        <testcase classname="src/services/__tests__/storageService.test.ts" name="storageService &gt; deleteFile &gt; should return true on success" time="0.000522702">
        </testcase>
        <testcase classname="src/services/__tests__/storageService.test.ts" name="storageService &gt; deleteFile &gt; should return false on error" time="0.000635704">
        </testcase>
        <testcase classname="src/services/__tests__/storageService.test.ts" name="storageService &gt; deleteFile &gt; should handle file not found" time="0.000526888">
        </testcase>
        <testcase classname="src/services/__tests__/storageService.test.ts" name="storageService &gt; deleteFile &gt; should handle network error" time="0.000583062">
        </testcase>
        <testcase classname="src/services/__tests__/storageService.test.ts" name="storageService &gt; deleteFile &gt; should handle invalid path" time="0.000451389">
        </testcase>
        <testcase classname="src/services/__tests__/storageService.test.ts" name="storageService &gt; deleteFile &gt; should handle multiple file paths in array" time="0.000439878">
        </testcase>
        <testcase classname="src/services/__tests__/storageService.test.ts" name="storageService &gt; deleteFile &gt; should handle permission denied" time="0.000461882">
        </testcase>
    </testsuite>
    <testsuite name="src/services/__tests__/userService.test.ts" timestamp="2025-11-29T10:40:01.335Z" hostname="runsc" tests="43" failures="0" errors="0" skipped="0" time="0.033088244">
        <testcase classname="src/services/__tests__/userService.test.ts" name="userService &gt; getUserProfile &gt; should fetch user profile by id" time="0.003791095">
        </testcase>
        <testcase classname="src/services/__tests__/userService.test.ts" name="userService &gt; getUserProfile &gt; should return profile with all fields" time="0.001272057">
        </testcase>
        <testcase classname="src/services/__tests__/userService.test.ts" name="userService &gt; getUserProfile &gt; should handle null display_name" time="0.000423101">
        </testcase>
        <testcase classname="src/services/__tests__/userService.test.ts" name="userService &gt; getUserProfile &gt; should handle null avatar_url" time="0.000364979">
        </testcase>
        <testcase classname="src/services/__tests__/userService.test.ts" name="userService &gt; getUserProfile &gt; should return null when profile not found" time="0.001885613">
        </testcase>
        <testcase classname="src/services/__tests__/userService.test.ts" name="userService &gt; getUserProfile &gt; should handle database error" time="0.000543635">
        </testcase>
        <testcase classname="src/services/__tests__/userService.test.ts" name="userService &gt; getUserProfile &gt; should handle network error" time="0.000726439">
        </testcase>
        <testcase classname="src/services/__tests__/userService.test.ts" name="userService &gt; getUserProfile &gt; should handle invalid user ID" time="0.000392893">
        </testcase>
        <testcase classname="src/services/__tests__/userService.test.ts" name="userService &gt; updateUserProfile &gt; should update user profile" time="0.000803467">
        </testcase>
        <testcase classname="src/services/__tests__/userService.test.ts" name="userService &gt; updateUserProfile &gt; should only update provided fields" time="0.000596426">
        </testcase>
        <testcase classname="src/services/__tests__/userService.test.ts" name="userService &gt; updateUserProfile &gt; should update avatar_url" time="0.00043563">
        </testcase>
        <testcase classname="src/services/__tests__/userService.test.ts" name="userService &gt; updateUserProfile &gt; should update both display_name and avatar_url" time="0.000475069">
        </testcase>
        <testcase classname="src/services/__tests__/userService.test.ts" name="userService &gt; updateUserProfile &gt; should set updated_at timestamp" time="0.000650294">
        </testcase>
        <testcase classname="src/services/__tests__/userService.test.ts" name="userService &gt; updateUserProfile &gt; should handle profile not found" time="0.000789929">
        </testcase>
        <testcase classname="src/services/__tests__/userService.test.ts" name="userService &gt; updateUserProfile &gt; should handle database constraint violation" time="0.000504475">
        </testcase>
        <testcase classname="src/services/__tests__/userService.test.ts" name="userService &gt; updateUserProfile &gt; should handle network error" time="0.000890774">
        </testcase>
        <testcase classname="src/services/__tests__/userService.test.ts" name="userService &gt; updateUserProfile &gt; should handle empty updates object" time="0.000606338">
        </testcase>
        <testcase classname="src/services/__tests__/userService.test.ts" name="userService &gt; updateUserProfile &gt; should handle null values in updates" time="0.000510798">
        </testcase>
        <testcase classname="src/services/__tests__/userService.test.ts" name="userService &gt; changePassword &gt; should change user password" time="0.000959212">
        </testcase>
        <testcase classname="src/services/__tests__/userService.test.ts" name="userService &gt; changePassword &gt; should return success true on successful change" time="0.000529806">
        </testcase>
        <testcase classname="src/services/__tests__/userService.test.ts" name="userService &gt; changePassword &gt; should handle auth error" time="0.000593373">
        </testcase>
        <testcase classname="src/services/__tests__/userService.test.ts" name="userService &gt; changePassword &gt; should handle invalid password format" time="0.000423886">
        </testcase>
        <testcase classname="src/services/__tests__/userService.test.ts" name="userService &gt; changePassword &gt; should handle network error" time="0.000560671">
        </testcase>
        <testcase classname="src/services/__tests__/userService.test.ts" name="userService &gt; changePassword &gt; should handle session expired error" time="0.00040333">
        </testcase>
        <testcase classname="src/services/__tests__/userService.test.ts" name="userService &gt; changePassword &gt; should handle empty password" time="0.000387119">
        </testcase>
        <testcase classname="src/services/__tests__/userService.test.ts" name="userService &gt; sendPasswordResetEmail &gt; should send password reset email" time="0.00065252">
        </testcase>
        <testcase classname="src/services/__tests__/userService.test.ts" name="userService &gt; sendPasswordResetEmail &gt; should use correct redirect URL" time="0.000512148">
        </testcase>
        <testcase classname="src/services/__tests__/userService.test.ts" name="userService &gt; sendPasswordResetEmail &gt; should handle invalid email format" time="0.000424292">
        </testcase>
        <testcase classname="src/services/__tests__/userService.test.ts" name="userService &gt; sendPasswordResetEmail &gt; should handle user not found" time="0.00042789">
        </testcase>
        <testcase classname="src/services/__tests__/userService.test.ts" name="userService &gt; sendPasswordResetEmail &gt; should handle rate limiting" time="0.000886457">
        </testcase>
        <testcase classname="src/services/__tests__/userService.test.ts" name="userService &gt; sendPasswordResetEmail &gt; should handle network error" time="0.00067413">
        </testcase>
        <testcase classname="src/services/__tests__/userService.test.ts" name="userService &gt; sendPasswordResetEmail &gt; should handle SMTP error" time="0.000593063">
        </testcase>
        <testcase classname="src/services/__tests__/userService.test.ts" name="userService &gt; sendPasswordResetEmail &gt; should return success without error field" time="0.000528085">
        </testcase>
        <testcase classname="src/services/__tests__/userService.test.ts" name="userService &gt; submitSuggestion &gt; should submit suggestion to database" time="0.000699044">
        </testcase>
        <testcase classname="src/services/__tests__/userService.test.ts" name="userService &gt; submitSuggestion &gt; should include user email when provided" time="0.000598495">
        </testcase>
        <testcase classname="src/services/__tests__/userService.test.ts" name="userService &gt; submitSuggestion &gt; should handle missing user email" time="0.000674608">
        </testcase>
        <testcase classname="src/services/__tests__/userService.test.ts" name="userService &gt; submitSuggestion &gt; should handle table not exists error gracefully" time="0.000568261">
        </testcase>
        <testcase classname="src/services/__tests__/userService.test.ts" name="userService &gt; submitSuggestion &gt; should handle database error" time="0.000555065">
        </testcase>
        <testcase classname="src/services/__tests__/userService.test.ts" name="userService &gt; submitSuggestion &gt; should handle network error" time="0.000621614">
        </testcase>
        <testcase classname="src/services/__tests__/userService.test.ts" name="userService &gt; submitSuggestion &gt; should handle empty suggestion content" time="0.000548875">
        </testcase>
        <testcase classname="src/services/__tests__/userService.test.ts" name="userService &gt; submitSuggestion &gt; should handle long suggestion text" time="0.000682764">
        </testcase>
        <testcase classname="src/services/__tests__/userService.test.ts" name="userService &gt; submitSuggestion &gt; should handle special characters in suggestion" time="0.000588365">
        </testcase>
        <testcase classname="src/services/__tests__/userService.test.ts" name="userService &gt; submitSuggestion &gt; should handle constraint violation" time="0.000568486">
        </testcase>
    </testsuite>
    <testsuite name="src/components/ui/__tests__/button.test.tsx" timestamp="2025-11-29T10:40:01.345Z" hostname="runsc" tests="17" failures="0" errors="0" skipped="0" time="0.706663884">
        <testcase classname="src/components/ui/__tests__/button.test.tsx" name="Button &gt; should render button with text" time="0.291094329">
        </testcase>
        <testcase classname="src/components/ui/__tests__/button.test.tsx" name="Button &gt; should handle click events" time="0.07545945">
        </testcase>
        <testcase classname="src/components/ui/__tests__/button.test.tsx" name="Button &gt; should be disabled when disabled prop is true" time="0.036896703">
        </testcase>
        <testcase classname="src/components/ui/__tests__/button.test.tsx" name="Button &gt; should not call onClick when disabled" time="0.038101067">
        </testcase>
        <testcase classname="src/components/ui/__tests__/button.test.tsx" name="Button &gt; variants &gt; should render default variant" time="0.021839446">
        </testcase>
        <testcase classname="src/components/ui/__tests__/button.test.tsx" name="Button &gt; variants &gt; should render destructive variant" time="0.024503712">
        </testcase>
        <testcase classname="src/components/ui/__tests__/button.test.tsx" name="Button &gt; variants &gt; should render outline variant" time="0.031989096">
        </testcase>
        <testcase classname="src/components/ui/__tests__/button.test.tsx" name="Button &gt; variants &gt; should render secondary variant" time="0.0194942">
        </testcase>
        <testcase classname="src/components/ui/__tests__/button.test.tsx" name="Button &gt; variants &gt; should render ghost variant" time="0.017743929">
        </testcase>
        <testcase classname="src/components/ui/__tests__/button.test.tsx" name="Button &gt; variants &gt; should render link variant" time="0.01595914">
        </testcase>
        <testcase classname="src/components/ui/__tests__/button.test.tsx" name="Button &gt; sizes &gt; should render default size" time="0.018900494">
        </testcase>
        <testcase classname="src/components/ui/__tests__/button.test.tsx" name="Button &gt; sizes &gt; should render small size" time="0.015025344">
        </testcase>
        <testcase classname="src/components/ui/__tests__/button.test.tsx" name="Button &gt; sizes &gt; should render large size" time="0.019778589">
        </testcase>
        <testcase classname="src/components/ui/__tests__/button.test.tsx" name="Button &gt; sizes &gt; should render icon size" time="0.015582348">
        </testcase>
        <testcase classname="src/components/ui/__tests__/button.test.tsx" name="Button &gt; custom className &gt; should merge custom className" time="0.014372438">
        </testcase>
        <testcase classname="src/components/ui/__tests__/button.test.tsx" name="Button &gt; accessibility &gt; should support keyboard navigation" time="0.028038449">
        </testcase>
        <testcase classname="src/components/ui/__tests__/button.test.tsx" name="Button &gt; accessibility &gt; should have focus-visible styles" time="0.017610657">
        </testcase>
    </testsuite>
    <testsuite name="src/components/ui/__tests__/input.test.tsx" timestamp="2025-11-29T10:40:01.348Z" hostname="runsc" tests="8" failures="0" errors="0" skipped="0" time="0.419957663">
        <testcase classname="src/components/ui/__tests__/input.test.tsx" name="Input &gt; should render input field" time="0.037865252">
        </testcase>
        <testcase classname="src/components/ui/__tests__/input.test.tsx" name="Input &gt; should accept user input" time="0.205566449">
        </testcase>
        <testcase classname="src/components/ui/__tests__/input.test.tsx" name="Input &gt; should call onChange handler" time="0.052806577">
        </testcase>
        <testcase classname="src/components/ui/__tests__/input.test.tsx" name="Input &gt; should be disabled when disabled prop is true" time="0.026575308">
        </testcase>
        <testcase classname="src/components/ui/__tests__/input.test.tsx" name="Input &gt; should support different types" time="0.024470481">
        </testcase>
        <testcase classname="src/components/ui/__tests__/input.test.tsx" name="Input &gt; should merge custom className" time="0.02726517">
        </testcase>
        <testcase classname="src/components/ui/__tests__/input.test.tsx" name="Input &gt; should support default value" time="0.022777793">
        </testcase>
        <testcase classname="src/components/ui/__tests__/input.test.tsx" name="Input &gt; should support controlled value" time="0.020100485">
        </testcase>
    </testsuite>
    <testsuite name="src/components/ui/__tests__/switch.test.tsx" timestamp="2025-11-29T10:40:01.350Z" hostname="runsc" tests="7" failures="1" errors="0" skipped="0" time="0.513202571">
        <testcase classname="src/components/ui/__tests__/switch.test.tsx" name="Switch &gt; should render switch" time="0.234316702">
        </testcase>
        <testcase classname="src/components/ui/__tests__/switch.test.tsx" name="Switch &gt; should toggle when clicked" time="0.099387606">
        </testcase>
        <testcase classname="src/components/ui/__tests__/switch.test.tsx" name="Switch &gt; should call onCheckedChange when toggled" time="0.062392605">
        </testcase>
        <testcase classname="src/components/ui/__tests__/switch.test.tsx" name="Switch &gt; should be disabled when disabled prop is true" time="0.024905018">
        </testcase>
        <testcase classname="src/components/ui/__tests__/switch.test.tsx" name="Switch &gt; should not toggle when disabled" time="0.035996508">
        </testcase>
        <testcase classname="src/components/ui/__tests__/switch.test.tsx" name="Switch &gt; should support controlled checked state" time="0.023879515">
        </testcase>
        <testcase classname="src/components/ui/__tests__/switch.test.tsx" name="Switch &gt; should support keyboard navigation" time="0.028514259">
            <failure message="expected &quot;vi.fn()&quot; to be called with arguments: [ true ][90m

Number of calls: [1m0[22m
[39m" type="AssertionError">
AssertionError: expected &quot;vi.fn()&quot; to be called with arguments: [ true ]

Number of calls: 0

 ❯ src/components/ui/__tests__/switch.test.tsx:82:26
            </failure>
        </testcase>
    </testsuite>
    <testsuite name="src/components/ui/__tests__/textarea.test.tsx" timestamp="2025-11-29T10:40:01.352Z" hostname="runsc" tests="8" failures="0" errors="0" skipped="0" time="0.430997598">
        <testcase classname="src/components/ui/__tests__/textarea.test.tsx" name="Textarea &gt; should render textarea field" time="0.040226463">
        </testcase>
        <testcase classname="src/components/ui/__tests__/textarea.test.tsx" name="Textarea &gt; should accept user input" time="0.2290566">
        </testcase>
        <testcase classname="src/components/ui/__tests__/textarea.test.tsx" name="Textarea &gt; should call onChange handler" time="0.048669748">
        </testcase>
        <testcase classname="src/components/ui/__tests__/textarea.test.tsx" name="Textarea &gt; should be disabled when disabled prop is true" time="0.022511498">
        </testcase>
        <testcase classname="src/components/ui/__tests__/textarea.test.tsx" name="Textarea &gt; should support rows prop" time="0.022870301">
        </testcase>
        <testcase classname="src/components/ui/__tests__/textarea.test.tsx" name="Textarea &gt; should merge custom className" time="0.027268146">
        </testcase>
        <testcase classname="src/components/ui/__tests__/textarea.test.tsx" name="Textarea &gt; should support default value" time="0.019033469">
        </testcase>
        <testcase classname="src/components/ui/__tests__/textarea.test.tsx" name="Textarea &gt; should support controlled value" time="0.018581963">
        </testcase>
    </testsuite>
</testsuites>
